ARM GAS  /tmp/ccjeBaaC.s 			page 1


   1              		.cpu cortex-m3
   2              		.arch armv7-m
   3              		.fpu softvfp
   4              		.eabi_attribute 20, 1
   5              		.eabi_attribute 21, 1
   6              		.eabi_attribute 23, 3
   7              		.eabi_attribute 24, 1
   8              		.eabi_attribute 25, 1
   9              		.eabi_attribute 26, 1
  10              		.eabi_attribute 30, 1
  11              		.eabi_attribute 34, 1
  12              		.eabi_attribute 18, 4
  13              		.file	"can.c"
  14              		.text
  15              	.Ltext0:
  16              		.cfi_sections	.debug_frame
  17              		.file 1 "Core/Src/can.c"
  18              		.section	.text.MX_CAN_Init,"ax",%progbits
  19              		.align	1
  20              		.global	MX_CAN_Init
  21              		.syntax unified
  22              		.thumb
  23              		.thumb_func
  25              	MX_CAN_Init:
  26              	.LFB65:
   1:Core/Src/can.c **** /* USER CODE BEGIN Header */
   2:Core/Src/can.c **** /**
   3:Core/Src/can.c ****   ******************************************************************************
   4:Core/Src/can.c ****   * @file    can.c
   5:Core/Src/can.c ****   * @brief   This file provides code for the configuration
   6:Core/Src/can.c ****   *          of the CAN instances.
   7:Core/Src/can.c ****   ******************************************************************************
   8:Core/Src/can.c ****   * @attention
   9:Core/Src/can.c ****   *
  10:Core/Src/can.c ****   * Copyright (c) 2024 STMicroelectronics.
  11:Core/Src/can.c ****   * All rights reserved.
  12:Core/Src/can.c ****   *
  13:Core/Src/can.c ****   * This software is licensed under terms that can be found in the LICENSE file
  14:Core/Src/can.c ****   * in the root directory of this software component.
  15:Core/Src/can.c ****   * If no LICENSE file comes with this software, it is provided AS-IS.
  16:Core/Src/can.c ****   *
  17:Core/Src/can.c ****   ******************************************************************************
  18:Core/Src/can.c ****   */
  19:Core/Src/can.c **** /* USER CODE END Header */
  20:Core/Src/can.c **** /* Includes ------------------------------------------------------------------*/
  21:Core/Src/can.c **** #include "can.h"
  22:Core/Src/can.c **** 
  23:Core/Src/can.c **** /* USER CODE BEGIN 0 */
  24:Core/Src/can.c **** CAN_TxHeaderTypeDef txheader;
  25:Core/Src/can.c **** CAN_FilterTypeDef can_filter;
  26:Core/Src/can.c **** uint32_t txmailbox;
  27:Core/Src/can.c **** 
  28:Core/Src/can.c **** CAN_RxHeaderTypeDef rxheader;
  29:Core/Src/can.c **** uint8_t* rxdata;
  30:Core/Src/can.c **** 
  31:Core/Src/can.c **** /* USER CODE END 0 */
  32:Core/Src/can.c **** 
ARM GAS  /tmp/ccjeBaaC.s 			page 2


  33:Core/Src/can.c **** CAN_HandleTypeDef hcan;
  34:Core/Src/can.c **** 
  35:Core/Src/can.c **** /* CAN init function */
  36:Core/Src/can.c **** void MX_CAN_Init(void)
  37:Core/Src/can.c **** {
  27              		.loc 1 37 1 view -0
  28              		.cfi_startproc
  29              		@ args = 0, pretend = 0, frame = 0
  30              		@ frame_needed = 0, uses_anonymous_args = 0
  31 0000 10B5     		push	{r4, lr}
  32              		.cfi_def_cfa_offset 8
  33              		.cfi_offset 4, -8
  34              		.cfi_offset 14, -4
  38:Core/Src/can.c **** 
  39:Core/Src/can.c ****   /* USER CODE BEGIN CAN_Init 0 */
  40:Core/Src/can.c ****   txheader.StdId = 0x446;
  35              		.loc 1 40 3 view .LVU1
  36              		.loc 1 40 18 is_stmt 0 view .LVU2
  37 0002 1D4A     		ldr	r2, .L5
  38 0004 40F24643 		movw	r3, #1094
  39 0008 1360     		str	r3, [r2]
  41:Core/Src/can.c ****   txheader.DLC = 8;
  40              		.loc 1 41 3 is_stmt 1 view .LVU3
  41              		.loc 1 41 16 is_stmt 0 view .LVU4
  42 000a 0823     		movs	r3, #8
  43 000c 1361     		str	r3, [r2, #16]
  42:Core/Src/can.c ****   txheader.IDE = CAN_ID_STD;
  44              		.loc 1 42 3 is_stmt 1 view .LVU5
  45              		.loc 1 42 16 is_stmt 0 view .LVU6
  46 000e 0023     		movs	r3, #0
  47 0010 9360     		str	r3, [r2, #8]
  43:Core/Src/can.c ****   txheader.RTR = CAN_RTR_DATA;
  48              		.loc 1 43 3 is_stmt 1 view .LVU7
  49              		.loc 1 43 16 is_stmt 0 view .LVU8
  50 0012 D360     		str	r3, [r2, #12]
  44:Core/Src/can.c **** 
  45:Core/Src/can.c ****   can_filter.FilterActivation = CAN_FILTER_ENABLE;
  51              		.loc 1 45 3 is_stmt 1 view .LVU9
  52              		.loc 1 45 31 is_stmt 0 view .LVU10
  53 0014 194A     		ldr	r2, .L5+4
  54 0016 0121     		movs	r1, #1
  55 0018 1162     		str	r1, [r2, #32]
  46:Core/Src/can.c ****   can_filter.FilterBank = 0;
  56              		.loc 1 46 3 is_stmt 1 view .LVU11
  57              		.loc 1 46 25 is_stmt 0 view .LVU12
  58 001a 5361     		str	r3, [r2, #20]
  47:Core/Src/can.c ****   can_filter.FilterFIFOAssignment = CAN_FilterFIFO0;
  59              		.loc 1 47 3 is_stmt 1 view .LVU13
  60              		.loc 1 47 35 is_stmt 0 view .LVU14
  61 001c 1361     		str	r3, [r2, #16]
  48:Core/Src/can.c ****   can_filter.FilterMode = CAN_FILTERMODE_IDMASK;
  62              		.loc 1 48 3 is_stmt 1 view .LVU15
  63              		.loc 1 48 25 is_stmt 0 view .LVU16
  64 001e 9361     		str	r3, [r2, #24]
  49:Core/Src/can.c ****   can_filter.FilterScale = CAN_FILTERSCALE_32BIT;
  65              		.loc 1 49 3 is_stmt 1 view .LVU17
  66              		.loc 1 49 26 is_stmt 0 view .LVU18
ARM GAS  /tmp/ccjeBaaC.s 			page 3


  67 0020 D161     		str	r1, [r2, #28]
  50:Core/Src/can.c ****   can_filter.FilterIdHigh = 0;
  68              		.loc 1 50 3 is_stmt 1 view .LVU19
  69              		.loc 1 50 27 is_stmt 0 view .LVU20
  70 0022 1360     		str	r3, [r2]
  51:Core/Src/can.c ****   can_filter.FilterIdLow = 0;
  71              		.loc 1 51 3 is_stmt 1 view .LVU21
  72              		.loc 1 51 26 is_stmt 0 view .LVU22
  73 0024 5360     		str	r3, [r2, #4]
  52:Core/Src/can.c ****   can_filter.FilterMaskIdHigh = 0;
  74              		.loc 1 52 3 is_stmt 1 view .LVU23
  75              		.loc 1 52 31 is_stmt 0 view .LVU24
  76 0026 9360     		str	r3, [r2, #8]
  53:Core/Src/can.c ****   can_filter.FilterMaskIdLow = 0;
  77              		.loc 1 53 3 is_stmt 1 view .LVU25
  78              		.loc 1 53 30 is_stmt 0 view .LVU26
  79 0028 D360     		str	r3, [r2, #12]
  54:Core/Src/can.c ****   /* USER CODE END CAN_Init 0 */
  55:Core/Src/can.c **** 
  56:Core/Src/can.c ****   /* USER CODE BEGIN CAN_Init 1 */
  57:Core/Src/can.c **** 
  58:Core/Src/can.c ****   /* USER CODE END CAN_Init 1 */
  59:Core/Src/can.c ****   hcan.Instance = CAN1;
  80              		.loc 1 59 3 is_stmt 1 view .LVU27
  81              		.loc 1 59 17 is_stmt 0 view .LVU28
  82 002a 1548     		ldr	r0, .L5+8
  83 002c 154A     		ldr	r2, .L5+12
  84 002e 0260     		str	r2, [r0]
  60:Core/Src/can.c ****   hcan.Init.Prescaler = 20;
  85              		.loc 1 60 3 is_stmt 1 view .LVU29
  86              		.loc 1 60 23 is_stmt 0 view .LVU30
  87 0030 1422     		movs	r2, #20
  88 0032 4260     		str	r2, [r0, #4]
  61:Core/Src/can.c ****   hcan.Init.Mode = CAN_MODE_NORMAL;
  89              		.loc 1 61 3 is_stmt 1 view .LVU31
  90              		.loc 1 61 18 is_stmt 0 view .LVU32
  91 0034 8360     		str	r3, [r0, #8]
  62:Core/Src/can.c ****   hcan.Init.SyncJumpWidth = CAN_SJW_1TQ;
  92              		.loc 1 62 3 is_stmt 1 view .LVU33
  93              		.loc 1 62 27 is_stmt 0 view .LVU34
  94 0036 C360     		str	r3, [r0, #12]
  63:Core/Src/can.c ****   hcan.Init.TimeSeg1 = CAN_BS1_15TQ;
  95              		.loc 1 63 3 is_stmt 1 view .LVU35
  96              		.loc 1 63 22 is_stmt 0 view .LVU36
  97 0038 4FF46022 		mov	r2, #917504
  98 003c 0261     		str	r2, [r0, #16]
  64:Core/Src/can.c ****   hcan.Init.TimeSeg2 = CAN_BS2_2TQ;
  99              		.loc 1 64 3 is_stmt 1 view .LVU37
 100              		.loc 1 64 22 is_stmt 0 view .LVU38
 101 003e 4FF48012 		mov	r2, #1048576
 102 0042 4261     		str	r2, [r0, #20]
  65:Core/Src/can.c ****   hcan.Init.TimeTriggeredMode = DISABLE;
 103              		.loc 1 65 3 is_stmt 1 view .LVU39
 104              		.loc 1 65 31 is_stmt 0 view .LVU40
 105 0044 0376     		strb	r3, [r0, #24]
  66:Core/Src/can.c ****   hcan.Init.AutoBusOff = DISABLE;
 106              		.loc 1 66 3 is_stmt 1 view .LVU41
ARM GAS  /tmp/ccjeBaaC.s 			page 4


 107              		.loc 1 66 24 is_stmt 0 view .LVU42
 108 0046 4376     		strb	r3, [r0, #25]
  67:Core/Src/can.c ****   hcan.Init.AutoWakeUp = DISABLE;
 109              		.loc 1 67 3 is_stmt 1 view .LVU43
 110              		.loc 1 67 24 is_stmt 0 view .LVU44
 111 0048 8376     		strb	r3, [r0, #26]
  68:Core/Src/can.c ****   hcan.Init.AutoRetransmission = DISABLE;
 112              		.loc 1 68 3 is_stmt 1 view .LVU45
 113              		.loc 1 68 32 is_stmt 0 view .LVU46
 114 004a C376     		strb	r3, [r0, #27]
  69:Core/Src/can.c ****   hcan.Init.ReceiveFifoLocked = DISABLE;
 115              		.loc 1 69 3 is_stmt 1 view .LVU47
 116              		.loc 1 69 31 is_stmt 0 view .LVU48
 117 004c 0377     		strb	r3, [r0, #28]
  70:Core/Src/can.c ****   hcan.Init.TransmitFifoPriority = DISABLE;
 118              		.loc 1 70 3 is_stmt 1 view .LVU49
 119              		.loc 1 70 34 is_stmt 0 view .LVU50
 120 004e 4377     		strb	r3, [r0, #29]
  71:Core/Src/can.c ****   if (HAL_CAN_Init(&hcan) != HAL_OK)
 121              		.loc 1 71 3 is_stmt 1 view .LVU51
 122              		.loc 1 71 7 is_stmt 0 view .LVU52
 123 0050 FFF7FEFF 		bl	HAL_CAN_Init
 124              	.LVL0:
 125              		.loc 1 71 6 discriminator 1 view .LVU53
 126 0054 60B9     		cbnz	r0, .L4
 127              	.L2:
  72:Core/Src/can.c ****   {
  73:Core/Src/can.c ****     Error_Handler();
  74:Core/Src/can.c ****   }
  75:Core/Src/can.c ****   /* USER CODE BEGIN CAN_Init 2 */
  76:Core/Src/can.c ****   HAL_CAN_ConfigFilter(&hcan, &can_filter);
 128              		.loc 1 76 3 is_stmt 1 view .LVU54
 129 0056 0A4C     		ldr	r4, .L5+8
 130 0058 0849     		ldr	r1, .L5+4
 131 005a 2046     		mov	r0, r4
 132 005c FFF7FEFF 		bl	HAL_CAN_ConfigFilter
 133              	.LVL1:
  77:Core/Src/can.c ****   HAL_CAN_ActivateNotification(&hcan, CAN_IT_RX_FIFO0_MSG_PENDING);
 134              		.loc 1 77 3 view .LVU55
 135 0060 0221     		movs	r1, #2
 136 0062 2046     		mov	r0, r4
 137 0064 FFF7FEFF 		bl	HAL_CAN_ActivateNotification
 138              	.LVL2:
  78:Core/Src/can.c ****   HAL_CAN_Start(&hcan);
 139              		.loc 1 78 3 view .LVU56
 140 0068 2046     		mov	r0, r4
 141 006a FFF7FEFF 		bl	HAL_CAN_Start
 142              	.LVL3:
  79:Core/Src/can.c ****   /* USER CODE END CAN_Init 2 */
  80:Core/Src/can.c **** 
  81:Core/Src/can.c **** }
 143              		.loc 1 81 1 is_stmt 0 view .LVU57
 144 006e 10BD     		pop	{r4, pc}
 145              	.L4:
  73:Core/Src/can.c ****   }
 146              		.loc 1 73 5 is_stmt 1 view .LVU58
 147 0070 FFF7FEFF 		bl	Error_Handler
ARM GAS  /tmp/ccjeBaaC.s 			page 5


 148              	.LVL4:
 149 0074 EFE7     		b	.L2
 150              	.L6:
 151 0076 00BF     		.align	2
 152              	.L5:
 153 0078 00000000 		.word	txheader
 154 007c 00000000 		.word	can_filter
 155 0080 00000000 		.word	hcan
 156 0084 00640040 		.word	1073767424
 157              		.cfi_endproc
 158              	.LFE65:
 160              		.section	.text.HAL_CAN_MspInit,"ax",%progbits
 161              		.align	1
 162              		.global	HAL_CAN_MspInit
 163              		.syntax unified
 164              		.thumb
 165              		.thumb_func
 167              	HAL_CAN_MspInit:
 168              	.LVL5:
 169              	.LFB66:
  82:Core/Src/can.c **** 
  83:Core/Src/can.c **** void HAL_CAN_MspInit(CAN_HandleTypeDef* canHandle)
  84:Core/Src/can.c **** {
 170              		.loc 1 84 1 view -0
 171              		.cfi_startproc
 172              		@ args = 0, pretend = 0, frame = 24
 173              		@ frame_needed = 0, uses_anonymous_args = 0
 174              		.loc 1 84 1 is_stmt 0 view .LVU60
 175 0000 10B5     		push	{r4, lr}
 176              		.cfi_def_cfa_offset 8
 177              		.cfi_offset 4, -8
 178              		.cfi_offset 14, -4
 179 0002 86B0     		sub	sp, sp, #24
 180              		.cfi_def_cfa_offset 32
  85:Core/Src/can.c **** 
  86:Core/Src/can.c ****   GPIO_InitTypeDef GPIO_InitStruct = {0};
 181              		.loc 1 86 3 is_stmt 1 view .LVU61
 182              		.loc 1 86 20 is_stmt 0 view .LVU62
 183 0004 0023     		movs	r3, #0
 184 0006 0293     		str	r3, [sp, #8]
 185 0008 0393     		str	r3, [sp, #12]
 186 000a 0493     		str	r3, [sp, #16]
 187 000c 0593     		str	r3, [sp, #20]
  87:Core/Src/can.c ****   if(canHandle->Instance==CAN1)
 188              		.loc 1 87 3 is_stmt 1 view .LVU63
 189              		.loc 1 87 15 is_stmt 0 view .LVU64
 190 000e 0268     		ldr	r2, [r0]
 191              		.loc 1 87 5 view .LVU65
 192 0010 1E4B     		ldr	r3, .L11
 193 0012 9A42     		cmp	r2, r3
 194 0014 01D0     		beq	.L10
 195              	.LVL6:
 196              	.L7:
  88:Core/Src/can.c ****   {
  89:Core/Src/can.c ****   /* USER CODE BEGIN CAN1_MspInit 0 */
  90:Core/Src/can.c **** 
  91:Core/Src/can.c ****   /* USER CODE END CAN1_MspInit 0 */
ARM GAS  /tmp/ccjeBaaC.s 			page 6


  92:Core/Src/can.c ****     /* CAN1 clock enable */
  93:Core/Src/can.c ****     __HAL_RCC_CAN1_CLK_ENABLE();
  94:Core/Src/can.c **** 
  95:Core/Src/can.c ****     __HAL_RCC_GPIOB_CLK_ENABLE();
  96:Core/Src/can.c ****     /**CAN GPIO Configuration
  97:Core/Src/can.c ****     PB8     ------> CAN_RX
  98:Core/Src/can.c ****     PB9     ------> CAN_TX
  99:Core/Src/can.c ****     */
 100:Core/Src/can.c ****     GPIO_InitStruct.Pin = GPIO_PIN_8;
 101:Core/Src/can.c ****     GPIO_InitStruct.Mode = GPIO_MODE_INPUT;
 102:Core/Src/can.c ****     GPIO_InitStruct.Pull = GPIO_NOPULL;
 103:Core/Src/can.c ****     HAL_GPIO_Init(GPIOB, &GPIO_InitStruct);
 104:Core/Src/can.c **** 
 105:Core/Src/can.c ****     GPIO_InitStruct.Pin = GPIO_PIN_9;
 106:Core/Src/can.c ****     GPIO_InitStruct.Mode = GPIO_MODE_AF_PP;
 107:Core/Src/can.c ****     GPIO_InitStruct.Speed = GPIO_SPEED_FREQ_HIGH;
 108:Core/Src/can.c ****     HAL_GPIO_Init(GPIOB, &GPIO_InitStruct);
 109:Core/Src/can.c **** 
 110:Core/Src/can.c ****     __HAL_AFIO_REMAP_CAN1_2();
 111:Core/Src/can.c **** 
 112:Core/Src/can.c ****     /* CAN1 interrupt Init */
 113:Core/Src/can.c ****     HAL_NVIC_SetPriority(USB_LP_CAN1_RX0_IRQn, 5, 0);
 114:Core/Src/can.c ****     HAL_NVIC_EnableIRQ(USB_LP_CAN1_RX0_IRQn);
 115:Core/Src/can.c ****   /* USER CODE BEGIN CAN1_MspInit 1 */
 116:Core/Src/can.c **** 
 117:Core/Src/can.c ****   /* USER CODE END CAN1_MspInit 1 */
 118:Core/Src/can.c ****   }
 119:Core/Src/can.c **** }
 197              		.loc 1 119 1 view .LVU66
 198 0016 06B0     		add	sp, sp, #24
 199              		.cfi_remember_state
 200              		.cfi_def_cfa_offset 8
 201              		@ sp needed
 202 0018 10BD     		pop	{r4, pc}
 203              	.LVL7:
 204              	.L10:
 205              		.cfi_restore_state
  93:Core/Src/can.c **** 
 206              		.loc 1 93 5 is_stmt 1 view .LVU67
 207              	.LBB2:
  93:Core/Src/can.c **** 
 208              		.loc 1 93 5 view .LVU68
  93:Core/Src/can.c **** 
 209              		.loc 1 93 5 view .LVU69
 210 001a 03F5D633 		add	r3, r3, #109568
 211 001e DA69     		ldr	r2, [r3, #28]
 212 0020 42F00072 		orr	r2, r2, #33554432
 213 0024 DA61     		str	r2, [r3, #28]
  93:Core/Src/can.c **** 
 214              		.loc 1 93 5 view .LVU70
 215 0026 DA69     		ldr	r2, [r3, #28]
 216 0028 02F00072 		and	r2, r2, #33554432
 217 002c 0092     		str	r2, [sp]
  93:Core/Src/can.c **** 
 218              		.loc 1 93 5 view .LVU71
 219 002e 009A     		ldr	r2, [sp]
 220              	.LBE2:
ARM GAS  /tmp/ccjeBaaC.s 			page 7


  93:Core/Src/can.c **** 
 221              		.loc 1 93 5 view .LVU72
  95:Core/Src/can.c ****     /**CAN GPIO Configuration
 222              		.loc 1 95 5 view .LVU73
 223              	.LBB3:
  95:Core/Src/can.c ****     /**CAN GPIO Configuration
 224              		.loc 1 95 5 view .LVU74
  95:Core/Src/can.c ****     /**CAN GPIO Configuration
 225              		.loc 1 95 5 view .LVU75
 226 0030 9A69     		ldr	r2, [r3, #24]
 227 0032 42F00802 		orr	r2, r2, #8
 228 0036 9A61     		str	r2, [r3, #24]
  95:Core/Src/can.c ****     /**CAN GPIO Configuration
 229              		.loc 1 95 5 view .LVU76
 230 0038 9B69     		ldr	r3, [r3, #24]
 231 003a 03F00803 		and	r3, r3, #8
 232 003e 0193     		str	r3, [sp, #4]
  95:Core/Src/can.c ****     /**CAN GPIO Configuration
 233              		.loc 1 95 5 view .LVU77
 234 0040 019B     		ldr	r3, [sp, #4]
 235              	.LBE3:
  95:Core/Src/can.c ****     /**CAN GPIO Configuration
 236              		.loc 1 95 5 view .LVU78
 100:Core/Src/can.c ****     GPIO_InitStruct.Mode = GPIO_MODE_INPUT;
 237              		.loc 1 100 5 view .LVU79
 100:Core/Src/can.c ****     GPIO_InitStruct.Mode = GPIO_MODE_INPUT;
 238              		.loc 1 100 25 is_stmt 0 view .LVU80
 239 0042 4FF48073 		mov	r3, #256
 240 0046 0293     		str	r3, [sp, #8]
 101:Core/Src/can.c ****     GPIO_InitStruct.Pull = GPIO_NOPULL;
 241              		.loc 1 101 5 is_stmt 1 view .LVU81
 102:Core/Src/can.c ****     HAL_GPIO_Init(GPIOB, &GPIO_InitStruct);
 242              		.loc 1 102 5 view .LVU82
 103:Core/Src/can.c **** 
 243              		.loc 1 103 5 view .LVU83
 244 0048 114C     		ldr	r4, .L11+4
 245 004a 02A9     		add	r1, sp, #8
 246 004c 2046     		mov	r0, r4
 247              	.LVL8:
 103:Core/Src/can.c **** 
 248              		.loc 1 103 5 is_stmt 0 view .LVU84
 249 004e FFF7FEFF 		bl	HAL_GPIO_Init
 250              	.LVL9:
 105:Core/Src/can.c ****     GPIO_InitStruct.Mode = GPIO_MODE_AF_PP;
 251              		.loc 1 105 5 is_stmt 1 view .LVU85
 105:Core/Src/can.c ****     GPIO_InitStruct.Mode = GPIO_MODE_AF_PP;
 252              		.loc 1 105 25 is_stmt 0 view .LVU86
 253 0052 4FF40073 		mov	r3, #512
 254 0056 0293     		str	r3, [sp, #8]
 106:Core/Src/can.c ****     GPIO_InitStruct.Speed = GPIO_SPEED_FREQ_HIGH;
 255              		.loc 1 106 5 is_stmt 1 view .LVU87
 106:Core/Src/can.c ****     GPIO_InitStruct.Speed = GPIO_SPEED_FREQ_HIGH;
 256              		.loc 1 106 26 is_stmt 0 view .LVU88
 257 0058 0223     		movs	r3, #2
 258 005a 0393     		str	r3, [sp, #12]
 107:Core/Src/can.c ****     HAL_GPIO_Init(GPIOB, &GPIO_InitStruct);
 259              		.loc 1 107 5 is_stmt 1 view .LVU89
ARM GAS  /tmp/ccjeBaaC.s 			page 8


 107:Core/Src/can.c ****     HAL_GPIO_Init(GPIOB, &GPIO_InitStruct);
 260              		.loc 1 107 27 is_stmt 0 view .LVU90
 261 005c 0323     		movs	r3, #3
 262 005e 0593     		str	r3, [sp, #20]
 108:Core/Src/can.c **** 
 263              		.loc 1 108 5 is_stmt 1 view .LVU91
 264 0060 02A9     		add	r1, sp, #8
 265 0062 2046     		mov	r0, r4
 266 0064 FFF7FEFF 		bl	HAL_GPIO_Init
 267              	.LVL10:
 110:Core/Src/can.c **** 
 268              		.loc 1 110 5 view .LVU92
 269              	.LBB4:
 110:Core/Src/can.c **** 
 270              		.loc 1 110 5 view .LVU93
 271 0068 0A4A     		ldr	r2, .L11+8
 272 006a 5368     		ldr	r3, [r2, #4]
 273              	.LVL11:
 110:Core/Src/can.c **** 
 274              		.loc 1 110 5 view .LVU94
 275 006c 23F4C043 		bic	r3, r3, #24576
 276              	.LVL12:
 110:Core/Src/can.c **** 
 277              		.loc 1 110 5 view .LVU95
 110:Core/Src/can.c **** 
 278              		.loc 1 110 5 view .LVU96
 279 0070 43F0E063 		orr	r3, r3, #117440512
 280              	.LVL13:
 110:Core/Src/can.c **** 
 281              		.loc 1 110 5 is_stmt 0 view .LVU97
 282 0074 43F48043 		orr	r3, r3, #16384
 283              	.LVL14:
 110:Core/Src/can.c **** 
 284              		.loc 1 110 5 is_stmt 1 view .LVU98
 285 0078 5360     		str	r3, [r2, #4]
 286              	.LBE4:
 110:Core/Src/can.c **** 
 287              		.loc 1 110 5 view .LVU99
 113:Core/Src/can.c ****     HAL_NVIC_EnableIRQ(USB_LP_CAN1_RX0_IRQn);
 288              		.loc 1 113 5 view .LVU100
 289 007a 0022     		movs	r2, #0
 290 007c 0521     		movs	r1, #5
 291 007e 1420     		movs	r0, #20
 292 0080 FFF7FEFF 		bl	HAL_NVIC_SetPriority
 293              	.LVL15:
 114:Core/Src/can.c ****   /* USER CODE BEGIN CAN1_MspInit 1 */
 294              		.loc 1 114 5 view .LVU101
 295 0084 1420     		movs	r0, #20
 296 0086 FFF7FEFF 		bl	HAL_NVIC_EnableIRQ
 297              	.LVL16:
 298              		.loc 1 119 1 is_stmt 0 view .LVU102
 299 008a C4E7     		b	.L7
 300              	.L12:
 301              		.align	2
 302              	.L11:
 303 008c 00640040 		.word	1073767424
 304 0090 000C0140 		.word	1073810432
ARM GAS  /tmp/ccjeBaaC.s 			page 9


 305 0094 00000140 		.word	1073807360
 306              		.cfi_endproc
 307              	.LFE66:
 309              		.section	.text.HAL_CAN_MspDeInit,"ax",%progbits
 310              		.align	1
 311              		.global	HAL_CAN_MspDeInit
 312              		.syntax unified
 313              		.thumb
 314              		.thumb_func
 316              	HAL_CAN_MspDeInit:
 317              	.LVL17:
 318              	.LFB67:
 120:Core/Src/can.c **** 
 121:Core/Src/can.c **** void HAL_CAN_MspDeInit(CAN_HandleTypeDef* canHandle)
 122:Core/Src/can.c **** {
 319              		.loc 1 122 1 is_stmt 1 view -0
 320              		.cfi_startproc
 321              		@ args = 0, pretend = 0, frame = 0
 322              		@ frame_needed = 0, uses_anonymous_args = 0
 323              		.loc 1 122 1 is_stmt 0 view .LVU104
 324 0000 08B5     		push	{r3, lr}
 325              		.cfi_def_cfa_offset 8
 326              		.cfi_offset 3, -8
 327              		.cfi_offset 14, -4
 123:Core/Src/can.c **** 
 124:Core/Src/can.c ****   if(canHandle->Instance==CAN1)
 328              		.loc 1 124 3 is_stmt 1 view .LVU105
 329              		.loc 1 124 15 is_stmt 0 view .LVU106
 330 0002 0268     		ldr	r2, [r0]
 331              		.loc 1 124 5 view .LVU107
 332 0004 084B     		ldr	r3, .L17
 333 0006 9A42     		cmp	r2, r3
 334 0008 00D0     		beq	.L16
 335              	.LVL18:
 336              	.L13:
 125:Core/Src/can.c ****   {
 126:Core/Src/can.c ****   /* USER CODE BEGIN CAN1_MspDeInit 0 */
 127:Core/Src/can.c **** 
 128:Core/Src/can.c ****   /* USER CODE END CAN1_MspDeInit 0 */
 129:Core/Src/can.c ****     /* Peripheral clock disable */
 130:Core/Src/can.c ****     __HAL_RCC_CAN1_CLK_DISABLE();
 131:Core/Src/can.c **** 
 132:Core/Src/can.c ****     /**CAN GPIO Configuration
 133:Core/Src/can.c ****     PB8     ------> CAN_RX
 134:Core/Src/can.c ****     PB9     ------> CAN_TX
 135:Core/Src/can.c ****     */
 136:Core/Src/can.c ****     HAL_GPIO_DeInit(GPIOB, GPIO_PIN_8|GPIO_PIN_9);
 137:Core/Src/can.c **** 
 138:Core/Src/can.c ****     /* CAN1 interrupt Deinit */
 139:Core/Src/can.c ****     HAL_NVIC_DisableIRQ(USB_LP_CAN1_RX0_IRQn);
 140:Core/Src/can.c ****   /* USER CODE BEGIN CAN1_MspDeInit 1 */
 141:Core/Src/can.c **** 
 142:Core/Src/can.c ****   /* USER CODE END CAN1_MspDeInit 1 */
 143:Core/Src/can.c ****   }
 144:Core/Src/can.c **** }
 337              		.loc 1 144 1 view .LVU108
 338 000a 08BD     		pop	{r3, pc}
ARM GAS  /tmp/ccjeBaaC.s 			page 10


 339              	.LVL19:
 340              	.L16:
 130:Core/Src/can.c **** 
 341              		.loc 1 130 5 is_stmt 1 view .LVU109
 342 000c 074A     		ldr	r2, .L17+4
 343 000e D369     		ldr	r3, [r2, #28]
 344 0010 23F00073 		bic	r3, r3, #33554432
 345 0014 D361     		str	r3, [r2, #28]
 136:Core/Src/can.c **** 
 346              		.loc 1 136 5 view .LVU110
 347 0016 4FF44071 		mov	r1, #768
 348 001a 0548     		ldr	r0, .L17+8
 349              	.LVL20:
 136:Core/Src/can.c **** 
 350              		.loc 1 136 5 is_stmt 0 view .LVU111
 351 001c FFF7FEFF 		bl	HAL_GPIO_DeInit
 352              	.LVL21:
 139:Core/Src/can.c ****   /* USER CODE BEGIN CAN1_MspDeInit 1 */
 353              		.loc 1 139 5 is_stmt 1 view .LVU112
 354 0020 1420     		movs	r0, #20
 355 0022 FFF7FEFF 		bl	HAL_NVIC_DisableIRQ
 356              	.LVL22:
 357              		.loc 1 144 1 is_stmt 0 view .LVU113
 358 0026 F0E7     		b	.L13
 359              	.L18:
 360              		.align	2
 361              	.L17:
 362 0028 00640040 		.word	1073767424
 363 002c 00100240 		.word	1073876992
 364 0030 000C0140 		.word	1073810432
 365              		.cfi_endproc
 366              	.LFE67:
 368              		.section	.text.can_setup_message,"ax",%progbits
 369              		.align	1
 370              		.global	can_setup_message
 371              		.syntax unified
 372              		.thumb
 373              		.thumb_func
 375              	can_setup_message:
 376              	.LVL23:
 377              	.LFB68:
 145:Core/Src/can.c **** 
 146:Core/Src/can.c **** /* USER CODE BEGIN 1 */
 147:Core/Src/can.c **** 
 148:Core/Src/can.c **** /*
 149:Core/Src/can.c **** 
 150:Core/Src/can.c **** */
 151:Core/Src/can.c **** void can_setup_message(can_msg* pmsg, MSG_TYPES type, void* pdata, uint16_t size) {
 378              		.loc 1 151 83 is_stmt 1 view -0
 379              		.cfi_startproc
 380              		@ args = 0, pretend = 0, frame = 0
 381              		@ frame_needed = 0, uses_anonymous_args = 0
 382              		.loc 1 151 83 is_stmt 0 view .LVU115
 383 0000 70B5     		push	{r4, r5, r6, lr}
 384              		.cfi_def_cfa_offset 16
 385              		.cfi_offset 4, -16
 386              		.cfi_offset 5, -12
ARM GAS  /tmp/ccjeBaaC.s 			page 11


 387              		.cfi_offset 6, -8
 388              		.cfi_offset 14, -4
 389 0002 0546     		mov	r5, r0
 390 0004 1646     		mov	r6, r2
 391 0006 1C46     		mov	r4, r3
 152:Core/Src/can.c ****   pmsg->type = type;
 392              		.loc 1 152 3 is_stmt 1 view .LVU116
 393              		.loc 1 152 14 is_stmt 0 view .LVU117
 394 0008 0170     		strb	r1, [r0]
 153:Core/Src/can.c ****   pmsg->size = size;
 395              		.loc 1 153 3 is_stmt 1 view .LVU118
 396              		.loc 1 153 14 is_stmt 0 view .LVU119
 397 000a 4370     		strb	r3, [r0, #1]
 154:Core/Src/can.c ****   pmsg->pdata = malloc(size);
 398              		.loc 1 154 3 is_stmt 1 view .LVU120
 399              		.loc 1 154 17 is_stmt 0 view .LVU121
 400 000c 1846     		mov	r0, r3
 401              	.LVL24:
 402              		.loc 1 154 17 view .LVU122
 403 000e FFF7FEFF 		bl	malloc
 404              	.LVL25:
 405              		.loc 1 154 15 discriminator 1 view .LVU123
 406 0012 6860     		str	r0, [r5, #4]
 155:Core/Src/can.c **** 
 156:Core/Src/can.c ****   memcpy(pmsg->pdata, pdata, size);
 407              		.loc 1 156 3 is_stmt 1 view .LVU124
 408 0014 2246     		mov	r2, r4
 409 0016 3146     		mov	r1, r6
 410 0018 FFF7FEFF 		bl	memcpy
 411              	.LVL26:
 157:Core/Src/can.c **** 
 158:Core/Src/can.c **** }
 412              		.loc 1 158 1 is_stmt 0 view .LVU125
 413 001c 70BD     		pop	{r4, r5, r6, pc}
 414              		.loc 1 158 1 view .LVU126
 415              		.cfi_endproc
 416              	.LFE68:
 418              		.section	.text.can_send_message,"ax",%progbits
 419              		.align	1
 420              		.global	can_send_message
 421              		.syntax unified
 422              		.thumb
 423              		.thumb_func
 425              	can_send_message:
 426              	.LVL27:
 427              	.LFB69:
 159:Core/Src/can.c **** 
 160:Core/Src/can.c **** void can_send_message(const can_msg* pmsg) {
 428              		.loc 1 160 44 is_stmt 1 view -0
 429              		.cfi_startproc
 430              		@ args = 0, pretend = 0, frame = 0
 431              		@ frame_needed = 0, uses_anonymous_args = 0
 432              		.loc 1 160 44 is_stmt 0 view .LVU128
 433 0000 08B5     		push	{r3, lr}
 434              		.cfi_def_cfa_offset 8
 435              		.cfi_offset 3, -8
 436              		.cfi_offset 14, -4
ARM GAS  /tmp/ccjeBaaC.s 			page 12


 161:Core/Src/can.c ****   txheader.StdId = pmsg->type;
 437              		.loc 1 161 3 is_stmt 1 view .LVU129
 438              		.loc 1 161 24 is_stmt 0 view .LVU130
 439 0002 0378     		ldrb	r3, [r0]	@ zero_extendqisi2
 440              		.loc 1 161 18 view .LVU131
 441 0004 0449     		ldr	r1, .L23
 442 0006 0B60     		str	r3, [r1]
 162:Core/Src/can.c ****   txheader.DLC = pmsg->size;
 443              		.loc 1 162 3 is_stmt 1 view .LVU132
 444              		.loc 1 162 22 is_stmt 0 view .LVU133
 445 0008 4378     		ldrb	r3, [r0, #1]	@ zero_extendqisi2
 446              		.loc 1 162 16 view .LVU134
 447 000a 0B61     		str	r3, [r1, #16]
 163:Core/Src/can.c ****   HAL_CAN_AddTxMessage(&hcan, &txheader, (uint8_t*)pmsg->pdata, &txmailbox);
 448              		.loc 1 163 3 is_stmt 1 view .LVU135
 449 000c 034B     		ldr	r3, .L23+4
 450 000e 4268     		ldr	r2, [r0, #4]
 451 0010 0348     		ldr	r0, .L23+8
 452              	.LVL28:
 453              		.loc 1 163 3 is_stmt 0 view .LVU136
 454 0012 FFF7FEFF 		bl	HAL_CAN_AddTxMessage
 455              	.LVL29:
 164:Core/Src/can.c **** }
 456              		.loc 1 164 1 view .LVU137
 457 0016 08BD     		pop	{r3, pc}
 458              	.L24:
 459              		.align	2
 460              	.L23:
 461 0018 00000000 		.word	txheader
 462 001c 00000000 		.word	txmailbox
 463 0020 00000000 		.word	hcan
 464              		.cfi_endproc
 465              	.LFE69:
 467              		.global	hcan
 468              		.section	.bss.hcan,"aw",%nobits
 469              		.align	2
 472              	hcan:
 473 0000 00000000 		.space	40
 473      00000000 
 473      00000000 
 473      00000000 
 473      00000000 
 474              		.global	rxdata
 475              		.section	.bss.rxdata,"aw",%nobits
 476              		.align	2
 479              	rxdata:
 480 0000 00000000 		.space	4
 481              		.global	rxheader
 482              		.section	.bss.rxheader,"aw",%nobits
 483              		.align	2
 486              	rxheader:
 487 0000 00000000 		.space	28
 487      00000000 
 487      00000000 
 487      00000000 
 487      00000000 
 488              		.global	txmailbox
ARM GAS  /tmp/ccjeBaaC.s 			page 13


 489              		.section	.bss.txmailbox,"aw",%nobits
 490              		.align	2
 493              	txmailbox:
 494 0000 00000000 		.space	4
 495              		.global	can_filter
 496              		.section	.bss.can_filter,"aw",%nobits
 497              		.align	2
 500              	can_filter:
 501 0000 00000000 		.space	40
 501      00000000 
 501      00000000 
 501      00000000 
 501      00000000 
 502              		.global	txheader
 503              		.section	.bss.txheader,"aw",%nobits
 504              		.align	2
 507              	txheader:
 508 0000 00000000 		.space	24
 508      00000000 
 508      00000000 
 508      00000000 
 508      00000000 
 509              		.text
 510              	.Letext0:
 511              		.file 2 "Drivers/CMSIS/Device/ST/STM32F1xx/Include/stm32f103xb.h"
 512              		.file 3 "/home/lorolol/.config/Code/User/globalStorage/bmd.stm32-for-vscode/@xpack-dev-tools/arm-n
 513              		.file 4 "/home/lorolol/.config/Code/User/globalStorage/bmd.stm32-for-vscode/@xpack-dev-tools/arm-n
 514              		.file 5 "Drivers/CMSIS/Device/ST/STM32F1xx/Include/stm32f1xx.h"
 515              		.file 6 "/home/lorolol/.config/Code/User/globalStorage/bmd.stm32-for-vscode/@xpack-dev-tools/arm-n
 516              		.file 7 "Drivers/STM32F1xx_HAL_Driver/Inc/stm32f1xx_hal_def.h"
 517              		.file 8 "Drivers/STM32F1xx_HAL_Driver/Inc/stm32f1xx_hal_gpio.h"
 518              		.file 9 "Drivers/STM32F1xx_HAL_Driver/Inc/stm32f1xx_hal_can.h"
 519              		.file 10 "../baja_utils/inc/msg.h"
 520              		.file 11 "Core/Inc/can.h"
 521              		.file 12 "/home/lorolol/.config/Code/User/globalStorage/bmd.stm32-for-vscode/@xpack-dev-tools/arm-
 522              		.file 13 "Drivers/STM32F1xx_HAL_Driver/Inc/stm32f1xx_hal_cortex.h"
 523              		.file 14 "<built-in>"
 524              		.file 15 "Core/Inc/main.h"
ARM GAS  /tmp/ccjeBaaC.s 			page 14


DEFINED SYMBOLS
                            *ABS*:00000000 can.c
     /tmp/ccjeBaaC.s:19     .text.MX_CAN_Init:00000000 $t
     /tmp/ccjeBaaC.s:25     .text.MX_CAN_Init:00000000 MX_CAN_Init
     /tmp/ccjeBaaC.s:153    .text.MX_CAN_Init:00000078 $d
     /tmp/ccjeBaaC.s:507    .bss.txheader:00000000 txheader
     /tmp/ccjeBaaC.s:500    .bss.can_filter:00000000 can_filter
     /tmp/ccjeBaaC.s:472    .bss.hcan:00000000 hcan
     /tmp/ccjeBaaC.s:161    .text.HAL_CAN_MspInit:00000000 $t
     /tmp/ccjeBaaC.s:167    .text.HAL_CAN_MspInit:00000000 HAL_CAN_MspInit
     /tmp/ccjeBaaC.s:303    .text.HAL_CAN_MspInit:0000008c $d
     /tmp/ccjeBaaC.s:310    .text.HAL_CAN_MspDeInit:00000000 $t
     /tmp/ccjeBaaC.s:316    .text.HAL_CAN_MspDeInit:00000000 HAL_CAN_MspDeInit
     /tmp/ccjeBaaC.s:362    .text.HAL_CAN_MspDeInit:00000028 $d
     /tmp/ccjeBaaC.s:369    .text.can_setup_message:00000000 $t
     /tmp/ccjeBaaC.s:375    .text.can_setup_message:00000000 can_setup_message
     /tmp/ccjeBaaC.s:419    .text.can_send_message:00000000 $t
     /tmp/ccjeBaaC.s:425    .text.can_send_message:00000000 can_send_message
     /tmp/ccjeBaaC.s:461    .text.can_send_message:00000018 $d
     /tmp/ccjeBaaC.s:493    .bss.txmailbox:00000000 txmailbox
     /tmp/ccjeBaaC.s:469    .bss.hcan:00000000 $d
     /tmp/ccjeBaaC.s:479    .bss.rxdata:00000000 rxdata
     /tmp/ccjeBaaC.s:476    .bss.rxdata:00000000 $d
     /tmp/ccjeBaaC.s:486    .bss.rxheader:00000000 rxheader
     /tmp/ccjeBaaC.s:483    .bss.rxheader:00000000 $d
     /tmp/ccjeBaaC.s:490    .bss.txmailbox:00000000 $d
     /tmp/ccjeBaaC.s:497    .bss.can_filter:00000000 $d
     /tmp/ccjeBaaC.s:504    .bss.txheader:00000000 $d

UNDEFINED SYMBOLS
HAL_CAN_Init
HAL_CAN_ConfigFilter
HAL_CAN_ActivateNotification
HAL_CAN_Start
Error_Handler
HAL_GPIO_Init
HAL_NVIC_SetPriority
HAL_NVIC_EnableIRQ
HAL_GPIO_DeInit
HAL_NVIC_DisableIRQ
malloc
memcpy
HAL_CAN_AddTxMessage
