ARM GAS  /tmp/ccG5HWF9.s 			page 1


   1              		.cpu cortex-m3
   2              		.arch armv7-m
   3              		.fpu softvfp
   4              		.eabi_attribute 20, 1
   5              		.eabi_attribute 21, 1
   6              		.eabi_attribute 23, 3
   7              		.eabi_attribute 24, 1
   8              		.eabi_attribute 25, 1
   9              		.eabi_attribute 26, 1
  10              		.eabi_attribute 30, 1
  11              		.eabi_attribute 34, 1
  12              		.eabi_attribute 18, 4
  13              		.file	"freertos.c"
  14              		.text
  15              	.Ltext0:
  16              		.cfi_sections	.debug_frame
  17              		.file 1 "Core/Src/freertos.c"
  18              		.section	.text.StartDefaultTask,"ax",%progbits
  19              		.align	1
  20              		.global	StartDefaultTask
  21              		.syntax unified
  22              		.thumb
  23              		.thumb_func
  25              	StartDefaultTask:
  26              	.LFB70:
   1:Core/Src/freertos.c **** /* USER CODE BEGIN Header */
   2:Core/Src/freertos.c **** /**
   3:Core/Src/freertos.c ****   ******************************************************************************
   4:Core/Src/freertos.c ****   * File Name          : freertos.c
   5:Core/Src/freertos.c ****   * Description        : Code for freertos applications
   6:Core/Src/freertos.c ****   ******************************************************************************
   7:Core/Src/freertos.c ****   * @attention
   8:Core/Src/freertos.c ****   *
   9:Core/Src/freertos.c ****   * Copyright (c) 2024 STMicroelectronics.
  10:Core/Src/freertos.c ****   * All rights reserved.
  11:Core/Src/freertos.c ****   *
  12:Core/Src/freertos.c ****   * This software is licensed under terms that can be found in the LICENSE file
  13:Core/Src/freertos.c ****   * in the root directory of this software component.
  14:Core/Src/freertos.c ****   * If no LICENSE file comes with this software, it is provided AS-IS.
  15:Core/Src/freertos.c ****   *
  16:Core/Src/freertos.c ****   ******************************************************************************
  17:Core/Src/freertos.c ****   */
  18:Core/Src/freertos.c **** /* USER CODE END Header */
  19:Core/Src/freertos.c **** 
  20:Core/Src/freertos.c **** /* Includes ------------------------------------------------------------------*/
  21:Core/Src/freertos.c **** #include "FreeRTOS.h"
  22:Core/Src/freertos.c **** #include "task.h"
  23:Core/Src/freertos.c **** #include "main.h"
  24:Core/Src/freertos.c **** #include "cmsis_os.h"
  25:Core/Src/freertos.c **** 
  26:Core/Src/freertos.c **** /* Private includes ----------------------------------------------------------*/
  27:Core/Src/freertos.c **** /* USER CODE BEGIN Includes */
  28:Core/Src/freertos.c **** #include "rpm.h"
  29:Core/Src/freertos.c **** #include "can.h"
  30:Core/Src/freertos.c **** #include "tempcvt.h"
  31:Core/Src/freertos.c **** #include "adc.h"
  32:Core/Src/freertos.c **** /* USER CODE END Includes */
ARM GAS  /tmp/ccG5HWF9.s 			page 2


  33:Core/Src/freertos.c **** 
  34:Core/Src/freertos.c **** /* Private typedef -----------------------------------------------------------*/
  35:Core/Src/freertos.c **** /* USER CODE BEGIN PTD */
  36:Core/Src/freertos.c **** 
  37:Core/Src/freertos.c **** /* USER CODE END PTD */
  38:Core/Src/freertos.c **** 
  39:Core/Src/freertos.c **** /* Private define ------------------------------------------------------------*/
  40:Core/Src/freertos.c **** /* USER CODE BEGIN PD */
  41:Core/Src/freertos.c **** 
  42:Core/Src/freertos.c **** /* USER CODE END PD */
  43:Core/Src/freertos.c **** 
  44:Core/Src/freertos.c **** /* Private macro -------------------------------------------------------------*/
  45:Core/Src/freertos.c **** /* USER CODE BEGIN PM */
  46:Core/Src/freertos.c **** 
  47:Core/Src/freertos.c **** /* USER CODE END PM */
  48:Core/Src/freertos.c **** 
  49:Core/Src/freertos.c **** /* Private variables ---------------------------------------------------------*/
  50:Core/Src/freertos.c **** /* USER CODE BEGIN Variables */
  51:Core/Src/freertos.c **** 
  52:Core/Src/freertos.c **** 
  53:Core/Src/freertos.c **** 
  54:Core/Src/freertos.c **** 
  55:Core/Src/freertos.c **** extern uint32_t rpm_itr[RPM_SAMPLES];
  56:Core/Src/freertos.c **** 
  57:Core/Src/freertos.c **** extern CAN_HandleTypeDef hcan;
  58:Core/Src/freertos.c **** extern CAN_TxHeaderTypeDef txheader;
  59:Core/Src/freertos.c **** extern uint32_t txmailbox;
  60:Core/Src/freertos.c **** 
  61:Core/Src/freertos.c **** extern CAN_RxHeaderTypeDef rxheader;
  62:Core/Src/freertos.c **** extern uint8_t* rxdata;
  63:Core/Src/freertos.c **** 
  64:Core/Src/freertos.c **** extern uint32_t polling_delay, itr_delay, comms_delay;
  65:Core/Src/freertos.c **** 
  66:Core/Src/freertos.c **** /* USER CODE END Variables */
  67:Core/Src/freertos.c **** /* Definitions for defaultTask */
  68:Core/Src/freertos.c **** osThreadId_t defaultTaskHandle;
  69:Core/Src/freertos.c **** const osThreadAttr_t defaultTask_attributes = {
  70:Core/Src/freertos.c ****   .name = "defaultTask",
  71:Core/Src/freertos.c ****   .stack_size = 128 * 4,
  72:Core/Src/freertos.c ****   .priority = (osPriority_t) osPriorityNormal,
  73:Core/Src/freertos.c **** };
  74:Core/Src/freertos.c **** /* Definitions for CAN_handler */
  75:Core/Src/freertos.c **** osThreadId_t CAN_handlerHandle;
  76:Core/Src/freertos.c **** const osThreadAttr_t CAN_handler_attributes = {
  77:Core/Src/freertos.c ****   .name = "CAN_handler",
  78:Core/Src/freertos.c ****   .stack_size = 128 * 4,
  79:Core/Src/freertos.c ****   .priority = (osPriority_t) osPriorityRealtime,
  80:Core/Src/freertos.c **** };
  81:Core/Src/freertos.c **** /* Definitions for Itr_handler */
  82:Core/Src/freertos.c **** osThreadId_t Itr_handlerHandle;
  83:Core/Src/freertos.c **** const osThreadAttr_t Itr_handler_attributes = {
  84:Core/Src/freertos.c ****   .name = "Itr_handler",
  85:Core/Src/freertos.c ****   .stack_size = 128 * 4,
  86:Core/Src/freertos.c ****   .priority = (osPriority_t) osPriorityRealtime1,
  87:Core/Src/freertos.c **** };
  88:Core/Src/freertos.c **** /* Definitions for Polling_handler */
  89:Core/Src/freertos.c **** osThreadId_t Polling_handlerHandle;
ARM GAS  /tmp/ccG5HWF9.s 			page 3


  90:Core/Src/freertos.c **** const osThreadAttr_t Polling_handler_attributes = {
  91:Core/Src/freertos.c ****   .name = "Polling_handler",
  92:Core/Src/freertos.c ****   .stack_size = 128 * 4,
  93:Core/Src/freertos.c ****   .priority = (osPriority_t) osPriorityNormal,
  94:Core/Src/freertos.c **** };
  95:Core/Src/freertos.c **** /* Definitions for CAN_Q */
  96:Core/Src/freertos.c **** osMessageQueueId_t CAN_QHandle;
  97:Core/Src/freertos.c **** const osMessageQueueAttr_t CAN_Q_attributes = {
  98:Core/Src/freertos.c ****   .name = "CAN_Q"
  99:Core/Src/freertos.c **** };
 100:Core/Src/freertos.c **** /* Definitions for itr_events */
 101:Core/Src/freertos.c **** osEventFlagsId_t itr_eventsHandle;
 102:Core/Src/freertos.c **** const osEventFlagsAttr_t itr_events_attributes = {
 103:Core/Src/freertos.c ****   .name = "itr_events"
 104:Core/Src/freertos.c **** };
 105:Core/Src/freertos.c **** 
 106:Core/Src/freertos.c **** /* Private function prototypes -----------------------------------------------*/
 107:Core/Src/freertos.c **** /* USER CODE BEGIN FunctionPrototypes */
 108:Core/Src/freertos.c **** 
 109:Core/Src/freertos.c **** /* USER CODE END FunctionPrototypes */
 110:Core/Src/freertos.c **** 
 111:Core/Src/freertos.c **** void StartDefaultTask(void *argument);
 112:Core/Src/freertos.c **** void Start_CAN_handler(void *argument);
 113:Core/Src/freertos.c **** void Start_Itr_handler(void *argument);
 114:Core/Src/freertos.c **** void Start_Polling_handler(void *argument);
 115:Core/Src/freertos.c **** 
 116:Core/Src/freertos.c **** void MX_FREERTOS_Init(void); /* (MISRA C 2004 rule 8.1) */
 117:Core/Src/freertos.c **** 
 118:Core/Src/freertos.c **** /**
 119:Core/Src/freertos.c ****   * @brief  FreeRTOS initialization
 120:Core/Src/freertos.c ****   * @param  None
 121:Core/Src/freertos.c ****   * @retval None
 122:Core/Src/freertos.c ****   */
 123:Core/Src/freertos.c **** void MX_FREERTOS_Init(void) {
 124:Core/Src/freertos.c ****   /* USER CODE BEGIN Init */
 125:Core/Src/freertos.c **** 
 126:Core/Src/freertos.c ****   /* USER CODE END Init */
 127:Core/Src/freertos.c **** 
 128:Core/Src/freertos.c ****   /* USER CODE BEGIN RTOS_MUTEX */
 129:Core/Src/freertos.c ****   /* add mutexes, ... */
 130:Core/Src/freertos.c ****   /* USER CODE END RTOS_MUTEX */
 131:Core/Src/freertos.c **** 
 132:Core/Src/freertos.c ****   /* USER CODE BEGIN RTOS_SEMAPHORES */
 133:Core/Src/freertos.c ****   /* add semaphores, ... */
 134:Core/Src/freertos.c ****   /* USER CODE END RTOS_SEMAPHORES */
 135:Core/Src/freertos.c **** 
 136:Core/Src/freertos.c ****   /* USER CODE BEGIN RTOS_TIMERS */
 137:Core/Src/freertos.c ****   /* start timers, add new ones, ... */
 138:Core/Src/freertos.c ****   /* USER CODE END RTOS_TIMERS */
 139:Core/Src/freertos.c **** 
 140:Core/Src/freertos.c ****   /* Create the queue(s) */
 141:Core/Src/freertos.c ****   /* creation of CAN_Q */
 142:Core/Src/freertos.c ****   CAN_QHandle = osMessageQueueNew (8, sizeof(can_msg), &CAN_Q_attributes);
 143:Core/Src/freertos.c **** 
 144:Core/Src/freertos.c ****   /* USER CODE BEGIN RTOS_QUEUES */
 145:Core/Src/freertos.c ****   /* add queues, ... */
 146:Core/Src/freertos.c ****   /* USER CODE END RTOS_QUEUES */
ARM GAS  /tmp/ccG5HWF9.s 			page 4


 147:Core/Src/freertos.c **** 
 148:Core/Src/freertos.c ****   /* Create the thread(s) */
 149:Core/Src/freertos.c **** 
 150:Core/Src/freertos.c ****   Polling_handlerHandle = osThreadNew(Start_Polling_handler, NULL, &Polling_handler_attributes);
 151:Core/Src/freertos.c ****   /* creation of defaultTask */
 152:Core/Src/freertos.c ****   
 153:Core/Src/freertos.c **** 
 154:Core/Src/freertos.c ****   /* creation of CAN_handler */
 155:Core/Src/freertos.c ****   CAN_handlerHandle = osThreadNew(Start_CAN_handler, NULL, &CAN_handler_attributes);
 156:Core/Src/freertos.c **** 
 157:Core/Src/freertos.c ****   /* creation of Itr_handler */
 158:Core/Src/freertos.c ****   Itr_handlerHandle = osThreadNew(Start_Itr_handler, NULL, &Itr_handler_attributes);
 159:Core/Src/freertos.c **** 
 160:Core/Src/freertos.c ****   /* creation of Polling_handler */
 161:Core/Src/freertos.c ****   defaultTaskHandle = osThreadNew(StartDefaultTask, NULL, &defaultTask_attributes);
 162:Core/Src/freertos.c **** 
 163:Core/Src/freertos.c ****   /* USER CODE BEGIN RTOS_THREADS */
 164:Core/Src/freertos.c ****   /* add threads, ... */
 165:Core/Src/freertos.c ****   /* USER CODE END RTOS_THREADS */
 166:Core/Src/freertos.c **** 
 167:Core/Src/freertos.c ****   /* Create the event(s) */
 168:Core/Src/freertos.c ****   /* creation of itr_events */
 169:Core/Src/freertos.c ****   itr_eventsHandle = osEventFlagsNew(&itr_events_attributes);
 170:Core/Src/freertos.c **** 
 171:Core/Src/freertos.c ****   /* USER CODE BEGIN RTOS_EVENTS */
 172:Core/Src/freertos.c ****   /* add events, ... */
 173:Core/Src/freertos.c ****   /* USER CODE END RTOS_EVENTS */
 174:Core/Src/freertos.c **** 
 175:Core/Src/freertos.c **** }
 176:Core/Src/freertos.c **** 
 177:Core/Src/freertos.c **** /* USER CODE BEGIN Header_StartDefaultTask */
 178:Core/Src/freertos.c **** /**
 179:Core/Src/freertos.c ****   * @brief  Function implementing the defaultTask thread.
 180:Core/Src/freertos.c ****   * @param  argument: Not used
 181:Core/Src/freertos.c ****   * @retval None
 182:Core/Src/freertos.c ****   */
 183:Core/Src/freertos.c **** /* USER CODE END Header_StartDefaultTask */
 184:Core/Src/freertos.c **** void StartDefaultTask(void *argument)
 185:Core/Src/freertos.c **** {
  27              		.loc 1 185 1 view -0
  28              		.cfi_startproc
  29              		@ Volatile: function does not return.
  30              		@ args = 0, pretend = 0, frame = 0
  31              		@ frame_needed = 0, uses_anonymous_args = 0
  32              	.LVL0:
  33              		.loc 1 185 1 is_stmt 0 view .LVU1
  34 0000 08B5     		push	{r3, lr}
  35              		.cfi_def_cfa_offset 8
  36              		.cfi_offset 3, -8
  37              		.cfi_offset 14, -4
  38              	.LVL1:
  39              	.L2:
 186:Core/Src/freertos.c ****   /* USER CODE BEGIN StartDefaultTask */
 187:Core/Src/freertos.c ****   /* Infinite loop */
 188:Core/Src/freertos.c ****   for(;;)
  40              		.loc 1 188 3 is_stmt 1 view .LVU2
 189:Core/Src/freertos.c ****   {
ARM GAS  /tmp/ccG5HWF9.s 			page 5


 190:Core/Src/freertos.c ****     HAL_GPIO_TogglePin(GPIOC, GPIO_PIN_13);
  41              		.loc 1 190 5 view .LVU3
  42 0002 4FF40051 		mov	r1, #8192
  43 0006 0348     		ldr	r0, .L4
  44 0008 FFF7FEFF 		bl	HAL_GPIO_TogglePin
  45              	.LVL2:
 191:Core/Src/freertos.c **** 
 192:Core/Src/freertos.c **** 
 193:Core/Src/freertos.c ****     osDelay(30);
  46              		.loc 1 193 5 discriminator 1 view .LVU4
  47 000c 1E20     		movs	r0, #30
  48 000e FFF7FEFF 		bl	osDelay
  49              	.LVL3:
 188:Core/Src/freertos.c ****   {
  50              		.loc 1 188 3 view .LVU5
  51 0012 F6E7     		b	.L2
  52              	.L5:
  53              		.align	2
  54              	.L4:
  55 0014 00100140 		.word	1073811456
  56              		.cfi_endproc
  57              	.LFE70:
  59              		.section	.text.Start_CAN_handler,"ax",%progbits
  60              		.align	1
  61              		.global	Start_CAN_handler
  62              		.syntax unified
  63              		.thumb
  64              		.thumb_func
  66              	Start_CAN_handler:
  67              	.LVL4:
  68              	.LFB71:
 194:Core/Src/freertos.c ****   }
 195:Core/Src/freertos.c ****   /* USER CODE END StartDefaultTask */
 196:Core/Src/freertos.c **** }
 197:Core/Src/freertos.c **** 
 198:Core/Src/freertos.c **** /* USER CODE BEGIN Header_Start_CAN_handler */
 199:Core/Src/freertos.c **** /**
 200:Core/Src/freertos.c **** * @brief Function implementing the CAN_handler thread.
 201:Core/Src/freertos.c **** * @param argument: Not used
 202:Core/Src/freertos.c **** * @retval None
 203:Core/Src/freertos.c **** */
 204:Core/Src/freertos.c **** /* USER CODE END Header_Start_CAN_handler */
 205:Core/Src/freertos.c **** void Start_CAN_handler(void *argument)
 206:Core/Src/freertos.c **** {
  69              		.loc 1 206 1 view -0
  70              		.cfi_startproc
  71              		@ args = 0, pretend = 0, frame = 8
  72              		@ frame_needed = 0, uses_anonymous_args = 0
  73              		.loc 1 206 1 is_stmt 0 view .LVU7
  74 0000 70B5     		push	{r4, r5, r6, lr}
  75              		.cfi_def_cfa_offset 16
  76              		.cfi_offset 4, -16
  77              		.cfi_offset 5, -12
  78              		.cfi_offset 6, -8
  79              		.cfi_offset 14, -4
  80 0002 82B0     		sub	sp, sp, #8
  81              		.cfi_def_cfa_offset 24
ARM GAS  /tmp/ccG5HWF9.s 			page 6


 207:Core/Src/freertos.c ****   /* USER CODE BEGIN Start_CAN_handler */
 208:Core/Src/freertos.c ****   can_msg *msg;
  82              		.loc 1 208 3 is_stmt 1 view .LVU8
 209:Core/Src/freertos.c ****   msg = malloc(sizeof(can_msg));
  83              		.loc 1 209 3 view .LVU9
  84              		.loc 1 209 9 is_stmt 0 view .LVU10
  85 0004 0820     		movs	r0, #8
  86              	.LVL5:
  87              		.loc 1 209 9 view .LVU11
  88 0006 FFF7FEFF 		bl	malloc
  89              	.LVL6:
  90 000a 0646     		mov	r6, r0
  91              	.LVL7:
  92              		.loc 1 209 9 view .LVU12
  93 000c 32E0     		b	.L12
  94              	.LVL8:
  95              	.L14:
  96              	.LBB2:
 210:Core/Src/freertos.c ****   /* Infinite loop */
 211:Core/Src/freertos.c ****   for(;;)
 212:Core/Src/freertos.c ****   {
 213:Core/Src/freertos.c ****     HAL_GPIO_WritePin(GPIOC, GPIO_PIN_13, RESET);
 214:Core/Src/freertos.c ****     if (osMessageQueueGetCount(CAN_QHandle) >= osMessageQueueGetCapacity(CAN_QHandle)) {
 215:Core/Src/freertos.c ****       HAL_GPIO_WritePin(GPIOC, GPIO_PIN_13, SET);
  97              		.loc 1 215 7 is_stmt 1 view .LVU13
  98 000e 0122     		movs	r2, #1
  99 0010 4FF40051 		mov	r1, #8192
 100 0014 3048     		ldr	r0, .L16
 101 0016 FFF7FEFF 		bl	HAL_GPIO_WritePin
 102              	.LVL9:
 216:Core/Src/freertos.c **** 
 217:Core/Src/freertos.c ****       osMessageQueueReset(CAN_QHandle);
 103              		.loc 1 217 7 view .LVU14
 104 001a 2868     		ldr	r0, [r5]
 105 001c FFF7FEFF 		bl	osMessageQueueReset
 106              	.LVL10:
 218:Core/Src/freertos.c ****       ERROR_MSG err = ERROR_CAN_QUEUE_FULL;
 107              		.loc 1 218 7 view .LVU15
 108              		.loc 1 218 17 is_stmt 0 view .LVU16
 109 0020 1923     		movs	r3, #25
 110 0022 8DF80730 		strb	r3, [sp, #7]
 219:Core/Src/freertos.c ****       can_setup_message(msg, MSG_ERROR, &err, 1);
 111              		.loc 1 219 7 is_stmt 1 view .LVU17
 112 0026 0123     		movs	r3, #1
 113 0028 0DF10702 		add	r2, sp, #7
 114 002c 0621     		movs	r1, #6
 115 002e 3046     		mov	r0, r6
 116 0030 FFF7FEFF 		bl	can_setup_message
 117              	.LVL11:
 220:Core/Src/freertos.c ****       can_send_message(msg);
 118              		.loc 1 220 7 view .LVU18
 119 0034 3046     		mov	r0, r6
 120 0036 FFF7FEFF 		bl	can_send_message
 121              	.LVL12:
 122 003a 2BE0     		b	.L7
 123              	.L15:
 124              		.loc 1 220 7 is_stmt 0 view .LVU19
ARM GAS  /tmp/ccG5HWF9.s 			page 7


 125              	.LBE2:
 221:Core/Src/freertos.c ****     }
 222:Core/Src/freertos.c **** 
 223:Core/Src/freertos.c ****     if (osMessageQueueGet(CAN_QHandle, msg, NULL, osWaitForever) == osOK) {
 224:Core/Src/freertos.c ****       HAL_GPIO_WritePin(GPIOC, GPIO_PIN_13, SET);
 126              		.loc 1 224 7 is_stmt 1 view .LVU20
 127 003c 0122     		movs	r2, #1
 128 003e 4FF40051 		mov	r1, #8192
 129 0042 00F18040 		add	r0, r0, #1073741824
 130 0046 00F58830 		add	r0, r0, #69632
 131 004a FFF7FEFF 		bl	HAL_GPIO_WritePin
 132              	.LVL13:
 225:Core/Src/freertos.c ****       can_send_message(msg);
 133              		.loc 1 225 7 view .LVU21
 134 004e 3046     		mov	r0, r6
 135 0050 FFF7FEFF 		bl	can_send_message
 136              	.LVL14:
 226:Core/Src/freertos.c ****       free(msg->pdata);
 137              		.loc 1 226 7 view .LVU22
 138 0054 7068     		ldr	r0, [r6, #4]
 139 0056 FFF7FEFF 		bl	free
 140              	.LVL15:
 227:Core/Src/freertos.c ****       osDelay(1);
 141              		.loc 1 227 7 view .LVU23
 142 005a 0120     		movs	r0, #1
 143 005c FFF7FEFF 		bl	osDelay
 144              	.LVL16:
 145 0060 22E0     		b	.L8
 146              	.L10:
 228:Core/Src/freertos.c ****     }
 229:Core/Src/freertos.c **** 
 230:Core/Src/freertos.c ****     /*
 231:Core/Src/freertos.c ****     todo: find a way of not using global variables for this (maybe have 2 different mutexes or what
 232:Core/Src/freertos.c ****     */
 233:Core/Src/freertos.c **** 
 234:Core/Src/freertos.c ****     if (osThreadFlagsGet() == SIGNAL_CAN_RX) {
 235:Core/Src/freertos.c ****       //Handle the message
 236:Core/Src/freertos.c ****       switch (rxheader.StdId) {
 237:Core/Src/freertos.c ****         case FREQ_ITR:
 238:Core/Src/freertos.c ****           itr_delay = (uint32_t)* rxdata;
 239:Core/Src/freertos.c ****           break;
 240:Core/Src/freertos.c ****         case FREQ_POLLING:
 241:Core/Src/freertos.c ****           polling_delay = (uint32_t)* rxdata;
 147              		.loc 1 241 11 view .LVU24
 148              		.loc 1 241 37 is_stmt 0 view .LVU25
 149 0062 1E4B     		ldr	r3, .L16+4
 150 0064 1B68     		ldr	r3, [r3]
 151 0066 1A78     		ldrb	r2, [r3]	@ zero_extendqisi2
 152              		.loc 1 241 25 view .LVU26
 153 0068 1D4B     		ldr	r3, .L16+8
 154 006a 1A60     		str	r2, [r3]
 242:Core/Src/freertos.c ****           break;
 155              		.loc 1 242 11 is_stmt 1 view .LVU27
 156              	.L9:
 243:Core/Src/freertos.c ****         case FREQ_COMMS:
 244:Core/Src/freertos.c ****           comms_delay = (uint32_t)* rxdata;
 245:Core/Src/freertos.c ****       }
ARM GAS  /tmp/ccG5HWF9.s 			page 8


 246:Core/Src/freertos.c ****     }
 247:Core/Src/freertos.c ****     osDelay(comms_delay);
 157              		.loc 1 247 5 view .LVU28
 158 006c 1D4B     		ldr	r3, .L16+12
 159 006e 1868     		ldr	r0, [r3]
 160 0070 FFF7FEFF 		bl	osDelay
 161              	.LVL17:
 211:Core/Src/freertos.c ****   {
 162              		.loc 1 211 3 view .LVU29
 163              	.L12:
 211:Core/Src/freertos.c ****   {
 164              		.loc 1 211 3 view .LVU30
 213:Core/Src/freertos.c ****     if (osMessageQueueGetCount(CAN_QHandle) >= osMessageQueueGetCapacity(CAN_QHandle)) {
 165              		.loc 1 213 5 view .LVU31
 166 0074 0022     		movs	r2, #0
 167 0076 4FF40051 		mov	r1, #8192
 168 007a 1748     		ldr	r0, .L16
 169 007c FFF7FEFF 		bl	HAL_GPIO_WritePin
 170              	.LVL18:
 214:Core/Src/freertos.c ****       HAL_GPIO_WritePin(GPIOC, GPIO_PIN_13, SET);
 171              		.loc 1 214 5 view .LVU32
 214:Core/Src/freertos.c ****       HAL_GPIO_WritePin(GPIOC, GPIO_PIN_13, SET);
 172              		.loc 1 214 9 is_stmt 0 view .LVU33
 173 0080 194D     		ldr	r5, .L16+16
 174 0082 2868     		ldr	r0, [r5]
 175 0084 FFF7FEFF 		bl	osMessageQueueGetCount
 176              	.LVL19:
 177 0088 0446     		mov	r4, r0
 214:Core/Src/freertos.c ****       HAL_GPIO_WritePin(GPIOC, GPIO_PIN_13, SET);
 178              		.loc 1 214 48 discriminator 1 view .LVU34
 179 008a 2868     		ldr	r0, [r5]
 180 008c FFF7FEFF 		bl	osMessageQueueGetCapacity
 181              	.LVL20:
 214:Core/Src/freertos.c ****       HAL_GPIO_WritePin(GPIOC, GPIO_PIN_13, SET);
 182              		.loc 1 214 8 discriminator 2 view .LVU35
 183 0090 8442     		cmp	r4, r0
 184 0092 BCD2     		bcs	.L14
 185              	.L7:
 223:Core/Src/freertos.c ****       HAL_GPIO_WritePin(GPIOC, GPIO_PIN_13, SET);
 186              		.loc 1 223 5 is_stmt 1 view .LVU36
 223:Core/Src/freertos.c ****       HAL_GPIO_WritePin(GPIOC, GPIO_PIN_13, SET);
 187              		.loc 1 223 9 is_stmt 0 view .LVU37
 188 0094 4FF0FF33 		mov	r3, #-1
 189 0098 0022     		movs	r2, #0
 190 009a 3146     		mov	r1, r6
 191 009c 1248     		ldr	r0, .L16+16
 192 009e 0068     		ldr	r0, [r0]
 193 00a0 FFF7FEFF 		bl	osMessageQueueGet
 194              	.LVL21:
 223:Core/Src/freertos.c ****       HAL_GPIO_WritePin(GPIOC, GPIO_PIN_13, SET);
 195              		.loc 1 223 8 discriminator 1 view .LVU38
 196 00a4 0028     		cmp	r0, #0
 197 00a6 C9D0     		beq	.L15
 198              	.L8:
 234:Core/Src/freertos.c ****       //Handle the message
 199              		.loc 1 234 5 is_stmt 1 view .LVU39
 234:Core/Src/freertos.c ****       //Handle the message
ARM GAS  /tmp/ccG5HWF9.s 			page 9


 200              		.loc 1 234 9 is_stmt 0 view .LVU40
 201 00a8 FFF7FEFF 		bl	osThreadFlagsGet
 202              	.LVL22:
 234:Core/Src/freertos.c ****       //Handle the message
 203              		.loc 1 234 8 discriminator 1 view .LVU41
 204 00ac 0128     		cmp	r0, #1
 205 00ae DDD1     		bne	.L9
 236:Core/Src/freertos.c ****         case FREQ_ITR:
 206              		.loc 1 236 7 is_stmt 1 view .LVU42
 236:Core/Src/freertos.c ****         case FREQ_ITR:
 207              		.loc 1 236 23 is_stmt 0 view .LVU43
 208 00b0 0E4B     		ldr	r3, .L16+20
 209 00b2 1B68     		ldr	r3, [r3]
 236:Core/Src/freertos.c ****         case FREQ_ITR:
 210              		.loc 1 236 7 view .LVU44
 211 00b4 4C2B     		cmp	r3, #76
 212 00b6 D4D0     		beq	.L10
 213 00b8 4D2B     		cmp	r3, #77
 214 00ba 07D0     		beq	.L11
 215 00bc 4B2B     		cmp	r3, #75
 216 00be D5D1     		bne	.L9
 238:Core/Src/freertos.c ****           break;
 217              		.loc 1 238 11 is_stmt 1 view .LVU45
 238:Core/Src/freertos.c ****           break;
 218              		.loc 1 238 33 is_stmt 0 view .LVU46
 219 00c0 064B     		ldr	r3, .L16+4
 220 00c2 1B68     		ldr	r3, [r3]
 221 00c4 1A78     		ldrb	r2, [r3]	@ zero_extendqisi2
 238:Core/Src/freertos.c ****           break;
 222              		.loc 1 238 21 view .LVU47
 223 00c6 0A4B     		ldr	r3, .L16+24
 224 00c8 1A60     		str	r2, [r3]
 239:Core/Src/freertos.c ****         case FREQ_POLLING:
 225              		.loc 1 239 11 is_stmt 1 view .LVU48
 226 00ca CFE7     		b	.L9
 227              	.L11:
 244:Core/Src/freertos.c ****       }
 228              		.loc 1 244 11 view .LVU49
 244:Core/Src/freertos.c ****       }
 229              		.loc 1 244 35 is_stmt 0 view .LVU50
 230 00cc 034B     		ldr	r3, .L16+4
 231 00ce 1B68     		ldr	r3, [r3]
 232 00d0 1A78     		ldrb	r2, [r3]	@ zero_extendqisi2
 244:Core/Src/freertos.c ****       }
 233              		.loc 1 244 23 view .LVU51
 234 00d2 044B     		ldr	r3, .L16+12
 235 00d4 1A60     		str	r2, [r3]
 236 00d6 C9E7     		b	.L9
 237              	.L17:
 238              		.align	2
 239              	.L16:
 240 00d8 00100140 		.word	1073811456
 241 00dc 00000000 		.word	rxdata
 242 00e0 00000000 		.word	polling_delay
 243 00e4 00000000 		.word	comms_delay
 244 00e8 00000000 		.word	CAN_QHandle
 245 00ec 00000000 		.word	rxheader
ARM GAS  /tmp/ccG5HWF9.s 			page 10


 246 00f0 00000000 		.word	itr_delay
 247              		.cfi_endproc
 248              	.LFE71:
 250              		.section	.text.Start_Itr_handler,"ax",%progbits
 251              		.align	1
 252              		.global	Start_Itr_handler
 253              		.syntax unified
 254              		.thumb
 255              		.thumb_func
 257              	Start_Itr_handler:
 258              	.LFB72:
 248:Core/Src/freertos.c ****   }
 249:Core/Src/freertos.c ****   /* USER CODE END Start_CAN_handler */
 250:Core/Src/freertos.c **** }
 251:Core/Src/freertos.c **** 
 252:Core/Src/freertos.c **** /* USER CODE BEGIN Header_Start_Itr_handler */
 253:Core/Src/freertos.c **** /**
 254:Core/Src/freertos.c **** * @brief Function implementing the Itr_handler thread.
 255:Core/Src/freertos.c **** * @param argument: Not used
 256:Core/Src/freertos.c **** * @retval None
 257:Core/Src/freertos.c **** */
 258:Core/Src/freertos.c **** /* USER CODE END Header_Start_Itr_handler */
 259:Core/Src/freertos.c **** void Start_Itr_handler(void *argument)
 260:Core/Src/freertos.c **** {
 259              		.loc 1 260 1 is_stmt 1 view -0
 260              		.cfi_startproc
 261              		@ Volatile: function does not return.
 262              		@ args = 0, pretend = 0, frame = 16
 263              		@ frame_needed = 0, uses_anonymous_args = 0
 264              	.LVL23:
 265              		.loc 1 260 1 is_stmt 0 view .LVU53
 266 0000 00B5     		push	{lr}
 267              		.cfi_def_cfa_offset 4
 268              		.cfi_offset 14, -4
 269 0002 85B0     		sub	sp, sp, #20
 270              		.cfi_def_cfa_offset 24
 271              	.LVL24:
 272              	.L19:
 261:Core/Src/freertos.c ****   /* USER CODE BEGIN Start_Itr_handler */
 262:Core/Src/freertos.c ****   can_msg msg;
 273              		.loc 1 262 3 is_stmt 1 view .LVU54
 263:Core/Src/freertos.c ****   msg_rpm data;
 274              		.loc 1 263 3 view .LVU55
 264:Core/Src/freertos.c ****   
 265:Core/Src/freertos.c ****   /* Infinite loop */
 266:Core/Src/freertos.c ****   for(;;)
 275              		.loc 1 266 3 view .LVU56
 267:Core/Src/freertos.c ****   {
 268:Core/Src/freertos.c ****     osEventFlagsWait(itr_eventsHandle, ITR_RPM_FLAG, osFlagsWaitAny, osWaitForever);
 276              		.loc 1 268 5 view .LVU57
 277 0004 124C     		ldr	r4, .L21
 278 0006 4FF0FF33 		mov	r3, #-1
 279 000a 0022     		movs	r2, #0
 280 000c 0121     		movs	r1, #1
 281 000e 2068     		ldr	r0, [r4]
 282 0010 FFF7FEFF 		bl	osEventFlagsWait
 283              	.LVL25:
ARM GAS  /tmp/ccG5HWF9.s 			page 11


 269:Core/Src/freertos.c **** 
 270:Core/Src/freertos.c ****     data.rpm = rpm_calculate(rpm_itr);
 284              		.loc 1 270 5 view .LVU58
 285              		.loc 1 270 16 is_stmt 0 view .LVU59
 286 0014 0F48     		ldr	r0, .L21+4
 287 0016 FFF7FEFF 		bl	rpm_calculate
 288              	.LVL26:
 289              		.loc 1 270 14 discriminator 1 view .LVU60
 290 001a 0090     		str	r0, [sp]	@ float
 271:Core/Src/freertos.c ****     data.timestamp = osKernelGetTickCount();
 291              		.loc 1 271 5 is_stmt 1 view .LVU61
 292              		.loc 1 271 22 is_stmt 0 view .LVU62
 293 001c FFF7FEFF 		bl	osKernelGetTickCount
 294              	.LVL27:
 295              		.loc 1 271 20 discriminator 1 view .LVU63
 296 0020 0190     		str	r0, [sp, #4]
 272:Core/Src/freertos.c ****     
 273:Core/Src/freertos.c ****     can_setup_message(&msg, MSG_RPM, &data, sizeof(float));
 297              		.loc 1 273 5 is_stmt 1 view .LVU64
 298 0022 0423     		movs	r3, #4
 299 0024 6A46     		mov	r2, sp
 300 0026 0021     		movs	r1, #0
 301 0028 02A8     		add	r0, sp, #8
 302 002a FFF7FEFF 		bl	can_setup_message
 303              	.LVL28:
 274:Core/Src/freertos.c ****     osMessageQueuePut(CAN_QHandle, &msg, NULL, 0);
 304              		.loc 1 274 5 view .LVU65
 305 002e 0023     		movs	r3, #0
 306 0030 1A46     		mov	r2, r3
 307 0032 02A9     		add	r1, sp, #8
 308 0034 0848     		ldr	r0, .L21+8
 309 0036 0068     		ldr	r0, [r0]
 310 0038 FFF7FEFF 		bl	osMessageQueuePut
 311              	.LVL29:
 275:Core/Src/freertos.c **** 
 276:Core/Src/freertos.c ****     osEventFlagsClear(itr_eventsHandle, ITR_RPM_FLAG);
 312              		.loc 1 276 5 view .LVU66
 313 003c 0121     		movs	r1, #1
 314 003e 2068     		ldr	r0, [r4]
 315 0040 FFF7FEFF 		bl	osEventFlagsClear
 316              	.LVL30:
 277:Core/Src/freertos.c **** 
 278:Core/Src/freertos.c ****     osDelay(itr_delay);
 317              		.loc 1 278 5 discriminator 1 view .LVU67
 318 0044 054B     		ldr	r3, .L21+12
 319 0046 1868     		ldr	r0, [r3]
 320 0048 FFF7FEFF 		bl	osDelay
 321              	.LVL31:
 266:Core/Src/freertos.c ****   {
 322              		.loc 1 266 3 view .LVU68
 323 004c DAE7     		b	.L19
 324              	.L22:
 325 004e 00BF     		.align	2
 326              	.L21:
 327 0050 00000000 		.word	itr_eventsHandle
 328 0054 00000000 		.word	rpm_itr
 329 0058 00000000 		.word	CAN_QHandle
ARM GAS  /tmp/ccG5HWF9.s 			page 12


 330 005c 00000000 		.word	itr_delay
 331              		.cfi_endproc
 332              	.LFE72:
 334              		.section	.text.Start_Polling_handler,"ax",%progbits
 335              		.align	1
 336              		.global	Start_Polling_handler
 337              		.syntax unified
 338              		.thumb
 339              		.thumb_func
 341              	Start_Polling_handler:
 342              	.LFB73:
 279:Core/Src/freertos.c **** 
 280:Core/Src/freertos.c ****   }
 281:Core/Src/freertos.c ****   /* USER CODE END Start_Itr_handler */
 282:Core/Src/freertos.c **** }
 283:Core/Src/freertos.c **** 
 284:Core/Src/freertos.c **** /* USER CODE BEGIN Header_Start_Polling_handler */
 285:Core/Src/freertos.c **** /**
 286:Core/Src/freertos.c **** * @brief Function implementing the Polling_handler thread.
 287:Core/Src/freertos.c **** * @param argument: Not used
 288:Core/Src/freertos.c **** * @retval None
 289:Core/Src/freertos.c **** */
 290:Core/Src/freertos.c **** /* USER CODE END Header_Start_Polling_handler */
 291:Core/Src/freertos.c **** void Start_Polling_handler(void *argument)
 292:Core/Src/freertos.c **** {
 343              		.loc 1 292 1 view -0
 344              		.cfi_startproc
 345              		@ args = 0, pretend = 0, frame = 56
 346              		@ frame_needed = 0, uses_anonymous_args = 0
 347              	.LVL32:
 348              		.loc 1 292 1 is_stmt 0 view .LVU70
 349 0000 10B5     		push	{r4, lr}
 350              		.cfi_def_cfa_offset 8
 351              		.cfi_offset 4, -8
 352              		.cfi_offset 14, -4
 353 0002 8EB0     		sub	sp, sp, #56
 354              		.cfi_def_cfa_offset 64
 355              	.LVL33:
 356              	.L24:
 293:Core/Src/freertos.c ****   /* USER CODE BEGIN Start_Polling_handler */
 294:Core/Src/freertos.c ****   float values[4];
 357              		.loc 1 294 3 is_stmt 1 view .LVU71
 295:Core/Src/freertos.c ****   adc_raw_values raw_vals;
 358              		.loc 1 295 3 view .LVU72
 296:Core/Src/freertos.c ****   can_msg msg_can;
 359              		.loc 1 296 3 view .LVU73
 297:Core/Src/freertos.c **** 
 298:Core/Src/freertos.c **** 
 299:Core/Src/freertos.c ****   msg_adc padc1;
 360              		.loc 1 299 3 view .LVU74
 300:Core/Src/freertos.c ****   msg_adc padc2;
 361              		.loc 1 300 3 view .LVU75
 301:Core/Src/freertos.c **** 
 302:Core/Src/freertos.c ****   msg_tempcvt cvt;
 362              		.loc 1 302 3 view .LVU76
 303:Core/Src/freertos.c **** 
 304:Core/Src/freertos.c ****   uint16_t raw_temp_cvt;
ARM GAS  /tmp/ccG5HWF9.s 			page 13


 363              		.loc 1 304 3 view .LVU77
 305:Core/Src/freertos.c ****   /* Infinite loop */
 306:Core/Src/freertos.c ****   for(;;)
 364              		.loc 1 306 3 view .LVU78
 307:Core/Src/freertos.c ****   {
 308:Core/Src/freertos.c ****     adc_read_values(&raw_vals);
 365              		.loc 1 308 5 view .LVU79
 366 0004 08A8     		add	r0, sp, #32
 367 0006 FFF7FEFF 		bl	adc_read_values
 368              	.LVL34:
 309:Core/Src/freertos.c ****     adc_convert_values(&raw_vals, values);
 369              		.loc 1 309 5 view .LVU80
 370 000a 0AA9     		add	r1, sp, #40
 371 000c 08A8     		add	r0, sp, #32
 372 000e FFF7FEFF 		bl	adc_convert_values
 373              	.LVL35:
 310:Core/Src/freertos.c **** 
 311:Core/Src/freertos.c ****     //adc_create_msg(values, &p1, &p2);   eventually fix this shit
 312:Core/Src/freertos.c **** 
 313:Core/Src/freertos.c ****     padc1.val1 = values[0];
 374              		.loc 1 313 5 view .LVU81
 375              		.loc 1 313 24 is_stmt 0 view .LVU82
 376 0012 0A9B     		ldr	r3, [sp, #40]	@ float
 377              		.loc 1 313 16 view .LVU83
 378 0014 0493     		str	r3, [sp, #16]	@ float
 314:Core/Src/freertos.c ****     padc1.val2 = values[1];
 379              		.loc 1 314 5 is_stmt 1 view .LVU84
 380              		.loc 1 314 24 is_stmt 0 view .LVU85
 381 0016 0B9B     		ldr	r3, [sp, #44]	@ float
 382              		.loc 1 314 16 view .LVU86
 383 0018 0593     		str	r3, [sp, #20]	@ float
 315:Core/Src/freertos.c ****     padc2.val1 = values[2];
 384              		.loc 1 315 5 is_stmt 1 view .LVU87
 385              		.loc 1 315 24 is_stmt 0 view .LVU88
 386 001a 0C9B     		ldr	r3, [sp, #48]	@ float
 387              		.loc 1 315 16 view .LVU89
 388 001c 0293     		str	r3, [sp, #8]	@ float
 316:Core/Src/freertos.c ****     padc2.val2 = values[3];
 389              		.loc 1 316 5 is_stmt 1 view .LVU90
 390              		.loc 1 316 24 is_stmt 0 view .LVU91
 391 001e 0D9B     		ldr	r3, [sp, #52]	@ float
 392              		.loc 1 316 16 view .LVU92
 393 0020 0393     		str	r3, [sp, #12]	@ float
 317:Core/Src/freertos.c **** 
 318:Core/Src/freertos.c ****     can_setup_message(&msg_can, MSG_ADC1, &padc1, sizeof(msg_adc));
 394              		.loc 1 318 5 is_stmt 1 view .LVU93
 395 0022 0823     		movs	r3, #8
 396 0024 04AA     		add	r2, sp, #16
 397 0026 0121     		movs	r1, #1
 398 0028 06A8     		add	r0, sp, #24
 399 002a FFF7FEFF 		bl	can_setup_message
 400              	.LVL36:
 319:Core/Src/freertos.c ****     osMessageQueuePut(CAN_QHandle, &msg_can, NULL, 0);
 401              		.loc 1 319 5 view .LVU94
 402 002e 164C     		ldr	r4, .L26
 403 0030 0023     		movs	r3, #0
 404 0032 1A46     		mov	r2, r3
ARM GAS  /tmp/ccG5HWF9.s 			page 14


 405 0034 06A9     		add	r1, sp, #24
 406 0036 2068     		ldr	r0, [r4]
 407 0038 FFF7FEFF 		bl	osMessageQueuePut
 408              	.LVL37:
 320:Core/Src/freertos.c **** 
 321:Core/Src/freertos.c ****     can_setup_message(&msg_can, MSG_ADC2, &padc2, sizeof(msg_adc));
 409              		.loc 1 321 5 view .LVU95
 410 003c 0823     		movs	r3, #8
 411 003e 0DEB0302 		add	r2, sp, r3
 412 0042 0221     		movs	r1, #2
 413 0044 06A8     		add	r0, sp, #24
 414 0046 FFF7FEFF 		bl	can_setup_message
 415              	.LVL38:
 322:Core/Src/freertos.c ****     osMessageQueuePut(CAN_QHandle, &msg_can, NULL, 0);
 416              		.loc 1 322 5 view .LVU96
 417 004a 0023     		movs	r3, #0
 418 004c 1A46     		mov	r2, r3
 419 004e 06A9     		add	r1, sp, #24
 420 0050 2068     		ldr	r0, [r4]
 421 0052 FFF7FEFF 		bl	osMessageQueuePut
 422              	.LVL39:
 323:Core/Src/freertos.c **** 
 324:Core/Src/freertos.c ****     raw_temp_cvt = temp_read();
 423              		.loc 1 324 5 view .LVU97
 424              		.loc 1 324 20 is_stmt 0 view .LVU98
 425 0056 FFF7FEFF 		bl	temp_read
 426              	.LVL40:
 325:Core/Src/freertos.c **** 
 326:Core/Src/freertos.c ****     cvt.temp = temp_convert(raw_temp_cvt);
 427              		.loc 1 326 5 is_stmt 1 view .LVU99
 428              		.loc 1 326 16 is_stmt 0 view .LVU100
 429 005a FFF7FEFF 		bl	temp_convert
 430              	.LVL41:
 431              		.loc 1 326 14 discriminator 1 view .LVU101
 432 005e 0090     		str	r0, [sp]	@ float
 327:Core/Src/freertos.c ****     cvt.timestamp = osKernelGetTickCount();
 433              		.loc 1 327 5 is_stmt 1 view .LVU102
 434              		.loc 1 327 21 is_stmt 0 view .LVU103
 435 0060 FFF7FEFF 		bl	osKernelGetTickCount
 436              	.LVL42:
 437              		.loc 1 327 19 discriminator 1 view .LVU104
 438 0064 0190     		str	r0, [sp, #4]
 328:Core/Src/freertos.c **** 
 329:Core/Src/freertos.c ****     can_setup_message(&msg_can, MSG_TEMPERATURE, &cvt, sizeof(msg_tempcvt));
 439              		.loc 1 329 5 is_stmt 1 view .LVU105
 440 0066 0823     		movs	r3, #8
 441 0068 6A46     		mov	r2, sp
 442 006a 0421     		movs	r1, #4
 443 006c 06A8     		add	r0, sp, #24
 444 006e FFF7FEFF 		bl	can_setup_message
 445              	.LVL43:
 330:Core/Src/freertos.c ****     osMessageQueuePut(CAN_QHandle, &msg_can, NULL, 0);
 446              		.loc 1 330 5 view .LVU106
 447 0072 0023     		movs	r3, #0
 448 0074 1A46     		mov	r2, r3
 449 0076 06A9     		add	r1, sp, #24
 450 0078 2068     		ldr	r0, [r4]
ARM GAS  /tmp/ccG5HWF9.s 			page 15


 451 007a FFF7FEFF 		bl	osMessageQueuePut
 452              	.LVL44:
 331:Core/Src/freertos.c **** 
 332:Core/Src/freertos.c ****     osDelay(polling_delay);
 453              		.loc 1 332 5 discriminator 1 view .LVU107
 454 007e 034B     		ldr	r3, .L26+4
 455 0080 1868     		ldr	r0, [r3]
 456 0082 FFF7FEFF 		bl	osDelay
 457              	.LVL45:
 306:Core/Src/freertos.c ****   {
 458              		.loc 1 306 3 view .LVU108
 459 0086 BDE7     		b	.L24
 460              	.L27:
 461              		.align	2
 462              	.L26:
 463 0088 00000000 		.word	CAN_QHandle
 464 008c 00000000 		.word	polling_delay
 465              		.cfi_endproc
 466              	.LFE73:
 468              		.section	.text.MX_FREERTOS_Init,"ax",%progbits
 469              		.align	1
 470              		.global	MX_FREERTOS_Init
 471              		.syntax unified
 472              		.thumb
 473              		.thumb_func
 475              	MX_FREERTOS_Init:
 476              	.LFB69:
 123:Core/Src/freertos.c ****   /* USER CODE BEGIN Init */
 477              		.loc 1 123 29 view -0
 478              		.cfi_startproc
 479              		@ args = 0, pretend = 0, frame = 0
 480              		@ frame_needed = 0, uses_anonymous_args = 0
 481 0000 08B5     		push	{r3, lr}
 482              		.cfi_def_cfa_offset 8
 483              		.cfi_offset 3, -8
 484              		.cfi_offset 14, -4
 142:Core/Src/freertos.c **** 
 485              		.loc 1 142 3 view .LVU110
 142:Core/Src/freertos.c **** 
 486              		.loc 1 142 17 is_stmt 0 view .LVU111
 487 0002 144A     		ldr	r2, .L30
 488 0004 0821     		movs	r1, #8
 489 0006 0846     		mov	r0, r1
 490 0008 FFF7FEFF 		bl	osMessageQueueNew
 491              	.LVL46:
 142:Core/Src/freertos.c **** 
 492              		.loc 1 142 15 discriminator 1 view .LVU112
 493 000c 124B     		ldr	r3, .L30+4
 494 000e 1860     		str	r0, [r3]
 150:Core/Src/freertos.c ****   /* creation of defaultTask */
 495              		.loc 1 150 3 is_stmt 1 view .LVU113
 150:Core/Src/freertos.c ****   /* creation of defaultTask */
 496              		.loc 1 150 27 is_stmt 0 view .LVU114
 497 0010 124A     		ldr	r2, .L30+8
 498 0012 0021     		movs	r1, #0
 499 0014 1248     		ldr	r0, .L30+12
 500 0016 FFF7FEFF 		bl	osThreadNew
ARM GAS  /tmp/ccG5HWF9.s 			page 16


 501              	.LVL47:
 150:Core/Src/freertos.c ****   /* creation of defaultTask */
 502              		.loc 1 150 25 discriminator 1 view .LVU115
 503 001a 124B     		ldr	r3, .L30+16
 504 001c 1860     		str	r0, [r3]
 155:Core/Src/freertos.c **** 
 505              		.loc 1 155 3 is_stmt 1 view .LVU116
 155:Core/Src/freertos.c **** 
 506              		.loc 1 155 23 is_stmt 0 view .LVU117
 507 001e 124A     		ldr	r2, .L30+20
 508 0020 0021     		movs	r1, #0
 509 0022 1248     		ldr	r0, .L30+24
 510 0024 FFF7FEFF 		bl	osThreadNew
 511              	.LVL48:
 155:Core/Src/freertos.c **** 
 512              		.loc 1 155 21 discriminator 1 view .LVU118
 513 0028 114B     		ldr	r3, .L30+28
 514 002a 1860     		str	r0, [r3]
 158:Core/Src/freertos.c **** 
 515              		.loc 1 158 3 is_stmt 1 view .LVU119
 158:Core/Src/freertos.c **** 
 516              		.loc 1 158 23 is_stmt 0 view .LVU120
 517 002c 114A     		ldr	r2, .L30+32
 518 002e 0021     		movs	r1, #0
 519 0030 1148     		ldr	r0, .L30+36
 520 0032 FFF7FEFF 		bl	osThreadNew
 521              	.LVL49:
 158:Core/Src/freertos.c **** 
 522              		.loc 1 158 21 discriminator 1 view .LVU121
 523 0036 114B     		ldr	r3, .L30+40
 524 0038 1860     		str	r0, [r3]
 161:Core/Src/freertos.c **** 
 525              		.loc 1 161 3 is_stmt 1 view .LVU122
 161:Core/Src/freertos.c **** 
 526              		.loc 1 161 23 is_stmt 0 view .LVU123
 527 003a 114A     		ldr	r2, .L30+44
 528 003c 0021     		movs	r1, #0
 529 003e 1148     		ldr	r0, .L30+48
 530 0040 FFF7FEFF 		bl	osThreadNew
 531              	.LVL50:
 161:Core/Src/freertos.c **** 
 532              		.loc 1 161 21 discriminator 1 view .LVU124
 533 0044 104B     		ldr	r3, .L30+52
 534 0046 1860     		str	r0, [r3]
 169:Core/Src/freertos.c **** 
 535              		.loc 1 169 3 is_stmt 1 view .LVU125
 169:Core/Src/freertos.c **** 
 536              		.loc 1 169 22 is_stmt 0 view .LVU126
 537 0048 1048     		ldr	r0, .L30+56
 538 004a FFF7FEFF 		bl	osEventFlagsNew
 539              	.LVL51:
 169:Core/Src/freertos.c **** 
 540              		.loc 1 169 20 discriminator 1 view .LVU127
 541 004e 104B     		ldr	r3, .L30+60
 542 0050 1860     		str	r0, [r3]
 175:Core/Src/freertos.c **** 
 543              		.loc 1 175 1 view .LVU128
ARM GAS  /tmp/ccG5HWF9.s 			page 17


 544 0052 08BD     		pop	{r3, pc}
 545              	.L31:
 546              		.align	2
 547              	.L30:
 548 0054 00000000 		.word	CAN_Q_attributes
 549 0058 00000000 		.word	CAN_QHandle
 550 005c 00000000 		.word	Polling_handler_attributes
 551 0060 00000000 		.word	Start_Polling_handler
 552 0064 00000000 		.word	Polling_handlerHandle
 553 0068 00000000 		.word	CAN_handler_attributes
 554 006c 00000000 		.word	Start_CAN_handler
 555 0070 00000000 		.word	CAN_handlerHandle
 556 0074 00000000 		.word	Itr_handler_attributes
 557 0078 00000000 		.word	Start_Itr_handler
 558 007c 00000000 		.word	Itr_handlerHandle
 559 0080 00000000 		.word	defaultTask_attributes
 560 0084 00000000 		.word	StartDefaultTask
 561 0088 00000000 		.word	defaultTaskHandle
 562 008c 00000000 		.word	itr_events_attributes
 563 0090 00000000 		.word	itr_eventsHandle
 564              		.cfi_endproc
 565              	.LFE69:
 567              		.global	itr_events_attributes
 568              		.section	.rodata.str1.4,"aMS",%progbits,1
 569              		.align	2
 570              	.LC0:
 571 0000 6974725F 		.ascii	"itr_events\000"
 571      6576656E 
 571      747300
 572              		.section	.rodata.itr_events_attributes,"a"
 573              		.align	2
 576              	itr_events_attributes:
 577 0000 00000000 		.word	.LC0
 578 0004 00000000 		.space	12
 578      00000000 
 578      00000000 
 579              		.global	itr_eventsHandle
 580              		.section	.bss.itr_eventsHandle,"aw",%nobits
 581              		.align	2
 584              	itr_eventsHandle:
 585 0000 00000000 		.space	4
 586              		.global	CAN_Q_attributes
 587              		.section	.rodata.str1.4
 588 000b 00       		.align	2
 589              	.LC1:
 590 000c 43414E5F 		.ascii	"CAN_Q\000"
 590      5100
 591              		.section	.rodata.CAN_Q_attributes,"a"
 592              		.align	2
 595              	CAN_Q_attributes:
 596 0000 0C000000 		.word	.LC1
 597 0004 00000000 		.space	20
 597      00000000 
 597      00000000 
 597      00000000 
 597      00000000 
 598              		.global	CAN_QHandle
ARM GAS  /tmp/ccG5HWF9.s 			page 18


 599              		.section	.bss.CAN_QHandle,"aw",%nobits
 600              		.align	2
 603              	CAN_QHandle:
 604 0000 00000000 		.space	4
 605              		.global	Polling_handler_attributes
 606              		.section	.rodata.str1.4
 607 0012 0000     		.align	2
 608              	.LC2:
 609 0014 506F6C6C 		.ascii	"Polling_handler\000"
 609      696E675F 
 609      68616E64 
 609      6C657200 
 610              		.section	.rodata.Polling_handler_attributes,"a"
 611              		.align	2
 614              	Polling_handler_attributes:
 615 0000 14000000 		.word	.LC2
 616 0004 00000000 		.space	16
 616      00000000 
 616      00000000 
 616      00000000 
 617 0014 00020000 		.word	512
 618 0018 18000000 		.word	24
 619 001c 00000000 		.space	8
 619      00000000 
 620              		.global	Polling_handlerHandle
 621              		.section	.bss.Polling_handlerHandle,"aw",%nobits
 622              		.align	2
 625              	Polling_handlerHandle:
 626 0000 00000000 		.space	4
 627              		.global	Itr_handler_attributes
 628              		.section	.rodata.str1.4
 629              		.align	2
 630              	.LC3:
 631 0024 4974725F 		.ascii	"Itr_handler\000"
 631      68616E64 
 631      6C657200 
 632              		.section	.rodata.Itr_handler_attributes,"a"
 633              		.align	2
 636              	Itr_handler_attributes:
 637 0000 24000000 		.word	.LC3
 638 0004 00000000 		.space	16
 638      00000000 
 638      00000000 
 638      00000000 
 639 0014 00020000 		.word	512
 640 0018 31000000 		.word	49
 641 001c 00000000 		.space	8
 641      00000000 
 642              		.global	Itr_handlerHandle
 643              		.section	.bss.Itr_handlerHandle,"aw",%nobits
 644              		.align	2
 647              	Itr_handlerHandle:
 648 0000 00000000 		.space	4
 649              		.global	CAN_handler_attributes
 650              		.section	.rodata.str1.4
 651              		.align	2
 652              	.LC4:
ARM GAS  /tmp/ccG5HWF9.s 			page 19


 653 0030 43414E5F 		.ascii	"CAN_handler\000"
 653      68616E64 
 653      6C657200 
 654              		.section	.rodata.CAN_handler_attributes,"a"
 655              		.align	2
 658              	CAN_handler_attributes:
 659 0000 30000000 		.word	.LC4
 660 0004 00000000 		.space	16
 660      00000000 
 660      00000000 
 660      00000000 
 661 0014 00020000 		.word	512
 662 0018 30000000 		.word	48
 663 001c 00000000 		.space	8
 663      00000000 
 664              		.global	CAN_handlerHandle
 665              		.section	.bss.CAN_handlerHandle,"aw",%nobits
 666              		.align	2
 669              	CAN_handlerHandle:
 670 0000 00000000 		.space	4
 671              		.global	defaultTask_attributes
 672              		.section	.rodata.str1.4
 673              		.align	2
 674              	.LC5:
 675 003c 64656661 		.ascii	"defaultTask\000"
 675      756C7454 
 675      61736B00 
 676              		.section	.rodata.defaultTask_attributes,"a"
 677              		.align	2
 680              	defaultTask_attributes:
 681 0000 3C000000 		.word	.LC5
 682 0004 00000000 		.space	16
 682      00000000 
 682      00000000 
 682      00000000 
 683 0014 00020000 		.word	512
 684 0018 18000000 		.word	24
 685 001c 00000000 		.space	8
 685      00000000 
 686              		.global	defaultTaskHandle
 687              		.section	.bss.defaultTaskHandle,"aw",%nobits
 688              		.align	2
 691              	defaultTaskHandle:
 692 0000 00000000 		.space	4
 693              		.text
 694              	.Letext0:
 695              		.file 2 "/home/lorolol/.config/Code/User/globalStorage/bmd.stm32-for-vscode/@xpack-dev-tools/arm-n
 696              		.file 3 "/home/lorolol/.config/Code/User/globalStorage/bmd.stm32-for-vscode/@xpack-dev-tools/arm-n
 697              		.file 4 "/home/lorolol/.config/Code/User/globalStorage/bmd.stm32-for-vscode/@xpack-dev-tools/arm-n
 698              		.file 5 "Drivers/CMSIS/Device/ST/STM32F1xx/Include/stm32f103xb.h"
 699              		.file 6 "Drivers/CMSIS/Device/ST/STM32F1xx/Include/stm32f1xx.h"
 700              		.file 7 "Drivers/STM32F1xx_HAL_Driver/Inc/stm32f1xx_hal_gpio.h"
 701              		.file 8 "Drivers/STM32F1xx_HAL_Driver/Inc/stm32f1xx_hal_can.h"
 702              		.file 9 "Middlewares/Third_Party/FreeRTOS/Source/CMSIS_RTOS_V2/cmsis_os2.h"
 703              		.file 10 "../baja_utils/inc/msg.h"
 704              		.file 11 "Core/Inc/can.h"
 705              		.file 12 "Core/Inc/adc.h"
ARM GAS  /tmp/ccG5HWF9.s 			page 20


 706              		.file 13 "Core/Inc/tempcvt.h"
 707              		.file 14 "Core/Inc/rpm.h"
 708              		.file 15 "/home/lorolol/.config/Code/User/globalStorage/bmd.stm32-for-vscode/@xpack-dev-tools/arm-
ARM GAS  /tmp/ccG5HWF9.s 			page 21


DEFINED SYMBOLS
                            *ABS*:00000000 freertos.c
     /tmp/ccG5HWF9.s:19     .text.StartDefaultTask:00000000 $t
     /tmp/ccG5HWF9.s:25     .text.StartDefaultTask:00000000 StartDefaultTask
     /tmp/ccG5HWF9.s:55     .text.StartDefaultTask:00000014 $d
     /tmp/ccG5HWF9.s:60     .text.Start_CAN_handler:00000000 $t
     /tmp/ccG5HWF9.s:66     .text.Start_CAN_handler:00000000 Start_CAN_handler
     /tmp/ccG5HWF9.s:240    .text.Start_CAN_handler:000000d8 $d
     /tmp/ccG5HWF9.s:603    .bss.CAN_QHandle:00000000 CAN_QHandle
     /tmp/ccG5HWF9.s:251    .text.Start_Itr_handler:00000000 $t
     /tmp/ccG5HWF9.s:257    .text.Start_Itr_handler:00000000 Start_Itr_handler
     /tmp/ccG5HWF9.s:327    .text.Start_Itr_handler:00000050 $d
     /tmp/ccG5HWF9.s:584    .bss.itr_eventsHandle:00000000 itr_eventsHandle
     /tmp/ccG5HWF9.s:335    .text.Start_Polling_handler:00000000 $t
     /tmp/ccG5HWF9.s:341    .text.Start_Polling_handler:00000000 Start_Polling_handler
     /tmp/ccG5HWF9.s:463    .text.Start_Polling_handler:00000088 $d
     /tmp/ccG5HWF9.s:469    .text.MX_FREERTOS_Init:00000000 $t
     /tmp/ccG5HWF9.s:475    .text.MX_FREERTOS_Init:00000000 MX_FREERTOS_Init
     /tmp/ccG5HWF9.s:548    .text.MX_FREERTOS_Init:00000054 $d
     /tmp/ccG5HWF9.s:595    .rodata.CAN_Q_attributes:00000000 CAN_Q_attributes
     /tmp/ccG5HWF9.s:614    .rodata.Polling_handler_attributes:00000000 Polling_handler_attributes
     /tmp/ccG5HWF9.s:625    .bss.Polling_handlerHandle:00000000 Polling_handlerHandle
     /tmp/ccG5HWF9.s:658    .rodata.CAN_handler_attributes:00000000 CAN_handler_attributes
     /tmp/ccG5HWF9.s:669    .bss.CAN_handlerHandle:00000000 CAN_handlerHandle
     /tmp/ccG5HWF9.s:636    .rodata.Itr_handler_attributes:00000000 Itr_handler_attributes
     /tmp/ccG5HWF9.s:647    .bss.Itr_handlerHandle:00000000 Itr_handlerHandle
     /tmp/ccG5HWF9.s:680    .rodata.defaultTask_attributes:00000000 defaultTask_attributes
     /tmp/ccG5HWF9.s:691    .bss.defaultTaskHandle:00000000 defaultTaskHandle
     /tmp/ccG5HWF9.s:576    .rodata.itr_events_attributes:00000000 itr_events_attributes
     /tmp/ccG5HWF9.s:569    .rodata.str1.4:00000000 $d
     /tmp/ccG5HWF9.s:573    .rodata.itr_events_attributes:00000000 $d
     /tmp/ccG5HWF9.s:581    .bss.itr_eventsHandle:00000000 $d
     /tmp/ccG5HWF9.s:592    .rodata.CAN_Q_attributes:00000000 $d
     /tmp/ccG5HWF9.s:600    .bss.CAN_QHandle:00000000 $d
     /tmp/ccG5HWF9.s:611    .rodata.Polling_handler_attributes:00000000 $d
     /tmp/ccG5HWF9.s:622    .bss.Polling_handlerHandle:00000000 $d
     /tmp/ccG5HWF9.s:633    .rodata.Itr_handler_attributes:00000000 $d
     /tmp/ccG5HWF9.s:644    .bss.Itr_handlerHandle:00000000 $d
     /tmp/ccG5HWF9.s:655    .rodata.CAN_handler_attributes:00000000 $d
     /tmp/ccG5HWF9.s:666    .bss.CAN_handlerHandle:00000000 $d
     /tmp/ccG5HWF9.s:677    .rodata.defaultTask_attributes:00000000 $d
     /tmp/ccG5HWF9.s:688    .bss.defaultTaskHandle:00000000 $d

UNDEFINED SYMBOLS
HAL_GPIO_TogglePin
osDelay
malloc
HAL_GPIO_WritePin
osMessageQueueReset
can_setup_message
can_send_message
free
osMessageQueueGetCount
osMessageQueueGetCapacity
osMessageQueueGet
osThreadFlagsGet
rxdata
ARM GAS  /tmp/ccG5HWF9.s 			page 22


polling_delay
comms_delay
rxheader
itr_delay
osEventFlagsWait
rpm_calculate
osKernelGetTickCount
osMessageQueuePut
osEventFlagsClear
rpm_itr
adc_read_values
adc_convert_values
temp_read
temp_convert
osMessageQueueNew
osThreadNew
osEventFlagsNew
