ARM GAS  /tmp/ccK3w6fJ.s 			page 1


   1              		.cpu cortex-m3
   2              		.arch armv7-m
   3              		.fpu softvfp
   4              		.eabi_attribute 20, 1
   5              		.eabi_attribute 21, 1
   6              		.eabi_attribute 23, 3
   7              		.eabi_attribute 24, 1
   8              		.eabi_attribute 25, 1
   9              		.eabi_attribute 26, 1
  10              		.eabi_attribute 30, 1
  11              		.eabi_attribute 34, 1
  12              		.eabi_attribute 18, 4
  13              		.file	"main.c"
  14              		.text
  15              	.Ltext0:
  16              		.cfi_sections	.debug_frame
  17              		.file 1 "Core/Src/main.c"
  18              		.section	.text.HAL_GPIO_EXTI_Callback,"ax",%progbits
  19              		.align	1
  20              		.global	HAL_GPIO_EXTI_Callback
  21              		.syntax unified
  22              		.thumb
  23              		.thumb_func
  25              	HAL_GPIO_EXTI_Callback:
  26              	.LVL0:
  27              	.LFB69:
   1:Core/Src/main.c **** /* USER CODE BEGIN Header */
   2:Core/Src/main.c **** /**
   3:Core/Src/main.c ****   ******************************************************************************
   4:Core/Src/main.c ****   * @file           : main.c
   5:Core/Src/main.c ****   * @brief          : Main program body
   6:Core/Src/main.c ****   ******************************************************************************
   7:Core/Src/main.c ****   * @attention
   8:Core/Src/main.c ****   *
   9:Core/Src/main.c ****   * Copyright (c) 2024 STMicroelectronics.
  10:Core/Src/main.c ****   * All rights reserved.
  11:Core/Src/main.c ****   *
  12:Core/Src/main.c ****   * This software is licensed under terms that can be found in the LICENSE file
  13:Core/Src/main.c ****   * in the root directory of this software component.
  14:Core/Src/main.c ****   * If no LICENSE file comes with this software, it is provided AS-IS.
  15:Core/Src/main.c ****   *
  16:Core/Src/main.c ****   ******************************************************************************
  17:Core/Src/main.c ****   */
  18:Core/Src/main.c **** /* USER CODE END Header */
  19:Core/Src/main.c **** /* Includes ------------------------------------------------------------------*/
  20:Core/Src/main.c **** #include "main.h"
  21:Core/Src/main.c **** #include "cmsis_os.h"
  22:Core/Src/main.c **** #include "adc.h"
  23:Core/Src/main.c **** #include "can.h"
  24:Core/Src/main.c **** #include "spi.h"
  25:Core/Src/main.c **** #include "gpio.h"
  26:Core/Src/main.c **** 
  27:Core/Src/main.c **** /* Private includes ----------------------------------------------------------*/
  28:Core/Src/main.c **** /* USER CODE BEGIN Includes */
  29:Core/Src/main.c **** #include "rpm.h"
  30:Core/Src/main.c **** #include "signals.h"
  31:Core/Src/main.c **** /* USER CODE END Includes */
ARM GAS  /tmp/ccK3w6fJ.s 			page 2


  32:Core/Src/main.c **** 
  33:Core/Src/main.c **** /* Private typedef -----------------------------------------------------------*/
  34:Core/Src/main.c **** /* USER CODE BEGIN PTD */
  35:Core/Src/main.c **** 
  36:Core/Src/main.c **** /* USER CODE END PTD */
  37:Core/Src/main.c **** 
  38:Core/Src/main.c **** /* Private define ------------------------------------------------------------*/
  39:Core/Src/main.c **** /* USER CODE BEGIN PD */
  40:Core/Src/main.c **** /* USER CODE END PD */
  41:Core/Src/main.c **** 
  42:Core/Src/main.c **** /* Private macro -------------------------------------------------------------*/
  43:Core/Src/main.c **** /* USER CODE BEGIN PM */
  44:Core/Src/main.c **** 
  45:Core/Src/main.c **** /* USER CODE END PM */
  46:Core/Src/main.c **** 
  47:Core/Src/main.c **** /* Private variables ---------------------------------------------------------*/
  48:Core/Src/main.c **** 
  49:Core/Src/main.c **** /* USER CODE BEGIN PV */
  50:Core/Src/main.c **** uint32_t rpm_itr[RPM_SAMPLES];
  51:Core/Src/main.c **** uint8_t rpm_counter;
  52:Core/Src/main.c **** uint32_t rpm_last_itr;
  53:Core/Src/main.c **** uint32_t rpm_curr_itr;
  54:Core/Src/main.c **** 
  55:Core/Src/main.c **** uint32_t polling_delay, itr_delay, comms_delay;
  56:Core/Src/main.c **** 
  57:Core/Src/main.c **** 
  58:Core/Src/main.c **** extern CAN_RxHeaderTypeDef rxheader;
  59:Core/Src/main.c **** extern uint8_t* rxdata;
  60:Core/Src/main.c **** 
  61:Core/Src/main.c **** extern osThreadId_t CAN_handlerHandle;
  62:Core/Src/main.c **** extern osEventFlagsId_t itr_eventsHandle;
  63:Core/Src/main.c **** /* USER CODE END PV */
  64:Core/Src/main.c **** 
  65:Core/Src/main.c **** /* Private function prototypes -----------------------------------------------*/
  66:Core/Src/main.c **** void SystemClock_Config(void);
  67:Core/Src/main.c **** void MX_FREERTOS_Init(void);
  68:Core/Src/main.c **** /* USER CODE BEGIN PFP */
  69:Core/Src/main.c **** 
  70:Core/Src/main.c **** void HAL_GPIO_EXTI_Callback(uint16_t GPIO_Pin) {
  28              		.loc 1 70 48 view -0
  29              		.cfi_startproc
  30              		@ args = 0, pretend = 0, frame = 0
  31              		@ frame_needed = 0, uses_anonymous_args = 0
  71:Core/Src/main.c ****   switch (GPIO_Pin) {
  32              		.loc 1 71 3 view .LVU1
  33 0000 8028     		cmp	r0, #128
  34 0002 00D0     		beq	.L8
  35 0004 7047     		bx	lr
  36              	.L8:
  70:Core/Src/main.c ****   switch (GPIO_Pin) {
  37              		.loc 1 70 48 is_stmt 0 view .LVU2
  38 0006 70B5     		push	{r4, r5, r6, lr}
  39              		.cfi_def_cfa_offset 16
  40              		.cfi_offset 4, -16
  41              		.cfi_offset 5, -12
  42              		.cfi_offset 6, -8
  43              		.cfi_offset 14, -4
ARM GAS  /tmp/ccK3w6fJ.s 			page 3


  72:Core/Src/main.c ****     case GPIO_PIN_7:
  73:Core/Src/main.c ****       rpm_curr_itr = osKernelGetTickCount();
  44              		.loc 1 73 7 is_stmt 1 view .LVU3
  45              		.loc 1 73 22 is_stmt 0 view .LVU4
  46 0008 FFF7FEFF 		bl	osKernelGetTickCount
  47              	.LVL1:
  48              		.loc 1 73 20 discriminator 1 view .LVU5
  49 000c 174B     		ldr	r3, .L10
  50 000e 1860     		str	r0, [r3]
  74:Core/Src/main.c ****       rpm_itr[rpm_counter % RPM_SAMPLES] = rpm_curr_itr - rpm_last_itr;
  51              		.loc 1 74 7 is_stmt 1 view .LVU6
  52              		.loc 1 74 27 is_stmt 0 view .LVU7
  53 0010 174D     		ldr	r5, .L10+4
  54 0012 2B78     		ldrb	r3, [r5]	@ zero_extendqisi2
  55 0014 174C     		ldr	r4, .L10+8
  56 0016 A4FB0321 		umull	r2, r1, r4, r3
  57 001a 01F0FC02 		and	r2, r1, #252
  58 001e 02EB9102 		add	r2, r2, r1, lsr #2
  59 0022 9B1A     		subs	r3, r3, r2
  60 0024 DBB2     		uxtb	r3, r3
  61              		.loc 1 74 57 view .LVU8
  62 0026 1449     		ldr	r1, .L10+12
  63 0028 0A68     		ldr	r2, [r1]
  64 002a 821A     		subs	r2, r0, r2
  65              		.loc 1 74 42 view .LVU9
  66 002c 134E     		ldr	r6, .L10+16
  67 002e 46F82320 		str	r2, [r6, r3, lsl #2]
  75:Core/Src/main.c ****       rpm_last_itr = rpm_curr_itr;
  68              		.loc 1 75 7 is_stmt 1 view .LVU10
  69              		.loc 1 75 20 is_stmt 0 view .LVU11
  70 0032 0860     		str	r0, [r1]
  76:Core/Src/main.c **** 
  77:Core/Src/main.c ****       HAL_GPIO_TogglePin(GPIOC, GPIO_PIN_13);
  71              		.loc 1 77 7 is_stmt 1 view .LVU12
  72 0034 4FF40051 		mov	r1, #8192
  73 0038 1148     		ldr	r0, .L10+20
  74 003a FFF7FEFF 		bl	HAL_GPIO_TogglePin
  75              	.LVL2:
  78:Core/Src/main.c ****       //make it so this doesn't clog the can queue;
  79:Core/Src/main.c ****       if ((rpm_counter % RPM_SAMPLES) == 0) osEventFlagsSet(itr_eventsHandle, ITR_RPM_FLAG); 
  76              		.loc 1 79 7 view .LVU13
  77              		.loc 1 79 39 is_stmt 0 view .LVU14
  78 003e 2B78     		ldrb	r3, [r5]	@ zero_extendqisi2
  79 0040 A4FB0324 		umull	r2, r4, r4, r3
  80 0044 04F0FC02 		and	r2, r4, #252
  81 0048 02EB9402 		add	r2, r2, r4, lsr #2
  82 004c 9B1A     		subs	r3, r3, r2
  83              		.loc 1 79 10 view .LVU15
  84 004e 13F0FF0F 		tst	r3, #255
  85 0052 04D0     		beq	.L9
  86              	.L3:
  80:Core/Src/main.c ****       rpm_counter++;
  87              		.loc 1 80 7 is_stmt 1 view .LVU16
  88              		.loc 1 80 18 is_stmt 0 view .LVU17
  89 0054 064A     		ldr	r2, .L10+4
  90 0056 1378     		ldrb	r3, [r2]	@ zero_extendqisi2
  91 0058 0133     		adds	r3, r3, #1
ARM GAS  /tmp/ccK3w6fJ.s 			page 4


  92 005a 1370     		strb	r3, [r2]
  81:Core/Src/main.c ****       break;
  93              		.loc 1 81 7 is_stmt 1 view .LVU18
  82:Core/Src/main.c ****   }
  83:Core/Src/main.c **** }
  94              		.loc 1 83 1 is_stmt 0 view .LVU19
  95 005c 70BD     		pop	{r4, r5, r6, pc}
  96              	.L9:
  79:Core/Src/main.c ****       rpm_counter++;
  97              		.loc 1 79 45 is_stmt 1 discriminator 1 view .LVU20
  98 005e 0121     		movs	r1, #1
  99 0060 084B     		ldr	r3, .L10+24
 100 0062 1868     		ldr	r0, [r3]
 101 0064 FFF7FEFF 		bl	osEventFlagsSet
 102              	.LVL3:
 103 0068 F4E7     		b	.L3
 104              	.L11:
 105 006a 00BF     		.align	2
 106              	.L10:
 107 006c 00000000 		.word	rpm_curr_itr
 108 0070 00000000 		.word	rpm_counter
 109 0074 CDCCCCCC 		.word	-858993459
 110 0078 00000000 		.word	rpm_last_itr
 111 007c 00000000 		.word	rpm_itr
 112 0080 00100140 		.word	1073811456
 113 0084 00000000 		.word	itr_eventsHandle
 114              		.cfi_endproc
 115              	.LFE69:
 117              		.section	.text.HAL_CAN_RxFifo0MsgPendingCallback,"ax",%progbits
 118              		.align	1
 119              		.global	HAL_CAN_RxFifo0MsgPendingCallback
 120              		.syntax unified
 121              		.thumb
 122              		.thumb_func
 124              	HAL_CAN_RxFifo0MsgPendingCallback:
 125              	.LVL4:
 126              	.LFB70:
  84:Core/Src/main.c **** 
  85:Core/Src/main.c **** void HAL_CAN_RxFifo0MsgPendingCallback(CAN_HandleTypeDef* hcan) {
 127              		.loc 1 85 65 view -0
 128              		.cfi_startproc
 129              		@ args = 0, pretend = 0, frame = 0
 130              		@ frame_needed = 0, uses_anonymous_args = 0
 131              		.loc 1 85 65 is_stmt 0 view .LVU22
 132 0000 08B5     		push	{r3, lr}
 133              		.cfi_def_cfa_offset 8
 134              		.cfi_offset 3, -8
 135              		.cfi_offset 14, -4
  86:Core/Src/main.c ****   HAL_CAN_GetRxMessage(hcan, CAN_RX_FIFO0, &rxheader, rxdata);
 136              		.loc 1 86 3 is_stmt 1 view .LVU23
 137 0002 064B     		ldr	r3, .L14
 138 0004 1B68     		ldr	r3, [r3]
 139 0006 064A     		ldr	r2, .L14+4
 140 0008 0021     		movs	r1, #0
 141 000a FFF7FEFF 		bl	HAL_CAN_GetRxMessage
 142              	.LVL5:
  87:Core/Src/main.c ****   osThreadFlagsSet(CAN_handlerHandle, SIGNAL_CAN_RX);
ARM GAS  /tmp/ccK3w6fJ.s 			page 5


 143              		.loc 1 87 3 view .LVU24
 144 000e 0121     		movs	r1, #1
 145 0010 044B     		ldr	r3, .L14+8
 146 0012 1868     		ldr	r0, [r3]
 147 0014 FFF7FEFF 		bl	osThreadFlagsSet
 148              	.LVL6:
  88:Core/Src/main.c **** }
 149              		.loc 1 88 1 is_stmt 0 view .LVU25
 150 0018 08BD     		pop	{r3, pc}
 151              	.L15:
 152 001a 00BF     		.align	2
 153              	.L14:
 154 001c 00000000 		.word	rxdata
 155 0020 00000000 		.word	rxheader
 156 0024 00000000 		.word	CAN_handlerHandle
 157              		.cfi_endproc
 158              	.LFE70:
 160              		.section	.text.HAL_TIM_PeriodElapsedCallback,"ax",%progbits
 161              		.align	1
 162              		.global	HAL_TIM_PeriodElapsedCallback
 163              		.syntax unified
 164              		.thumb
 165              		.thumb_func
 167              	HAL_TIM_PeriodElapsedCallback:
 168              	.LVL7:
 169              	.LFB73:
  89:Core/Src/main.c **** /* USER CODE END PFP */
  90:Core/Src/main.c **** 
  91:Core/Src/main.c **** /* Private user code ---------------------------------------------------------*/
  92:Core/Src/main.c **** /* USER CODE BEGIN 0 */
  93:Core/Src/main.c **** 
  94:Core/Src/main.c **** /* USER CODE END 0 */
  95:Core/Src/main.c **** 
  96:Core/Src/main.c **** /**
  97:Core/Src/main.c ****   * @brief  The application entry point.
  98:Core/Src/main.c ****   * @retval int
  99:Core/Src/main.c ****   */
 100:Core/Src/main.c **** int main(void)
 101:Core/Src/main.c **** {
 102:Core/Src/main.c **** 
 103:Core/Src/main.c ****   /* USER CODE BEGIN 1 */
 104:Core/Src/main.c ****   polling_delay = FREQ_4_HZ;
 105:Core/Src/main.c ****   comms_delay = FREQ_20_HZ;
 106:Core/Src/main.c ****   itr_delay = FREQ_REALTIME;
 107:Core/Src/main.c ****   /* USER CODE END 1 */
 108:Core/Src/main.c **** 
 109:Core/Src/main.c ****   /* MCU Configuration--------------------------------------------------------*/
 110:Core/Src/main.c **** 
 111:Core/Src/main.c ****   /* Reset of all peripherals, Initializes the Flash interface and the Systick. */
 112:Core/Src/main.c ****   HAL_Init();
 113:Core/Src/main.c **** 
 114:Core/Src/main.c ****   /* USER CODE BEGIN Init */
 115:Core/Src/main.c **** 
 116:Core/Src/main.c ****   /* USER CODE END Init */
 117:Core/Src/main.c **** 
 118:Core/Src/main.c ****   /* Configure the system clock */
 119:Core/Src/main.c ****   SystemClock_Config();
ARM GAS  /tmp/ccK3w6fJ.s 			page 6


 120:Core/Src/main.c **** 
 121:Core/Src/main.c ****   /* USER CODE BEGIN SysInit */
 122:Core/Src/main.c ****   
 123:Core/Src/main.c ****   /* USER CODE END SysInit */
 124:Core/Src/main.c **** 
 125:Core/Src/main.c ****   /* Initialize all configured peripherals */
 126:Core/Src/main.c ****   MX_GPIO_Init();
 127:Core/Src/main.c ****   MX_CAN_Init();
 128:Core/Src/main.c ****   MX_ADC1_Init();
 129:Core/Src/main.c ****   MX_SPI2_Init();
 130:Core/Src/main.c ****   /* USER CODE BEGIN 2 */
 131:Core/Src/main.c ****   HAL_ADCEx_Calibration_Start(&hadc1);
 132:Core/Src/main.c ****   /* USER CODE END 2 */
 133:Core/Src/main.c **** 
 134:Core/Src/main.c ****   /* Init scheduler */
 135:Core/Src/main.c ****   osKernelInitialize();
 136:Core/Src/main.c **** 
 137:Core/Src/main.c ****   /* Call init function for freertos objects (in cmsis_os2.c) */
 138:Core/Src/main.c ****   MX_FREERTOS_Init();
 139:Core/Src/main.c **** 
 140:Core/Src/main.c ****   /* Start scheduler */
 141:Core/Src/main.c ****   osKernelStart();
 142:Core/Src/main.c **** 
 143:Core/Src/main.c ****   /* We should never get here as control is now taken by the scheduler */
 144:Core/Src/main.c **** 
 145:Core/Src/main.c ****   /* Infinite loop */
 146:Core/Src/main.c ****   /* USER CODE BEGIN WHILE */
 147:Core/Src/main.c ****   while (1)
 148:Core/Src/main.c ****   {
 149:Core/Src/main.c ****     /* USER CODE END WHILE */
 150:Core/Src/main.c **** 
 151:Core/Src/main.c ****     /* USER CODE BEGIN 3 */
 152:Core/Src/main.c ****   }
 153:Core/Src/main.c ****   /* USER CODE END 3 */
 154:Core/Src/main.c **** }
 155:Core/Src/main.c **** 
 156:Core/Src/main.c **** /**
 157:Core/Src/main.c ****   * @brief System Clock Configuration
 158:Core/Src/main.c ****   * @retval None
 159:Core/Src/main.c ****   */
 160:Core/Src/main.c **** void SystemClock_Config(void)
 161:Core/Src/main.c **** {
 162:Core/Src/main.c ****   RCC_OscInitTypeDef RCC_OscInitStruct = {0};
 163:Core/Src/main.c ****   RCC_ClkInitTypeDef RCC_ClkInitStruct = {0};
 164:Core/Src/main.c ****   RCC_PeriphCLKInitTypeDef PeriphClkInit = {0};
 165:Core/Src/main.c **** 
 166:Core/Src/main.c ****   /** Initializes the RCC Oscillators according to the specified parameters
 167:Core/Src/main.c ****   * in the RCC_OscInitTypeDef structure.
 168:Core/Src/main.c ****   */
 169:Core/Src/main.c ****   RCC_OscInitStruct.OscillatorType = RCC_OSCILLATORTYPE_HSE;
 170:Core/Src/main.c ****   RCC_OscInitStruct.HSEState = RCC_HSE_ON;
 171:Core/Src/main.c ****   RCC_OscInitStruct.HSEPredivValue = RCC_HSE_PREDIV_DIV1;
 172:Core/Src/main.c ****   RCC_OscInitStruct.HSIState = RCC_HSI_ON;
 173:Core/Src/main.c ****   RCC_OscInitStruct.PLL.PLLState = RCC_PLL_ON;
 174:Core/Src/main.c ****   RCC_OscInitStruct.PLL.PLLSource = RCC_PLLSOURCE_HSE;
 175:Core/Src/main.c ****   RCC_OscInitStruct.PLL.PLLMUL = RCC_PLL_MUL9;
 176:Core/Src/main.c ****   if (HAL_RCC_OscConfig(&RCC_OscInitStruct) != HAL_OK)
ARM GAS  /tmp/ccK3w6fJ.s 			page 7


 177:Core/Src/main.c ****   {
 178:Core/Src/main.c ****     Error_Handler();
 179:Core/Src/main.c ****   }
 180:Core/Src/main.c **** 
 181:Core/Src/main.c ****   /** Initializes the CPU, AHB and APB buses clocks
 182:Core/Src/main.c ****   */
 183:Core/Src/main.c ****   RCC_ClkInitStruct.ClockType = RCC_CLOCKTYPE_HCLK|RCC_CLOCKTYPE_SYSCLK
 184:Core/Src/main.c ****                               |RCC_CLOCKTYPE_PCLK1|RCC_CLOCKTYPE_PCLK2;
 185:Core/Src/main.c ****   RCC_ClkInitStruct.SYSCLKSource = RCC_SYSCLKSOURCE_PLLCLK;
 186:Core/Src/main.c ****   RCC_ClkInitStruct.AHBCLKDivider = RCC_SYSCLK_DIV1;
 187:Core/Src/main.c ****   RCC_ClkInitStruct.APB1CLKDivider = RCC_HCLK_DIV2;
 188:Core/Src/main.c ****   RCC_ClkInitStruct.APB2CLKDivider = RCC_HCLK_DIV1;
 189:Core/Src/main.c **** 
 190:Core/Src/main.c ****   if (HAL_RCC_ClockConfig(&RCC_ClkInitStruct, FLASH_LATENCY_2) != HAL_OK)
 191:Core/Src/main.c ****   {
 192:Core/Src/main.c ****     Error_Handler();
 193:Core/Src/main.c ****   }
 194:Core/Src/main.c ****   PeriphClkInit.PeriphClockSelection = RCC_PERIPHCLK_ADC;
 195:Core/Src/main.c ****   PeriphClkInit.AdcClockSelection = RCC_ADCPCLK2_DIV8;
 196:Core/Src/main.c ****   if (HAL_RCCEx_PeriphCLKConfig(&PeriphClkInit) != HAL_OK)
 197:Core/Src/main.c ****   {
 198:Core/Src/main.c ****     Error_Handler();
 199:Core/Src/main.c ****   }
 200:Core/Src/main.c **** }
 201:Core/Src/main.c **** 
 202:Core/Src/main.c **** /* USER CODE BEGIN 4 */
 203:Core/Src/main.c **** 
 204:Core/Src/main.c **** /* USER CODE END 4 */
 205:Core/Src/main.c **** 
 206:Core/Src/main.c **** /**
 207:Core/Src/main.c ****   * @brief  Period elapsed callback in non blocking mode
 208:Core/Src/main.c ****   * @note   This function is called  when TIM1 interrupt took place, inside
 209:Core/Src/main.c ****   * HAL_TIM_IRQHandler(). It makes a direct call to HAL_IncTick() to increment
 210:Core/Src/main.c ****   * a global variable "uwTick" used as application time base.
 211:Core/Src/main.c ****   * @param  htim : TIM handle
 212:Core/Src/main.c ****   * @retval None
 213:Core/Src/main.c ****   */
 214:Core/Src/main.c **** void HAL_TIM_PeriodElapsedCallback(TIM_HandleTypeDef *htim)
 215:Core/Src/main.c **** {
 170              		.loc 1 215 1 is_stmt 1 view -0
 171              		.cfi_startproc
 172              		@ args = 0, pretend = 0, frame = 0
 173              		@ frame_needed = 0, uses_anonymous_args = 0
 174              		.loc 1 215 1 is_stmt 0 view .LVU27
 175 0000 08B5     		push	{r3, lr}
 176              		.cfi_def_cfa_offset 8
 177              		.cfi_offset 3, -8
 178              		.cfi_offset 14, -4
 216:Core/Src/main.c ****   /* USER CODE BEGIN Callback 0 */
 217:Core/Src/main.c **** 
 218:Core/Src/main.c ****   /* USER CODE END Callback 0 */
 219:Core/Src/main.c ****   if (htim->Instance == TIM1) {
 179              		.loc 1 219 3 is_stmt 1 view .LVU28
 180              		.loc 1 219 11 is_stmt 0 view .LVU29
 181 0002 0268     		ldr	r2, [r0]
 182              		.loc 1 219 6 view .LVU30
 183 0004 034B     		ldr	r3, .L20
ARM GAS  /tmp/ccK3w6fJ.s 			page 8


 184 0006 9A42     		cmp	r2, r3
 185 0008 00D0     		beq	.L19
 186              	.LVL8:
 187              	.L16:
 220:Core/Src/main.c ****     HAL_IncTick();
 221:Core/Src/main.c ****   }
 222:Core/Src/main.c ****   /* USER CODE BEGIN Callback 1 */
 223:Core/Src/main.c **** 
 224:Core/Src/main.c ****   /* USER CODE END Callback 1 */
 225:Core/Src/main.c **** }
 188              		.loc 1 225 1 view .LVU31
 189 000a 08BD     		pop	{r3, pc}
 190              	.LVL9:
 191              	.L19:
 220:Core/Src/main.c ****     HAL_IncTick();
 192              		.loc 1 220 5 is_stmt 1 view .LVU32
 193 000c FFF7FEFF 		bl	HAL_IncTick
 194              	.LVL10:
 195              		.loc 1 225 1 is_stmt 0 view .LVU33
 196 0010 FBE7     		b	.L16
 197              	.L21:
 198 0012 00BF     		.align	2
 199              	.L20:
 200 0014 002C0140 		.word	1073818624
 201              		.cfi_endproc
 202              	.LFE73:
 204              		.section	.text.Error_Handler,"ax",%progbits
 205              		.align	1
 206              		.global	Error_Handler
 207              		.syntax unified
 208              		.thumb
 209              		.thumb_func
 211              	Error_Handler:
 212              	.LFB74:
 226:Core/Src/main.c **** 
 227:Core/Src/main.c **** /**
 228:Core/Src/main.c ****   * @brief  This function is executed in case of error occurrence.
 229:Core/Src/main.c ****   * @retval None
 230:Core/Src/main.c ****   */
 231:Core/Src/main.c **** void Error_Handler(void)
 232:Core/Src/main.c **** {
 213              		.loc 1 232 1 is_stmt 1 view -0
 214              		.cfi_startproc
 215              		@ Volatile: function does not return.
 216              		@ args = 0, pretend = 0, frame = 0
 217              		@ frame_needed = 0, uses_anonymous_args = 0
 218              		@ link register save eliminated.
 233:Core/Src/main.c ****   /* USER CODE BEGIN Error_Handler_Debug */
 234:Core/Src/main.c ****   /* User can add his own implementation to report the HAL error return state */
 235:Core/Src/main.c ****   __disable_irq();
 219              		.loc 1 235 3 view .LVU35
 220              	.LBB4:
 221              	.LBI4:
 222              		.file 2 "Drivers/CMSIS/Include/cmsis_gcc.h"
   1:Drivers/CMSIS/Include/cmsis_gcc.h **** /**************************************************************************//**
   2:Drivers/CMSIS/Include/cmsis_gcc.h ****  * @file     cmsis_gcc.h
   3:Drivers/CMSIS/Include/cmsis_gcc.h ****  * @brief    CMSIS compiler GCC header file
ARM GAS  /tmp/ccK3w6fJ.s 			page 9


   4:Drivers/CMSIS/Include/cmsis_gcc.h ****  * @version  V5.0.4
   5:Drivers/CMSIS/Include/cmsis_gcc.h ****  * @date     09. April 2018
   6:Drivers/CMSIS/Include/cmsis_gcc.h ****  ******************************************************************************/
   7:Drivers/CMSIS/Include/cmsis_gcc.h **** /*
   8:Drivers/CMSIS/Include/cmsis_gcc.h ****  * Copyright (c) 2009-2018 Arm Limited. All rights reserved.
   9:Drivers/CMSIS/Include/cmsis_gcc.h ****  *
  10:Drivers/CMSIS/Include/cmsis_gcc.h ****  * SPDX-License-Identifier: Apache-2.0
  11:Drivers/CMSIS/Include/cmsis_gcc.h ****  *
  12:Drivers/CMSIS/Include/cmsis_gcc.h ****  * Licensed under the Apache License, Version 2.0 (the License); you may
  13:Drivers/CMSIS/Include/cmsis_gcc.h ****  * not use this file except in compliance with the License.
  14:Drivers/CMSIS/Include/cmsis_gcc.h ****  * You may obtain a copy of the License at
  15:Drivers/CMSIS/Include/cmsis_gcc.h ****  *
  16:Drivers/CMSIS/Include/cmsis_gcc.h ****  * www.apache.org/licenses/LICENSE-2.0
  17:Drivers/CMSIS/Include/cmsis_gcc.h ****  *
  18:Drivers/CMSIS/Include/cmsis_gcc.h ****  * Unless required by applicable law or agreed to in writing, software
  19:Drivers/CMSIS/Include/cmsis_gcc.h ****  * distributed under the License is distributed on an AS IS BASIS, WITHOUT
  20:Drivers/CMSIS/Include/cmsis_gcc.h ****  * WARRANTIES OR CONDITIONS OF ANY KIND, either express or implied.
  21:Drivers/CMSIS/Include/cmsis_gcc.h ****  * See the License for the specific language governing permissions and
  22:Drivers/CMSIS/Include/cmsis_gcc.h ****  * limitations under the License.
  23:Drivers/CMSIS/Include/cmsis_gcc.h ****  */
  24:Drivers/CMSIS/Include/cmsis_gcc.h **** 
  25:Drivers/CMSIS/Include/cmsis_gcc.h **** #ifndef __CMSIS_GCC_H
  26:Drivers/CMSIS/Include/cmsis_gcc.h **** #define __CMSIS_GCC_H
  27:Drivers/CMSIS/Include/cmsis_gcc.h **** 
  28:Drivers/CMSIS/Include/cmsis_gcc.h **** /* ignore some GCC warnings */
  29:Drivers/CMSIS/Include/cmsis_gcc.h **** #pragma GCC diagnostic push
  30:Drivers/CMSIS/Include/cmsis_gcc.h **** #pragma GCC diagnostic ignored "-Wsign-conversion"
  31:Drivers/CMSIS/Include/cmsis_gcc.h **** #pragma GCC diagnostic ignored "-Wconversion"
  32:Drivers/CMSIS/Include/cmsis_gcc.h **** #pragma GCC diagnostic ignored "-Wunused-parameter"
  33:Drivers/CMSIS/Include/cmsis_gcc.h **** 
  34:Drivers/CMSIS/Include/cmsis_gcc.h **** /* Fallback for __has_builtin */
  35:Drivers/CMSIS/Include/cmsis_gcc.h **** #ifndef __has_builtin
  36:Drivers/CMSIS/Include/cmsis_gcc.h ****   #define __has_builtin(x) (0)
  37:Drivers/CMSIS/Include/cmsis_gcc.h **** #endif
  38:Drivers/CMSIS/Include/cmsis_gcc.h **** 
  39:Drivers/CMSIS/Include/cmsis_gcc.h **** /* CMSIS compiler specific defines */
  40:Drivers/CMSIS/Include/cmsis_gcc.h **** #ifndef   __ASM
  41:Drivers/CMSIS/Include/cmsis_gcc.h ****   #define __ASM                                  __asm
  42:Drivers/CMSIS/Include/cmsis_gcc.h **** #endif
  43:Drivers/CMSIS/Include/cmsis_gcc.h **** #ifndef   __INLINE
  44:Drivers/CMSIS/Include/cmsis_gcc.h ****   #define __INLINE                               inline
  45:Drivers/CMSIS/Include/cmsis_gcc.h **** #endif
  46:Drivers/CMSIS/Include/cmsis_gcc.h **** #ifndef   __STATIC_INLINE
  47:Drivers/CMSIS/Include/cmsis_gcc.h ****   #define __STATIC_INLINE                        static inline
  48:Drivers/CMSIS/Include/cmsis_gcc.h **** #endif
  49:Drivers/CMSIS/Include/cmsis_gcc.h **** #ifndef   __STATIC_FORCEINLINE                 
  50:Drivers/CMSIS/Include/cmsis_gcc.h ****   #define __STATIC_FORCEINLINE                   __attribute__((always_inline)) static inline
  51:Drivers/CMSIS/Include/cmsis_gcc.h **** #endif                                           
  52:Drivers/CMSIS/Include/cmsis_gcc.h **** #ifndef   __NO_RETURN
  53:Drivers/CMSIS/Include/cmsis_gcc.h ****   #define __NO_RETURN                            __attribute__((__noreturn__))
  54:Drivers/CMSIS/Include/cmsis_gcc.h **** #endif
  55:Drivers/CMSIS/Include/cmsis_gcc.h **** #ifndef   __USED
  56:Drivers/CMSIS/Include/cmsis_gcc.h ****   #define __USED                                 __attribute__((used))
  57:Drivers/CMSIS/Include/cmsis_gcc.h **** #endif
  58:Drivers/CMSIS/Include/cmsis_gcc.h **** #ifndef   __WEAK
  59:Drivers/CMSIS/Include/cmsis_gcc.h ****   #define __WEAK                                 __attribute__((weak))
  60:Drivers/CMSIS/Include/cmsis_gcc.h **** #endif
ARM GAS  /tmp/ccK3w6fJ.s 			page 10


  61:Drivers/CMSIS/Include/cmsis_gcc.h **** #ifndef   __PACKED
  62:Drivers/CMSIS/Include/cmsis_gcc.h ****   #define __PACKED                               __attribute__((packed, aligned(1)))
  63:Drivers/CMSIS/Include/cmsis_gcc.h **** #endif
  64:Drivers/CMSIS/Include/cmsis_gcc.h **** #ifndef   __PACKED_STRUCT
  65:Drivers/CMSIS/Include/cmsis_gcc.h ****   #define __PACKED_STRUCT                        struct __attribute__((packed, aligned(1)))
  66:Drivers/CMSIS/Include/cmsis_gcc.h **** #endif
  67:Drivers/CMSIS/Include/cmsis_gcc.h **** #ifndef   __PACKED_UNION
  68:Drivers/CMSIS/Include/cmsis_gcc.h ****   #define __PACKED_UNION                         union __attribute__((packed, aligned(1)))
  69:Drivers/CMSIS/Include/cmsis_gcc.h **** #endif
  70:Drivers/CMSIS/Include/cmsis_gcc.h **** #ifndef   __UNALIGNED_UINT32        /* deprecated */
  71:Drivers/CMSIS/Include/cmsis_gcc.h ****   #pragma GCC diagnostic push
  72:Drivers/CMSIS/Include/cmsis_gcc.h ****   #pragma GCC diagnostic ignored "-Wpacked"
  73:Drivers/CMSIS/Include/cmsis_gcc.h ****   #pragma GCC diagnostic ignored "-Wattributes"
  74:Drivers/CMSIS/Include/cmsis_gcc.h ****   struct __attribute__((packed)) T_UINT32 { uint32_t v; };
  75:Drivers/CMSIS/Include/cmsis_gcc.h ****   #pragma GCC diagnostic pop
  76:Drivers/CMSIS/Include/cmsis_gcc.h ****   #define __UNALIGNED_UINT32(x)                  (((struct T_UINT32 *)(x))->v)
  77:Drivers/CMSIS/Include/cmsis_gcc.h **** #endif
  78:Drivers/CMSIS/Include/cmsis_gcc.h **** #ifndef   __UNALIGNED_UINT16_WRITE
  79:Drivers/CMSIS/Include/cmsis_gcc.h ****   #pragma GCC diagnostic push
  80:Drivers/CMSIS/Include/cmsis_gcc.h ****   #pragma GCC diagnostic ignored "-Wpacked"
  81:Drivers/CMSIS/Include/cmsis_gcc.h ****   #pragma GCC diagnostic ignored "-Wattributes"
  82:Drivers/CMSIS/Include/cmsis_gcc.h ****   __PACKED_STRUCT T_UINT16_WRITE { uint16_t v; };
  83:Drivers/CMSIS/Include/cmsis_gcc.h ****   #pragma GCC diagnostic pop
  84:Drivers/CMSIS/Include/cmsis_gcc.h ****   #define __UNALIGNED_UINT16_WRITE(addr, val)    (void)((((struct T_UINT16_WRITE *)(void *)(addr))-
  85:Drivers/CMSIS/Include/cmsis_gcc.h **** #endif
  86:Drivers/CMSIS/Include/cmsis_gcc.h **** #ifndef   __UNALIGNED_UINT16_READ
  87:Drivers/CMSIS/Include/cmsis_gcc.h ****   #pragma GCC diagnostic push
  88:Drivers/CMSIS/Include/cmsis_gcc.h ****   #pragma GCC diagnostic ignored "-Wpacked"
  89:Drivers/CMSIS/Include/cmsis_gcc.h ****   #pragma GCC diagnostic ignored "-Wattributes"
  90:Drivers/CMSIS/Include/cmsis_gcc.h ****   __PACKED_STRUCT T_UINT16_READ { uint16_t v; };
  91:Drivers/CMSIS/Include/cmsis_gcc.h ****   #pragma GCC diagnostic pop
  92:Drivers/CMSIS/Include/cmsis_gcc.h ****   #define __UNALIGNED_UINT16_READ(addr)          (((const struct T_UINT16_READ *)(const void *)(add
  93:Drivers/CMSIS/Include/cmsis_gcc.h **** #endif
  94:Drivers/CMSIS/Include/cmsis_gcc.h **** #ifndef   __UNALIGNED_UINT32_WRITE
  95:Drivers/CMSIS/Include/cmsis_gcc.h ****   #pragma GCC diagnostic push
  96:Drivers/CMSIS/Include/cmsis_gcc.h ****   #pragma GCC diagnostic ignored "-Wpacked"
  97:Drivers/CMSIS/Include/cmsis_gcc.h ****   #pragma GCC diagnostic ignored "-Wattributes"
  98:Drivers/CMSIS/Include/cmsis_gcc.h ****   __PACKED_STRUCT T_UINT32_WRITE { uint32_t v; };
  99:Drivers/CMSIS/Include/cmsis_gcc.h ****   #pragma GCC diagnostic pop
 100:Drivers/CMSIS/Include/cmsis_gcc.h ****   #define __UNALIGNED_UINT32_WRITE(addr, val)    (void)((((struct T_UINT32_WRITE *)(void *)(addr))-
 101:Drivers/CMSIS/Include/cmsis_gcc.h **** #endif
 102:Drivers/CMSIS/Include/cmsis_gcc.h **** #ifndef   __UNALIGNED_UINT32_READ
 103:Drivers/CMSIS/Include/cmsis_gcc.h ****   #pragma GCC diagnostic push
 104:Drivers/CMSIS/Include/cmsis_gcc.h ****   #pragma GCC diagnostic ignored "-Wpacked"
 105:Drivers/CMSIS/Include/cmsis_gcc.h ****   #pragma GCC diagnostic ignored "-Wattributes"
 106:Drivers/CMSIS/Include/cmsis_gcc.h ****   __PACKED_STRUCT T_UINT32_READ { uint32_t v; };
 107:Drivers/CMSIS/Include/cmsis_gcc.h ****   #pragma GCC diagnostic pop
 108:Drivers/CMSIS/Include/cmsis_gcc.h ****   #define __UNALIGNED_UINT32_READ(addr)          (((const struct T_UINT32_READ *)(const void *)(add
 109:Drivers/CMSIS/Include/cmsis_gcc.h **** #endif
 110:Drivers/CMSIS/Include/cmsis_gcc.h **** #ifndef   __ALIGNED
 111:Drivers/CMSIS/Include/cmsis_gcc.h ****   #define __ALIGNED(x)                           __attribute__((aligned(x)))
 112:Drivers/CMSIS/Include/cmsis_gcc.h **** #endif
 113:Drivers/CMSIS/Include/cmsis_gcc.h **** #ifndef   __RESTRICT
 114:Drivers/CMSIS/Include/cmsis_gcc.h ****   #define __RESTRICT                             __restrict
 115:Drivers/CMSIS/Include/cmsis_gcc.h **** #endif
 116:Drivers/CMSIS/Include/cmsis_gcc.h **** 
 117:Drivers/CMSIS/Include/cmsis_gcc.h **** 
ARM GAS  /tmp/ccK3w6fJ.s 			page 11


 118:Drivers/CMSIS/Include/cmsis_gcc.h **** /* ###########################  Core Function Access  ########################### */
 119:Drivers/CMSIS/Include/cmsis_gcc.h **** /** \ingroup  CMSIS_Core_FunctionInterface
 120:Drivers/CMSIS/Include/cmsis_gcc.h ****     \defgroup CMSIS_Core_RegAccFunctions CMSIS Core Register Access Functions
 121:Drivers/CMSIS/Include/cmsis_gcc.h ****   @{
 122:Drivers/CMSIS/Include/cmsis_gcc.h ****  */
 123:Drivers/CMSIS/Include/cmsis_gcc.h **** 
 124:Drivers/CMSIS/Include/cmsis_gcc.h **** /**
 125:Drivers/CMSIS/Include/cmsis_gcc.h ****   \brief   Enable IRQ Interrupts
 126:Drivers/CMSIS/Include/cmsis_gcc.h ****   \details Enables IRQ interrupts by clearing the I-bit in the CPSR.
 127:Drivers/CMSIS/Include/cmsis_gcc.h ****            Can only be executed in Privileged modes.
 128:Drivers/CMSIS/Include/cmsis_gcc.h ****  */
 129:Drivers/CMSIS/Include/cmsis_gcc.h **** __STATIC_FORCEINLINE void __enable_irq(void)
 130:Drivers/CMSIS/Include/cmsis_gcc.h **** {
 131:Drivers/CMSIS/Include/cmsis_gcc.h ****   __ASM volatile ("cpsie i" : : : "memory");
 132:Drivers/CMSIS/Include/cmsis_gcc.h **** }
 133:Drivers/CMSIS/Include/cmsis_gcc.h **** 
 134:Drivers/CMSIS/Include/cmsis_gcc.h **** 
 135:Drivers/CMSIS/Include/cmsis_gcc.h **** /**
 136:Drivers/CMSIS/Include/cmsis_gcc.h ****   \brief   Disable IRQ Interrupts
 137:Drivers/CMSIS/Include/cmsis_gcc.h ****   \details Disables IRQ interrupts by setting the I-bit in the CPSR.
 138:Drivers/CMSIS/Include/cmsis_gcc.h ****            Can only be executed in Privileged modes.
 139:Drivers/CMSIS/Include/cmsis_gcc.h ****  */
 140:Drivers/CMSIS/Include/cmsis_gcc.h **** __STATIC_FORCEINLINE void __disable_irq(void)
 223              		.loc 2 140 27 view .LVU36
 224              	.LBB5:
 141:Drivers/CMSIS/Include/cmsis_gcc.h **** {
 142:Drivers/CMSIS/Include/cmsis_gcc.h ****   __ASM volatile ("cpsid i" : : : "memory");
 225              		.loc 2 142 3 view .LVU37
 226              		.syntax unified
 227              	@ 142 "Drivers/CMSIS/Include/cmsis_gcc.h" 1
 228 0000 72B6     		cpsid i
 229              	@ 0 "" 2
 230              		.thumb
 231              		.syntax unified
 232              	.L23:
 233              	.LBE5:
 234              	.LBE4:
 236:Core/Src/main.c ****   while (1)
 235              		.loc 1 236 3 view .LVU38
 237:Core/Src/main.c ****   {
 238:Core/Src/main.c ****   }
 236              		.loc 1 238 3 view .LVU39
 236:Core/Src/main.c ****   while (1)
 237              		.loc 1 236 9 view .LVU40
 238 0002 FEE7     		b	.L23
 239              		.cfi_endproc
 240              	.LFE74:
 242              		.section	.text.SystemClock_Config,"ax",%progbits
 243              		.align	1
 244              		.global	SystemClock_Config
 245              		.syntax unified
 246              		.thumb
 247              		.thumb_func
 249              	SystemClock_Config:
 250              	.LFB72:
 161:Core/Src/main.c ****   RCC_OscInitTypeDef RCC_OscInitStruct = {0};
 251              		.loc 1 161 1 view -0
ARM GAS  /tmp/ccK3w6fJ.s 			page 12


 252              		.cfi_startproc
 253              		@ args = 0, pretend = 0, frame = 80
 254              		@ frame_needed = 0, uses_anonymous_args = 0
 255 0000 00B5     		push	{lr}
 256              		.cfi_def_cfa_offset 4
 257              		.cfi_offset 14, -4
 258 0002 95B0     		sub	sp, sp, #84
 259              		.cfi_def_cfa_offset 88
 162:Core/Src/main.c ****   RCC_ClkInitTypeDef RCC_ClkInitStruct = {0};
 260              		.loc 1 162 3 view .LVU42
 162:Core/Src/main.c ****   RCC_ClkInitTypeDef RCC_ClkInitStruct = {0};
 261              		.loc 1 162 22 is_stmt 0 view .LVU43
 262 0004 2822     		movs	r2, #40
 263 0006 0021     		movs	r1, #0
 264 0008 0DEB0200 		add	r0, sp, r2
 265 000c FFF7FEFF 		bl	memset
 266              	.LVL11:
 163:Core/Src/main.c ****   RCC_PeriphCLKInitTypeDef PeriphClkInit = {0};
 267              		.loc 1 163 3 is_stmt 1 view .LVU44
 163:Core/Src/main.c ****   RCC_PeriphCLKInitTypeDef PeriphClkInit = {0};
 268              		.loc 1 163 22 is_stmt 0 view .LVU45
 269 0010 0023     		movs	r3, #0
 270 0012 0593     		str	r3, [sp, #20]
 271 0014 0693     		str	r3, [sp, #24]
 272 0016 0793     		str	r3, [sp, #28]
 273 0018 0893     		str	r3, [sp, #32]
 274 001a 0993     		str	r3, [sp, #36]
 164:Core/Src/main.c **** 
 275              		.loc 1 164 3 is_stmt 1 view .LVU46
 164:Core/Src/main.c **** 
 276              		.loc 1 164 28 is_stmt 0 view .LVU47
 277 001c 0193     		str	r3, [sp, #4]
 278 001e 0293     		str	r3, [sp, #8]
 279 0020 0393     		str	r3, [sp, #12]
 280 0022 0493     		str	r3, [sp, #16]
 169:Core/Src/main.c ****   RCC_OscInitStruct.HSEState = RCC_HSE_ON;
 281              		.loc 1 169 3 is_stmt 1 view .LVU48
 169:Core/Src/main.c ****   RCC_OscInitStruct.HSEState = RCC_HSE_ON;
 282              		.loc 1 169 36 is_stmt 0 view .LVU49
 283 0024 0122     		movs	r2, #1
 284 0026 0A92     		str	r2, [sp, #40]
 170:Core/Src/main.c ****   RCC_OscInitStruct.HSEPredivValue = RCC_HSE_PREDIV_DIV1;
 285              		.loc 1 170 3 is_stmt 1 view .LVU50
 170:Core/Src/main.c ****   RCC_OscInitStruct.HSEPredivValue = RCC_HSE_PREDIV_DIV1;
 286              		.loc 1 170 30 is_stmt 0 view .LVU51
 287 0028 4FF48033 		mov	r3, #65536
 288 002c 0B93     		str	r3, [sp, #44]
 171:Core/Src/main.c ****   RCC_OscInitStruct.HSIState = RCC_HSI_ON;
 289              		.loc 1 171 3 is_stmt 1 view .LVU52
 172:Core/Src/main.c ****   RCC_OscInitStruct.PLL.PLLState = RCC_PLL_ON;
 290              		.loc 1 172 3 view .LVU53
 172:Core/Src/main.c ****   RCC_OscInitStruct.PLL.PLLState = RCC_PLL_ON;
 291              		.loc 1 172 30 is_stmt 0 view .LVU54
 292 002e 0E92     		str	r2, [sp, #56]
 173:Core/Src/main.c ****   RCC_OscInitStruct.PLL.PLLSource = RCC_PLLSOURCE_HSE;
 293              		.loc 1 173 3 is_stmt 1 view .LVU55
 173:Core/Src/main.c ****   RCC_OscInitStruct.PLL.PLLSource = RCC_PLLSOURCE_HSE;
ARM GAS  /tmp/ccK3w6fJ.s 			page 13


 294              		.loc 1 173 34 is_stmt 0 view .LVU56
 295 0030 0222     		movs	r2, #2
 296 0032 1192     		str	r2, [sp, #68]
 174:Core/Src/main.c ****   RCC_OscInitStruct.PLL.PLLMUL = RCC_PLL_MUL9;
 297              		.loc 1 174 3 is_stmt 1 view .LVU57
 174:Core/Src/main.c ****   RCC_OscInitStruct.PLL.PLLMUL = RCC_PLL_MUL9;
 298              		.loc 1 174 35 is_stmt 0 view .LVU58
 299 0034 1293     		str	r3, [sp, #72]
 175:Core/Src/main.c ****   if (HAL_RCC_OscConfig(&RCC_OscInitStruct) != HAL_OK)
 300              		.loc 1 175 3 is_stmt 1 view .LVU59
 175:Core/Src/main.c ****   if (HAL_RCC_OscConfig(&RCC_OscInitStruct) != HAL_OK)
 301              		.loc 1 175 32 is_stmt 0 view .LVU60
 302 0036 4FF4E013 		mov	r3, #1835008
 303 003a 1393     		str	r3, [sp, #76]
 176:Core/Src/main.c ****   {
 304              		.loc 1 176 3 is_stmt 1 view .LVU61
 176:Core/Src/main.c ****   {
 305              		.loc 1 176 7 is_stmt 0 view .LVU62
 306 003c 0AA8     		add	r0, sp, #40
 307 003e FFF7FEFF 		bl	HAL_RCC_OscConfig
 308              	.LVL12:
 176:Core/Src/main.c ****   {
 309              		.loc 1 176 6 discriminator 1 view .LVU63
 310 0042 C8B9     		cbnz	r0, .L29
 183:Core/Src/main.c ****                               |RCC_CLOCKTYPE_PCLK1|RCC_CLOCKTYPE_PCLK2;
 311              		.loc 1 183 3 is_stmt 1 view .LVU64
 183:Core/Src/main.c ****                               |RCC_CLOCKTYPE_PCLK1|RCC_CLOCKTYPE_PCLK2;
 312              		.loc 1 183 31 is_stmt 0 view .LVU65
 313 0044 0F23     		movs	r3, #15
 314 0046 0593     		str	r3, [sp, #20]
 185:Core/Src/main.c ****   RCC_ClkInitStruct.AHBCLKDivider = RCC_SYSCLK_DIV1;
 315              		.loc 1 185 3 is_stmt 1 view .LVU66
 185:Core/Src/main.c ****   RCC_ClkInitStruct.AHBCLKDivider = RCC_SYSCLK_DIV1;
 316              		.loc 1 185 34 is_stmt 0 view .LVU67
 317 0048 0221     		movs	r1, #2
 318 004a 0691     		str	r1, [sp, #24]
 186:Core/Src/main.c ****   RCC_ClkInitStruct.APB1CLKDivider = RCC_HCLK_DIV2;
 319              		.loc 1 186 3 is_stmt 1 view .LVU68
 186:Core/Src/main.c ****   RCC_ClkInitStruct.APB1CLKDivider = RCC_HCLK_DIV2;
 320              		.loc 1 186 35 is_stmt 0 view .LVU69
 321 004c 0023     		movs	r3, #0
 322 004e 0793     		str	r3, [sp, #28]
 187:Core/Src/main.c ****   RCC_ClkInitStruct.APB2CLKDivider = RCC_HCLK_DIV1;
 323              		.loc 1 187 3 is_stmt 1 view .LVU70
 187:Core/Src/main.c ****   RCC_ClkInitStruct.APB2CLKDivider = RCC_HCLK_DIV1;
 324              		.loc 1 187 36 is_stmt 0 view .LVU71
 325 0050 4FF48062 		mov	r2, #1024
 326 0054 0892     		str	r2, [sp, #32]
 188:Core/Src/main.c **** 
 327              		.loc 1 188 3 is_stmt 1 view .LVU72
 188:Core/Src/main.c **** 
 328              		.loc 1 188 36 is_stmt 0 view .LVU73
 329 0056 0993     		str	r3, [sp, #36]
 190:Core/Src/main.c ****   {
 330              		.loc 1 190 3 is_stmt 1 view .LVU74
 190:Core/Src/main.c ****   {
 331              		.loc 1 190 7 is_stmt 0 view .LVU75
ARM GAS  /tmp/ccK3w6fJ.s 			page 14


 332 0058 05A8     		add	r0, sp, #20
 333 005a FFF7FEFF 		bl	HAL_RCC_ClockConfig
 334              	.LVL13:
 190:Core/Src/main.c ****   {
 335              		.loc 1 190 6 discriminator 1 view .LVU76
 336 005e 68B9     		cbnz	r0, .L30
 194:Core/Src/main.c ****   PeriphClkInit.AdcClockSelection = RCC_ADCPCLK2_DIV8;
 337              		.loc 1 194 3 is_stmt 1 view .LVU77
 194:Core/Src/main.c ****   PeriphClkInit.AdcClockSelection = RCC_ADCPCLK2_DIV8;
 338              		.loc 1 194 38 is_stmt 0 view .LVU78
 339 0060 0223     		movs	r3, #2
 340 0062 0193     		str	r3, [sp, #4]
 195:Core/Src/main.c ****   if (HAL_RCCEx_PeriphCLKConfig(&PeriphClkInit) != HAL_OK)
 341              		.loc 1 195 3 is_stmt 1 view .LVU79
 195:Core/Src/main.c ****   if (HAL_RCCEx_PeriphCLKConfig(&PeriphClkInit) != HAL_OK)
 342              		.loc 1 195 35 is_stmt 0 view .LVU80
 343 0064 4FF44043 		mov	r3, #49152
 344 0068 0393     		str	r3, [sp, #12]
 196:Core/Src/main.c ****   {
 345              		.loc 1 196 3 is_stmt 1 view .LVU81
 196:Core/Src/main.c ****   {
 346              		.loc 1 196 7 is_stmt 0 view .LVU82
 347 006a 01A8     		add	r0, sp, #4
 348 006c FFF7FEFF 		bl	HAL_RCCEx_PeriphCLKConfig
 349              	.LVL14:
 196:Core/Src/main.c ****   {
 350              		.loc 1 196 6 discriminator 1 view .LVU83
 351 0070 30B9     		cbnz	r0, .L31
 200:Core/Src/main.c **** 
 352              		.loc 1 200 1 view .LVU84
 353 0072 15B0     		add	sp, sp, #84
 354              		.cfi_remember_state
 355              		.cfi_def_cfa_offset 4
 356              		@ sp needed
 357 0074 5DF804FB 		ldr	pc, [sp], #4
 358              	.L29:
 359              		.cfi_restore_state
 178:Core/Src/main.c ****   }
 360              		.loc 1 178 5 is_stmt 1 view .LVU85
 361 0078 FFF7FEFF 		bl	Error_Handler
 362              	.LVL15:
 363              	.L30:
 192:Core/Src/main.c ****   }
 364              		.loc 1 192 5 view .LVU86
 365 007c FFF7FEFF 		bl	Error_Handler
 366              	.LVL16:
 367              	.L31:
 198:Core/Src/main.c ****   }
 368              		.loc 1 198 5 view .LVU87
 369 0080 FFF7FEFF 		bl	Error_Handler
 370              	.LVL17:
 371              		.cfi_endproc
 372              	.LFE72:
 374              		.section	.text.main,"ax",%progbits
 375              		.align	1
 376              		.global	main
 377              		.syntax unified
ARM GAS  /tmp/ccK3w6fJ.s 			page 15


 378              		.thumb
 379              		.thumb_func
 381              	main:
 382              	.LFB71:
 101:Core/Src/main.c **** 
 383              		.loc 1 101 1 view -0
 384              		.cfi_startproc
 385              		@ Volatile: function does not return.
 386              		@ args = 0, pretend = 0, frame = 0
 387              		@ frame_needed = 0, uses_anonymous_args = 0
 388 0000 08B5     		push	{r3, lr}
 389              		.cfi_def_cfa_offset 8
 390              		.cfi_offset 3, -8
 391              		.cfi_offset 14, -4
 104:Core/Src/main.c ****   comms_delay = FREQ_20_HZ;
 392              		.loc 1 104 3 view .LVU89
 104:Core/Src/main.c ****   comms_delay = FREQ_20_HZ;
 393              		.loc 1 104 17 is_stmt 0 view .LVU90
 394 0002 0F4B     		ldr	r3, .L35
 395 0004 FA22     		movs	r2, #250
 396 0006 1A60     		str	r2, [r3]
 105:Core/Src/main.c ****   itr_delay = FREQ_REALTIME;
 397              		.loc 1 105 3 is_stmt 1 view .LVU91
 105:Core/Src/main.c ****   itr_delay = FREQ_REALTIME;
 398              		.loc 1 105 15 is_stmt 0 view .LVU92
 399 0008 0E4B     		ldr	r3, .L35+4
 400 000a 3222     		movs	r2, #50
 401 000c 1A60     		str	r2, [r3]
 106:Core/Src/main.c ****   /* USER CODE END 1 */
 402              		.loc 1 106 3 is_stmt 1 view .LVU93
 106:Core/Src/main.c ****   /* USER CODE END 1 */
 403              		.loc 1 106 13 is_stmt 0 view .LVU94
 404 000e 0E4B     		ldr	r3, .L35+8
 405 0010 0022     		movs	r2, #0
 406 0012 1A60     		str	r2, [r3]
 112:Core/Src/main.c **** 
 407              		.loc 1 112 3 is_stmt 1 view .LVU95
 408 0014 FFF7FEFF 		bl	HAL_Init
 409              	.LVL18:
 119:Core/Src/main.c **** 
 410              		.loc 1 119 3 view .LVU96
 411 0018 FFF7FEFF 		bl	SystemClock_Config
 412              	.LVL19:
 126:Core/Src/main.c ****   MX_CAN_Init();
 413              		.loc 1 126 3 view .LVU97
 414 001c FFF7FEFF 		bl	MX_GPIO_Init
 415              	.LVL20:
 127:Core/Src/main.c ****   MX_ADC1_Init();
 416              		.loc 1 127 3 view .LVU98
 417 0020 FFF7FEFF 		bl	MX_CAN_Init
 418              	.LVL21:
 128:Core/Src/main.c ****   MX_SPI2_Init();
 419              		.loc 1 128 3 view .LVU99
 420 0024 FFF7FEFF 		bl	MX_ADC1_Init
 421              	.LVL22:
 129:Core/Src/main.c ****   /* USER CODE BEGIN 2 */
 422              		.loc 1 129 3 view .LVU100
ARM GAS  /tmp/ccK3w6fJ.s 			page 16


 423 0028 FFF7FEFF 		bl	MX_SPI2_Init
 424              	.LVL23:
 131:Core/Src/main.c ****   /* USER CODE END 2 */
 425              		.loc 1 131 3 view .LVU101
 426 002c 0748     		ldr	r0, .L35+12
 427 002e FFF7FEFF 		bl	HAL_ADCEx_Calibration_Start
 428              	.LVL24:
 135:Core/Src/main.c **** 
 429              		.loc 1 135 3 view .LVU102
 430 0032 FFF7FEFF 		bl	osKernelInitialize
 431              	.LVL25:
 138:Core/Src/main.c **** 
 432              		.loc 1 138 3 view .LVU103
 433 0036 FFF7FEFF 		bl	MX_FREERTOS_Init
 434              	.LVL26:
 141:Core/Src/main.c **** 
 435              		.loc 1 141 3 view .LVU104
 436 003a FFF7FEFF 		bl	osKernelStart
 437              	.LVL27:
 438              	.L33:
 147:Core/Src/main.c ****   {
 439              		.loc 1 147 3 view .LVU105
 152:Core/Src/main.c ****   /* USER CODE END 3 */
 440              		.loc 1 152 3 view .LVU106
 147:Core/Src/main.c ****   {
 441              		.loc 1 147 9 view .LVU107
 442 003e FEE7     		b	.L33
 443              	.L36:
 444              		.align	2
 445              	.L35:
 446 0040 00000000 		.word	polling_delay
 447 0044 00000000 		.word	comms_delay
 448 0048 00000000 		.word	itr_delay
 449 004c 00000000 		.word	hadc1
 450              		.cfi_endproc
 451              	.LFE71:
 453              		.global	comms_delay
 454              		.section	.bss.comms_delay,"aw",%nobits
 455              		.align	2
 458              	comms_delay:
 459 0000 00000000 		.space	4
 460              		.global	itr_delay
 461              		.section	.bss.itr_delay,"aw",%nobits
 462              		.align	2
 465              	itr_delay:
 466 0000 00000000 		.space	4
 467              		.global	polling_delay
 468              		.section	.bss.polling_delay,"aw",%nobits
 469              		.align	2
 472              	polling_delay:
 473 0000 00000000 		.space	4
 474              		.global	rpm_curr_itr
 475              		.section	.bss.rpm_curr_itr,"aw",%nobits
 476              		.align	2
 479              	rpm_curr_itr:
 480 0000 00000000 		.space	4
 481              		.global	rpm_last_itr
ARM GAS  /tmp/ccK3w6fJ.s 			page 17


 482              		.section	.bss.rpm_last_itr,"aw",%nobits
 483              		.align	2
 486              	rpm_last_itr:
 487 0000 00000000 		.space	4
 488              		.global	rpm_counter
 489              		.section	.bss.rpm_counter,"aw",%nobits
 492              	rpm_counter:
 493 0000 00       		.space	1
 494              		.global	rpm_itr
 495              		.section	.bss.rpm_itr,"aw",%nobits
 496              		.align	2
 499              	rpm_itr:
 500 0000 00000000 		.space	20
 500      00000000 
 500      00000000 
 500      00000000 
 500      00000000 
 501              		.text
 502              	.Letext0:
 503              		.file 3 "/home/lorolol/.config/Code/User/globalStorage/bmd.stm32-for-vscode/@xpack-dev-tools/arm-n
 504              		.file 4 "/home/lorolol/.config/Code/User/globalStorage/bmd.stm32-for-vscode/@xpack-dev-tools/arm-n
 505              		.file 5 "Drivers/CMSIS/Device/ST/STM32F1xx/Include/stm32f103xb.h"
 506              		.file 6 "Drivers/CMSIS/Device/ST/STM32F1xx/Include/stm32f1xx.h"
 507              		.file 7 "Drivers/STM32F1xx_HAL_Driver/Inc/stm32f1xx_hal_def.h"
 508              		.file 8 "Drivers/STM32F1xx_HAL_Driver/Inc/stm32f1xx_hal_rcc.h"
 509              		.file 9 "Drivers/STM32F1xx_HAL_Driver/Inc/stm32f1xx_hal_rcc_ex.h"
 510              		.file 10 "Drivers/STM32F1xx_HAL_Driver/Inc/stm32f1xx_hal_dma.h"
 511              		.file 11 "Drivers/STM32F1xx_HAL_Driver/Inc/stm32f1xx_hal_can.h"
 512              		.file 12 "Drivers/STM32F1xx_HAL_Driver/Inc/stm32f1xx_hal_adc.h"
 513              		.file 13 "Drivers/STM32F1xx_HAL_Driver/Inc/stm32f1xx_hal_tim.h"
 514              		.file 14 "Middlewares/Third_Party/FreeRTOS/Source/CMSIS_RTOS_V2/cmsis_os2.h"
 515              		.file 15 "../baja_utils/inc/msg.h"
 516              		.file 16 "Core/Inc/adc.h"
 517              		.file 17 "Drivers/STM32F1xx_HAL_Driver/Inc/stm32f1xx_hal.h"
 518              		.file 18 "Drivers/STM32F1xx_HAL_Driver/Inc/stm32f1xx_hal_adc_ex.h"
 519              		.file 19 "Core/Inc/spi.h"
 520              		.file 20 "Core/Inc/can.h"
 521              		.file 21 "Core/Inc/gpio.h"
 522              		.file 22 "Drivers/STM32F1xx_HAL_Driver/Inc/stm32f1xx_hal_gpio.h"
 523              		.file 23 "<built-in>"
ARM GAS  /tmp/ccK3w6fJ.s 			page 18


DEFINED SYMBOLS
                            *ABS*:00000000 main.c
     /tmp/ccK3w6fJ.s:19     .text.HAL_GPIO_EXTI_Callback:00000000 $t
     /tmp/ccK3w6fJ.s:25     .text.HAL_GPIO_EXTI_Callback:00000000 HAL_GPIO_EXTI_Callback
     /tmp/ccK3w6fJ.s:107    .text.HAL_GPIO_EXTI_Callback:0000006c $d
     /tmp/ccK3w6fJ.s:479    .bss.rpm_curr_itr:00000000 rpm_curr_itr
     /tmp/ccK3w6fJ.s:492    .bss.rpm_counter:00000000 rpm_counter
     /tmp/ccK3w6fJ.s:486    .bss.rpm_last_itr:00000000 rpm_last_itr
     /tmp/ccK3w6fJ.s:499    .bss.rpm_itr:00000000 rpm_itr
     /tmp/ccK3w6fJ.s:118    .text.HAL_CAN_RxFifo0MsgPendingCallback:00000000 $t
     /tmp/ccK3w6fJ.s:124    .text.HAL_CAN_RxFifo0MsgPendingCallback:00000000 HAL_CAN_RxFifo0MsgPendingCallback
     /tmp/ccK3w6fJ.s:154    .text.HAL_CAN_RxFifo0MsgPendingCallback:0000001c $d
     /tmp/ccK3w6fJ.s:161    .text.HAL_TIM_PeriodElapsedCallback:00000000 $t
     /tmp/ccK3w6fJ.s:167    .text.HAL_TIM_PeriodElapsedCallback:00000000 HAL_TIM_PeriodElapsedCallback
     /tmp/ccK3w6fJ.s:200    .text.HAL_TIM_PeriodElapsedCallback:00000014 $d
     /tmp/ccK3w6fJ.s:205    .text.Error_Handler:00000000 $t
     /tmp/ccK3w6fJ.s:211    .text.Error_Handler:00000000 Error_Handler
     /tmp/ccK3w6fJ.s:243    .text.SystemClock_Config:00000000 $t
     /tmp/ccK3w6fJ.s:249    .text.SystemClock_Config:00000000 SystemClock_Config
     /tmp/ccK3w6fJ.s:375    .text.main:00000000 $t
     /tmp/ccK3w6fJ.s:381    .text.main:00000000 main
     /tmp/ccK3w6fJ.s:446    .text.main:00000040 $d
     /tmp/ccK3w6fJ.s:472    .bss.polling_delay:00000000 polling_delay
     /tmp/ccK3w6fJ.s:458    .bss.comms_delay:00000000 comms_delay
     /tmp/ccK3w6fJ.s:465    .bss.itr_delay:00000000 itr_delay
     /tmp/ccK3w6fJ.s:455    .bss.comms_delay:00000000 $d
     /tmp/ccK3w6fJ.s:462    .bss.itr_delay:00000000 $d
     /tmp/ccK3w6fJ.s:469    .bss.polling_delay:00000000 $d
     /tmp/ccK3w6fJ.s:476    .bss.rpm_curr_itr:00000000 $d
     /tmp/ccK3w6fJ.s:483    .bss.rpm_last_itr:00000000 $d
     /tmp/ccK3w6fJ.s:493    .bss.rpm_counter:00000000 $d
     /tmp/ccK3w6fJ.s:496    .bss.rpm_itr:00000000 $d

UNDEFINED SYMBOLS
osKernelGetTickCount
HAL_GPIO_TogglePin
osEventFlagsSet
itr_eventsHandle
HAL_CAN_GetRxMessage
osThreadFlagsSet
rxdata
rxheader
CAN_handlerHandle
HAL_IncTick
memset
HAL_RCC_OscConfig
HAL_RCC_ClockConfig
HAL_RCCEx_PeriphCLKConfig
HAL_Init
MX_GPIO_Init
MX_CAN_Init
MX_ADC1_Init
MX_SPI2_Init
HAL_ADCEx_Calibration_Start
osKernelInitialize
MX_FREERTOS_Init
osKernelStart
ARM GAS  /tmp/ccK3w6fJ.s 			page 19


hadc1
