Archive member included to satisfy reference by file (symbol)

/home/lorolol/.config/Code/User/globalStorage/bmd.stm32-for-vscode/@xpack-dev-tools/arm-none-eabi-gcc/13.2.1-1.1.1/.content/bin/../lib/gcc/arm-none-eabi/13.2.1/../../../../arm-none-eabi/lib/thumb/v7-m/nofp/libc_nano.a(libc_a-atexit.o)
                              /home/lorolol/.config/Code/User/globalStorage/bmd.stm32-for-vscode/@xpack-dev-tools/arm-none-eabi-gcc/13.2.1-1.1.1/.content/bin/../lib/gcc/arm-none-eabi/13.2.1/../../../../arm-none-eabi/lib/thumb/v7-m/nofp/crt0.o (atexit)
/home/lorolol/.config/Code/User/globalStorage/bmd.stm32-for-vscode/@xpack-dev-tools/arm-none-eabi-gcc/13.2.1-1.1.1/.content/bin/../lib/gcc/arm-none-eabi/13.2.1/../../../../arm-none-eabi/lib/thumb/v7-m/nofp/libc_nano.a(libc_a-exit.o)
                              /home/lorolol/.config/Code/User/globalStorage/bmd.stm32-for-vscode/@xpack-dev-tools/arm-none-eabi-gcc/13.2.1-1.1.1/.content/bin/../lib/gcc/arm-none-eabi/13.2.1/../../../../arm-none-eabi/lib/thumb/v7-m/nofp/crt0.o (exit)
/home/lorolol/.config/Code/User/globalStorage/bmd.stm32-for-vscode/@xpack-dev-tools/arm-none-eabi-gcc/13.2.1-1.1.1/.content/bin/../lib/gcc/arm-none-eabi/13.2.1/../../../../arm-none-eabi/lib/thumb/v7-m/nofp/libc_nano.a(libc_a-malloc.o)
                              build/freertos.o (malloc)
/home/lorolol/.config/Code/User/globalStorage/bmd.stm32-for-vscode/@xpack-dev-tools/arm-none-eabi-gcc/13.2.1-1.1.1/.content/bin/../lib/gcc/arm-none-eabi/13.2.1/../../../../arm-none-eabi/lib/thumb/v7-m/nofp/libc_nano.a(libc_a-mallocr.o)
                              /home/lorolol/.config/Code/User/globalStorage/bmd.stm32-for-vscode/@xpack-dev-tools/arm-none-eabi-gcc/13.2.1-1.1.1/.content/bin/../lib/gcc/arm-none-eabi/13.2.1/../../../../arm-none-eabi/lib/thumb/v7-m/nofp/libc_nano.a(libc_a-malloc.o) (_malloc_r)
/home/lorolol/.config/Code/User/globalStorage/bmd.stm32-for-vscode/@xpack-dev-tools/arm-none-eabi-gcc/13.2.1-1.1.1/.content/bin/../lib/gcc/arm-none-eabi/13.2.1/../../../../arm-none-eabi/lib/thumb/v7-m/nofp/libc_nano.a(libc_a-mlock.o)
                              /home/lorolol/.config/Code/User/globalStorage/bmd.stm32-for-vscode/@xpack-dev-tools/arm-none-eabi-gcc/13.2.1-1.1.1/.content/bin/../lib/gcc/arm-none-eabi/13.2.1/../../../../arm-none-eabi/lib/thumb/v7-m/nofp/libc_nano.a(libc_a-mallocr.o) (__malloc_lock)
/home/lorolol/.config/Code/User/globalStorage/bmd.stm32-for-vscode/@xpack-dev-tools/arm-none-eabi-gcc/13.2.1-1.1.1/.content/bin/../lib/gcc/arm-none-eabi/13.2.1/../../../../arm-none-eabi/lib/thumb/v7-m/nofp/libc_nano.a(libc_a-findfp.o)
                              /home/lorolol/.config/Code/User/globalStorage/bmd.stm32-for-vscode/@xpack-dev-tools/arm-none-eabi-gcc/13.2.1-1.1.1/.content/bin/../lib/gcc/arm-none-eabi/13.2.1/../../../../arm-none-eabi/lib/thumb/v7-m/nofp/libc_nano.a(libc_a-exit.o) (__stdio_exit_handler)
/home/lorolol/.config/Code/User/globalStorage/bmd.stm32-for-vscode/@xpack-dev-tools/arm-none-eabi-gcc/13.2.1-1.1.1/.content/bin/../lib/gcc/arm-none-eabi/13.2.1/../../../../arm-none-eabi/lib/thumb/v7-m/nofp/libc_nano.a(libc_a-fwalk.o)
                              /home/lorolol/.config/Code/User/globalStorage/bmd.stm32-for-vscode/@xpack-dev-tools/arm-none-eabi-gcc/13.2.1-1.1.1/.content/bin/../lib/gcc/arm-none-eabi/13.2.1/../../../../arm-none-eabi/lib/thumb/v7-m/nofp/libc_nano.a(libc_a-findfp.o) (_fwalk_sglue)
/home/lorolol/.config/Code/User/globalStorage/bmd.stm32-for-vscode/@xpack-dev-tools/arm-none-eabi-gcc/13.2.1-1.1.1/.content/bin/../lib/gcc/arm-none-eabi/13.2.1/../../../../arm-none-eabi/lib/thumb/v7-m/nofp/libc_nano.a(libc_a-stdio.o)
                              /home/lorolol/.config/Code/User/globalStorage/bmd.stm32-for-vscode/@xpack-dev-tools/arm-none-eabi-gcc/13.2.1-1.1.1/.content/bin/../lib/gcc/arm-none-eabi/13.2.1/../../../../arm-none-eabi/lib/thumb/v7-m/nofp/libc_nano.a(libc_a-findfp.o) (__sread)
/home/lorolol/.config/Code/User/globalStorage/bmd.stm32-for-vscode/@xpack-dev-tools/arm-none-eabi-gcc/13.2.1-1.1.1/.content/bin/../lib/gcc/arm-none-eabi/13.2.1/../../../../arm-none-eabi/lib/thumb/v7-m/nofp/libc_nano.a(libc_a-memset.o)
                              /home/lorolol/.config/Code/User/globalStorage/bmd.stm32-for-vscode/@xpack-dev-tools/arm-none-eabi-gcc/13.2.1-1.1.1/.content/bin/../lib/gcc/arm-none-eabi/13.2.1/../../../../arm-none-eabi/lib/thumb/v7-m/nofp/crt0.o (memset)
/home/lorolol/.config/Code/User/globalStorage/bmd.stm32-for-vscode/@xpack-dev-tools/arm-none-eabi-gcc/13.2.1-1.1.1/.content/bin/../lib/gcc/arm-none-eabi/13.2.1/../../../../arm-none-eabi/lib/thumb/v7-m/nofp/libc_nano.a(libc_a-closer.o)
                              /home/lorolol/.config/Code/User/globalStorage/bmd.stm32-for-vscode/@xpack-dev-tools/arm-none-eabi-gcc/13.2.1-1.1.1/.content/bin/../lib/gcc/arm-none-eabi/13.2.1/../../../../arm-none-eabi/lib/thumb/v7-m/nofp/libc_nano.a(libc_a-stdio.o) (_close_r)
[...]
Memory Configuration

Name             Origin             Length             Attributes
RAM              0x20000000         0x00005000         xrw
FLASH            0x08000000         0x00010000         xr
*default*        0x00000000         0xffffffff

Linker script and memory map

LOAD /home/lorolol/.config/Code/User/globalStorage/bmd.stm32-for-vscode/@xpack-dev-tools/arm-none-eabi-gcc/13.2.1-1.1.1/.content/bin/../lib/gcc/arm-none-eabi/13.2.1/thumb/v7-m/nofp/crti.o
LOAD /home/lorolol/.config/Code/User/globalStorage/bmd.stm32-for-vscode/@xpack-dev-tools/arm-none-eabi-gcc/13.2.1-1.1.1/.content/bin/../lib/gcc/arm-none-eabi/13.2.1/thumb/v7-m/nofp/crtbegin.o
LOAD /home/lorolol/.config/Code/User/globalStorage/bmd.stm32-for-vscode/@xpack-dev-tools/arm-none-eabi-gcc/13.2.1-1.1.1/.content/bin/../lib/gcc/arm-none-eabi/13.2.1/../../../../arm-none-eabi/lib/thumb/v7-m/nofp/crt0.o
LOAD build/can.o
LOAD build/freertos.o
LOAD build/gpio.o
LOAD build/main.o
LOAD build/rpm.o
LOAD build/stm32f1xx_hal_msp.o
LOAD build/stm32f1xx_hal_timebase_tim.o
LOAD build/stm32f1xx_it.o
LOAD build/syscalls.o
LOAD build/sysmem.o
LOAD build/system_stm32f1xx.o
LOAD build/stm32f1xx_hal.o
LOAD build/stm32f1xx_hal_can.o
LOAD build/stm32f1xx_hal_cortex.o
LOAD build/stm32f1xx_hal_dma.o
LOAD build/stm32f1xx_hal_exti.o
LOAD build/stm32f1xx_hal_flash.o
LOAD build/stm32f1xx_hal_flash_ex.o
LOAD build/stm32f1xx_hal_gpio.o
LOAD build/stm32f1xx_hal_gpio_ex.o
LOAD build/stm32f1xx_hal_pwr.o
LOAD build/stm32f1xx_hal_rcc.o
LOAD build/stm32f1xx_hal_rcc_ex.o
LOAD build/stm32f1xx_hal_tim.o
LOAD build/stm32f1xx_hal_tim_ex.o
LOAD build/cmsis_os2.o
LOAD build/croutine.o
LOAD build/event_groups.o
LOAD build/list.o
LOAD build/port.o
LOAD build/heap_4.o
LOAD build/queue.o
LOAD build/stream_buffer.o
LOAD build/tasks.o
LOAD build/timers.o
LOAD build/startup_stm32f103xb.o
LOAD /home/lorolol/.config/Code/User/globalStorage/bmd.stm32-for-vscode/@xpack-dev-tools/arm-none-eabi-gcc/13.2.1-1.1.1/.content/bin/../lib/gcc/arm-none-eabi/13.2.1/../../../../arm-none-eabi/lib/thumb/v7-m/nofp/libc_nano.a
LOAD /home/lorolol/.config/Code/User/globalStorage/bmd.stm32-for-vscode/@xpack-dev-tools/arm-none-eabi-gcc/13.2.1-1.1.1/.content/bin/../lib/gcc/arm-none-eabi/13.2.1/../../../../arm-none-eabi/lib/thumb/v7-m/nofp/libm.a
LOAD /home/lorolol/.config/Code/User/globalStorage/bmd.stm32-for-vscode/@xpack-dev-tools/arm-none-eabi-gcc/13.2.1-1.1.1/.content/bin/../lib/gcc/arm-none-eabi/13.2.1/../../../../arm-none-eabi/lib/thumb/v7-m/nofp/libnosys.a
START GROUP
LOAD /home/lorolol/.config/Code/User/globalStorage/bmd.stm32-for-vscode/@xpack-dev-tools/arm-none-eabi-gcc/13.2.1-1.1.1/.content/bin/../lib/gcc/arm-none-eabi/13.2.1/thumb/v7-m/nofp/libgcc.a
LOAD /home/lorolol/.config/Code/User/globalStorage/bmd.stm32-for-vscode/@xpack-dev-tools/arm-none-eabi-gcc/13.2.1-1.1.1/.content/bin/../lib/gcc/arm-none-eabi/13.2.1/../../../../arm-none-eabi/lib/thumb/v7-m/nofp/libc_nano.a
END GROUP
START GROUP
LOAD /home/lorolol/.config/Code/User/globalStorage/bmd.stm32-for-vscode/@xpack-dev-tools/arm-none-eabi-gcc/13.2.1-1.1.1/.content/bin/../lib/gcc/arm-none-eabi/13.2.1/thumb/v7-m/nofp/libgcc.a
LOAD /home/lorolol/.config/Code/User/globalStorage/bmd.stm32-for-vscode/@xpack-dev-tools/arm-none-eabi-gcc/13.2.1-1.1.1/.content/bin/../lib/gcc/arm-none-eabi/13.2.1/../../../../arm-none-eabi/lib/thumb/v7-m/nofp/libc_nano.a
END GROUP
LOAD /home/lorolol/.config/Code/User/globalStorage/bmd.stm32-for-vscode/@xpack-dev-tools/arm-none-eabi-gcc/13.2.1-1.1.1/.content/bin/../lib/gcc/arm-none-eabi/13.2.1/thumb/v7-m/nofp/crtend.o
LOAD /home/lorolol/.config/Code/User/globalStorage/bmd.stm32-for-vscode/@xpack-dev-tools/arm-none-eabi-gcc/13.2.1-1.1.1/.content/bin/../lib/gcc/arm-none-eabi/13.2.1/thumb/v7-m/nofp/crtn.o
                0x20005000                        _estack = (ORIGIN (RAM) + LENGTH (RAM))
                0x00000200                        _Min_Heap_Size = 0x200
                0x00000400                        _Min_Stack_Size = 0x400

.isr_vector     0x08000000      0x10c
                0x08000000                        . = ALIGN (0x4)
 *(.isr_vector)
 .isr_vector    0x08000000      0x10c build/startup_stm32f103xb.o
                0x08000000                g_pfnVectors
                0x0800010c                        . = ALIGN (0x4)

.text           0x08000110     0x465c
                0x08000110                        . = ALIGN (0x4)
 *(.text)
 .text          0x08000110      0x21c /home/lorolol/.config/Code/User/globalStorage/bmd.stm32-for-vscode/@xpack-dev-tools/arm-none-eabi-gcc/13.2.1-1.1.1/.content/bin/../lib/gcc/arm-none-eabi/13.2.1/thumb/v7-m/nofp/libgcc.a(_arm_addsubsf3.o)
                0x08000110                __aeabi_frsub
                0x08000118                __subsf3
                0x08000118                __aeabi_fsub
                0x0800011c                __aeabi_fadd
                0x0800011c                __addsf3
                0x0800027c                __aeabi_ui2f
                0x0800027c                __floatunsisf
                0x08000284                __aeabi_i2f
                0x08000284                __floatsisf
                0x080002a0                __floatundisf
                0x080002a0                __aeabi_ul2f
                0x080002b0                __floatdisf
                0x080002b0                __aeabi_l2f
 .text          0x0800032c      0x2a0 /home/lorolol/.config/Code/User/globalStorage/bmd.stm32-for-vscode/@xpack-dev-tools/arm-none-eabi-gcc/13.2.1-1.1.1/.content/bin/../lib/gcc/arm-none-eabi/13.2.1/thumb/v7-m/nofp/libgcc.a(_arm_muldivsf3.o)
                0x0800032c                __mulsf3
                0x0800032c                __aeabi_fmul
                0x08000494                __divsf3
                0x08000494                __aeabi_fdiv
 *(.text*)
 .text.__do_global_dtors_aux
                0x080005cc       0x24 /home/lorolol/.config/Code/User/globalStorage/bmd.stm32-for-vscode/@xpack-dev-tools/arm-none-eabi-gcc/13.2.1-1.1.1/.content/bin/../lib/gcc/arm-none-eabi/13.2.1/thumb/v7-m/nofp/crtbegin.o
 .text.frame_dummy
                0x080005f0       0x1c /home/lorolol/.config/Code/User/globalStorage/bmd.stm32-for-vscode/@xpack-dev-tools/arm-none-eabi-gcc/13.2.1-1.1.1/.content/bin/../lib/gcc/arm-none-eabi/13.2.1/thumb/v7-m/nofp/crtbegin.o
 .text.MX_CAN_Init
                0x0800060c       0x80 build/can.o
                0x0800060c                MX_CAN_Init
 .text.HAL_CAN_MspInit
                0x0800068c       0x98 build/can.o
                0x0800068c                HAL_CAN_MspInit
 .text.StartDefaultTask
                0x08000724        0xa build/freertos.o
                0x08000724                StartDefaultTask
 *fill*         0x0800072e        0x2 
 .text.Start_CAN_handler
                0x08000730       0x70 build/freertos.o
                0x08000730                Start_CAN_handler
 .text.Start_RPM_handler
                0x080007a0       0x58 build/freertos.o
                0x080007a0                Start_RPM_handler
 .text.MX_FREERTOS_Init
                0x080007f8       0x7c build/freertos.o
                0x080007f8                MX_FREERTOS_Init
 .text.MX_GPIO_Init
                0x08000874       0xb4 build/gpio.o
                0x08000874                MX_GPIO_Init
 .text.HAL_GPIO_EXTI_Callback
                0x08000928       0x88 build/main.o
                0x08000928                HAL_GPIO_EXTI_Callback
 .text.HAL_TIM_PeriodElapsedCallback
                0x080009b0       0x18 build/main.o
                0x080009b0                HAL_TIM_PeriodElapsedCallback
 .text.Error_Handler
                0x080009c8        0x4 build/main.o
                0x080009c8                Error_Handler
 .text.SystemClock_Config
                0x080009cc       0x64 build/main.o
                0x080009cc                SystemClock_Config
 .text.main     0x08000a30       0x20 build/main.o
                0x08000a30                main
 .text.rpm_calculate
                0x08000a50       0x38 build/rpm.o
                0x08000a50                rpm_calculate
 .text.HAL_MspInit
                0x08000a88       0x54 build/stm32f1xx_hal_msp.o
                0x08000a88                HAL_MspInit
 .text.HAL_InitTick
                0x08000adc       0x94 build/stm32f1xx_hal_timebase_tim.o
                0x08000adc                HAL_InitTick
 .text.NMI_Handler
                0x08000b70        0x2 build/stm32f1xx_it.o
                0x08000b70                NMI_Handler
 .text.HardFault_Handler
                0x08000b72        0x2 build/stm32f1xx_it.o
                0x08000b72                HardFault_Handler
 .text.MemManage_Handler
                0x08000b74        0x2 build/stm32f1xx_it.o
                0x08000b74                MemManage_Handler
 .text.BusFault_Handler
                0x08000b76        0x2 build/stm32f1xx_it.o
                0x08000b76                BusFault_Handler
 .text.UsageFault_Handler
                0x08000b78        0x2 build/stm32f1xx_it.o
                0x08000b78                UsageFault_Handler
 .text.DebugMon_Handler
                0x08000b7a        0x2 build/stm32f1xx_it.o
                0x08000b7a                DebugMon_Handler
 .text.USB_LP_CAN1_RX0_IRQHandler
                0x08000b7c       0x10 build/stm32f1xx_it.o
                0x08000b7c                USB_LP_CAN1_RX0_IRQHandler
 .text.EXTI9_5_IRQHandler
                0x08000b8c        0xa build/stm32f1xx_it.o
                0x08000b8c                EXTI9_5_IRQHandler
 *fill*         0x08000b96        0x2 
 .text.TIM1_UP_IRQHandler
                0x08000b98       0x10 build/stm32f1xx_it.o
                0x08000b98                TIM1_UP_IRQHandler
 .text._sbrk    0x08000ba8       0x48 build/sysmem.o
                0x08000ba8                _sbrk
 .text.SystemInit
                0x08000bf0        0x2 build/system_stm32f1xx.o
                0x08000bf0                SystemInit
 *fill*         0x08000bf2        0x2 
 .text.HAL_Init
                0x08000bf4       0x24 build/stm32f1xx_hal.o
                0x08000bf4                HAL_Init
 .text.HAL_IncTick
                0x08000c18       0x18 build/stm32f1xx_hal.o
                0x08000c18                HAL_IncTick
 .text.HAL_GetTick
                0x08000c30        0xc build/stm32f1xx_hal.o
                0x08000c30                HAL_GetTick
 .text.HAL_CAN_Init
                0x08000c3c      0x14c build/stm32f1xx_hal_can.o
                0x08000c3c                HAL_CAN_Init
 .text.HAL_CAN_ConfigFilter
                0x08000d88      0x10c build/stm32f1xx_hal_can.o
                0x08000d88                HAL_CAN_ConfigFilter
 .text.HAL_CAN_Start
                0x08000e94       0x5c build/stm32f1xx_hal_can.o
                0x08000e94                HAL_CAN_Start
 .text.HAL_CAN_AddTxMessage
                0x08000ef0       0xea build/stm32f1xx_hal_can.o
                0x08000ef0                HAL_CAN_AddTxMessage
 .text.HAL_CAN_TxMailbox0CompleteCallback
                0x08000fda        0x2 build/stm32f1xx_hal_can.o
                0x08000fda                HAL_CAN_TxMailbox0CompleteCallback
 .text.HAL_CAN_TxMailbox1CompleteCallback
                0x08000fdc        0x2 build/stm32f1xx_hal_can.o
                0x08000fdc                HAL_CAN_TxMailbox1CompleteCallback
 .text.HAL_CAN_TxMailbox2CompleteCallback
                0x08000fde        0x2 build/stm32f1xx_hal_can.o
                0x08000fde                HAL_CAN_TxMailbox2CompleteCallback
 .text.HAL_CAN_TxMailbox0AbortCallback
                0x08000fe0        0x2 build/stm32f1xx_hal_can.o
                0x08000fe0                HAL_CAN_TxMailbox0AbortCallback
 .text.HAL_CAN_TxMailbox1AbortCallback
                0x08000fe2        0x2 build/stm32f1xx_hal_can.o
                0x08000fe2                HAL_CAN_TxMailbox1AbortCallback
 .text.HAL_CAN_TxMailbox2AbortCallback
                0x08000fe4        0x2 build/stm32f1xx_hal_can.o
                0x08000fe4                HAL_CAN_TxMailbox2AbortCallback
 .text.HAL_CAN_RxFifo0MsgPendingCallback
                0x08000fe6        0x2 build/stm32f1xx_hal_can.o
                0x08000fe6                HAL_CAN_RxFifo0MsgPendingCallback
 .text.HAL_CAN_RxFifo0FullCallback
                0x08000fe8        0x2 build/stm32f1xx_hal_can.o
                0x08000fe8                HAL_CAN_RxFifo0FullCallback
 .text.HAL_CAN_RxFifo1MsgPendingCallback
                0x08000fea        0x2 build/stm32f1xx_hal_can.o
                0x08000fea                HAL_CAN_RxFifo1MsgPendingCallback
 .text.HAL_CAN_RxFifo1FullCallback
                0x08000fec        0x2 build/stm32f1xx_hal_can.o
                0x08000fec                HAL_CAN_RxFifo1FullCallback
 .text.HAL_CAN_SleepCallback
                0x08000fee        0x2 build/stm32f1xx_hal_can.o
                0x08000fee                HAL_CAN_SleepCallback
 .text.HAL_CAN_WakeUpFromRxMsgCallback
                0x08000ff0        0x2 build/stm32f1xx_hal_can.o
                0x08000ff0                HAL_CAN_WakeUpFromRxMsgCallback
 .text.HAL_CAN_ErrorCallback
                0x08000ff2        0x2 build/stm32f1xx_hal_can.o
                0x08000ff2                HAL_CAN_ErrorCallback
 .text.HAL_CAN_IRQHandler
                0x08000ff4      0x250 build/stm32f1xx_hal_can.o
                0x08000ff4                HAL_CAN_IRQHandler
 .text.__NVIC_SetPriority
                0x08001244       0x28 build/stm32f1xx_hal_cortex.o
 .text.NVIC_EncodePriority
                0x0800126c       0x3e build/stm32f1xx_hal_cortex.o
 *fill*         0x080012aa        0x2 
 .text.HAL_NVIC_SetPriorityGrouping
                0x080012ac       0x24 build/stm32f1xx_hal_cortex.o
                0x080012ac                HAL_NVIC_SetPriorityGrouping
 .text.HAL_NVIC_SetPriority
                0x080012d0       0x20 build/stm32f1xx_hal_cortex.o
                0x080012d0                HAL_NVIC_SetPriority
 .text.HAL_NVIC_EnableIRQ
                0x080012f0       0x1c build/stm32f1xx_hal_cortex.o
                0x080012f0                HAL_NVIC_EnableIRQ
 .text.HAL_GPIO_Init
                0x0800130c      0x21c build/stm32f1xx_hal_gpio.o
                0x0800130c                HAL_GPIO_Init
 .text.HAL_GPIO_WritePin
                0x08001528        0xc build/stm32f1xx_hal_gpio.o
                0x08001528                HAL_GPIO_WritePin
 .text.HAL_GPIO_TogglePin
                0x08001534       0x12 build/stm32f1xx_hal_gpio.o
                0x08001534                HAL_GPIO_TogglePin
 *fill*         0x08001546        0x2 
 .text.HAL_GPIO_EXTI_IRQHandler
                0x08001548       0x1c build/stm32f1xx_hal_gpio.o
                0x08001548                HAL_GPIO_EXTI_IRQHandler
 .text.RCC_Delay
                0x08001564       0x2c build/stm32f1xx_hal_rcc.o
 .text.HAL_RCC_OscConfig
                0x08001590      0x410 build/stm32f1xx_hal_rcc.o
                0x08001590                HAL_RCC_OscConfig
 .text.HAL_RCC_GetSysClockFreq
                0x080019a0       0x54 build/stm32f1xx_hal_rcc.o
                0x080019a0                HAL_RCC_GetSysClockFreq
 .text.HAL_RCC_ClockConfig
                0x080019f4      0x16c build/stm32f1xx_hal_rcc.o
                0x080019f4                HAL_RCC_ClockConfig
 .text.HAL_RCC_GetHCLKFreq
                0x08001b60        0xc build/stm32f1xx_hal_rcc.o
                0x08001b60                HAL_RCC_GetHCLKFreq
 .text.HAL_RCC_GetPCLK2Freq
                0x08001b6c       0x20 build/stm32f1xx_hal_rcc.o
                0x08001b6c                HAL_RCC_GetPCLK2Freq
 .text.HAL_RCC_GetClockConfig
                0x08001b8c       0x3c build/stm32f1xx_hal_rcc.o
                0x08001b8c                HAL_RCC_GetClockConfig
 .text.HAL_TIM_Base_MspInit
                0x08001bc8        0x2 build/stm32f1xx_hal_tim.o
                0x08001bc8                HAL_TIM_Base_MspInit
 *fill*         0x08001bca        0x2 
 .text.HAL_TIM_Base_Start_IT
                0x08001bcc       0x68 build/stm32f1xx_hal_tim.o
                0x08001bcc                HAL_TIM_Base_Start_IT
 .text.HAL_TIM_OC_DelayElapsedCallback
                0x08001c34        0x2 build/stm32f1xx_hal_tim.o
                0x08001c34                HAL_TIM_OC_DelayElapsedCallback
 .text.HAL_TIM_IC_CaptureCallback
                0x08001c36        0x2 build/stm32f1xx_hal_tim.o
                0x08001c36                HAL_TIM_IC_CaptureCallback
 .text.HAL_TIM_PWM_PulseFinishedCallback
                0x08001c38        0x2 build/stm32f1xx_hal_tim.o
                0x08001c38                HAL_TIM_PWM_PulseFinishedCallback
 .text.HAL_TIM_TriggerCallback
                0x08001c3a        0x2 build/stm32f1xx_hal_tim.o
                0x08001c3a                HAL_TIM_TriggerCallback
 .text.HAL_TIM_IRQHandler
                0x08001c3c      0x17a build/stm32f1xx_hal_tim.o
                0x08001c3c                HAL_TIM_IRQHandler
 *fill*         0x08001db6        0x2 
 .text.TIM_Base_SetConfig
                0x08001db8       0x74 build/stm32f1xx_hal_tim.o
                0x08001db8                TIM_Base_SetConfig
 .text.HAL_TIM_Base_Init
                0x08001e2c       0x58 build/stm32f1xx_hal_tim.o
                0x08001e2c                HAL_TIM_Base_Init
 .text.HAL_TIMEx_CommutCallback
                0x08001e84        0x2 build/stm32f1xx_hal_tim_ex.o
                0x08001e84                HAL_TIMEx_CommutCallback
 .text.HAL_TIMEx_BreakCallback
                0x08001e86        0x2 build/stm32f1xx_hal_tim_ex.o
                0x08001e86                HAL_TIMEx_BreakCallback
 .text.osKernelInitialize
                0x08001e88       0x44 build/cmsis_os2.o
                0x08001e88                osKernelInitialize
 .text.osKernelStart
                0x08001ecc       0x4c build/cmsis_os2.o
                0x08001ecc                osKernelStart
 .text.osKernelGetTickCount
                0x08001f18       0x2c build/cmsis_os2.o
                0x08001f18                osKernelGetTickCount
 .text.osThreadNew
                0x08001f44       0xec build/cmsis_os2.o
                0x08001f44                osThreadNew
 .text.osDelay  0x08002030       0x44 build/cmsis_os2.o
                0x08002030                osDelay
 .text.osEventFlagsNew
                0x08002074       0x68 build/cmsis_os2.o
                0x08002074                osEventFlagsNew
 .text.osEventFlagsSet
                0x080020dc       0x7c build/cmsis_os2.o
                0x080020dc                osEventFlagsSet
 .text.osEventFlagsClear
                0x08002158       0x60 build/cmsis_os2.o
                0x08002158                osEventFlagsClear
 .text.osEventFlagsWait
                0x080021b8       0x9c build/cmsis_os2.o
                0x080021b8                osEventFlagsWait
 .text.osMessageQueueNew
                0x08002254       0xbc build/cmsis_os2.o
                0x08002254                osMessageQueueNew
 .text.osMessageQueuePut
                0x08002310       0xa0 build/cmsis_os2.o
                0x08002310                osMessageQueuePut
 .text.osMessageQueueGet
                0x080023b0       0x9c build/cmsis_os2.o
                0x080023b0                osMessageQueueGet
 .text.osMessageQueueGetCapacity
                0x0800244c        0xa build/cmsis_os2.o
                0x0800244c                osMessageQueueGetCapacity
 *fill*         0x08002456        0x2 
 .text.osMessageQueueGetCount
                0x08002458       0x38 build/cmsis_os2.o
                0x08002458                osMessageQueueGetCount
 .text.osMessageQueueReset
                0x08002490       0x48 build/cmsis_os2.o
                0x08002490                osMessageQueueReset
 .text.vApplicationGetIdleTaskMemory
                0x080024d8       0x18 build/cmsis_os2.o
                0x080024d8                vApplicationGetIdleTaskMemory
 .text.vApplicationGetTimerTaskMemory
                0x080024f0       0x18 build/cmsis_os2.o
                0x080024f0                vApplicationGetTimerTaskMemory
 .text.prvTestWaitCondition
                0x08002508       0x1a build/event_groups.o
 .text.xEventGroupCreateStatic
                0x08002522       0x4a build/event_groups.o
                0x08002522                xEventGroupCreateStatic
 .text.xEventGroupCreate
                0x0800256c       0x1c build/event_groups.o
                0x0800256c                xEventGroupCreate
 .text.xEventGroupWaitBits
                0x08002588      0x10a build/event_groups.o
                0x08002588                xEventGroupWaitBits
 .text.xEventGroupClearBits
                0x08002692       0x46 build/event_groups.o
                0x08002692                xEventGroupClearBits
 .text.vEventGroupClearBitsCallback
                0x080026d8        0x8 build/event_groups.o
                0x080026d8                vEventGroupClearBitsCallback
 .text.xEventGroupClearBitsFromISR
                0x080026e0       0x14 build/event_groups.o
                0x080026e0                xEventGroupClearBitsFromISR
 .text.xEventGroupGetBitsFromISR
                0x080026f4       0x1c build/event_groups.o
                0x080026f4                xEventGroupGetBitsFromISR
 .text.xEventGroupSetBits
                0x08002710       0x8e build/event_groups.o
                0x08002710                xEventGroupSetBits
 .text.vEventGroupSetBitsCallback
                0x0800279e        0x8 build/event_groups.o
                0x0800279e                vEventGroupSetBitsCallback
 *fill*         0x080027a6        0x2 
 .text.xEventGroupSetBitsFromISR
                0x080027a8       0x14 build/event_groups.o
                0x080027a8                xEventGroupSetBitsFromISR
 .text.vListInitialise
                0x080027bc       0x16 build/list.o
                0x080027bc                vListInitialise
 .text.vListInitialiseItem
                0x080027d2        0x6 build/list.o
                0x080027d2                vListInitialiseItem
 .text.vListInsertEnd
                0x080027d8       0x16 build/list.o
                0x080027d8                vListInsertEnd
 .text.vListInsert
                0x080027ee       0x32 build/list.o
                0x080027ee                vListInsert
 .text.uxListRemove
                0x08002820       0x26 build/list.o
                0x08002820                uxListRemove
 *fill*         0x08002846        0x2 
 .text.prvTaskExitError
                0x08002848       0x40 build/port.o
 .text.prvPortStartFirstTask
                0x08002888       0x20 build/port.o
 .text.pxPortInitialiseStack
                0x080028a8       0x24 build/port.o
                0x080028a8                pxPortInitialiseStack
 *fill*         0x080028cc        0x4 
 .text.SVC_Handler
                0x080028d0       0x24 build/port.o
                0x080028d0                SVC_Handler
 .text.vPortEnterCritical
                0x080028f4       0x44 build/port.o
                0x080028f4                vPortEnterCritical
 .text.vPortExitCritical
                0x08002938       0x2c build/port.o
                0x08002938                vPortExitCritical
 *fill*         0x08002964        0xc 
 .text.PendSV_Handler
                0x08002970       0x44 build/port.o
                0x08002970                PendSV_Handler
 .text.SysTick_Handler
                0x080029b4       0x2c build/port.o
                0x080029b4                SysTick_Handler
 .text.vPortSetupTimerInterrupt
                0x080029e0       0x28 build/port.o
                0x080029e0                vPortSetupTimerInterrupt
 .text.xPortStartScheduler
                0x08002a08       0xc0 build/port.o
                0x08002a08                xPortStartScheduler
 .text.vPortValidateInterruptPriority
                0x08002ac8       0x5c build/port.o
                0x08002ac8                vPortValidateInterruptPriority
 .text.prvHeapInit
                0x08002b24       0x64 build/heap_4.o
 .text.prvInsertBlockIntoFreeList
                0x08002b88       0x60 build/heap_4.o
 .text.pvPortMalloc
                0x08002be8       0xf8 build/heap_4.o
                0x08002be8                pvPortMalloc
 .text.vPortFree
                0x08002ce0       0x70 build/heap_4.o
                0x08002ce0                vPortFree
 .text.prvIsQueueFull
                0x08002d50       0x1e build/queue.o
 .text.prvIsQueueEmpty
                0x08002d6e       0x1a build/queue.o
 .text.prvCopyDataToQueue
                0x08002d88       0x76 build/queue.o
 .text.prvCopyDataFromQueue
                0x08002dfe       0x24 build/queue.o
 .text.prvUnlockQueue
                0x08002e22       0x6e build/queue.o
 .text.xQueueGenericReset
                0x08002e90       0x84 build/queue.o
                0x08002e90                xQueueGenericReset
 .text.prvInitialiseNewQueue
                0x08002f14       0x22 build/queue.o
 .text.xQueueGenericCreateStatic
                0x08002f36       0x92 build/queue.o
                0x08002f36                xQueueGenericCreateStatic
 .text.xQueueGenericCreate
                0x08002fc8       0x4e build/queue.o
                0x08002fc8                xQueueGenericCreate
 .text.xQueueGenericSend
                0x08003016      0x188 build/queue.o
                0x08003016                xQueueGenericSend
 .text.xQueueGenericSendFromISR
                0x0800319e       0xcc build/queue.o
                0x0800319e                xQueueGenericSendFromISR
 .text.xQueueReceive
                0x0800326a      0x15e build/queue.o
                0x0800326a                xQueueReceive
 .text.xQueueReceiveFromISR
                0x080033c8       0xae build/queue.o
                0x080033c8                xQueueReceiveFromISR
 .text.uxQueueMessagesWaiting
                0x08003476       0x26 build/queue.o
                0x08003476                uxQueueMessagesWaiting
 .text.uxQueueMessagesWaitingFromISR
                0x0800349c       0x18 build/queue.o
                0x0800349c                uxQueueMessagesWaitingFromISR
 .text.vQueueAddToRegistry
                0x080034b4       0x28 build/queue.o
                0x080034b4                vQueueAddToRegistry
 .text.vQueueWaitForMessageRestricted
                0x080034dc       0x52 build/queue.o
                0x080034dc                vQueueWaitForMessageRestricted
 *fill*         0x0800352e        0x2 
 .text.prvResetNextTaskUnblockTime
                0x08003530       0x2c build/tasks.o
 .text.prvInitialiseNewTask
                0x0800355c       0x98 build/tasks.o
 .text.prvInitialiseTaskLists
                0x080035f4       0x68 build/tasks.o
 .text.prvAddNewTaskToReadyList
                0x0800365c       0xac build/tasks.o
 .text.prvDeleteTCB
                0x08003708       0x38 build/tasks.o
 .text.prvCheckTasksWaitingTermination
                0x08003740       0x4c build/tasks.o
 .text.prvIdleTask
                0x0800378c       0x28 build/tasks.o
 .text.prvAddCurrentTaskToDelayedList
                0x080037b4       0x7c build/tasks.o
 .text.xTaskCreateStatic
                0x08003830       0x74 build/tasks.o
                0x08003830                xTaskCreateStatic
 .text.xTaskCreate
                0x080038a4       0x64 build/tasks.o
                0x080038a4                xTaskCreate
 .text.vTaskStartScheduler
                0x08003908       0x98 build/tasks.o
                0x08003908                vTaskStartScheduler
 .text.vTaskSuspendAll
                0x080039a0       0x10 build/tasks.o
                0x080039a0                vTaskSuspendAll
 .text.xTaskGetTickCount
                0x080039b0        0xc build/tasks.o
                0x080039b0                xTaskGetTickCount
 .text.xTaskGetTickCountFromISR
                0x080039bc       0x10 build/tasks.o
                0x080039bc                xTaskGetTickCountFromISR
 .text.xTaskIncrementTick
                0x080039cc      0x118 build/tasks.o
                0x080039cc                xTaskIncrementTick
 .text.xTaskResumeAll
                0x08003ae4       0xf8 build/tasks.o
                0x08003ae4                xTaskResumeAll
 .text.vTaskDelay
                0x08003bdc       0x4c build/tasks.o
                0x08003bdc                vTaskDelay
 .text.vTaskSwitchContext
                0x08003c28       0x98 build/tasks.o
                0x08003c28                vTaskSwitchContext
 .text.vTaskPlaceOnEventList
                0x08003cc0       0x30 build/tasks.o
                0x08003cc0                vTaskPlaceOnEventList
 .text.vTaskPlaceOnUnorderedEventList
                0x08003cf0       0x58 build/tasks.o
                0x08003cf0                vTaskPlaceOnUnorderedEventList
 .text.vTaskPlaceOnEventListRestricted
                0x08003d48       0x38 build/tasks.o
                0x08003d48                vTaskPlaceOnEventListRestricted
 .text.xTaskRemoveFromEventList
                0x08003d80       0x8c build/tasks.o
                0x08003d80                xTaskRemoveFromEventList
 .text.vTaskRemoveFromUnorderedEventList
                0x08003e0c       0x88 build/tasks.o
                0x08003e0c                vTaskRemoveFromUnorderedEventList
 .text.vTaskInternalSetTimeOutState
                0x08003e94       0x18 build/tasks.o
                0x08003e94                vTaskInternalSetTimeOutState
 .text.xTaskCheckForTimeOut
                0x08003eac       0x84 build/tasks.o
                0x08003eac                xTaskCheckForTimeOut
 .text.vTaskMissedYield
                0x08003f30        0xc build/tasks.o
                0x08003f30                vTaskMissedYield
 .text.xTaskGetSchedulerState
                0x08003f3c       0x20 build/tasks.o
                0x08003f3c                xTaskGetSchedulerState
 .text.xTaskPriorityDisinherit
                0x08003f5c       0x90 build/tasks.o
                0x08003f5c                xTaskPriorityDisinherit
 .text.uxTaskResetEventItemValue
                0x08003fec       0x18 build/tasks.o
                0x08003fec                uxTaskResetEventItemValue
 .text.prvGetNextExpireTime
                0x08004004       0x20 build/timers.o
 .text.prvInsertTimerInActiveList
                0x08004024       0x48 build/timers.o
 .text.prvCheckForValidListAndQueue
                0x0800406c       0x70 build/timers.o
 .text.xTimerCreateTimerTask
                0x080040dc       0x64 build/timers.o
                0x080040dc                xTimerCreateTimerTask
 .text.xTimerGenericCommand
                0x08004140       0x6c build/timers.o
                0x08004140                xTimerGenericCommand
 .text.prvSwitchTimerLists
                0x080041ac       0x78 build/timers.o
 .text.prvSampleTimeNow
                0x08004224       0x2c build/timers.o
 .text.prvProcessExpiredTimer
                0x08004250       0x60 build/timers.o
 .text.prvProcessTimerOrBlockTask
                0x080042b0       0x70 build/timers.o
 .text.prvProcessReceivedCommands
                0x08004320       0xf8 build/timers.o
 .text.prvTimerTask
                0x08004418       0x16 build/timers.o
 *fill*         0x0800442e        0x2 
 .text.xTimerPendFunctionCallFromISR
                0x08004430       0x28 build/timers.o
                0x08004430                xTimerPendFunctionCallFromISR
 .text.Reset_Handler
                0x08004458       0x48 build/startup_stm32f103xb.o
                0x08004458                Reset_Handler
 .text.Default_Handler
                0x080044a0        0x2 build/startup_stm32f103xb.o
                0x080044a0                RTC_Alarm_IRQHandler
                0x080044a0                EXTI2_IRQHandler
                0x080044a0                TIM1_CC_IRQHandler
                0x080044a0                PVD_IRQHandler
                0x080044a0                EXTI3_IRQHandler
                0x080044a0                EXTI0_IRQHandler
                0x080044a0                I2C2_EV_IRQHandler
                0x080044a0                ADC1_2_IRQHandler
                0x080044a0                SPI1_IRQHandler
                0x080044a0                TAMPER_IRQHandler
                0x080044a0                DMA1_Channel4_IRQHandler
                0x080044a0                USART3_IRQHandler
                0x080044a0                RTC_IRQHandler
                0x080044a0                DMA1_Channel7_IRQHandler
                0x080044a0                CAN1_RX1_IRQHandler
                0x080044a0                TIM4_IRQHandler
                0x080044a0                I2C1_EV_IRQHandler
                0x080044a0                DMA1_Channel6_IRQHandler
                0x080044a0                TIM3_IRQHandler
                0x080044a0                RCC_IRQHandler
                0x080044a0                TIM1_TRG_COM_IRQHandler
                0x080044a0                DMA1_Channel1_IRQHandler
                0x080044a0                Default_Handler
                0x080044a0                EXTI15_10_IRQHandler
                0x080044a0                SPI2_IRQHandler
                0x080044a0                DMA1_Channel5_IRQHandler
                0x080044a0                EXTI4_IRQHandler
                0x080044a0                USB_HP_CAN1_TX_IRQHandler
                0x080044a0                DMA1_Channel3_IRQHandler
                0x080044a0                WWDG_IRQHandler
                0x080044a0                TIM2_IRQHandler
                0x080044a0                TIM1_BRK_IRQHandler
                0x080044a0                EXTI1_IRQHandler
                0x080044a0                USART2_IRQHandler
                0x080044a0                I2C2_ER_IRQHandler
                0x080044a0                DMA1_Channel2_IRQHandler
                0x080044a0                CAN1_SCE_IRQHandler
                0x080044a0                FLASH_IRQHandler
                0x080044a0                USART1_IRQHandler
                0x080044a0                I2C1_ER_IRQHandler
                0x080044a0                USBWakeUp_IRQHandler
 *fill*         0x080044a2        0x2 
 .text.malloc   0x080044a4       0x10 /home/lorolol/.config/Code/User/globalStorage/bmd.stm32-for-vscode/@xpack-dev-tools/arm-none-eabi-gcc/13.2.1-1.1.1/.content/bin/../lib/gcc/arm-none-eabi/13.2.1/../../../../arm-none-eabi/lib/thumb/v7-m/nofp/libc_nano.a(libc_a-malloc.o)
                0x080044a4                malloc
 .text.free     0x080044b4       0x10 /home/lorolol/.config/Code/User/globalStorage/bmd.stm32-for-vscode/@xpack-dev-tools/arm-none-eabi-gcc/13.2.1-1.1.1/.content/bin/../lib/gcc/arm-none-eabi/13.2.1/../../../../arm-none-eabi/lib/thumb/v7-m/nofp/libc_nano.a(libc_a-malloc.o)
                0x080044b4                free
 .text.sbrk_aligned
                0x080044c4       0x44 /home/lorolol/.config/Code/User/globalStorage/bmd.stm32-for-vscode/@xpack-dev-tools/arm-none-eabi-gcc/13.2.1-1.1.1/.content/bin/../lib/gcc/arm-none-eabi/13.2.1/../../../../arm-none-eabi/lib/thumb/v7-m/nofp/libc_nano.a(libc_a-mallocr.o)
 .text._malloc_r
                0x08004508      0x100 /home/lorolol/.config/Code/User/globalStorage/bmd.stm32-for-vscode/@xpack-dev-tools/arm-none-eabi-gcc/13.2.1-1.1.1/.content/bin/../lib/gcc/arm-none-eabi/13.2.1/../../../../arm-none-eabi/lib/thumb/v7-m/nofp/libc_nano.a(libc_a-mallocr.o)
                0x08004508                _malloc_r
 .text.__malloc_lock
                0x08004608        0xc /home/lorolol/.config/Code/User/globalStorage/bmd.stm32-for-vscode/@xpack-dev-tools/arm-none-eabi-gcc/13.2.1-1.1.1/.content/bin/../lib/gcc/arm-none-eabi/13.2.1/../../../../arm-none-eabi/lib/thumb/v7-m/nofp/libc_nano.a(libc_a-mlock.o)
                0x08004608                __malloc_lock
 .text.__malloc_unlock
                0x08004614        0xc /home/lorolol/.config/Code/User/globalStorage/bmd.stm32-for-vscode/@xpack-dev-tools/arm-none-eabi-gcc/13.2.1-1.1.1/.content/bin/../lib/gcc/arm-none-eabi/13.2.1/../../../../arm-none-eabi/lib/thumb/v7-m/nofp/libc_nano.a(libc_a-mlock.o)
                0x08004614                __malloc_unlock
 .text.memset   0x08004620       0x10 /home/lorolol/.config/Code/User/globalStorage/bmd.stm32-for-vscode/@xpack-dev-tools/arm-none-eabi-gcc/13.2.1-1.1.1/.content/bin/../lib/gcc/arm-none-eabi/13.2.1/../../../../arm-none-eabi/lib/thumb/v7-m/nofp/libc_nano.a(libc_a-memset.o)
                0x08004620                memset
 .text._sbrk_r  0x08004630       0x20 /home/lorolol/.config/Code/User/globalStorage/bmd.stm32-for-vscode/@xpack-dev-tools/arm-none-eabi-gcc/13.2.1-1.1.1/.content/bin/../lib/gcc/arm-none-eabi/13.2.1/../../../../arm-none-eabi/lib/thumb/v7-m/nofp/libc_nano.a(libc_a-sbrkr.o)
                0x08004630                _sbrk_r
 .text.__errno  0x08004650        0xc /home/lorolol/.config/Code/User/globalStorage/bmd.stm32-for-vscode/@xpack-dev-tools/arm-none-eabi-gcc/13.2.1-1.1.1/.content/bin/../lib/gcc/arm-none-eabi/13.2.1/../../../../arm-none-eabi/lib/thumb/v7-m/nofp/libc_nano.a(libc_a-errno.o)
                0x08004650                __errno
 .text.__libc_init_array
                0x0800465c       0x48 /home/lorolol/.config/Code/User/globalStorage/bmd.stm32-for-vscode/@xpack-dev-tools/arm-none-eabi-gcc/13.2.1-1.1.1/.content/bin/../lib/gcc/arm-none-eabi/13.2.1/../../../../arm-none-eabi/lib/thumb/v7-m/nofp/libc_nano.a(libc_a-init.o)
                0x0800465c                __libc_init_array
 .text.__retarget_lock_acquire_recursive
                0x080046a4        0x2 /home/lorolol/.config/Code/User/globalStorage/bmd.stm32-for-vscode/@xpack-dev-tools/arm-none-eabi-gcc/13.2.1-1.1.1/.content/bin/../lib/gcc/arm-none-eabi/13.2.1/../../../../arm-none-eabi/lib/thumb/v7-m/nofp/libc_nano.a(libc_a-lock.o)
                0x080046a4                __retarget_lock_acquire_recursive
 .text.__retarget_lock_release_recursive
                0x080046a6        0x2 /home/lorolol/.config/Code/User/globalStorage/bmd.stm32-for-vscode/@xpack-dev-tools/arm-none-eabi-gcc/13.2.1-1.1.1/.content/bin/../lib/gcc/arm-none-eabi/13.2.1/../../../../arm-none-eabi/lib/thumb/v7-m/nofp/libc_nano.a(libc_a-lock.o)
                0x080046a6                __retarget_lock_release_recursive
 .text.memcpy   0x080046a8       0x1c /home/lorolol/.config/Code/User/globalStorage/bmd.stm32-for-vscode/@xpack-dev-tools/arm-none-eabi-gcc/13.2.1-1.1.1/.content/bin/../lib/gcc/arm-none-eabi/13.2.1/../../../../arm-none-eabi/lib/thumb/v7-m/nofp/libc_nano.a(libc_a-memcpy-stub.o)
                0x080046a8                memcpy
 .text._free_r  0x080046c4       0x90 /home/lorolol/.config/Code/User/globalStorage/bmd.stm32-for-vscode/@xpack-dev-tools/arm-none-eabi-gcc/13.2.1-1.1.1/.content/bin/../lib/gcc/arm-none-eabi/13.2.1/../../../../arm-none-eabi/lib/thumb/v7-m/nofp/libc_nano.a(libc_a-freer.o)
                0x080046c4                _free_r
 *(.glue_7)
 .glue_7        0x08004754        0x0 linker stubs
 *(.glue_7t)
 .glue_7t       0x08004754        0x0 linker stubs
 *(.eh_frame)
 .eh_frame      0x08004754        0x0 /home/lorolol/.config/Code/User/globalStorage/bmd.stm32-for-vscode/@xpack-dev-tools/arm-none-eabi-gcc/13.2.1-1.1.1/.content/bin/../lib/gcc/arm-none-eabi/13.2.1/thumb/v7-m/nofp/crtbegin.o
 *(.init)
 .init          0x08004754        0x4 /home/lorolol/.config/Code/User/globalStorage/bmd.stm32-for-vscode/@xpack-dev-tools/arm-none-eabi-gcc/13.2.1-1.1.1/.content/bin/../lib/gcc/arm-none-eabi/13.2.1/thumb/v7-m/nofp/crti.o
                0x08004754                _init
 .init          0x08004758        0x8 /home/lorolol/.config/Code/User/globalStorage/bmd.stm32-for-vscode/@xpack-dev-tools/arm-none-eabi-gcc/13.2.1-1.1.1/.content/bin/../lib/gcc/arm-none-eabi/13.2.1/thumb/v7-m/nofp/crtn.o
 *(.fini)
 .fini          0x08004760        0x4 /home/lorolol/.config/Code/User/globalStorage/bmd.stm32-for-vscode/@xpack-dev-tools/arm-none-eabi-gcc/13.2.1-1.1.1/.content/bin/../lib/gcc/arm-none-eabi/13.2.1/thumb/v7-m/nofp/crti.o
                0x08004760                _fini
 .fini          0x08004764        0x8 /home/lorolol/.config/Code/User/globalStorage/bmd.stm32-for-vscode/@xpack-dev-tools/arm-none-eabi-gcc/13.2.1-1.1.1/.content/bin/../lib/gcc/arm-none-eabi/13.2.1/thumb/v7-m/nofp/crtn.o
                0x0800476c                        . = ALIGN (0x4)
                0x0800476c                        _etext = .

.vfp11_veneer   0x0800476c        0x0
 .vfp11_veneer  0x0800476c        0x0 linker stubs

.v4_bx          0x0800476c        0x0
 .v4_bx         0x0800476c        0x0 linker stubs

.iplt           0x0800476c        0x0
 .iplt          0x0800476c        0x0 /home/lorolol/.config/Code/User/globalStorage/bmd.stm32-for-vscode/@xpack-dev-tools/arm-none-eabi-gcc/13.2.1-1.1.1/.content/bin/../lib/gcc/arm-none-eabi/13.2.1/thumb/v7-m/nofp/crtbegin.o

.rodata         0x0800476c      0x110
                0x0800476c                        . = ALIGN (0x4)
 *(.rodata)
 *(.rodata*)
 .rodata.str1.4
                0x0800476c       0x50 build/freertos.o
                                 0x38 (size before relaxing)
 .rodata.itr_events_attributes
                0x080047bc       0x10 build/freertos.o
                0x080047bc                itr_events_attributes
 .rodata.CAN_Q_attributes
                0x080047cc       0x18 build/freertos.o
                0x080047cc                CAN_Q_attributes
 .rodata.RPM_handler_attributes
                0x080047e4       0x24 build/freertos.o
                0x080047e4                RPM_handler_attributes
 .rodata.CAN_handler_attributes
                0x08004808       0x24 build/freertos.o
                0x08004808                CAN_handler_attributes
 .rodata.defaultTask_attributes
                0x0800482c       0x24 build/freertos.o
                0x0800482c                defaultTask_attributes
 .rodata.APBPrescTable
                0x08004850        0x8 build/system_stm32f1xx.o
                0x08004850                APBPrescTable
 .rodata.AHBPrescTable
                0x08004858       0x10 build/system_stm32f1xx.o
                0x08004858                AHBPrescTable
 .rodata.aPredivFactorTable.0
                0x08004868        0x2 build/stm32f1xx_hal_rcc.o
 *fill*         0x0800486a        0x2 
 .rodata.aPLLMULFactorTable.1
                0x0800486c       0x10 build/stm32f1xx_hal_rcc.o
 .rodata.vTaskStartScheduler.str1.4
                0x0800487c        0x5 build/tasks.o
 .rodata.prvCheckForValidListAndQueue.str1.4
                0x0800487c        0x5 build/timers.o
 .rodata.xTimerCreateTimerTask.str1.4
                0x0800487c        0x8 build/timers.o
                0x08004884                        . = ALIGN (0x4)

.rel.dyn        0x0800487c        0x0
 .rel.iplt      0x0800487c        0x0 /home/lorolol/.config/Code/User/globalStorage/bmd.stm32-for-vscode/@xpack-dev-tools/arm-none-eabi-gcc/13.2.1-1.1.1/.content/bin/../lib/gcc/arm-none-eabi/13.2.1/thumb/v7-m/nofp/crtbegin.o

.ARM.extab
 *(.ARM.extab* .gnu.linkonce.armextab.*)

.ARM            0x0800487c        0x0
                0x0800487c                        __exidx_start = .
 *(.ARM.exidx*)
                0x0800487c                        __exidx_end = .

.preinit_array  0x0800487c        0x0
                0x0800487c                        PROVIDE (__preinit_array_start = .)
 *(.preinit_array*)
                0x0800487c                        PROVIDE (__preinit_array_end = .)

.init_array     0x0800487c        0x4
                0x0800487c                        PROVIDE (__init_array_start = .)
 *(SORT_BY_NAME(.init_array.*))
 *(.init_array*)
 .init_array    0x0800487c        0x4 /home/lorolol/.config/Code/User/globalStorage/bmd.stm32-for-vscode/@xpack-dev-tools/arm-none-eabi-gcc/13.2.1-1.1.1/.content/bin/../lib/gcc/arm-none-eabi/13.2.1/thumb/v7-m/nofp/crtbegin.o
                0x08004880                        PROVIDE (__init_array_end = .)

.fini_array     0x08004880        0x4
                0x08004880                        PROVIDE (__fini_array_start = .)
 *(SORT_BY_NAME(.fini_array.*))
 *(.fini_array*)
 .fini_array    0x08004880        0x4 /home/lorolol/.config/Code/User/globalStorage/bmd.stm32-for-vscode/@xpack-dev-tools/arm-none-eabi-gcc/13.2.1-1.1.1/.content/bin/../lib/gcc/arm-none-eabi/13.2.1/thumb/v7-m/nofp/crtbegin.o
                0x08004884                        PROVIDE (__fini_array_end = .)
                0x08004884                        _sidata = LOADADDR (.data)

.data           0x20000000       0x60 load address 0x08004884
                0x20000000                        . = ALIGN (0x4)
                0x20000000                        _sdata = .
 *(.data)
 *(.data*)
 .data.SystemCoreClock
                0x20000000        0x4 build/system_stm32f1xx.o
                0x20000000                SystemCoreClock
 .data.uwTickFreq
                0x20000004        0x1 build/stm32f1xx_hal.o
                0x20000004                uwTickFreq
 *fill*         0x20000005        0x3 
 .data.uwTickPrio
                0x20000008        0x4 build/stm32f1xx_hal.o
                0x20000008                uwTickPrio
 .data.uxCriticalNesting
                0x2000000c        0x4 build/port.o
 .data._impure_ptr
                0x20000010        0x4 /home/lorolol/.config/Code/User/globalStorage/bmd.stm32-for-vscode/@xpack-dev-tools/arm-none-eabi-gcc/13.2.1-1.1.1/.content/bin/../lib/gcc/arm-none-eabi/13.2.1/../../../../arm-none-eabi/lib/thumb/v7-m/nofp/libc_nano.a(libc_a-impure.o)
                0x20000010                _impure_ptr
 .data._impure_data
                0x20000014       0x4c /home/lorolol/.config/Code/User/globalStorage/bmd.stm32-for-vscode/@xpack-dev-tools/arm-none-eabi-gcc/13.2.1-1.1.1/.content/bin/../lib/gcc/arm-none-eabi/13.2.1/../../../../arm-none-eabi/lib/thumb/v7-m/nofp/libc_nano.a(libc_a-impure.o)
                0x20000014                _impure_data
                0x20000060                        . = ALIGN (0x4)
                0x20000060                        _edata = .

.igot.plt       0x20000060        0x0 load address 0x080048e4
 .igot.plt      0x20000060        0x0 /home/lorolol/.config/Code/User/globalStorage/bmd.stm32-for-vscode/@xpack-dev-tools/arm-none-eabi-gcc/13.2.1-1.1.1/.content/bin/../lib/gcc/arm-none-eabi/13.2.1/thumb/v7-m/nofp/crtbegin.o
                0x20000060                        . = ALIGN (0x4)

.bss            0x20000060     0x1ba0 load address 0x080048e4
                0x20000060                        _sbss = .
                0x20000060                        __bss_start__ = _sbss
 *(.bss)
 *(.bss*)
 .bss.completed.1
                0x20000060        0x1 /home/lorolol/.config/Code/User/globalStorage/bmd.stm32-for-vscode/@xpack-dev-tools/arm-none-eabi-gcc/13.2.1-1.1.1/.content/bin/../lib/gcc/arm-none-eabi/13.2.1/thumb/v7-m/nofp/crtbegin.o
 *fill*         0x20000061        0x3 
 .bss.object.0  0x20000064       0x18 /home/lorolol/.config/Code/User/globalStorage/bmd.stm32-for-vscode/@xpack-dev-tools/arm-none-eabi-gcc/13.2.1-1.1.1/.content/bin/../lib/gcc/arm-none-eabi/13.2.1/thumb/v7-m/nofp/crtbegin.o
 .bss.hcan      0x2000007c       0x28 build/can.o
                0x2000007c                hcan
 .bss.txmailbox
                0x200000a4        0x4 build/can.o
                0x200000a4                txmailbox
 .bss.can_filter
                0x200000a8       0x28 build/can.o
                0x200000a8                can_filter
 .bss.txheader  0x200000d0       0x18 build/can.o
                0x200000d0                txheader
 .bss.itr_eventsHandle
                0x200000e8        0x4 build/freertos.o
                0x200000e8                itr_eventsHandle
 .bss.CAN_QHandle
                0x200000ec        0x4 build/freertos.o
                0x200000ec                CAN_QHandle
 .bss.RPM_handlerHandle
                0x200000f0        0x4 build/freertos.o
                0x200000f0                RPM_handlerHandle
 .bss.CAN_handlerHandle
                0x200000f4        0x4 build/freertos.o
                0x200000f4                CAN_handlerHandle
 .bss.defaultTaskHandle
                0x200000f8        0x4 build/freertos.o
                0x200000f8                defaultTaskHandle
 .bss.msg       0x200000fc        0x8 build/freertos.o
                0x200000fc                msg
 .bss.rpm_curr_itr
                0x20000104        0x4 build/main.o
                0x20000104                rpm_curr_itr
 .bss.rpm_last_itr
                0x20000108        0x4 build/main.o
                0x20000108                rpm_last_itr
 .bss.rpm_counter
                0x2000010c        0x1 build/main.o
                0x2000010c                rpm_counter
 *fill*         0x2000010d        0x3 
 .bss.rpm_itr   0x20000110       0x10 build/main.o
                0x20000110                rpm_itr
 .bss.htim1     0x20000120       0x48 build/stm32f1xx_hal_timebase_tim.o
                0x20000120                htim1
 .bss.__sbrk_heap_end
                0x20000168        0x4 build/sysmem.o
 .bss.uwTick    0x2000016c        0x4 build/stm32f1xx_hal.o
                0x2000016c                uwTick
 .bss.Timer_Stack
                0x20000170      0x400 build/cmsis_os2.o
 .bss.Timer_TCB
                0x20000570       0x5c build/cmsis_os2.o
 .bss.Idle_Stack
                0x200005cc      0x200 build/cmsis_os2.o
 .bss.Idle_TCB  0x200007cc       0x5c build/cmsis_os2.o
 .bss.KernelState
                0x20000828        0x4 build/cmsis_os2.o
 .bss.ulMaxPRIGROUPValue
                0x2000082c        0x4 build/port.o
 .bss.ucMaxSysCallPriority
                0x20000830        0x1 build/port.o
 *fill*         0x20000831        0x3 
 .bss.xBlockAllocatedBit
                0x20000834        0x4 build/heap_4.o
 .bss.xMinimumEverFreeBytesRemaining
                0x20000838        0x4 build/heap_4.o
 .bss.xFreeBytesRemaining
                0x2000083c        0x4 build/heap_4.o
 .bss.pxEnd     0x20000840        0x4 build/heap_4.o
 .bss.xStart    0x20000844        0x8 build/heap_4.o
 .bss.ucHeap    0x2000084c      0xc00 build/heap_4.o
 .bss.xQueueRegistry
                0x2000144c       0x40 build/queue.o
                0x2000144c                xQueueRegistry
 .bss.uxSchedulerSuspended
                0x2000148c        0x4 build/tasks.o
 .bss.xIdleTaskHandle
                0x20001490        0x4 build/tasks.o
 .bss.xNextTaskUnblockTime
                0x20001494        0x4 build/tasks.o
 .bss.uxTaskNumber
                0x20001498        0x4 build/tasks.o
 .bss.xNumOfOverflows
                0x2000149c        0x4 build/tasks.o
 .bss.xYieldPending
                0x200014a0        0x4 build/tasks.o
 .bss.uxPendedTicks
                0x200014a4        0x4 build/tasks.o
 .bss.xSchedulerRunning
                0x200014a8        0x4 build/tasks.o
 .bss.uxTopReadyPriority
                0x200014ac        0x4 build/tasks.o
 .bss.xTickCount
                0x200014b0        0x4 build/tasks.o
 .bss.uxCurrentNumberOfTasks
                0x200014b4        0x4 build/tasks.o
 .bss.xSuspendedTaskList
                0x200014b8       0x14 build/tasks.o
 .bss.uxDeletedTasksWaitingCleanUp
                0x200014cc        0x4 build/tasks.o
 .bss.xTasksWaitingTermination
                0x200014d0       0x14 build/tasks.o
 .bss.xPendingReadyList
                0x200014e4       0x14 build/tasks.o
 .bss.pxOverflowDelayedTaskList
                0x200014f8        0x4 build/tasks.o
 .bss.pxDelayedTaskList
                0x200014fc        0x4 build/tasks.o
 .bss.xDelayedTaskList2
                0x20001500       0x14 build/tasks.o
 .bss.xDelayedTaskList1
                0x20001514       0x14 build/tasks.o
 .bss.pxReadyTasksLists
                0x20001528      0x460 build/tasks.o
 .bss.pxCurrentTCB
                0x20001988        0x4 build/tasks.o
                0x20001988                pxCurrentTCB
 .bss.xStaticTimerQueue.0
                0x2000198c       0x50 build/timers.o
 .bss.ucStaticTimerQueueStorage.1
                0x200019dc       0xa0 build/timers.o
 .bss.xLastTime.2
                0x20001a7c        0x4 build/timers.o
 .bss.xTimerTaskHandle
                0x20001a80        0x4 build/timers.o
 .bss.xTimerQueue
                0x20001a84        0x4 build/timers.o
 .bss.pxOverflowTimerList
                0x20001a88        0x4 build/timers.o
 .bss.pxCurrentTimerList
                0x20001a8c        0x4 build/timers.o
 .bss.xActiveTimerList2
                0x20001a90       0x14 build/timers.o
 .bss.xActiveTimerList1
                0x20001aa4       0x14 build/timers.o
 .bss.__malloc_sbrk_start
                0x20001ab8        0x4 /home/lorolol/.config/Code/User/globalStorage/bmd.stm32-for-vscode/@xpack-dev-tools/arm-none-eabi-gcc/13.2.1-1.1.1/.content/bin/../lib/gcc/arm-none-eabi/13.2.1/../../../../arm-none-eabi/lib/thumb/v7-m/nofp/libc_nano.a(libc_a-mallocr.o)
                0x20001ab8                __malloc_sbrk_start
 .bss.__malloc_free_list
                0x20001abc        0x4 /home/lorolol/.config/Code/User/globalStorage/bmd.stm32-for-vscode/@xpack-dev-tools/arm-none-eabi-gcc/13.2.1-1.1.1/.content/bin/../lib/gcc/arm-none-eabi/13.2.1/../../../../arm-none-eabi/lib/thumb/v7-m/nofp/libc_nano.a(libc_a-mallocr.o)
                0x20001abc                __malloc_free_list
 .bss.__sf      0x20001ac0      0x138 /home/lorolol/.config/Code/User/globalStorage/bmd.stm32-for-vscode/@xpack-dev-tools/arm-none-eabi-gcc/13.2.1-1.1.1/.content/bin/../lib/gcc/arm-none-eabi/13.2.1/../../../../arm-none-eabi/lib/thumb/v7-m/nofp/libc_nano.a(libc_a-findfp.o)
                0x20001ac0                __sf
 .bss.errno     0x20001bf8        0x4 /home/lorolol/.config/Code/User/globalStorage/bmd.stm32-for-vscode/@xpack-dev-tools/arm-none-eabi-gcc/13.2.1-1.1.1/.content/bin/../lib/gcc/arm-none-eabi/13.2.1/../../../../arm-none-eabi/lib/thumb/v7-m/nofp/libc_nano.a(libc_a-reent.o)
                0x20001bf8                errno
 .bss.__lock___malloc_recursive_mutex
                0x20001bfc        0x1 /home/lorolol/.config/Code/User/globalStorage/bmd.stm32-for-vscode/@xpack-dev-tools/arm-none-eabi-gcc/13.2.1-1.1.1/.content/bin/../lib/gcc/arm-none-eabi/13.2.1/../../../../arm-none-eabi/lib/thumb/v7-m/nofp/libc_nano.a(libc_a-lock.o)
                0x20001bfc                __lock___malloc_recursive_mutex
 *(COMMON)
                0x20001c00                        . = ALIGN (0x4)
 *fill*         0x20001bfd        0x3 
                0x20001c00                        _ebss = .
                0x20001c00                        __bss_end__ = _ebss

._user_heap_stack
                0x20001c00      0x600 load address 0x080048e4
                0x20001c00                        . = ALIGN (0x8)
                [!provide]                        PROVIDE (end = .)
                0x20001c00                        PROVIDE (_end = .)
                0x20001e00                        . = (. + _Min_Heap_Size)
 *fill*         0x20001c00      0x200 
                0x20002200                        . = (. + _Min_Stack_Size)
 *fill*         0x20001e00      0x400 
                0x20002200                        . = ALIGN (0x8)

/DISCARD/
 libc.a(*)
 libm.a(*)
 libgcc.a(*)

.ARM.attributes
                0x00000000       0x29
 *(.ARM.attributes)
 .ARM.attributes
                0x00000000       0x1d /home/lorolol/.config/Code/User/globalStorage/bmd.stm32-for-vscode/@xpack-dev-tools/arm-none-eabi-gcc/13.2.1-1.1.1/.content/bin/../lib/gcc/arm-none-eabi/13.2.1/thumb/v7-m/nofp/crti.o
 .ARM.attributes
                0x0000001d       0x2d /home/lorolol/.config/Code/User/globalStorage/bmd.stm32-for-vscode/@xpack-dev-tools/arm-none-eabi-gcc/13.2.1-1.1.1/.content/bin/../lib/gcc/arm-none-eabi/13.2.1/thumb/v7-m/nofp/crtbegin.o
 .ARM.attributes
                0x0000004a       0x2d build/can.o
 .ARM.attributes
                0x00000077       0x2d build/freertos.o
 .ARM.attributes
                0x000000a4       0x2d build/gpio.o
 .ARM.attributes
                0x000000d1       0x2d build/main.o
 .ARM.attributes
                0x000000fe       0x2d build/rpm.o
 .ARM.attributes
                0x0000012b       0x2d build/stm32f1xx_hal_msp.o
 .ARM.attributes
                0x00000158       0x2d build/stm32f1xx_hal_timebase_tim.o
 .ARM.attributes
                0x00000185       0x2d build/stm32f1xx_it.o
 .ARM.attributes
                0x000001b2       0x2d build/sysmem.o
 .ARM.attributes
                0x000001df       0x2d build/system_stm32f1xx.o
 .ARM.attributes
                0x0000020c       0x2d build/stm32f1xx_hal.o
 .ARM.attributes
                0x00000239       0x2d build/stm32f1xx_hal_can.o
 .ARM.attributes
                0x00000266       0x2d build/stm32f1xx_hal_cortex.o
 .ARM.attributes
                0x00000293       0x2d build/stm32f1xx_hal_gpio.o
 .ARM.attributes
                0x000002c0       0x2d build/stm32f1xx_hal_rcc.o
 .ARM.attributes
                0x000002ed       0x2d build/stm32f1xx_hal_tim.o
 .ARM.attributes
                0x0000031a       0x2d build/stm32f1xx_hal_tim_ex.o
 .ARM.attributes
                0x00000347       0x2d build/cmsis_os2.o
 .ARM.attributes
                0x00000374       0x2d build/event_groups.o
 .ARM.attributes
                0x000003a1       0x2d build/list.o
 .ARM.attributes
                0x000003ce       0x2d build/port.o
 .ARM.attributes
                0x000003fb       0x2d build/heap_4.o
 .ARM.attributes
                0x00000428       0x2d build/queue.o
 .ARM.attributes
                0x00000455       0x2d build/tasks.o
 .ARM.attributes
                0x00000482       0x2d build/timers.o
 .ARM.attributes
                0x000004af       0x21 build/startup_stm32f103xb.o
 .ARM.attributes
                0x000004d0       0x2d /home/lorolol/.config/Code/User/globalStorage/bmd.stm32-for-vscode/@xpack-dev-tools/arm-none-eabi-gcc/13.2.1-1.1.1/.content/bin/../lib/gcc/arm-none-eabi/13.2.1/../../../../arm-none-eabi/lib/thumb/v7-m/nofp/libc_nano.a(libc_a-malloc.o)
 .ARM.attributes
                0x000004fd       0x2d /home/lorolol/.config/Code/User/globalStorage/bmd.stm32-for-vscode/@xpack-dev-tools/arm-none-eabi-gcc/13.2.1-1.1.1/.content/bin/../lib/gcc/arm-none-eabi/13.2.1/../../../../arm-none-eabi/lib/thumb/v7-m/nofp/libc_nano.a(libc_a-mallocr.o)
 .ARM.attributes
                0x0000052a       0x2d /home/lorolol/.config/Code/User/globalStorage/bmd.stm32-for-vscode/@xpack-dev-tools/arm-none-eabi-gcc/13.2.1-1.1.1/.content/bin/../lib/gcc/arm-none-eabi/13.2.1/../../../../arm-none-eabi/lib/thumb/v7-m/nofp/libc_nano.a(libc_a-mlock.o)
 .ARM.attributes
                0x00000557       0x2d /home/lorolol/.config/Code/User/globalStorage/bmd.stm32-for-vscode/@xpack-dev-tools/arm-none-eabi-gcc/13.2.1-1.1.1/.content/bin/../lib/gcc/arm-none-eabi/13.2.1/../../../../arm-none-eabi/lib/thumb/v7-m/nofp/libc_nano.a(libc_a-findfp.o)
 .ARM.attributes
                0x00000584       0x2d /home/lorolol/.config/Code/User/globalStorage/bmd.stm32-for-vscode/@xpack-dev-tools/arm-none-eabi-gcc/13.2.1-1.1.1/.content/bin/../lib/gcc/arm-none-eabi/13.2.1/../../../../arm-none-eabi/lib/thumb/v7-m/nofp/libc_nano.a(libc_a-memset.o)
 .ARM.attributes
                0x000005b1       0x2d /home/lorolol/.config/Code/User/globalStorage/bmd.stm32-for-vscode/@xpack-dev-tools/arm-none-eabi-gcc/13.2.1-1.1.1/.content/bin/../lib/gcc/arm-none-eabi/13.2.1/../../../../arm-none-eabi/lib/thumb/v7-m/nofp/libc_nano.a(libc_a-reent.o)
 .ARM.attributes
                0x000005de       0x2d /home/lorolol/.config/Code/User/globalStorage/bmd.stm32-for-vscode/@xpack-dev-tools/arm-none-eabi-gcc/13.2.1-1.1.1/.content/bin/../lib/gcc/arm-none-eabi/13.2.1/../../../../arm-none-eabi/lib/thumb/v7-m/nofp/libc_nano.a(libc_a-impure.o)
 .ARM.attributes
                0x0000060b       0x2d /home/lorolol/.config/Code/User/globalStorage/bmd.stm32-for-vscode/@xpack-dev-tools/arm-none-eabi-gcc/13.2.1-1.1.1/.content/bin/../lib/gcc/arm-none-eabi/13.2.1/../../../../arm-none-eabi/lib/thumb/v7-m/nofp/libc_nano.a(libc_a-sbrkr.o)
 .ARM.attributes
                0x00000638       0x2d /home/lorolol/.config/Code/User/globalStorage/bmd.stm32-for-vscode/@xpack-dev-tools/arm-none-eabi-gcc/13.2.1-1.1.1/.content/bin/../lib/gcc/arm-none-eabi/13.2.1/../../../../arm-none-eabi/lib/thumb/v7-m/nofp/libc_nano.a(libc_a-errno.o)
 .ARM.attributes
                0x00000665       0x2d /home/lorolol/.config/Code/User/globalStorage/bmd.stm32-for-vscode/@xpack-dev-tools/arm-none-eabi-gcc/13.2.1-1.1.1/.content/bin/../lib/gcc/arm-none-eabi/13.2.1/../../../../arm-none-eabi/lib/thumb/v7-m/nofp/libc_nano.a(libc_a-init.o)
 .ARM.attributes
                0x00000692       0x2d /home/lorolol/.config/Code/User/globalStorage/bmd.stm32-for-vscode/@xpack-dev-tools/arm-none-eabi-gcc/13.2.1-1.1.1/.content/bin/../lib/gcc/arm-none-eabi/13.2.1/../../../../arm-none-eabi/lib/thumb/v7-m/nofp/libc_nano.a(libc_a-lock.o)
 .ARM.attributes
                0x000006bf       0x2d /home/lorolol/.config/Code/User/globalStorage/bmd.stm32-for-vscode/@xpack-dev-tools/arm-none-eabi-gcc/13.2.1-1.1.1/.content/bin/../lib/gcc/arm-none-eabi/13.2.1/../../../../arm-none-eabi/lib/thumb/v7-m/nofp/libc_nano.a(libc_a-memcpy-stub.o)
 .ARM.attributes
                0x000006ec       0x2d /home/lorolol/.config/Code/User/globalStorage/bmd.stm32-for-vscode/@xpack-dev-tools/arm-none-eabi-gcc/13.2.1-1.1.1/.content/bin/../lib/gcc/arm-none-eabi/13.2.1/../../../../arm-none-eabi/lib/thumb/v7-m/nofp/libc_nano.a(libc_a-freer.o)
 .ARM.attributes
                0x00000719       0x1d /home/lorolol/.config/Code/User/globalStorage/bmd.stm32-for-vscode/@xpack-dev-tools/arm-none-eabi-gcc/13.2.1-1.1.1/.content/bin/../lib/gcc/arm-none-eabi/13.2.1/thumb/v7-m/nofp/libgcc.a(_arm_addsubsf3.o)
 .ARM.attributes
                0x00000736       0x1d /home/lorolol/.config/Code/User/globalStorage/bmd.stm32-for-vscode/@xpack-dev-tools/arm-none-eabi-gcc/13.2.1-1.1.1/.content/bin/../lib/gcc/arm-none-eabi/13.2.1/thumb/v7-m/nofp/libgcc.a(_arm_muldivsf3.o)
 .ARM.attributes
                0x00000753       0x1d /home/lorolol/.config/Code/User/globalStorage/bmd.stm32-for-vscode/@xpack-dev-tools/arm-none-eabi-gcc/13.2.1-1.1.1/.content/bin/../lib/gcc/arm-none-eabi/13.2.1/thumb/v7-m/nofp/crtn.o
OUTPUT(build/Traseira.elf elf32-littlearm)
LOAD linker stubs
LOAD /home/lorolol/.config/Code/User/globalStorage/bmd.stm32-for-vscode/@xpack-dev-tools/arm-none-eabi-gcc/13.2.1-1.1.1/.content/bin/../lib/gcc/arm-none-eabi/13.2.1/../../../../arm-none-eabi/lib/thumb/v7-m/nofp/libc.a
LOAD /home/lorolol/.config/Code/User/globalStorage/bmd.stm32-for-vscode/@xpack-dev-tools/arm-none-eabi-gcc/13.2.1-1.1.1/.content/bin/../lib/gcc/arm-none-eabi/13.2.1/../../../../arm-none-eabi/lib/thumb/v7-m/nofp/libm.a
LOAD /home/lorolol/.config/Code/User/globalStorage/bmd.stm32-for-vscode/@xpack-dev-tools/arm-none-eabi-gcc/13.2.1-1.1.1/.content/bin/../lib/gcc/arm-none-eabi/13.2.1/thumb/v7-m/nofp/libgcc.a

.comment        0x00000000       0x39
 .comment       0x00000000       0x39 /home/lorolol/.config/Code/User/globalStorage/bmd.stm32-for-vscode/@xpack-dev-tools/arm-none-eabi-gcc/13.2.1-1.1.1/.content/bin/../lib/gcc/arm-none-eabi/13.2.1/thumb/v7-m/nofp/crtbegin.o
                                 0x3a (size before relaxing)
 .comment       0x00000039       0x3a build/can.o
 .comment       0x00000039       0x3a build/freertos.o
 .comment       0x00000039       0x3a build/gpio.o
 .comment       0x00000039       0x3a build/main.o
 .comment       0x00000039       0x3a build/rpm.o
 .comment       0x00000039       0x3a build/stm32f1xx_hal_msp.o
 .comment       0x00000039       0x3a build/stm32f1xx_hal_timebase_tim.o
 .comment       0x00000039       0x3a build/stm32f1xx_it.o
 .comment       0x00000039       0x3a build/sysmem.o
 .comment       0x00000039       0x3a build/system_stm32f1xx.o
 .comment       0x00000039       0x3a build/stm32f1xx_hal.o
 .comment       0x00000039       0x3a build/stm32f1xx_hal_can.o
 .comment       0x00000039       0x3a build/stm32f1xx_hal_cortex.o
 .comment       0x00000039       0x3a build/stm32f1xx_hal_gpio.o
 .comment       0x00000039       0x3a build/stm32f1xx_hal_rcc.o
 .comment       0x00000039       0x3a build/stm32f1xx_hal_tim.o
 .comment       0x00000039       0x3a build/stm32f1xx_hal_tim_ex.o
 .comment       0x00000039       0x3a build/cmsis_os2.o
 .comment       0x00000039       0x3a build/event_groups.o
 .comment       0x00000039       0x3a build/list.o
 .comment       0x00000039       0x3a build/port.o
 .comment       0x00000039       0x3a build/heap_4.o
 .comment       0x00000039       0x3a build/queue.o
 .comment       0x00000039       0x3a build/tasks.o
 .comment       0x00000039       0x3a build/timers.o
 .comment       0x00000039       0x3a /home/lorolol/.config/Code/User/globalStorage/bmd.stm32-for-vscode/@xpack-dev-tools/arm-none-eabi-gcc/13.2.1-1.1.1/.content/bin/../lib/gcc/arm-none-eabi/13.2.1/../../../../arm-none-eabi/lib/thumb/v7-m/nofp/libc_nano.a(libc_a-malloc.o)
 .comment       0x00000039       0x3a /home/lorolol/.config/Code/User/globalStorage/bmd.stm32-for-vscode/@xpack-dev-tools/arm-none-eabi-gcc/13.2.1-1.1.1/.content/bin/../lib/gcc/arm-none-eabi/13.2.1/../../../../arm-none-eabi/lib/thumb/v7-m/nofp/libc_nano.a(libc_a-mallocr.o)
 .comment       0x00000039       0x3a /home/lorolol/.config/Code/User/globalStorage/bmd.stm32-for-vscode/@xpack-dev-tools/arm-none-eabi-gcc/13.2.1-1.1.1/.content/bin/../lib/gcc/arm-none-eabi/13.2.1/../../../../arm-none-eabi/lib/thumb/v7-m/nofp/libc_nano.a(libc_a-mlock.o)
 .comment       0x00000039       0x3a /home/lorolol/.config/Code/User/globalStorage/bmd.stm32-for-vscode/@xpack-dev-tools/arm-none-eabi-gcc/13.2.1-1.1.1/.content/bin/../lib/gcc/arm-none-eabi/13.2.1/../../../../arm-none-eabi/lib/thumb/v7-m/nofp/libc_nano.a(libc_a-findfp.o)
 .comment       0x00000039       0x3a /home/lorolol/.config/Code/User/globalStorage/bmd.stm32-for-vscode/@xpack-dev-tools/arm-none-eabi-gcc/13.2.1-1.1.1/.content/bin/../lib/gcc/arm-none-eabi/13.2.1/../../../../arm-none-eabi/lib/thumb/v7-m/nofp/libc_nano.a(libc_a-memset.o)
 .comment       0x00000039       0x3a /home/lorolol/.config/Code/User/globalStorage/bmd.stm32-for-vscode/@xpack-dev-tools/arm-none-eabi-gcc/13.2.1-1.1.1/.content/bin/../lib/gcc/arm-none-eabi/13.2.1/../../../../arm-none-eabi/lib/thumb/v7-m/nofp/libc_nano.a(libc_a-reent.o)
 .comment       0x00000039       0x3a /home/lorolol/.config/Code/User/globalStorage/bmd.stm32-for-vscode/@xpack-dev-tools/arm-none-eabi-gcc/13.2.1-1.1.1/.content/bin/../lib/gcc/arm-none-eabi/13.2.1/../../../../arm-none-eabi/lib/thumb/v7-m/nofp/libc_nano.a(libc_a-impure.o)
 .comment       0x00000039       0x3a /home/lorolol/.config/Code/User/globalStorage/bmd.stm32-for-vscode/@xpack-dev-tools/arm-none-eabi-gcc/13.2.1-1.1.1/.content/bin/../lib/gcc/arm-none-eabi/13.2.1/../../../../arm-none-eabi/lib/thumb/v7-m/nofp/libc_nano.a(libc_a-sbrkr.o)
 .comment       0x00000039       0x3a /home/lorolol/.config/Code/User/globalStorage/bmd.stm32-for-vscode/@xpack-dev-tools/arm-none-eabi-gcc/13.2.1-1.1.1/.content/bin/../lib/gcc/arm-none-eabi/13.2.1/../../../../arm-none-eabi/lib/thumb/v7-m/nofp/libc_nano.a(libc_a-errno.o)
 .comment       0x00000039       0x3a /home/lorolol/.config/Code/User/globalStorage/bmd.stm32-for-vscode/@xpack-dev-tools/arm-none-eabi-gcc/13.2.1-1.1.1/.content/bin/../lib/gcc/arm-none-eabi/13.2.1/../../../../arm-none-eabi/lib/thumb/v7-m/nofp/libc_nano.a(libc_a-init.o)
 .comment       0x00000039       0x3a /home/lorolol/.config/Code/User/globalStorage/bmd.stm32-for-vscode/@xpack-dev-tools/arm-none-eabi-gcc/13.2.1-1.1.1/.content/bin/../lib/gcc/arm-none-eabi/13.2.1/../../../../arm-none-eabi/lib/thumb/v7-m/nofp/libc_nano.a(libc_a-lock.o)
 .comment       0x00000039       0x3a /home/lorolol/.config/Code/User/globalStorage/bmd.stm32-for-vscode/@xpack-dev-tools/arm-none-eabi-gcc/13.2.1-1.1.1/.content/bin/../lib/gcc/arm-none-eabi/13.2.1/../../../../arm-none-eabi/lib/thumb/v7-m/nofp/libc_nano.a(libc_a-memcpy-stub.o)
 .comment       0x00000039       0x3a /home/lorolol/.config/Code/User/globalStorage/bmd.stm32-for-vscode/@xpack-dev-tools/arm-none-eabi-gcc/13.2.1-1.1.1/.content/bin/../lib/gcc/arm-none-eabi/13.2.1/../../../../arm-none-eabi/lib/thumb/v7-m/nofp/libc_nano.a(libc_a-freer.o)

.debug_info     0x00000000    0x1ad21
 .debug_info    0x00000000      0xc01 build/can.o
 .debug_info    0x00000c01      0xe25 build/freertos.o
 .debug_info    0x00001a26      0x4d3 build/gpio.o
 .debug_info    0x00001ef9      0xafb build/main.o
 .debug_info    0x000029f4      0x137 build/rpm.o
 .debug_info    0x00002b2b      0x382 build/stm32f1xx_hal_msp.o
 .debug_info    0x00002ead      0xa29 build/stm32f1xx_hal_timebase_tim.o
 .debug_info    0x000038d6      0xa9f build/stm32f1xx_it.o
 .debug_info    0x00004375      0x171 build/sysmem.o
 .debug_info    0x000044e6      0x22d build/system_stm32f1xx.o
 .debug_info    0x00004713      0x7a2 build/stm32f1xx_hal.o
 .debug_info    0x00004eb5     0x11d1 build/stm32f1xx_hal_can.o
 .debug_info    0x00006086      0xcd9 build/stm32f1xx_hal_cortex.o
 .debug_info    0x00006d5f      0x604 build/stm32f1xx_hal_gpio.o
 .debug_info    0x00007363      0x9c7 build/stm32f1xx_hal_rcc.o
 .debug_info    0x00007d2a     0x3be7 build/stm32f1xx_hal_tim.o
 .debug_info    0x0000b911     0x1aac build/stm32f1xx_hal_tim_ex.o
 .debug_info    0x0000d3bd     0x4dee build/cmsis_os2.o
 .debug_info    0x000121ab      0xf80 build/event_groups.o
 .debug_info    0x0001312b      0x2ba build/list.o
 .debug_info    0x000133e5      0x505 build/port.o
 .debug_info    0x000138ea      0x444 build/heap_4.o
 .debug_info    0x00013d2e     0x26cd build/queue.o
 .debug_info    0x000163fb     0x2f13 build/tasks.o
 .debug_info    0x0001930e     0x19e3 build/timers.o
 .debug_info    0x0001acf1       0x30 build/startup_stm32f103xb.o

.debug_abbrev   0x00000000     0x3c53
 .debug_abbrev  0x00000000      0x2c1 build/can.o
 .debug_abbrev  0x000002c1      0x2b5 build/freertos.o
 .debug_abbrev  0x00000576      0x173 build/gpio.o
 .debug_abbrev  0x000006e9      0x28d build/main.o
 .debug_abbrev  0x00000976       0xa7 build/rpm.o
 .debug_abbrev  0x00000a1d      0x137 build/stm32f1xx_hal_msp.o
 .debug_abbrev  0x00000b54      0x232 build/stm32f1xx_hal_timebase_tim.o
 .debug_abbrev  0x00000d86      0x209 build/stm32f1xx_it.o
 .debug_abbrev  0x00000f8f       0xea build/sysmem.o
 .debug_abbrev  0x00001079      0x143 build/system_stm32f1xx.o
 .debug_abbrev  0x000011bc      0x22d build/stm32f1xx_hal.o
 .debug_abbrev  0x000013e9      0x25e build/stm32f1xx_hal_can.o
 .debug_abbrev  0x00001647      0x36d build/stm32f1xx_hal_cortex.o
 .debug_abbrev  0x000019b4      0x1f7 build/stm32f1xx_hal_gpio.o
 .debug_abbrev  0x00001bab      0x2a0 build/stm32f1xx_hal_rcc.o
 .debug_abbrev  0x00001e4b      0x270 build/stm32f1xx_hal_tim.o
 .debug_abbrev  0x000020bb      0x26e build/stm32f1xx_hal_tim_ex.o
 .debug_abbrev  0x00002329      0x49f build/cmsis_os2.o
 .debug_abbrev  0x000027c8      0x356 build/event_groups.o
 .debug_abbrev  0x00002b1e      0x10a build/list.o
 .debug_abbrev  0x00002c28      0x2a4 build/port.o
 .debug_abbrev  0x00002ecc      0x24b build/heap_4.o
 .debug_abbrev  0x00003117      0x40c build/queue.o
 .debug_abbrev  0x00003523      0x393 build/tasks.o
 .debug_abbrev  0x000038b6      0x379 build/timers.o
 .debug_abbrev  0x00003c2f       0x24 build/startup_stm32f103xb.o

.debug_loclists
                0x00000000     0xdf35
 .debug_loclists
                0x00000000       0xaa build/can.o
 .debug_loclists
                0x000000aa       0x63 build/freertos.o
 .debug_loclists
                0x0000010d       0x5e build/main.o
 .debug_loclists
                0x0000016b       0x7a build/rpm.o
 .debug_loclists
                0x000001e5       0x17 build/stm32f1xx_hal_msp.o
 .debug_loclists
                0x000001fc       0x96 build/stm32f1xx_hal_timebase_tim.o
 .debug_loclists
                0x00000292       0x52 build/sysmem.o
 .debug_loclists
                0x000002e4       0xb7 build/system_stm32f1xx.o
 .debug_loclists
                0x0000039b       0xe1 build/stm32f1xx_hal.o
 .debug_loclists
                0x0000047c      0xa1a build/stm32f1xx_hal_can.o
 .debug_loclists
                0x00000e96      0x530 build/stm32f1xx_hal_cortex.o
 .debug_loclists
                0x000013c6      0x318 build/stm32f1xx_hal_gpio.o
 .debug_loclists
                0x000016de      0x42e build/stm32f1xx_hal_rcc.o
 .debug_loclists
                0x00001b0c     0x37c3 build/stm32f1xx_hal_tim.o
 .debug_loclists
                0x000052cf     0x1398 build/stm32f1xx_hal_tim_ex.o
 .debug_loclists
                0x00006667     0x3c93 build/cmsis_os2.o
 .debug_loclists
                0x0000a2fa      0x7df build/event_groups.o
 .debug_loclists
                0x0000aad9       0x75 build/list.o
 .debug_loclists
                0x0000ab4e       0x98 build/port.o
 .debug_loclists
                0x0000abe6      0x219 build/heap_4.o
 .debug_loclists
                0x0000adff     0x1044 build/queue.o
 .debug_loclists
                0x0000be43     0x168b build/tasks.o
 .debug_loclists
                0x0000d4ce      0xa67 build/timers.o

.debug_aranges  0x00000000     0x12f8
 .debug_aranges
                0x00000000       0x38 build/can.o
 .debug_aranges
                0x00000038       0x38 build/freertos.o
 .debug_aranges
                0x00000070       0x20 build/gpio.o
 .debug_aranges
                0x00000090       0x40 build/main.o
 .debug_aranges
                0x000000d0       0x20 build/rpm.o
 .debug_aranges
                0x000000f0       0x20 build/stm32f1xx_hal_msp.o
 .debug_aranges
                0x00000110       0x30 build/stm32f1xx_hal_timebase_tim.o
 .debug_aranges
                0x00000140       0x60 build/stm32f1xx_it.o
 .debug_aranges
                0x000001a0       0x20 build/sysmem.o
 .debug_aranges
                0x000001c0       0x28 build/system_stm32f1xx.o
 .debug_aranges
                0x000001e8       0xe0 build/stm32f1xx_hal.o
 .debug_aranges
                0x000002c8      0x138 build/stm32f1xx_hal_can.o
 .debug_aranges
                0x00000400       0xc0 build/stm32f1xx_hal_cortex.o
 .debug_aranges
                0x000004c0       0x58 build/stm32f1xx_hal_gpio.o
 .debug_aranges
                0x00000518       0x90 build/stm32f1xx_hal_rcc.o
 .debug_aranges
                0x000005a8      0x3d0 build/stm32f1xx_hal_tim.o
 .debug_aranges
                0x00000978      0x168 build/stm32f1xx_hal_tim_ex.o
 .debug_aranges
                0x00000ae0      0x228 build/cmsis_os2.o
 .debug_aranges
                0x00000d08       0x90 build/event_groups.o
 .debug_aranges
                0x00000d98       0x40 build/list.o
 .debug_aranges
                0x00000dd8       0x78 build/port.o
 .debug_aranges
                0x00000e50       0x50 build/heap_4.o
 .debug_aranges
                0x00000ea0      0x158 build/queue.o
 .debug_aranges
                0x00000ff8      0x1f8 build/tasks.o
 .debug_aranges
                0x000011f0       0xe0 build/timers.o
 .debug_aranges
                0x000012d0       0x28 build/startup_stm32f103xb.o

.debug_rnglists
                0x00000000      0xf75
 .debug_rnglists
                0x00000000       0x27 build/can.o
 .debug_rnglists
                0x00000027       0x25 build/freertos.o
 .debug_rnglists
                0x0000004c       0x14 build/gpio.o
 .debug_rnglists
                0x00000060       0x2c build/main.o
 .debug_rnglists
                0x0000008c       0x1f build/rpm.o
 .debug_rnglists
                0x000000ab       0x13 build/stm32f1xx_hal_msp.o
 .debug_rnglists
                0x000000be       0x20 build/stm32f1xx_hal_timebase_tim.o
 .debug_rnglists
                0x000000de       0x43 build/stm32f1xx_it.o
 .debug_rnglists
                0x00000121       0x13 build/sysmem.o
 .debug_rnglists
                0x00000134       0x1a build/system_stm32f1xx.o
 .debug_rnglists
                0x0000014e       0xa3 build/stm32f1xx_hal.o
 .debug_rnglists
                0x000001f1       0xea build/stm32f1xx_hal_can.o
 .debug_rnglists
                0x000002db       0x8b build/stm32f1xx_hal_cortex.o
 .debug_rnglists
                0x00000366       0x3f build/stm32f1xx_hal_gpio.o
 .debug_rnglists
                0x000003a5       0x7d build/stm32f1xx_hal_rcc.o
 .debug_rnglists
                0x00000422      0x2fe build/stm32f1xx_hal_tim.o
 .debug_rnglists
                0x00000720      0x11a build/stm32f1xx_hal_tim_ex.o
 .debug_rnglists
                0x0000083a      0x1a6 build/cmsis_os2.o
 .debug_rnglists
                0x000009e0       0x85 build/event_groups.o
 .debug_rnglists
                0x00000a65       0x2b build/list.o
 .debug_rnglists
                0x00000a90       0x56 build/port.o
 .debug_rnglists
                0x00000ae6       0x38 build/heap_4.o
 .debug_rnglists
                0x00000b1e      0x170 build/queue.o
 .debug_rnglists
                0x00000c8e      0x22a build/tasks.o
 .debug_rnglists
                0x00000eb8       0xa4 build/timers.o
 .debug_rnglists
                0x00000f5c       0x19 build/startup_stm32f103xb.o

.debug_line     0x00000000    0x1536b
 .debug_line    0x00000000      0x440 build/can.o
 .debug_line    0x00000440      0x3d7 build/freertos.o
 .debug_line    0x00000817      0x283 build/gpio.o
 .debug_line    0x00000a9a      0x48b build/main.o
 .debug_line    0x00000f25      0x1d2 build/rpm.o
 .debug_line    0x000010f7      0x22e build/stm32f1xx_hal_msp.o
 .debug_line    0x00001325      0x361 build/stm32f1xx_hal_timebase_tim.o
 .debug_line    0x00001686      0x345 build/stm32f1xx_it.o
 .debug_line    0x000019cb      0x2a1 build/sysmem.o
 .debug_line    0x00001c6c      0x2bb build/system_stm32f1xx.o
 .debug_line    0x00001f27      0x5a4 build/stm32f1xx_hal.o
 .debug_line    0x000024cb     0x11bc build/stm32f1xx_hal_can.o
 .debug_line    0x00003687      0x71d build/stm32f1xx_hal_cortex.o
 .debug_line    0x00003da4      0x646 build/stm32f1xx_hal_gpio.o
 .debug_line    0x000043ea      0xd20 build/stm32f1xx_hal_rcc.o
 .debug_line    0x0000510a     0x4672 build/stm32f1xx_hal_tim.o
 .debug_line    0x0000977c     0x1a85 build/stm32f1xx_hal_tim_ex.o
 .debug_line    0x0000b201     0x3184 build/cmsis_os2.o
 .debug_line    0x0000e385      0xb14 build/event_groups.o
 .debug_line    0x0000ee99      0x3ea build/list.o
 .debug_line    0x0000f283      0x620 build/port.o
 .debug_line    0x0000f8a3      0x70c build/heap_4.o
 .debug_line    0x0000ffaf     0x1e12 build/queue.o
 .debug_line    0x00011dc1     0x27b0 build/tasks.o
 .debug_line    0x00014571      0xd86 build/timers.o
 .debug_line    0x000152f7       0x74 build/startup_stm32f103xb.o

.debug_str      0x00000000     0x67de
 .debug_str     0x00000000     0x67de build/can.o
                                0xa28 (size before relaxing)
 .debug_str     0x000067de      0xc84 build/freertos.o
 .debug_str     0x000067de      0x562 build/gpio.o
 .debug_str     0x000067de      0x9b1 build/main.o
 .debug_str     0x000067de      0x1a3 build/rpm.o
 .debug_str     0x000067de      0x4e3 build/stm32f1xx_hal_msp.o
 .debug_str     0x000067de      0xadc build/stm32f1xx_hal_timebase_tim.o
 .debug_str     0x000067de      0x98f build/stm32f1xx_it.o
 .debug_str     0x000067de      0x1e8 build/sysmem.o
 .debug_str     0x000067de      0x224 build/system_stm32f1xx.o
 .debug_str     0x000067de      0x7fe build/stm32f1xx_hal.o
 .debug_str     0x000067de      0xa0e build/stm32f1xx_hal_can.o
 .debug_str     0x000067de      0x8a3 build/stm32f1xx_hal_cortex.o
 .debug_str     0x000067de      0x3d0 build/stm32f1xx_hal_gpio.o
 .debug_str     0x000067de      0x5fb build/stm32f1xx_hal_rcc.o
 .debug_str     0x000067de     0x1645 build/stm32f1xx_hal_tim.o
 .debug_str     0x000067de      0xe61 build/stm32f1xx_hal_tim_ex.o
 .debug_str     0x000067de     0x1921 build/cmsis_os2.o
 .debug_str     0x000067de      0x7f4 build/event_groups.o
 .debug_str     0x000067de      0x2c5 build/list.o
 .debug_str     0x000067de      0x431 build/port.o
 .debug_str     0x000067de      0x3b9 build/heap_4.o
 .debug_str     0x000067de      0xc50 build/queue.o
 .debug_str     0x000067de     0x123f build/tasks.o
 .debug_str     0x000067de      0xbc5 build/timers.o
 .debug_str     0x000067de       0x57 build/startup_stm32f103xb.o

.debug_frame    0x00000000     0x3414
 .debug_frame   0x00000000       0x70 build/can.o
 .debug_frame   0x00000070       0x70 build/freertos.o
 .debug_frame   0x000000e0       0x34 build/gpio.o
 .debug_frame   0x00000114       0x8c build/main.o
 .debug_frame   0x000001a0       0x2c build/rpm.o
 .debug_frame   0x000001cc       0x2c build/stm32f1xx_hal_msp.o
 .debug_frame   0x000001f8       0x54 build/stm32f1xx_hal_timebase_tim.o
 .debug_frame   0x0000024c       0xb8 build/stm32f1xx_it.o
 .debug_frame   0x00000304       0x28 build/sysmem.o
 .debug_frame   0x0000032c       0x30 build/system_stm32f1xx.o
 .debug_frame   0x0000035c      0x1cc build/stm32f1xx_hal.o
 .debug_frame   0x00000528      0x2d4 build/stm32f1xx_hal_can.o
 .debug_frame   0x000007fc      0x19c build/stm32f1xx_hal_cortex.o
 .debug_frame   0x00000998       0xe4 build/stm32f1xx_hal_gpio.o
 .debug_frame   0x00000a7c      0x184 build/stm32f1xx_hal_rcc.o
 .debug_frame   0x00000c00      0xb14 build/stm32f1xx_hal_tim.o
 .debug_frame   0x00001714      0x418 build/stm32f1xx_hal_tim_ex.o
 .debug_frame   0x00001b2c      0x7a8 build/cmsis_os2.o
 .debug_frame   0x000022d4      0x1b8 build/event_groups.o
 .debug_frame   0x0000248c       0x70 build/list.o
 .debug_frame   0x000024fc       0xf0 build/port.o
 .debug_frame   0x000025ec       0xb0 build/heap_4.o
 .debug_frame   0x0000269c      0x458 build/queue.o
 .debug_frame   0x00002af4      0x65c build/tasks.o
 .debug_frame   0x00003150      0x2c4 build/timers.o

.debug_line_str
                0x00000000       0x3b
 .debug_line_str
                0x00000000       0x3b build/startup_stm32f103xb.o

Cross Reference Table

Symbol                                            File
ADC1_2_IRQHandler                                 build/startup_stm32f103xb.o
AHBPrescTable                                     build/system_stm32f1xx.o
                                                  build/stm32f1xx_hal_rcc.o
APBPrescTable                                     build/system_stm32f1xx.o
                                                  build/stm32f1xx_hal_rcc.o
BusFault_Handler                                  build/stm32f1xx_it.o
CAN1_RX1_IRQHandler                               build/startup_stm32f103xb.o
CAN1_SCE_IRQHandler                               build/startup_stm32f103xb.o
CAN_QHandle                                       build/freertos.o
CAN_Q_attributes                                  build/freertos.o
CAN_handlerHandle                                 build/freertos.o
CAN_handler_attributes                            build/freertos.o
DMA1_Channel1_IRQHandler                          build/startup_stm32f103xb.o
DMA1_Channel2_IRQHandler                          build/startup_stm32f103xb.o
DMA1_Channel3_IRQHandler                          build/startup_stm32f103xb.o
DMA1_Channel4_IRQHandler                          build/startup_stm32f103xb.o
DMA1_Channel5_IRQHandler                          build/startup_stm32f103xb.o
DMA1_Channel6_IRQHandler                          build/startup_stm32f103xb.o
DMA1_Channel7_IRQHandler                          build/startup_stm32f103xb.o
DebugMon_Handler                                  build/stm32f1xx_it.o
Default_Handler                                   build/startup_stm32f103xb.o
EXTI0_IRQHandler                                  build/startup_stm32f103xb.o
EXTI15_10_IRQHandler                              build/startup_stm32f103xb.o
EXTI1_IRQHandler                                  build/startup_stm32f103xb.o
EXTI2_IRQHandler                                  build/startup_stm32f103xb.o
EXTI3_IRQHandler                                  build/startup_stm32f103xb.o
EXTI4_IRQHandler                                  build/startup_stm32f103xb.o
EXTI9_5_IRQHandler                                build/stm32f1xx_it.o
Error_Handler                                     build/main.o
                                                  build/can.o
FLASH_IRQHandler                                  build/startup_stm32f103xb.o
FLASH_PageErase                                   build/stm32f1xx_hal_flash_ex.o
                                                  build/stm32f1xx_hal_flash.o
FLASH_WaitForLastOperation                        build/stm32f1xx_hal_flash.o
                                                  build/stm32f1xx_hal_flash_ex.o
HAL_CAN_AbortTxRequest                            build/stm32f1xx_hal_can.o
HAL_CAN_ActivateNotification                      build/stm32f1xx_hal_can.o
HAL_CAN_AddTxMessage                              build/stm32f1xx_hal_can.o
                                                  build/freertos.o
HAL_CAN_ConfigFilter                              build/stm32f1xx_hal_can.o
                                                  build/can.o
HAL_CAN_DeInit                                    build/stm32f1xx_hal_can.o
HAL_CAN_DeactivateNotification                    build/stm32f1xx_hal_can.o
HAL_CAN_ErrorCallback                             build/stm32f1xx_hal_can.o
HAL_CAN_GetError                                  build/stm32f1xx_hal_can.o
HAL_CAN_GetRxFifoFillLevel                        build/stm32f1xx_hal_can.o
HAL_CAN_GetRxMessage                              build/stm32f1xx_hal_can.o
HAL_CAN_GetState                                  build/stm32f1xx_hal_can.o
HAL_CAN_GetTxMailboxesFreeLevel                   build/stm32f1xx_hal_can.o
HAL_CAN_GetTxTimestamp                            build/stm32f1xx_hal_can.o
HAL_CAN_IRQHandler                                build/stm32f1xx_hal_can.o
                                                  build/stm32f1xx_it.o
HAL_CAN_Init                                      build/stm32f1xx_hal_can.o
                                                  build/can.o
HAL_CAN_IsSleepActive                             build/stm32f1xx_hal_can.o
HAL_CAN_IsTxMessagePending                        build/stm32f1xx_hal_can.o
HAL_CAN_MspDeInit                                 build/can.o
HAL_CAN_MspInit                                   build/can.o
HAL_CAN_RequestSleep                              build/stm32f1xx_hal_can.o
HAL_CAN_ResetError                                build/stm32f1xx_hal_can.o
HAL_CAN_RxFifo0FullCallback                       build/stm32f1xx_hal_can.o
HAL_CAN_RxFifo0MsgPendingCallback                 build/stm32f1xx_hal_can.o
HAL_CAN_RxFifo1FullCallback                       build/stm32f1xx_hal_can.o
HAL_CAN_RxFifo1MsgPendingCallback                 build/stm32f1xx_hal_can.o
HAL_CAN_SleepCallback                             build/stm32f1xx_hal_can.o
HAL_CAN_Start                                     build/stm32f1xx_hal_can.o
                                                  build/can.o
HAL_CAN_Stop                                      build/stm32f1xx_hal_can.o
HAL_CAN_TxMailbox0AbortCallback                   build/stm32f1xx_hal_can.o
HAL_CAN_TxMailbox0CompleteCallback                build/stm32f1xx_hal_can.o
HAL_CAN_TxMailbox1AbortCallback                   build/stm32f1xx_hal_can.o
HAL_CAN_TxMailbox1CompleteCallback                build/stm32f1xx_hal_can.o
HAL_CAN_TxMailbox2AbortCallback                   build/stm32f1xx_hal_can.o
HAL_CAN_TxMailbox2CompleteCallback                build/stm32f1xx_hal_can.o
HAL_CAN_WakeUp                                    build/stm32f1xx_hal_can.o
HAL_CAN_WakeUpFromRxMsgCallback                   build/stm32f1xx_hal_can.o
HAL_DBGMCU_DisableDBGSleepMode                    build/stm32f1xx_hal.o
HAL_DBGMCU_DisableDBGStandbyMode                  build/stm32f1xx_hal.o
HAL_DBGMCU_DisableDBGStopMode                     build/stm32f1xx_hal.o
HAL_DBGMCU_EnableDBGSleepMode                     build/stm32f1xx_hal.o
HAL_DBGMCU_EnableDBGStandbyMode                   build/stm32f1xx_hal.o
HAL_DBGMCU_EnableDBGStopMode                      build/stm32f1xx_hal.o
HAL_DMA_Abort                                     build/stm32f1xx_hal_dma.o
HAL_DMA_Abort_IT                                  build/stm32f1xx_hal_dma.o
                                                  build/stm32f1xx_hal_tim_ex.o
                                                  build/stm32f1xx_hal_tim.o
HAL_DMA_DeInit                                    build/stm32f1xx_hal_dma.o
HAL_DMA_GetError                                  build/stm32f1xx_hal_dma.o
HAL_DMA_GetState                                  build/stm32f1xx_hal_dma.o
HAL_DMA_IRQHandler                                build/stm32f1xx_hal_dma.o
HAL_DMA_Init                                      build/stm32f1xx_hal_dma.o
HAL_DMA_PollForTransfer                           build/stm32f1xx_hal_dma.o
HAL_DMA_RegisterCallback                          build/stm32f1xx_hal_dma.o
HAL_DMA_Start                                     build/stm32f1xx_hal_dma.o
HAL_DMA_Start_IT                                  build/stm32f1xx_hal_dma.o
                                                  build/stm32f1xx_hal_tim_ex.o
                                                  build/stm32f1xx_hal_tim.o
HAL_DMA_UnRegisterCallback                        build/stm32f1xx_hal_dma.o
HAL_DeInit                                        build/stm32f1xx_hal.o
HAL_Delay                                         build/stm32f1xx_hal.o
HAL_EXTI_ClearConfigLine                          build/stm32f1xx_hal_exti.o
HAL_EXTI_ClearPending                             build/stm32f1xx_hal_exti.o
HAL_EXTI_GenerateSWI                              build/stm32f1xx_hal_exti.o
HAL_EXTI_GetConfigLine                            build/stm32f1xx_hal_exti.o
HAL_EXTI_GetHandle                                build/stm32f1xx_hal_exti.o
HAL_EXTI_GetPending                               build/stm32f1xx_hal_exti.o
HAL_EXTI_IRQHandler                               build/stm32f1xx_hal_exti.o
HAL_EXTI_RegisterCallback                         build/stm32f1xx_hal_exti.o
HAL_EXTI_SetConfigLine                            build/stm32f1xx_hal_exti.o
HAL_FLASHEx_Erase                                 build/stm32f1xx_hal_flash_ex.o
HAL_FLASHEx_Erase_IT                              build/stm32f1xx_hal_flash_ex.o
HAL_FLASHEx_OBErase                               build/stm32f1xx_hal_flash_ex.o
HAL_FLASHEx_OBGetConfig                           build/stm32f1xx_hal_flash_ex.o
HAL_FLASHEx_OBGetUserData                         build/stm32f1xx_hal_flash_ex.o
HAL_FLASHEx_OBProgram                             build/stm32f1xx_hal_flash_ex.o
HAL_FLASH_EndOfOperationCallback                  build/stm32f1xx_hal_flash.o
HAL_FLASH_GetError                                build/stm32f1xx_hal_flash.o
HAL_FLASH_IRQHandler                              build/stm32f1xx_hal_flash.o
HAL_FLASH_Lock                                    build/stm32f1xx_hal_flash.o
HAL_FLASH_OB_Launch                               build/stm32f1xx_hal_flash.o
HAL_FLASH_OB_Lock                                 build/stm32f1xx_hal_flash.o
HAL_FLASH_OB_Unlock                               build/stm32f1xx_hal_flash.o
HAL_FLASH_OperationErrorCallback                  build/stm32f1xx_hal_flash.o
HAL_FLASH_Program                                 build/stm32f1xx_hal_flash.o
HAL_FLASH_Program_IT                              build/stm32f1xx_hal_flash.o
HAL_FLASH_Unlock                                  build/stm32f1xx_hal_flash.o
HAL_GPIOEx_ConfigEventout                         build/stm32f1xx_hal_gpio_ex.o
HAL_GPIOEx_DisableEventout                        build/stm32f1xx_hal_gpio_ex.o
HAL_GPIOEx_EnableEventout                         build/stm32f1xx_hal_gpio_ex.o
HAL_GPIO_DeInit                                   build/stm32f1xx_hal_gpio.o
                                                  build/can.o
HAL_GPIO_EXTI_Callback                            build/main.o
HAL_GPIO_EXTI_IRQHandler                          build/stm32f1xx_hal_gpio.o
                                                  build/stm32f1xx_it.o
HAL_GPIO_Init                                     build/stm32f1xx_hal_gpio.o
                                                  build/stm32f1xx_hal_rcc.o
                                                  build/gpio.o
                                                  build/can.o
HAL_GPIO_LockPin                                  build/stm32f1xx_hal_gpio.o
HAL_GPIO_ReadPin                                  build/stm32f1xx_hal_gpio.o
HAL_GPIO_TogglePin                                build/stm32f1xx_hal_gpio.o
                                                  build/main.o
HAL_GPIO_WritePin                                 build/stm32f1xx_hal_gpio.o
                                                  build/gpio.o
HAL_GetDEVID                                      build/stm32f1xx_hal.o
HAL_GetHalVersion                                 build/stm32f1xx_hal.o
HAL_GetREVID                                      build/stm32f1xx_hal.o
HAL_GetTick                                       build/stm32f1xx_hal.o
                                                  build/stm32f1xx_hal_rcc_ex.o
                                                  build/stm32f1xx_hal_rcc.o
                                                  build/stm32f1xx_hal_flash.o
                                                  build/stm32f1xx_hal_dma.o
                                                  build/stm32f1xx_hal_can.o
HAL_GetTickFreq                                   build/stm32f1xx_hal.o
HAL_GetTickPrio                                   build/stm32f1xx_hal.o
HAL_GetUIDw0                                      build/stm32f1xx_hal.o
HAL_GetUIDw1                                      build/stm32f1xx_hal.o
HAL_GetUIDw2                                      build/stm32f1xx_hal.o
HAL_IncTick                                       build/stm32f1xx_hal.o
                                                  build/main.o
HAL_Init                                          build/stm32f1xx_hal.o
                                                  build/main.o
HAL_InitTick                                      build/stm32f1xx_hal_timebase_tim.o
                                                  build/stm32f1xx_hal_rcc.o
HAL_MspDeInit                                     build/stm32f1xx_hal.o
HAL_MspInit                                       build/stm32f1xx_hal_msp.o
HAL_NVIC_ClearPendingIRQ                          build/stm32f1xx_hal_cortex.o
HAL_NVIC_DisableIRQ                               build/stm32f1xx_hal_cortex.o
                                                  build/can.o
HAL_NVIC_EnableIRQ                                build/stm32f1xx_hal_cortex.o
                                                  build/stm32f1xx_hal_timebase_tim.o
                                                  build/gpio.o
                                                  build/can.o
HAL_NVIC_GetActive                                build/stm32f1xx_hal_cortex.o