Archive member included to satisfy reference by file (symbol)

/home/lorolol/.config/Code/User/globalStorage/bmd.stm32-for-vscode/@xpack-dev-tools/arm-none-eabi-gcc/13.2.1-1.1.1/.content/bin/../lib/gcc/arm-none-eabi/13.2.1/../../../../arm-none-eabi/lib/thumb/v7-m/nofp/libc_nano.a(libc_a-atexit.o)
                              /home/lorolol/.config/Code/User/globalStorage/bmd.stm32-for-vscode/@xpack-dev-tools/arm-none-eabi-gcc/13.2.1-1.1.1/.content/bin/../lib/gcc/arm-none-eabi/13.2.1/../../../../arm-none-eabi/lib/thumb/v7-m/nofp/crt0.o (atexit)
/home/lorolol/.config/Code/User/globalStorage/bmd.stm32-for-vscode/@xpack-dev-tools/arm-none-eabi-gcc/13.2.1-1.1.1/.content/bin/../lib/gcc/arm-none-eabi/13.2.1/../../../../arm-none-eabi/lib/thumb/v7-m/nofp/libc_nano.a(libc_a-exit.o)
                              /home/lorolol/.config/Code/User/globalStorage/bmd.stm32-for-vscode/@xpack-dev-tools/arm-none-eabi-gcc/13.2.1-1.1.1/.content/bin/../lib/gcc/arm-none-eabi/13.2.1/../../../../arm-none-eabi/lib/thumb/v7-m/nofp/crt0.o (exit)
/home/lorolol/.config/Code/User/globalStorage/bmd.stm32-for-vscode/@xpack-dev-tools/arm-none-eabi-gcc/13.2.1-1.1.1/.content/bin/../lib/gcc/arm-none-eabi/13.2.1/../../../../arm-none-eabi/lib/thumb/v7-m/nofp/libc_nano.a(libc_a-malloc.o)
                              build/debug/Core/Src/can.o (malloc)
/home/lorolol/.config/Code/User/globalStorage/bmd.stm32-for-vscode/@xpack-dev-tools/arm-none-eabi-gcc/13.2.1-1.1.1/.content/bin/../lib/gcc/arm-none-eabi/13.2.1/../../../../arm-none-eabi/lib/thumb/v7-m/nofp/libc_nano.a(libc_a-mallocr.o)
                              /home/lorolol/.config/Code/User/globalStorage/bmd.stm32-for-vscode/@xpack-dev-tools/arm-none-eabi-gcc/13.2.1-1.1.1/.content/bin/../lib/gcc/arm-none-eabi/13.2.1/../../../../arm-none-eabi/lib/thumb/v7-m/nofp/libc_nano.a(libc_a-malloc.o) (_malloc_r)
/home/lorolol/.config/Code/User/globalStorage/bmd.stm32-for-vscode/@xpack-dev-tools/arm-none-eabi-gcc/13.2.1-1.1.1/.content/bin/../lib/gcc/arm-none-eabi/13.2.1/../../../../arm-none-eabi/lib/thumb/v7-m/nofp/libc_nano.a(libc_a-mlock.o)
                              /home/lorolol/.config/Code/User/globalStorage/bmd.stm32-for-vscode/@xpack-dev-tools/arm-none-eabi-gcc/13.2.1-1.1.1/.content/bin/../lib/gcc/arm-none-eabi/13.2.1/../../../../arm-none-eabi/lib/thumb/v7-m/nofp/libc_nano.a(libc_a-mallocr.o) (__malloc_lock)
/home/lorolol/.config/Code/User/globalStorage/bmd.stm32-for-vscode/@xpack-dev-tools/arm-none-eabi-gcc/13.2.1-1.1.1/.content/bin/../lib/gcc/arm-none-eabi/13.2.1/../../../../arm-none-eabi/lib/thumb/v7-m/nofp/libc_nano.a(libc_a-findfp.o)
                              build/debug/Middlewares/Third_Party/FreeRTOS/Source/tasks.o (__sf)
/home/lorolol/.config/Code/User/globalStorage/bmd.stm32-for-vscode/@xpack-dev-tools/arm-none-eabi-gcc/13.2.1-1.1.1/.content/bin/../lib/gcc/arm-none-eabi/13.2.1/../../../../arm-none-eabi/lib/thumb/v7-m/nofp/libc_nano.a(libc_a-fwalk.o)
                              /home/lorolol/.config/Code/User/globalStorage/bmd.stm32-for-vscode/@xpack-dev-tools/arm-none-eabi-gcc/13.2.1-1.1.1/.content/bin/../lib/gcc/arm-none-eabi/13.2.1/../../../../arm-none-eabi/lib/thumb/v7-m/nofp/libc_nano.a(libc_a-findfp.o) (_fwalk_sglue)
/home/lorolol/.config/Code/User/globalStorage/bmd.stm32-for-vscode/@xpack-dev-tools/arm-none-eabi-gcc/13.2.1-1.1.1/.content/bin/../lib/gcc/arm-none-eabi/13.2.1/../../../../arm-none-eabi/lib/thumb/v7-m/nofp/libc_nano.a(libc_a-stdio.o)
                              /home/lorolol/.config/Code/User/globalStorage/bmd.stm32-for-vscode/@xpack-dev-tools/arm-none-eabi-gcc/13.2.1-1.1.1/.content/bin/../lib/gcc/arm-none-eabi/13.2.1/../../../../arm-none-eabi/lib/thumb/v7-m/nofp/libc_nano.a(libc_a-findfp.o) (__sread)
/home/lorolol/.config/Code/User/globalStorage/bmd.stm32-for-vscode/@xpack-dev-tools/arm-none-eabi-gcc/13.2.1-1.1.1/.content/bin/../lib/gcc/arm-none-eabi/13.2.1/../../../../arm-none-eabi/lib/thumb/v7-m/nofp/libc_nano.a(libc_a-memset.o)
                              /home/lorolol/.config/Code/User/globalStorage/bmd.stm32-for-vscode/@xpack-dev-tools/arm-none-eabi-gcc/13.2.1-1.1.1/.content/bin/../lib/gcc/arm-none-eabi/13.2.1/../../../../arm-none-eabi/lib/thumb/v7-m/nofp/crt0.o (memset)
/home/lorolol/.config/Code/User/globalStorage/bmd.stm32-for-vscode/@xpack-dev-tools/arm-none-eabi-gcc/13.2.1-1.1.1/.content/bin/../lib/gcc/arm-none-eabi/13.2.1/../../../../arm-none-eabi/lib/thumb/v7-m/nofp/libc_nano.a(libc_a-closer.o)
                              /home/lorolol/.config/Code/User/globalStorage/bmd.stm32-for-vscode/@xpack-dev-tools/arm-none-eabi-gcc/13.2.1-1.1.1/.content/bin/../lib/gcc/arm-none-eabi/13.2.1/../../../../arm-none-eabi/lib/thumb/v7-m/nofp/libc_nano.a(libc_a-stdio.o) (_close_r)
/home/lorolol/.config/Code/User/globalStorage/bmd.stm32-for-vscode/@xpack-dev-tools/arm-none-eabi-gcc/13.2.1-1.1.1/.content/bin/../lib/gcc/arm-none-eabi/13.2.1/../../../../arm-none-eabi/lib/thumb/v7-m/nofp/libc_nano.a(libc_a-reent.o)
[...]
Memory Configuration

Name             Origin             Length             Attributes
RAM              0x20000000         0x00005000         xrw
FLASH            0x08000000         0x00010000         xr
*default*        0x00000000         0xffffffff

Linker script and memory map

LOAD /home/lorolol/.config/Code/User/globalStorage/bmd.stm32-for-vscode/@xpack-dev-tools/arm-none-eabi-gcc/13.2.1-1.1.1/.content/bin/../lib/gcc/arm-none-eabi/13.2.1/thumb/v7-m/nofp/crti.o
LOAD /home/lorolol/.config/Code/User/globalStorage/bmd.stm32-for-vscode/@xpack-dev-tools/arm-none-eabi-gcc/13.2.1-1.1.1/.content/bin/../lib/gcc/arm-none-eabi/13.2.1/thumb/v7-m/nofp/crtbegin.o
LOAD /home/lorolol/.config/Code/User/globalStorage/bmd.stm32-for-vscode/@xpack-dev-tools/arm-none-eabi-gcc/13.2.1-1.1.1/.content/bin/../lib/gcc/arm-none-eabi/13.2.1/../../../../arm-none-eabi/lib/thumb/v7-m/nofp/crt0.o
LOAD build/debug/Core/Src/adc.o
LOAD build/debug/Core/Src/can.o
LOAD build/debug/Core/Src/freertos.o
LOAD build/debug/Core/Src/gpio.o
LOAD build/debug/Core/Src/main.o
LOAD build/debug/Core/Src/rpm.o
LOAD build/debug/Core/Src/spi.o
LOAD build/debug/Core/Src/stm32f1xx_hal_msp.o
LOAD build/debug/Core/Src/stm32f1xx_hal_timebase_tim.o
LOAD build/debug/Core/Src/stm32f1xx_it.o
LOAD build/debug/Core/Src/syscalls.o
LOAD build/debug/Core/Src/sysmem.o
LOAD build/debug/Core/Src/system_stm32f1xx.o
LOAD build/debug/Core/Src/tempcvt.o
LOAD build/debug/Drivers/STM32F1xx_HAL_Driver/Src/stm32f1xx_hal.o
LOAD build/debug/Drivers/STM32F1xx_HAL_Driver/Src/stm32f1xx_hal_adc.o
LOAD build/debug/Drivers/STM32F1xx_HAL_Driver/Src/stm32f1xx_hal_adc_ex.o
LOAD build/debug/Drivers/STM32F1xx_HAL_Driver/Src/stm32f1xx_hal_can.o
LOAD build/debug/Drivers/STM32F1xx_HAL_Driver/Src/stm32f1xx_hal_cortex.o
LOAD build/debug/Drivers/STM32F1xx_HAL_Driver/Src/stm32f1xx_hal_dma.o
LOAD build/debug/Drivers/STM32F1xx_HAL_Driver/Src/stm32f1xx_hal_exti.o
LOAD build/debug/Drivers/STM32F1xx_HAL_Driver/Src/stm32f1xx_hal_flash.o
LOAD build/debug/Drivers/STM32F1xx_HAL_Driver/Src/stm32f1xx_hal_flash_ex.o
LOAD build/debug/Drivers/STM32F1xx_HAL_Driver/Src/stm32f1xx_hal_gpio.o
LOAD build/debug/Drivers/STM32F1xx_HAL_Driver/Src/stm32f1xx_hal_gpio_ex.o
LOAD build/debug/Drivers/STM32F1xx_HAL_Driver/Src/stm32f1xx_hal_pwr.o
LOAD build/debug/Drivers/STM32F1xx_HAL_Driver/Src/stm32f1xx_hal_rcc.o
LOAD build/debug/Drivers/STM32F1xx_HAL_Driver/Src/stm32f1xx_hal_rcc_ex.o
LOAD build/debug/Drivers/STM32F1xx_HAL_Driver/Src/stm32f1xx_hal_spi.o
LOAD build/debug/Drivers/STM32F1xx_HAL_Driver/Src/stm32f1xx_hal_tim.o
LOAD build/debug/Drivers/STM32F1xx_HAL_Driver/Src/stm32f1xx_hal_tim_ex.o
LOAD build/debug/Middlewares/Third_Party/FreeRTOS/Source/CMSIS_RTOS_V2/cmsis_os2.o
LOAD build/debug/Middlewares/Third_Party/FreeRTOS/Source/croutine.o
LOAD build/debug/Middlewares/Third_Party/FreeRTOS/Source/event_groups.o
LOAD build/debug/Middlewares/Third_Party/FreeRTOS/Source/list.o
LOAD build/debug/Middlewares/Third_Party/FreeRTOS/Source/portable/GCC/ARM_CM3/port.o
LOAD build/debug/Middlewares/Third_Party/FreeRTOS/Source/portable/MemMang/heap_4.o
LOAD build/debug/Middlewares/Third_Party/FreeRTOS/Source/queue.o
LOAD build/debug/Middlewares/Third_Party/FreeRTOS/Source/stream_buffer.o
LOAD build/debug/Middlewares/Third_Party/FreeRTOS/Source/tasks.o
LOAD build/debug/Middlewares/Third_Party/FreeRTOS/Source/timers.o
LOAD build/debug/startup_stm32f103xb.o
LOAD /home/lorolol/.config/Code/User/globalStorage/bmd.stm32-for-vscode/@xpack-dev-tools/arm-none-eabi-gcc/13.2.1-1.1.1/.content/bin/../lib/gcc/arm-none-eabi/13.2.1/../../../../arm-none-eabi/lib/thumb/v7-m/nofp/libc_nano.a
LOAD /home/lorolol/.config/Code/User/globalStorage/bmd.stm32-for-vscode/@xpack-dev-tools/arm-none-eabi-gcc/13.2.1-1.1.1/.content/bin/../lib/gcc/arm-none-eabi/13.2.1/../../../../arm-none-eabi/lib/thumb/v7-m/nofp/libm.a
LOAD /home/lorolol/.config/Code/User/globalStorage/bmd.stm32-for-vscode/@xpack-dev-tools/arm-none-eabi-gcc/13.2.1-1.1.1/.content/bin/../lib/gcc/arm-none-eabi/13.2.1/../../../../arm-none-eabi/lib/thumb/v7-m/nofp/libnosys.a
START GROUP
LOAD /home/lorolol/.config/Code/User/globalStorage/bmd.stm32-for-vscode/@xpack-dev-tools/arm-none-eabi-gcc/13.2.1-1.1.1/.content/bin/../lib/gcc/arm-none-eabi/13.2.1/thumb/v7-m/nofp/libgcc.a
LOAD /home/lorolol/.config/Code/User/globalStorage/bmd.stm32-for-vscode/@xpack-dev-tools/arm-none-eabi-gcc/13.2.1-1.1.1/.content/bin/../lib/gcc/arm-none-eabi/13.2.1/../../../../arm-none-eabi/lib/thumb/v7-m/nofp/libc_nano.a
END GROUP
START GROUP
LOAD /home/lorolol/.config/Code/User/globalStorage/bmd.stm32-for-vscode/@xpack-dev-tools/arm-none-eabi-gcc/13.2.1-1.1.1/.content/bin/../lib/gcc/arm-none-eabi/13.2.1/thumb/v7-m/nofp/libgcc.a
LOAD /home/lorolol/.config/Code/User/globalStorage/bmd.stm32-for-vscode/@xpack-dev-tools/arm-none-eabi-gcc/13.2.1-1.1.1/.content/bin/../lib/gcc/arm-none-eabi/13.2.1/../../../../arm-none-eabi/lib/thumb/v7-m/nofp/libc_nano.a
END GROUP
LOAD /home/lorolol/.config/Code/User/globalStorage/bmd.stm32-for-vscode/@xpack-dev-tools/arm-none-eabi-gcc/13.2.1-1.1.1/.content/bin/../lib/gcc/arm-none-eabi/13.2.1/thumb/v7-m/nofp/crtend.o
LOAD /home/lorolol/.config/Code/User/globalStorage/bmd.stm32-for-vscode/@xpack-dev-tools/arm-none-eabi-gcc/13.2.1-1.1.1/.content/bin/../lib/gcc/arm-none-eabi/13.2.1/thumb/v7-m/nofp/crtn.o
                0x20005000                        _estack = (ORIGIN (RAM) + LENGTH (RAM))
                0x00000200                        _Min_Heap_Size = 0x200
                0x00000400                        _Min_Stack_Size = 0x400

.isr_vector     0x08000000      0x10c
                0x08000000                        . = ALIGN (0x4)
 *(.isr_vector)
 .isr_vector    0x08000000      0x10c build/debug/startup_stm32f103xb.o
                0x08000000                g_pfnVectors
                0x0800010c                        . = ALIGN (0x4)

.text           0x08000110     0x66a8
                0x08000110                        . = ALIGN (0x4)
 *(.text)
 .text          0x08000110      0x254 /home/lorolol/.config/Code/User/globalStorage/bmd.stm32-for-vscode/@xpack-dev-tools/arm-none-eabi-gcc/13.2.1-1.1.1/.content/bin/../lib/gcc/arm-none-eabi/13.2.1/thumb/v7-m/nofp/libgcc.a(_arm_muldf3.o)
                0x08000110                __aeabi_dmul
                0x08000110                __muldf3
 .text          0x08000364      0x378 /home/lorolol/.config/Code/User/globalStorage/bmd.stm32-for-vscode/@xpack-dev-tools/arm-none-eabi-gcc/13.2.1-1.1.1/.content/bin/../lib/gcc/arm-none-eabi/13.2.1/thumb/v7-m/nofp/libgcc.a(_arm_addsubdf3.o)
                0x08000364                __aeabi_drsub
                0x0800036c                __aeabi_dsub
                0x0800036c                __subdf3
                0x08000370                __adddf3
                0x08000370                __aeabi_dadd
                0x080005e8                __aeabi_ui2d
                0x080005e8                __floatunsidf
                0x08000608                __floatsidf
                0x08000608                __aeabi_i2d
                0x0800062c                __extendsfdf2
                0x0800062c                __aeabi_f2d
                0x08000670                __aeabi_ul2d
                0x08000670                __floatundidf
                0x08000680                __floatdidf
                0x08000680                __aeabi_l2d
 .text          0x080006dc       0xa0 /home/lorolol/.config/Code/User/globalStorage/bmd.stm32-for-vscode/@xpack-dev-tools/arm-none-eabi-gcc/13.2.1-1.1.1/.content/bin/../lib/gcc/arm-none-eabi/13.2.1/thumb/v7-m/nofp/libgcc.a(_arm_truncdfsf2.o)
                0x080006dc                __aeabi_d2f
                0x080006dc                __truncdfsf2
 .text          0x0800077c      0x21c /home/lorolol/.config/Code/User/globalStorage/bmd.stm32-for-vscode/@xpack-dev-tools/arm-none-eabi-gcc/13.2.1-1.1.1/.content/bin/../lib/gcc/arm-none-eabi/13.2.1/thumb/v7-m/nofp/libgcc.a(_arm_addsubsf3.o)
                0x0800077c                __aeabi_frsub
                0x08000784                __subsf3
                0x08000784                __aeabi_fsub
                0x08000788                __aeabi_fadd
                0x08000788                __addsf3
                0x080008e8                __aeabi_ui2f
                0x080008e8                __floatunsisf
                0x080008f0                __aeabi_i2f
                0x080008f0                __floatsisf
                0x0800090c                __floatundisf
                0x0800090c                __aeabi_ul2f
                0x0800091c                __floatdisf
                0x0800091c                __aeabi_l2f
 .text          0x08000998      0x2a0 /home/lorolol/.config/Code/User/globalStorage/bmd.stm32-for-vscode/@xpack-dev-tools/arm-none-eabi-gcc/13.2.1-1.1.1/.content/bin/../lib/gcc/arm-none-eabi/13.2.1/thumb/v7-m/nofp/libgcc.a(_arm_muldivsf3.o)
                0x08000998                __mulsf3
                0x08000998                __aeabi_fmul
                0x08000b00                __divsf3
                0x08000b00                __aeabi_fdiv
 .text          0x08000c38       0x40 /home/lorolol/.config/Code/User/globalStorage/bmd.stm32-for-vscode/@xpack-dev-tools/arm-none-eabi-gcc/13.2.1-1.1.1/.content/bin/../lib/gcc/arm-none-eabi/13.2.1/thumb/v7-m/nofp/libgcc.a(_arm_fixunssfsi.o)
                0x08000c38                __aeabi_f2uiz
                0x08000c38                __fixunssfsi
 *(.text*)
 .text.__do_global_dtors_aux
                0x08000c78       0x24 /home/lorolol/.config/Code/User/globalStorage/bmd.stm32-for-vscode/@xpack-dev-tools/arm-none-eabi-gcc/13.2.1-1.1.1/.content/bin/../lib/gcc/arm-none-eabi/13.2.1/thumb/v7-m/nofp/crtbegin.o
 .text.frame_dummy
                0x08000c9c       0x1c /home/lorolol/.config/Code/User/globalStorage/bmd.stm32-for-vscode/@xpack-dev-tools/arm-none-eabi-gcc/13.2.1-1.1.1/.content/bin/../lib/gcc/arm-none-eabi/13.2.1/thumb/v7-m/nofp/crtbegin.o
 .text.MX_ADC1_Init
                0x08000cb8       0xac build/debug/Core/Src/adc.o
                0x08000cb8                MX_ADC1_Init
 .text.HAL_ADC_MspInit
                0x08000d64       0x60 build/debug/Core/Src/adc.o
                0x08000d64                HAL_ADC_MspInit
 .text.MX_CAN_Init
                0x08000dc4       0x88 build/debug/Core/Src/can.o
                0x08000dc4                MX_CAN_Init
 .text.HAL_CAN_MspInit
                0x08000e4c       0x98 build/debug/Core/Src/can.o
                0x08000e4c                HAL_CAN_MspInit
 .text.can_setup_message
                0x08000ee4       0x1e build/debug/Core/Src/can.o
                0x08000ee4                can_setup_message
 *fill*         0x08000f02        0x2 
 .text.can_send_message
                0x08000f04       0x24 build/debug/Core/Src/can.o
                0x08000f04                can_send_message
 .text.can_handle_rx_msg
                0x08000f28       0x40 build/debug/Core/Src/can.o
                0x08000f28                can_handle_rx_msg
 .text.StartDefaultTask
                0x08000f68       0xa0 build/debug/Core/Src/freertos.o
                0x08000f68                StartDefaultTask
 .text.Start_CAN_handler
                0x08001008       0xb0 build/debug/Core/Src/freertos.o
                0x08001008                Start_CAN_handler
 .text.Start_Itr_handler
                0x080010b8       0x64 build/debug/Core/Src/freertos.o
                0x080010b8                Start_Itr_handler
 .text.Start_Polling_handler
                0x0800111c       0x48 build/debug/Core/Src/freertos.o
                0x0800111c                Start_Polling_handler
 .text.MX_FREERTOS_Init
                0x08001164       0x94 build/debug/Core/Src/freertos.o
                0x08001164                MX_FREERTOS_Init
 .text.MX_GPIO_Init
                0x080011f8       0xe0 build/debug/Core/Src/gpio.o
                0x080011f8                MX_GPIO_Init
 .text.HAL_GPIO_EXTI_Callback
                0x080012d8       0x88 build/debug/Core/Src/main.o
                0x080012d8                HAL_GPIO_EXTI_Callback
 .text.HAL_CAN_RxFifo0MsgPendingCallback
                0x08001360       0x28 build/debug/Core/Src/main.o
                0x08001360                HAL_CAN_RxFifo0MsgPendingCallback
 .text.HAL_TIM_PeriodElapsedCallback
                0x08001388       0x18 build/debug/Core/Src/main.o
                0x08001388                HAL_TIM_PeriodElapsedCallback
 .text.Error_Handler
                0x080013a0        0x4 build/debug/Core/Src/main.o
                0x080013a0                Error_Handler
 .text.SystemClock_Config
                0x080013a4       0x84 build/debug/Core/Src/main.o
                0x080013a4                SystemClock_Config
 .text.main     0x08001428       0x48 build/debug/Core/Src/main.o
                0x08001428                main
 .text.rpm_calculate
                0x08001470       0x38 build/debug/Core/Src/rpm.o
                0x08001470                rpm_calculate
 .text.MX_SPI2_Init
                0x080014a8       0x48 build/debug/Core/Src/spi.o
                0x080014a8                MX_SPI2_Init
 .text.HAL_SPI_MspInit
                0x080014f0       0x64 build/debug/Core/Src/spi.o
                0x080014f0                HAL_SPI_MspInit
 .text.HAL_MspInit
                0x08001554       0x54 build/debug/Core/Src/stm32f1xx_hal_msp.o
                0x08001554                HAL_MspInit
 .text.HAL_InitTick
                0x080015a8       0x94 build/debug/Core/Src/stm32f1xx_hal_timebase_tim.o
                0x080015a8                HAL_InitTick
 .text.NMI_Handler
                0x0800163c        0x2 build/debug/Core/Src/stm32f1xx_it.o
                0x0800163c                NMI_Handler
 .text.HardFault_Handler
                0x0800163e        0x2 build/debug/Core/Src/stm32f1xx_it.o
                0x0800163e                HardFault_Handler
 .text.MemManage_Handler
                0x08001640        0x2 build/debug/Core/Src/stm32f1xx_it.o
                0x08001640                MemManage_Handler
 .text.BusFault_Handler
                0x08001642        0x2 build/debug/Core/Src/stm32f1xx_it.o
                0x08001642                BusFault_Handler
 .text.UsageFault_Handler
                0x08001644        0x2 build/debug/Core/Src/stm32f1xx_it.o
                0x08001644                UsageFault_Handler
 .text.DebugMon_Handler
                0x08001646        0x2 build/debug/Core/Src/stm32f1xx_it.o
                0x08001646                DebugMon_Handler
 .text.USB_LP_CAN1_RX0_IRQHandler
                0x08001648       0x10 build/debug/Core/Src/stm32f1xx_it.o
                0x08001648                USB_LP_CAN1_RX0_IRQHandler
 .text.EXTI9_5_IRQHandler
                0x08001658        0xa build/debug/Core/Src/stm32f1xx_it.o
                0x08001658                EXTI9_5_IRQHandler
 *fill*         0x08001662        0x2 
 .text.TIM1_UP_IRQHandler
                0x08001664       0x10 build/debug/Core/Src/stm32f1xx_it.o
                0x08001664                TIM1_UP_IRQHandler
 .text._sbrk    0x08001674       0x48 build/debug/Core/Src/sysmem.o
                0x08001674                _sbrk
 .text.SystemInit
                0x080016bc        0x2 build/debug/Core/Src/system_stm32f1xx.o
                0x080016bc                SystemInit
 *fill*         0x080016be        0x2 
 .text.temp_read
                0x080016c0       0x44 build/debug/Core/Src/tempcvt.o
                0x080016c0                temp_read
 .text.temp_convert
                0x08001704       0x1c build/debug/Core/Src/tempcvt.o
                0x08001704                temp_convert
 .text.HAL_Init
                0x08001720       0x24 build/debug/Drivers/STM32F1xx_HAL_Driver/Src/stm32f1xx_hal.o
                0x08001720                HAL_Init
 .text.HAL_IncTick
                0x08001744       0x18 build/debug/Drivers/STM32F1xx_HAL_Driver/Src/stm32f1xx_hal.o
                0x08001744                HAL_IncTick
 .text.HAL_GetTick
                0x0800175c        0xc build/debug/Drivers/STM32F1xx_HAL_Driver/Src/stm32f1xx_hal.o
                0x0800175c                HAL_GetTick
 .text.HAL_ADC_ConfigChannel
                0x08001768      0x140 build/debug/Drivers/STM32F1xx_HAL_Driver/Src/stm32f1xx_hal_adc.o
                0x08001768                HAL_ADC_ConfigChannel
 .text.ADC_Enable
                0x080018a8       0x88 build/debug/Drivers/STM32F1xx_HAL_Driver/Src/stm32f1xx_hal_adc.o
                0x080018a8                ADC_Enable
 .text.ADC_ConversionStop_Disable
                0x08001930       0x56 build/debug/Drivers/STM32F1xx_HAL_Driver/Src/stm32f1xx_hal_adc.o
                0x08001930                ADC_ConversionStop_Disable
 *fill*         0x08001986        0x2 
 .text.HAL_ADC_Init
                0x08001988      0x108 build/debug/Drivers/STM32F1xx_HAL_Driver/Src/stm32f1xx_hal_adc.o
                0x08001988                HAL_ADC_Init
 .text.HAL_ADCEx_Calibration_Start
                0x08001a90      0x100 build/debug/Drivers/STM32F1xx_HAL_Driver/Src/stm32f1xx_hal_adc_ex.o
                0x08001a90                HAL_ADCEx_Calibration_Start
 .text.HAL_CAN_Init
                0x08001b90      0x14c build/debug/Drivers/STM32F1xx_HAL_Driver/Src/stm32f1xx_hal_can.o
                0x08001b90                HAL_CAN_Init
 .text.HAL_CAN_ConfigFilter
                0x08001cdc      0x10c build/debug/Drivers/STM32F1xx_HAL_Driver/Src/stm32f1xx_hal_can.o
                0x08001cdc                HAL_CAN_ConfigFilter
 .text.HAL_CAN_Start
                0x08001de8       0x5c build/debug/Drivers/STM32F1xx_HAL_Driver/Src/stm32f1xx_hal_can.o
                0x08001de8                HAL_CAN_Start
 .text.HAL_CAN_AddTxMessage
                0x08001e44       0xea build/debug/Drivers/STM32F1xx_HAL_Driver/Src/stm32f1xx_hal_can.o
                0x08001e44                HAL_CAN_AddTxMessage
 .text.HAL_CAN_GetRxMessage
                0x08001f2e      0x16a build/debug/Drivers/STM32F1xx_HAL_Driver/Src/stm32f1xx_hal_can.o
                0x08001f2e                HAL_CAN_GetRxMessage
 .text.HAL_CAN_ActivateNotification
                0x08002098       0x24 build/debug/Drivers/STM32F1xx_HAL_Driver/Src/stm32f1xx_hal_can.o
                0x08002098                HAL_CAN_ActivateNotification
 .text.HAL_CAN_TxMailbox0CompleteCallback
                0x080020bc        0x2 build/debug/Drivers/STM32F1xx_HAL_Driver/Src/stm32f1xx_hal_can.o
                0x080020bc                HAL_CAN_TxMailbox0CompleteCallback
 .text.HAL_CAN_TxMailbox1CompleteCallback
                0x080020be        0x2 build/debug/Drivers/STM32F1xx_HAL_Driver/Src/stm32f1xx_hal_can.o
                0x080020be                HAL_CAN_TxMailbox1CompleteCallback
 .text.HAL_CAN_TxMailbox2CompleteCallback
                0x080020c0        0x2 build/debug/Drivers/STM32F1xx_HAL_Driver/Src/stm32f1xx_hal_can.o
                0x080020c0                HAL_CAN_TxMailbox2CompleteCallback
 .text.HAL_CAN_TxMailbox0AbortCallback
                0x080020c2        0x2 build/debug/Drivers/STM32F1xx_HAL_Driver/Src/stm32f1xx_hal_can.o
                0x080020c2                HAL_CAN_TxMailbox0AbortCallback
 .text.HAL_CAN_TxMailbox1AbortCallback
                0x080020c4        0x2 build/debug/Drivers/STM32F1xx_HAL_Driver/Src/stm32f1xx_hal_can.o
                0x080020c4                HAL_CAN_TxMailbox1AbortCallback
 .text.HAL_CAN_TxMailbox2AbortCallback
                0x080020c6        0x2 build/debug/Drivers/STM32F1xx_HAL_Driver/Src/stm32f1xx_hal_can.o
                0x080020c6                HAL_CAN_TxMailbox2AbortCallback
 .text.HAL_CAN_RxFifo0FullCallback
                0x080020c8        0x2 build/debug/Drivers/STM32F1xx_HAL_Driver/Src/stm32f1xx_hal_can.o
                0x080020c8                HAL_CAN_RxFifo0FullCallback
 .text.HAL_CAN_RxFifo1MsgPendingCallback
                0x080020ca        0x2 build/debug/Drivers/STM32F1xx_HAL_Driver/Src/stm32f1xx_hal_can.o
                0x080020ca                HAL_CAN_RxFifo1MsgPendingCallback
 .text.HAL_CAN_RxFifo1FullCallback
                0x080020cc        0x2 build/debug/Drivers/STM32F1xx_HAL_Driver/Src/stm32f1xx_hal_can.o
                0x080020cc                HAL_CAN_RxFifo1FullCallback
 .text.HAL_CAN_SleepCallback
                0x080020ce        0x2 build/debug/Drivers/STM32F1xx_HAL_Driver/Src/stm32f1xx_hal_can.o
                0x080020ce                HAL_CAN_SleepCallback
 .text.HAL_CAN_WakeUpFromRxMsgCallback
                0x080020d0        0x2 build/debug/Drivers/STM32F1xx_HAL_Driver/Src/stm32f1xx_hal_can.o
                0x080020d0                HAL_CAN_WakeUpFromRxMsgCallback
 .text.HAL_CAN_ErrorCallback
                0x080020d2        0x2 build/debug/Drivers/STM32F1xx_HAL_Driver/Src/stm32f1xx_hal_can.o
                0x080020d2                HAL_CAN_ErrorCallback
 .text.HAL_CAN_IRQHandler
                0x080020d4      0x250 build/debug/Drivers/STM32F1xx_HAL_Driver/Src/stm32f1xx_hal_can.o
                0x080020d4                HAL_CAN_IRQHandler
 .text.__NVIC_SetPriority
                0x08002324       0x28 build/debug/Drivers/STM32F1xx_HAL_Driver/Src/stm32f1xx_hal_cortex.o
 .text.NVIC_EncodePriority
                0x0800234c       0x3e build/debug/Drivers/STM32F1xx_HAL_Driver/Src/stm32f1xx_hal_cortex.o
 *fill*         0x0800238a        0x2 
 .text.HAL_NVIC_SetPriorityGrouping
                0x0800238c       0x24 build/debug/Drivers/STM32F1xx_HAL_Driver/Src/stm32f1xx_hal_cortex.o
                0x0800238c                HAL_NVIC_SetPriorityGrouping
 .text.HAL_NVIC_SetPriority
                0x080023b0       0x20 build/debug/Drivers/STM32F1xx_HAL_Driver/Src/stm32f1xx_hal_cortex.o
                0x080023b0                HAL_NVIC_SetPriority
 .text.HAL_NVIC_EnableIRQ
                0x080023d0       0x1c build/debug/Drivers/STM32F1xx_HAL_Driver/Src/stm32f1xx_hal_cortex.o
                0x080023d0                HAL_NVIC_EnableIRQ
 .text.HAL_GPIO_Init
                0x080023ec      0x21c build/debug/Drivers/STM32F1xx_HAL_Driver/Src/stm32f1xx_hal_gpio.o
                0x080023ec                HAL_GPIO_Init
 .text.HAL_GPIO_WritePin
                0x08002608        0xc build/debug/Drivers/STM32F1xx_HAL_Driver/Src/stm32f1xx_hal_gpio.o
                0x08002608                HAL_GPIO_WritePin
 .text.HAL_GPIO_TogglePin
                0x08002614       0x12 build/debug/Drivers/STM32F1xx_HAL_Driver/Src/stm32f1xx_hal_gpio.o
                0x08002614                HAL_GPIO_TogglePin
 *fill*         0x08002626        0x2 
 .text.HAL_GPIO_EXTI_IRQHandler
                0x08002628       0x1c build/debug/Drivers/STM32F1xx_HAL_Driver/Src/stm32f1xx_hal_gpio.o
                0x08002628                HAL_GPIO_EXTI_IRQHandler
 .text.RCC_Delay
                0x08002644       0x2c build/debug/Drivers/STM32F1xx_HAL_Driver/Src/stm32f1xx_hal_rcc.o
 .text.HAL_RCC_OscConfig
                0x08002670      0x410 build/debug/Drivers/STM32F1xx_HAL_Driver/Src/stm32f1xx_hal_rcc.o
                0x08002670                HAL_RCC_OscConfig
 .text.HAL_RCC_GetSysClockFreq
                0x08002a80       0x54 build/debug/Drivers/STM32F1xx_HAL_Driver/Src/stm32f1xx_hal_rcc.o
                0x08002a80                HAL_RCC_GetSysClockFreq
 .text.HAL_RCC_ClockConfig
                0x08002ad4      0x16c build/debug/Drivers/STM32F1xx_HAL_Driver/Src/stm32f1xx_hal_rcc.o
                0x08002ad4                HAL_RCC_ClockConfig
 .text.HAL_RCC_GetHCLKFreq
                0x08002c40        0xc build/debug/Drivers/STM32F1xx_HAL_Driver/Src/stm32f1xx_hal_rcc.o
                0x08002c40                HAL_RCC_GetHCLKFreq
 .text.HAL_RCC_GetPCLK2Freq
                0x08002c4c       0x20 build/debug/Drivers/STM32F1xx_HAL_Driver/Src/stm32f1xx_hal_rcc.o
                0x08002c4c                HAL_RCC_GetPCLK2Freq
 .text.HAL_RCC_GetClockConfig
                0x08002c6c       0x3c build/debug/Drivers/STM32F1xx_HAL_Driver/Src/stm32f1xx_hal_rcc.o
                0x08002c6c                HAL_RCC_GetClockConfig
 .text.HAL_RCCEx_PeriphCLKConfig
                0x08002ca8      0x118 build/debug/Drivers/STM32F1xx_HAL_Driver/Src/stm32f1xx_hal_rcc_ex.o
                0x08002ca8                HAL_RCCEx_PeriphCLKConfig
 .text.HAL_RCCEx_GetPeriphCLKFreq
                0x08002dc0       0xd8 build/debug/Drivers/STM32F1xx_HAL_Driver/Src/stm32f1xx_hal_rcc_ex.o
                0x08002dc0                HAL_RCCEx_GetPeriphCLKFreq
 .text.SPI_WaitFlagStateUntilTimeout
                0x08002e98       0xc8 build/debug/Drivers/STM32F1xx_HAL_Driver/Src/stm32f1xx_hal_spi.o
 .text.SPI_EndRxTxTransaction
                0x08002f60       0x24 build/debug/Drivers/STM32F1xx_HAL_Driver/Src/stm32f1xx_hal_spi.o
 .text.SPI_EndRxTransaction
                0x08002f84       0x74 build/debug/Drivers/STM32F1xx_HAL_Driver/Src/stm32f1xx_hal_spi.o
 .text.HAL_SPI_Init
                0x08002ff8       0xb6 build/debug/Drivers/STM32F1xx_HAL_Driver/Src/stm32f1xx_hal_spi.o
                0x08002ff8                HAL_SPI_Init
 .text.HAL_SPI_TransmitReceive
                0x080030ae      0x244 build/debug/Drivers/STM32F1xx_HAL_Driver/Src/stm32f1xx_hal_spi.o
                0x080030ae                HAL_SPI_TransmitReceive
 .text.HAL_SPI_Receive
                0x080032f2      0x17e build/debug/Drivers/STM32F1xx_HAL_Driver/Src/stm32f1xx_hal_spi.o
                0x080032f2                HAL_SPI_Receive
 .text.HAL_TIM_Base_MspInit
                0x08003470        0x2 build/debug/Drivers/STM32F1xx_HAL_Driver/Src/stm32f1xx_hal_tim.o
                0x08003470                HAL_TIM_Base_MspInit
 *fill*         0x08003472        0x2 
 .text.HAL_TIM_Base_Start_IT
                0x08003474       0x68 build/debug/Drivers/STM32F1xx_HAL_Driver/Src/stm32f1xx_hal_tim.o
                0x08003474                HAL_TIM_Base_Start_IT
 .text.HAL_TIM_OC_DelayElapsedCallback
                0x080034dc        0x2 build/debug/Drivers/STM32F1xx_HAL_Driver/Src/stm32f1xx_hal_tim.o
                0x080034dc                HAL_TIM_OC_DelayElapsedCallback
 .text.HAL_TIM_IC_CaptureCallback
                0x080034de        0x2 build/debug/Drivers/STM32F1xx_HAL_Driver/Src/stm32f1xx_hal_tim.o
                0x080034de                HAL_TIM_IC_CaptureCallback
 .text.HAL_TIM_PWM_PulseFinishedCallback
                0x080034e0        0x2 build/debug/Drivers/STM32F1xx_HAL_Driver/Src/stm32f1xx_hal_tim.o
                0x080034e0                HAL_TIM_PWM_PulseFinishedCallback
 .text.HAL_TIM_TriggerCallback
                0x080034e2        0x2 build/debug/Drivers/STM32F1xx_HAL_Driver/Src/stm32f1xx_hal_tim.o
                0x080034e2                HAL_TIM_TriggerCallback
 .text.HAL_TIM_IRQHandler
                0x080034e4      0x17a build/debug/Drivers/STM32F1xx_HAL_Driver/Src/stm32f1xx_hal_tim.o
                0x080034e4                HAL_TIM_IRQHandler
 *fill*         0x0800365e        0x2 
 .text.TIM_Base_SetConfig
                0x08003660       0x74 build/debug/Drivers/STM32F1xx_HAL_Driver/Src/stm32f1xx_hal_tim.o
                0x08003660                TIM_Base_SetConfig
 .text.HAL_TIM_Base_Init
                0x080036d4       0x58 build/debug/Drivers/STM32F1xx_HAL_Driver/Src/stm32f1xx_hal_tim.o
                0x080036d4                HAL_TIM_Base_Init
 .text.HAL_TIMEx_CommutCallback
                0x0800372c        0x2 build/debug/Drivers/STM32F1xx_HAL_Driver/Src/stm32f1xx_hal_tim_ex.o
                0x0800372c                HAL_TIMEx_CommutCallback
 .text.HAL_TIMEx_BreakCallback
                0x0800372e        0x2 build/debug/Drivers/STM32F1xx_HAL_Driver/Src/stm32f1xx_hal_tim_ex.o
                0x0800372e                HAL_TIMEx_BreakCallback
 .text.osKernelInitialize
                0x08003730       0x44 build/debug/Middlewares/Third_Party/FreeRTOS/Source/CMSIS_RTOS_V2/cmsis_os2.o
                0x08003730                osKernelInitialize
 .text.osKernelStart
                0x08003774       0x4c build/debug/Middlewares/Third_Party/FreeRTOS/Source/CMSIS_RTOS_V2/cmsis_os2.o
                0x08003774                osKernelStart
 .text.osKernelGetTickCount
                0x080037c0       0x2c build/debug/Middlewares/Third_Party/FreeRTOS/Source/CMSIS_RTOS_V2/cmsis_os2.o
                0x080037c0                osKernelGetTickCount
 .text.osThreadNew
                0x080037ec       0xf0 build/debug/Middlewares/Third_Party/FreeRTOS/Source/CMSIS_RTOS_V2/cmsis_os2.o
                0x080037ec                osThreadNew
 .text.osThreadGetState
                0x080038dc       0x64 build/debug/Middlewares/Third_Party/FreeRTOS/Source/CMSIS_RTOS_V2/cmsis_os2.o
                0x080038dc                osThreadGetState
 .text.osThreadTerminate
                0x08003940       0x58 build/debug/Middlewares/Third_Party/FreeRTOS/Source/CMSIS_RTOS_V2/cmsis_os2.o
                0x08003940                osThreadTerminate
 .text.osThreadFlagsSet
                0x08003998       0x90 build/debug/Middlewares/Third_Party/FreeRTOS/Source/CMSIS_RTOS_V2/cmsis_os2.o
                0x08003998                osThreadFlagsSet
 .text.osThreadFlagsGet
                0x08003a28       0x4c build/debug/Middlewares/Third_Party/FreeRTOS/Source/CMSIS_RTOS_V2/cmsis_os2.o
                0x08003a28                osThreadFlagsGet
 .text.osThreadFlagsWait
                0x08003a74       0xd8 build/debug/Middlewares/Third_Party/FreeRTOS/Source/CMSIS_RTOS_V2/cmsis_os2.o
                0x08003a74                osThreadFlagsWait
 .text.osDelay  0x08003b4c       0x44 build/debug/Middlewares/Third_Party/FreeRTOS/Source/CMSIS_RTOS_V2/cmsis_os2.o
                0x08003b4c                osDelay
 .text.osEventFlagsNew
                0x08003b90       0x68 build/debug/Middlewares/Third_Party/FreeRTOS/Source/CMSIS_RTOS_V2/cmsis_os2.o
                0x08003b90                osEventFlagsNew
 .text.osEventFlagsSet
                0x08003bf8       0x7c build/debug/Middlewares/Third_Party/FreeRTOS/Source/CMSIS_RTOS_V2/cmsis_os2.o
                0x08003bf8                osEventFlagsSet
 .text.osEventFlagsClear
                0x08003c74       0x60 build/debug/Middlewares/Third_Party/FreeRTOS/Source/CMSIS_RTOS_V2/cmsis_os2.o
                0x08003c74                osEventFlagsClear
 .text.osEventFlagsWait
                0x08003cd4       0x9c build/debug/Middlewares/Third_Party/FreeRTOS/Source/CMSIS_RTOS_V2/cmsis_os2.o
                0x08003cd4                osEventFlagsWait
 .text.osMessageQueueNew
                0x08003d70       0xbc build/debug/Middlewares/Third_Party/FreeRTOS/Source/CMSIS_RTOS_V2/cmsis_os2.o
                0x08003d70                osMessageQueueNew
 .text.osMessageQueuePut
                0x08003e2c       0xa0 build/debug/Middlewares/Third_Party/FreeRTOS/Source/CMSIS_RTOS_V2/cmsis_os2.o
                0x08003e2c                osMessageQueuePut
 .text.osMessageQueueGet
                0x08003ecc       0x9c build/debug/Middlewares/Third_Party/FreeRTOS/Source/CMSIS_RTOS_V2/cmsis_os2.o
                0x08003ecc                osMessageQueueGet
 .text.osMessageQueueGetCapacity
                0x08003f68        0xa build/debug/Middlewares/Third_Party/FreeRTOS/Source/CMSIS_RTOS_V2/cmsis_os2.o
                0x08003f68                osMessageQueueGetCapacity
 *fill*         0x08003f72        0x2 
 .text.osMessageQueueGetCount
                0x08003f74       0x38 build/debug/Middlewares/Third_Party/FreeRTOS/Source/CMSIS_RTOS_V2/cmsis_os2.o
                0x08003f74                osMessageQueueGetCount
 .text.osMessageQueueReset
                0x08003fac       0x48 build/debug/Middlewares/Third_Party/FreeRTOS/Source/CMSIS_RTOS_V2/cmsis_os2.o
                0x08003fac                osMessageQueueReset
 .text.vApplicationGetIdleTaskMemory
                0x08003ff4       0x18 build/debug/Middlewares/Third_Party/FreeRTOS/Source/CMSIS_RTOS_V2/cmsis_os2.o
                0x08003ff4                vApplicationGetIdleTaskMemory
 .text.vApplicationGetTimerTaskMemory
                0x0800400c       0x18 build/debug/Middlewares/Third_Party/FreeRTOS/Source/CMSIS_RTOS_V2/cmsis_os2.o
                0x0800400c                vApplicationGetTimerTaskMemory
 .text.prvTestWaitCondition
                0x08004024       0x1a build/debug/Middlewares/Third_Party/FreeRTOS/Source/event_groups.o
 .text.xEventGroupCreateStatic
                0x0800403e       0x4a build/debug/Middlewares/Third_Party/FreeRTOS/Source/event_groups.o
                0x0800403e                xEventGroupCreateStatic
 .text.xEventGroupCreate
                0x08004088       0x1c build/debug/Middlewares/Third_Party/FreeRTOS/Source/event_groups.o
                0x08004088                xEventGroupCreate
 .text.xEventGroupWaitBits
                0x080040a4      0x10a build/debug/Middlewares/Third_Party/FreeRTOS/Source/event_groups.o
                0x080040a4                xEventGroupWaitBits
 .text.xEventGroupClearBits
                0x080041ae       0x46 build/debug/Middlewares/Third_Party/FreeRTOS/Source/event_groups.o
                0x080041ae                xEventGroupClearBits
 .text.vEventGroupClearBitsCallback
                0x080041f4        0x8 build/debug/Middlewares/Third_Party/FreeRTOS/Source/event_groups.o
                0x080041f4                vEventGroupClearBitsCallback
 .text.xEventGroupClearBitsFromISR
                0x080041fc       0x14 build/debug/Middlewares/Third_Party/FreeRTOS/Source/event_groups.o
                0x080041fc                xEventGroupClearBitsFromISR
 .text.xEventGroupGetBitsFromISR
                0x08004210       0x1c build/debug/Middlewares/Third_Party/FreeRTOS/Source/event_groups.o
                0x08004210                xEventGroupGetBitsFromISR
 .text.xEventGroupSetBits
                0x0800422c       0x8e build/debug/Middlewares/Third_Party/FreeRTOS/Source/event_groups.o
                0x0800422c                xEventGroupSetBits
 .text.vEventGroupSetBitsCallback
                0x080042ba        0x8 build/debug/Middlewares/Third_Party/FreeRTOS/Source/event_groups.o
                0x080042ba                vEventGroupSetBitsCallback
 *fill*         0x080042c2        0x2 
 .text.xEventGroupSetBitsFromISR
                0x080042c4       0x14 build/debug/Middlewares/Third_Party/FreeRTOS/Source/event_groups.o
                0x080042c4                xEventGroupSetBitsFromISR
 .text.vListInitialise
                0x080042d8       0x16 build/debug/Middlewares/Third_Party/FreeRTOS/Source/list.o
                0x080042d8                vListInitialise
 .text.vListInitialiseItem
                0x080042ee        0x6 build/debug/Middlewares/Third_Party/FreeRTOS/Source/list.o
                0x080042ee                vListInitialiseItem
 .text.vListInsertEnd
                0x080042f4       0x16 build/debug/Middlewares/Third_Party/FreeRTOS/Source/list.o
                0x080042f4                vListInsertEnd
 .text.vListInsert
                0x0800430a       0x32 build/debug/Middlewares/Third_Party/FreeRTOS/Source/list.o
                0x0800430a                vListInsert
 .text.uxListRemove
                0x0800433c       0x26 build/debug/Middlewares/Third_Party/FreeRTOS/Source/list.o
                0x0800433c                uxListRemove
 *fill*         0x08004362        0x2 
 .text.prvTaskExitError
                0x08004364       0x40 build/debug/Middlewares/Third_Party/FreeRTOS/Source/portable/GCC/ARM_CM3/port.o
 .text.prvPortStartFirstTask
                0x080043a4       0x20 build/debug/Middlewares/Third_Party/FreeRTOS/Source/portable/GCC/ARM_CM3/port.o
 .text.pxPortInitialiseStack
                0x080043c4       0x24 build/debug/Middlewares/Third_Party/FreeRTOS/Source/portable/GCC/ARM_CM3/port.o
                0x080043c4                pxPortInitialiseStack
 *fill*         0x080043e8        0x8 
 .text.SVC_Handler
                0x080043f0       0x24 build/debug/Middlewares/Third_Party/FreeRTOS/Source/portable/GCC/ARM_CM3/port.o
                0x080043f0                SVC_Handler
 .text.vPortEnterCritical
                0x08004414       0x44 build/debug/Middlewares/Third_Party/FreeRTOS/Source/portable/GCC/ARM_CM3/port.o
                0x08004414                vPortEnterCritical
 .text.vPortExitCritical
                0x08004458       0x2c build/debug/Middlewares/Third_Party/FreeRTOS/Source/portable/GCC/ARM_CM3/port.o
                0x08004458                vPortExitCritical
 *fill*         0x08004484        0xc 
 .text.PendSV_Handler
                0x08004490       0x44 build/debug/Middlewares/Third_Party/FreeRTOS/Source/portable/GCC/ARM_CM3/port.o
                0x08004490                PendSV_Handler
 .text.SysTick_Handler
                0x080044d4       0x2c build/debug/Middlewares/Third_Party/FreeRTOS/Source/portable/GCC/ARM_CM3/port.o
                0x080044d4                SysTick_Handler
 .text.vPortSetupTimerInterrupt
                0x08004500       0x28 build/debug/Middlewares/Third_Party/FreeRTOS/Source/portable/GCC/ARM_CM3/port.o
                0x08004500                vPortSetupTimerInterrupt
 .text.xPortStartScheduler
                0x08004528       0xc0 build/debug/Middlewares/Third_Party/FreeRTOS/Source/portable/GCC/ARM_CM3/port.o
                0x08004528                xPortStartScheduler
 .text.vPortValidateInterruptPriority
                0x080045e8       0x5c build/debug/Middlewares/Third_Party/FreeRTOS/Source/portable/GCC/ARM_CM3/port.o
                0x080045e8                vPortValidateInterruptPriority
 .text.prvHeapInit
                0x08004644       0x64 build/debug/Middlewares/Third_Party/FreeRTOS/Source/portable/MemMang/heap_4.o
 .text.prvInsertBlockIntoFreeList
                0x080046a8       0x60 build/debug/Middlewares/Third_Party/FreeRTOS/Source/portable/MemMang/heap_4.o
 .text.pvPortMalloc
                0x08004708       0xf8 build/debug/Middlewares/Third_Party/FreeRTOS/Source/portable/MemMang/heap_4.o
                0x08004708                pvPortMalloc
 .text.vPortFree
                0x08004800       0x70 build/debug/Middlewares/Third_Party/FreeRTOS/Source/portable/MemMang/heap_4.o
                0x08004800                vPortFree
 .text.prvIsQueueFull
                0x08004870       0x1e build/debug/Middlewares/Third_Party/FreeRTOS/Source/queue.o
 .text.prvIsQueueEmpty
                0x0800488e       0x1a build/debug/Middlewares/Third_Party/FreeRTOS/Source/queue.o
 .text.prvCopyDataToQueue
                0x080048a8       0x76 build/debug/Middlewares/Third_Party/FreeRTOS/Source/queue.o
 .text.prvCopyDataFromQueue
                0x0800491e       0x24 build/debug/Middlewares/Third_Party/FreeRTOS/Source/queue.o
 .text.prvUnlockQueue
                0x08004942       0x6e build/debug/Middlewares/Third_Party/FreeRTOS/Source/queue.o
 .text.xQueueGenericReset
                0x080049b0       0x84 build/debug/Middlewares/Third_Party/FreeRTOS/Source/queue.o
                0x080049b0                xQueueGenericReset
 .text.prvInitialiseNewQueue
                0x08004a34       0x22 build/debug/Middlewares/Third_Party/FreeRTOS/Source/queue.o
 .text.xQueueGenericCreateStatic
                0x08004a56       0x92 build/debug/Middlewares/Third_Party/FreeRTOS/Source/queue.o
                0x08004a56                xQueueGenericCreateStatic
 .text.xQueueGenericCreate
                0x08004ae8       0x4e build/debug/Middlewares/Third_Party/FreeRTOS/Source/queue.o
                0x08004ae8                xQueueGenericCreate
 .text.xQueueGenericSend
                0x08004b36      0x188 build/debug/Middlewares/Third_Party/FreeRTOS/Source/queue.o
                0x08004b36                xQueueGenericSend
 .text.xQueueGenericSendFromISR
                0x08004cbe       0xcc build/debug/Middlewares/Third_Party/FreeRTOS/Source/queue.o
                0x08004cbe                xQueueGenericSendFromISR
 .text.xQueueReceive
                0x08004d8a      0x15e build/debug/Middlewares/Third_Party/FreeRTOS/Source/queue.o
                0x08004d8a                xQueueReceive
 .text.xQueueReceiveFromISR
                0x08004ee8       0xae build/debug/Middlewares/Third_Party/FreeRTOS/Source/queue.o
                0x08004ee8                xQueueReceiveFromISR
 .text.uxQueueMessagesWaiting
                0x08004f96       0x26 build/debug/Middlewares/Third_Party/FreeRTOS/Source/queue.o
                0x08004f96                uxQueueMessagesWaiting
 .text.uxQueueMessagesWaitingFromISR
                0x08004fbc       0x18 build/debug/Middlewares/Third_Party/FreeRTOS/Source/queue.o
                0x08004fbc                uxQueueMessagesWaitingFromISR
 .text.vQueueAddToRegistry
                0x08004fd4       0x28 build/debug/Middlewares/Third_Party/FreeRTOS/Source/queue.o
                0x08004fd4                vQueueAddToRegistry
 .text.vQueueWaitForMessageRestricted
                0x08004ffc       0x52 build/debug/Middlewares/Third_Party/FreeRTOS/Source/queue.o
                0x08004ffc                vQueueWaitForMessageRestricted
 *fill*         0x0800504e        0x2 
 .text.prvResetNextTaskUnblockTime
                0x08005050       0x2c build/debug/Middlewares/Third_Party/FreeRTOS/Source/tasks.o
 .text.prvInitialiseNewTask
                0x0800507c       0xf8 build/debug/Middlewares/Third_Party/FreeRTOS/Source/tasks.o
 .text.prvInitialiseTaskLists
                0x08005174       0x68 build/debug/Middlewares/Third_Party/FreeRTOS/Source/tasks.o
 .text.prvAddNewTaskToReadyList
                0x080051dc       0xac build/debug/Middlewares/Third_Party/FreeRTOS/Source/tasks.o
 .text.prvDeleteTCB
                0x08005288       0x40 build/debug/Middlewares/Third_Party/FreeRTOS/Source/tasks.o
 .text.prvCheckTasksWaitingTermination
                0x080052c8       0x4c build/debug/Middlewares/Third_Party/FreeRTOS/Source/tasks.o
 .text.prvIdleTask
                0x08005314       0x28 build/debug/Middlewares/Third_Party/FreeRTOS/Source/tasks.o
 .text.prvAddCurrentTaskToDelayedList
                0x0800533c       0x7c build/debug/Middlewares/Third_Party/FreeRTOS/Source/tasks.o
 .text.xTaskCreateStatic
                0x080053b8       0x78 build/debug/Middlewares/Third_Party/FreeRTOS/Source/tasks.o
                0x080053b8                xTaskCreateStatic
 .text.xTaskCreate
                0x08005430       0x66 build/debug/Middlewares/Third_Party/FreeRTOS/Source/tasks.o
                0x08005430                xTaskCreate
 *fill*         0x08005496        0x2 
 .text.vTaskDelete
                0x08005498       0xb8 build/debug/Middlewares/Third_Party/FreeRTOS/Source/tasks.o
                0x08005498                vTaskDelete
 .text.eTaskGetState
                0x08005550       0x80 build/debug/Middlewares/Third_Party/FreeRTOS/Source/tasks.o
                0x08005550                eTaskGetState
 .text.vTaskStartScheduler
                0x080055d0       0xac build/debug/Middlewares/Third_Party/FreeRTOS/Source/tasks.o
                0x080055d0                vTaskStartScheduler
 .text.vTaskSuspendAll
                0x0800567c       0x10 build/debug/Middlewares/Third_Party/FreeRTOS/Source/tasks.o
                0x0800567c                vTaskSuspendAll
 .text.xTaskGetTickCount
                0x0800568c        0xc build/debug/Middlewares/Third_Party/FreeRTOS/Source/tasks.o
                0x0800568c                xTaskGetTickCount
 .text.xTaskGetTickCountFromISR
                0x08005698       0x10 build/debug/Middlewares/Third_Party/FreeRTOS/Source/tasks.o
                0x08005698                xTaskGetTickCountFromISR
 .text.xTaskIncrementTick
                0x080056a8      0x118 build/debug/Middlewares/Third_Party/FreeRTOS/Source/tasks.o
                0x080056a8                xTaskIncrementTick
 .text.xTaskResumeAll
                0x080057c0       0xf8 build/debug/Middlewares/Third_Party/FreeRTOS/Source/tasks.o
                0x080057c0                xTaskResumeAll
 .text.vTaskDelay
                0x080058b8       0x4c build/debug/Middlewares/Third_Party/FreeRTOS/Source/tasks.o
                0x080058b8                vTaskDelay
 .text.vTaskSwitchContext
                0x08005904       0xa4 build/debug/Middlewares/Third_Party/FreeRTOS/Source/tasks.o
                0x08005904                vTaskSwitchContext
 .text.vTaskPlaceOnEventList
                0x080059a8       0x30 build/debug/Middlewares/Third_Party/FreeRTOS/Source/tasks.o
                0x080059a8                vTaskPlaceOnEventList
 .text.vTaskPlaceOnUnorderedEventList
                0x080059d8       0x58 build/debug/Middlewares/Third_Party/FreeRTOS/Source/tasks.o
                0x080059d8                vTaskPlaceOnUnorderedEventList
 .text.vTaskPlaceOnEventListRestricted
                0x08005a30       0x38 build/debug/Middlewares/Third_Party/FreeRTOS/Source/tasks.o
                0x08005a30                vTaskPlaceOnEventListRestricted
 .text.xTaskRemoveFromEventList
                0x08005a68       0x8c build/debug/Middlewares/Third_Party/FreeRTOS/Source/tasks.o
                0x08005a68                xTaskRemoveFromEventList
 .text.vTaskRemoveFromUnorderedEventList
                0x08005af4       0x88 build/debug/Middlewares/Third_Party/FreeRTOS/Source/tasks.o
                0x08005af4                vTaskRemoveFromUnorderedEventList
 .text.vTaskInternalSetTimeOutState
                0x08005b7c       0x18 build/debug/Middlewares/Third_Party/FreeRTOS/Source/tasks.o
                0x08005b7c                vTaskInternalSetTimeOutState
 .text.xTaskCheckForTimeOut
                0x08005b94       0x84 build/debug/Middlewares/Third_Party/FreeRTOS/Source/tasks.o
                0x08005b94                xTaskCheckForTimeOut
 .text.vTaskMissedYield
                0x08005c18        0xc build/debug/Middlewares/Third_Party/FreeRTOS/Source/tasks.o
                0x08005c18                vTaskMissedYield
 .text.xTaskGetCurrentTaskHandle
                0x08005c24        0xc build/debug/Middlewares/Third_Party/FreeRTOS/Source/tasks.o
                0x08005c24                xTaskGetCurrentTaskHandle
 .text.xTaskGetSchedulerState
                0x08005c30       0x20 build/debug/Middlewares/Third_Party/FreeRTOS/Source/tasks.o
                0x08005c30                xTaskGetSchedulerState
 .text.xTaskPriorityDisinherit
                0x08005c50       0x90 build/debug/Middlewares/Third_Party/FreeRTOS/Source/tasks.o
                0x08005c50                xTaskPriorityDisinherit
 .text.uxTaskResetEventItemValue
                0x08005ce0       0x18 build/debug/Middlewares/Third_Party/FreeRTOS/Source/tasks.o
                0x08005ce0                uxTaskResetEventItemValue
 .text.xTaskNotifyWait
                0x08005cf8       0xa4 build/debug/Middlewares/Third_Party/FreeRTOS/Source/tasks.o
                0x08005cf8                xTaskNotifyWait
 .text.xTaskGenericNotify
                0x08005d9c       0xec build/debug/Middlewares/Third_Party/FreeRTOS/Source/tasks.o
                0x08005d9c                xTaskGenericNotify
 .text.xTaskGenericNotifyFromISR
                0x08005e88      0x11c build/debug/Middlewares/Third_Party/FreeRTOS/Source/tasks.o
                0x08005e88                xTaskGenericNotifyFromISR
 .text.prvGetNextExpireTime
                0x08005fa4       0x20 build/debug/Middlewares/Third_Party/FreeRTOS/Source/timers.o
 .text.prvInsertTimerInActiveList
                0x08005fc4       0x48 build/debug/Middlewares/Third_Party/FreeRTOS/Source/timers.o
 .text.prvCheckForValidListAndQueue
                0x0800600c       0x70 build/debug/Middlewares/Third_Party/FreeRTOS/Source/timers.o
 .text.xTimerCreateTimerTask
                0x0800607c       0x64 build/debug/Middlewares/Third_Party/FreeRTOS/Source/timers.o
                0x0800607c                xTimerCreateTimerTask
 .text.xTimerGenericCommand
                0x080060e0       0x6c build/debug/Middlewares/Third_Party/FreeRTOS/Source/timers.o
                0x080060e0                xTimerGenericCommand
 .text.prvSwitchTimerLists
                0x0800614c       0x78 build/debug/Middlewares/Third_Party/FreeRTOS/Source/timers.o
 .text.prvSampleTimeNow
                0x080061c4       0x2c build/debug/Middlewares/Third_Party/FreeRTOS/Source/timers.o
 .text.prvProcessExpiredTimer
                0x080061f0       0x60 build/debug/Middlewares/Third_Party/FreeRTOS/Source/timers.o
 .text.prvProcessTimerOrBlockTask
                0x08006250       0x70 build/debug/Middlewares/Third_Party/FreeRTOS/Source/timers.o
 .text.prvProcessReceivedCommands
                0x080062c0       0xf8 build/debug/Middlewares/Third_Party/FreeRTOS/Source/timers.o
 .text.prvTimerTask
                0x080063b8       0x16 build/debug/Middlewares/Third_Party/FreeRTOS/Source/timers.o
 *fill*         0x080063ce        0x2 
 .text.xTimerPendFunctionCallFromISR
                0x080063d0       0x28 build/debug/Middlewares/Third_Party/FreeRTOS/Source/timers.o
                0x080063d0                xTimerPendFunctionCallFromISR
 .text.Reset_Handler
                0x080063f8       0x48 build/debug/startup_stm32f103xb.o
                0x080063f8                Reset_Handler
 .text.Default_Handler
                0x08006440        0x2 build/debug/startup_stm32f103xb.o
                0x08006440                RTC_Alarm_IRQHandler
                0x08006440                EXTI2_IRQHandler
                0x08006440                TIM1_CC_IRQHandler
                0x08006440                PVD_IRQHandler
                0x08006440                EXTI3_IRQHandler
                0x08006440                EXTI0_IRQHandler
                0x08006440                I2C2_EV_IRQHandler
                0x08006440                ADC1_2_IRQHandler
                0x08006440                SPI1_IRQHandler
                0x08006440                TAMPER_IRQHandler
                0x08006440                DMA1_Channel4_IRQHandler
                0x08006440                USART3_IRQHandler
                0x08006440                RTC_IRQHandler
                0x08006440                DMA1_Channel7_IRQHandler
                0x08006440                CAN1_RX1_IRQHandler
                0x08006440                TIM4_IRQHandler
                0x08006440                I2C1_EV_IRQHandler
                0x08006440                DMA1_Channel6_IRQHandler
                0x08006440                TIM3_IRQHandler
                0x08006440                RCC_IRQHandler
                0x08006440                TIM1_TRG_COM_IRQHandler
                0x08006440                DMA1_Channel1_IRQHandler
                0x08006440                Default_Handler
                0x08006440                EXTI15_10_IRQHandler
                0x08006440                SPI2_IRQHandler
                0x08006440                DMA1_Channel5_IRQHandler
                0x08006440                EXTI4_IRQHandler
                0x08006440                USB_HP_CAN1_TX_IRQHandler
                0x08006440                DMA1_Channel3_IRQHandler
                0x08006440                WWDG_IRQHandler
                0x08006440                TIM2_IRQHandler
                0x08006440                TIM1_BRK_IRQHandler
                0x08006440                EXTI1_IRQHandler
                0x08006440                USART2_IRQHandler
                0x08006440                I2C2_ER_IRQHandler
                0x08006440                DMA1_Channel2_IRQHandler
                0x08006440                CAN1_SCE_IRQHandler
                0x08006440                FLASH_IRQHandler
                0x08006440                USART1_IRQHandler
                0x08006440                I2C1_ER_IRQHandler
                0x08006440                USBWakeUp_IRQHandler
 *fill*         0x08006442        0x2 
 .text.malloc   0x08006444       0x10 /home/lorolol/.config/Code/User/globalStorage/bmd.stm32-for-vscode/@xpack-dev-tools/arm-none-eabi-gcc/13.2.1-1.1.1/.content/bin/../lib/gcc/arm-none-eabi/13.2.1/../../../../arm-none-eabi/lib/thumb/v7-m/nofp/libc_nano.a(libc_a-malloc.o)
                0x08006444                malloc
 .text.free     0x08006454       0x10 /home/lorolol/.config/Code/User/globalStorage/bmd.stm32-for-vscode/@xpack-dev-tools/arm-none-eabi-gcc/13.2.1-1.1.1/.content/bin/../lib/gcc/arm-none-eabi/13.2.1/../../../../arm-none-eabi/lib/thumb/v7-m/nofp/libc_nano.a(libc_a-malloc.o)
                0x08006454                free
 .text.sbrk_aligned
                0x08006464       0x44 /home/lorolol/.config/Code/User/globalStorage/bmd.stm32-for-vscode/@xpack-dev-tools/arm-none-eabi-gcc/13.2.1-1.1.1/.content/bin/../lib/gcc/arm-none-eabi/13.2.1/../../../../arm-none-eabi/lib/thumb/v7-m/nofp/libc_nano.a(libc_a-mallocr.o)
 .text._malloc_r
                0x080064a8      0x100 /home/lorolol/.config/Code/User/globalStorage/bmd.stm32-for-vscode/@xpack-dev-tools/arm-none-eabi-gcc/13.2.1-1.1.1/.content/bin/../lib/gcc/arm-none-eabi/13.2.1/../../../../arm-none-eabi/lib/thumb/v7-m/nofp/libc_nano.a(libc_a-mallocr.o)
                0x080064a8                _malloc_r
 .text.__malloc_lock
                0x080065a8        0xc /home/lorolol/.config/Code/User/globalStorage/bmd.stm32-for-vscode/@xpack-dev-tools/arm-none-eabi-gcc/13.2.1-1.1.1/.content/bin/../lib/gcc/arm-none-eabi/13.2.1/../../../../arm-none-eabi/lib/thumb/v7-m/nofp/libc_nano.a(libc_a-mlock.o)
                0x080065a8                __malloc_lock
 .text.__malloc_unlock
                0x080065b4        0xc /home/lorolol/.config/Code/User/globalStorage/bmd.stm32-for-vscode/@xpack-dev-tools/arm-none-eabi-gcc/13.2.1-1.1.1/.content/bin/../lib/gcc/arm-none-eabi/13.2.1/../../../../arm-none-eabi/lib/thumb/v7-m/nofp/libc_nano.a(libc_a-mlock.o)
                0x080065b4                __malloc_unlock
 .text.memset   0x080065c0       0x10 /home/lorolol/.config/Code/User/globalStorage/bmd.stm32-for-vscode/@xpack-dev-tools/arm-none-eabi-gcc/13.2.1-1.1.1/.content/bin/../lib/gcc/arm-none-eabi/13.2.1/../../../../arm-none-eabi/lib/thumb/v7-m/nofp/libc_nano.a(libc_a-memset.o)
                0x080065c0                memset
 .text._reclaim_reent
                0x080065d0       0xac /home/lorolol/.config/Code/User/globalStorage/bmd.stm32-for-vscode/@xpack-dev-tools/arm-none-eabi-gcc/13.2.1-1.1.1/.content/bin/../lib/gcc/arm-none-eabi/13.2.1/../../../../arm-none-eabi/lib/thumb/v7-m/nofp/libc_nano.a(libc_a-reent.o)
                0x080065d0                _reclaim_reent
 .text._sbrk_r  0x0800667c       0x20 /home/lorolol/.config/Code/User/globalStorage/bmd.stm32-for-vscode/@xpack-dev-tools/arm-none-eabi-gcc/13.2.1-1.1.1/.content/bin/../lib/gcc/arm-none-eabi/13.2.1/../../../../arm-none-eabi/lib/thumb/v7-m/nofp/libc_nano.a(libc_a-sbrkr.o)
                0x0800667c                _sbrk_r
 .text.__errno  0x0800669c        0xc /home/lorolol/.config/Code/User/globalStorage/bmd.stm32-for-vscode/@xpack-dev-tools/arm-none-eabi-gcc/13.2.1-1.1.1/.content/bin/../lib/gcc/arm-none-eabi/13.2.1/../../../../arm-none-eabi/lib/thumb/v7-m/nofp/libc_nano.a(libc_a-errno.o)
                0x0800669c                __errno
 .text.__libc_init_array
                0x080066a8       0x48 /home/lorolol/.config/Code/User/globalStorage/bmd.stm32-for-vscode/@xpack-dev-tools/arm-none-eabi-gcc/13.2.1-1.1.1/.content/bin/../lib/gcc/arm-none-eabi/13.2.1/../../../../arm-none-eabi/lib/thumb/v7-m/nofp/libc_nano.a(libc_a-init.o)
                0x080066a8                __libc_init_array
 .text.__retarget_lock_acquire_recursive
                0x080066f0        0x2 /home/lorolol/.config/Code/User/globalStorage/bmd.stm32-for-vscode/@xpack-dev-tools/arm-none-eabi-gcc/13.2.1-1.1.1/.content/bin/../lib/gcc/arm-none-eabi/13.2.1/../../../../arm-none-eabi/lib/thumb/v7-m/nofp/libc_nano.a(libc_a-lock.o)
                0x080066f0                __retarget_lock_acquire_recursive
 .text.__retarget_lock_release_recursive
                0x080066f2        0x2 /home/lorolol/.config/Code/User/globalStorage/bmd.stm32-for-vscode/@xpack-dev-tools/arm-none-eabi-gcc/13.2.1-1.1.1/.content/bin/../lib/gcc/arm-none-eabi/13.2.1/../../../../arm-none-eabi/lib/thumb/v7-m/nofp/libc_nano.a(libc_a-lock.o)
                0x080066f2                __retarget_lock_release_recursive
 .text.memcpy   0x080066f4       0x1c /home/lorolol/.config/Code/User/globalStorage/bmd.stm32-for-vscode/@xpack-dev-tools/arm-none-eabi-gcc/13.2.1-1.1.1/.content/bin/../lib/gcc/arm-none-eabi/13.2.1/../../../../arm-none-eabi/lib/thumb/v7-m/nofp/libc_nano.a(libc_a-memcpy-stub.o)
                0x080066f4                memcpy
 .text._free_r  0x08006710       0x90 /home/lorolol/.config/Code/User/globalStorage/bmd.stm32-for-vscode/@xpack-dev-tools/arm-none-eabi-gcc/13.2.1-1.1.1/.content/bin/../lib/gcc/arm-none-eabi/13.2.1/../../../../arm-none-eabi/lib/thumb/v7-m/nofp/libc_nano.a(libc_a-freer.o)
                0x08006710                _free_r
 *(.glue_7)
 .glue_7        0x080067a0        0x0 linker stubs
 *(.glue_7t)
 .glue_7t       0x080067a0        0x0 linker stubs
 *(.eh_frame)
 .eh_frame      0x080067a0        0x0 /home/lorolol/.config/Code/User/globalStorage/bmd.stm32-for-vscode/@xpack-dev-tools/arm-none-eabi-gcc/13.2.1-1.1.1/.content/bin/../lib/gcc/arm-none-eabi/13.2.1/thumb/v7-m/nofp/crtbegin.o
 *(.init)
 .init          0x080067a0        0x4 /home/lorolol/.config/Code/User/globalStorage/bmd.stm32-for-vscode/@xpack-dev-tools/arm-none-eabi-gcc/13.2.1-1.1.1/.content/bin/../lib/gcc/arm-none-eabi/13.2.1/thumb/v7-m/nofp/crti.o
                0x080067a0                _init
 .init          0x080067a4        0x8 /home/lorolol/.config/Code/User/globalStorage/bmd.stm32-for-vscode/@xpack-dev-tools/arm-none-eabi-gcc/13.2.1-1.1.1/.content/bin/../lib/gcc/arm-none-eabi/13.2.1/thumb/v7-m/nofp/crtn.o
 *(.fini)
 .fini          0x080067ac        0x4 /home/lorolol/.config/Code/User/globalStorage/bmd.stm32-for-vscode/@xpack-dev-tools/arm-none-eabi-gcc/13.2.1-1.1.1/.content/bin/../lib/gcc/arm-none-eabi/13.2.1/thumb/v7-m/nofp/crti.o
                0x080067ac                _fini
 .fini          0x080067b0        0x8 /home/lorolol/.config/Code/User/globalStorage/bmd.stm32-for-vscode/@xpack-dev-tools/arm-none-eabi-gcc/13.2.1-1.1.1/.content/bin/../lib/gcc/arm-none-eabi/13.2.1/thumb/v7-m/nofp/crtn.o
                0x080067b8                        . = ALIGN (0x4)
                0x080067b8                        _etext = .

.vfp11_veneer   0x080067b8        0x0
 .vfp11_veneer  0x080067b8        0x0 linker stubs

.v4_bx          0x080067b8        0x0
 .v4_bx         0x080067b8        0x0 linker stubs

.iplt           0x080067b8        0x0
 .iplt          0x080067b8        0x0 /home/lorolol/.config/Code/User/globalStorage/bmd.stm32-for-vscode/@xpack-dev-tools/arm-none-eabi-gcc/13.2.1-1.1.1/.content/bin/../lib/gcc/arm-none-eabi/13.2.1/thumb/v7-m/nofp/crtbegin.o

.rodata         0x080067b8      0x158
                0x080067b8                        . = ALIGN (0x4)
 *(.rodata)
 *(.rodata*)
 .rodata.str1.4
                0x080067b8       0x60 build/debug/Core/Src/freertos.o
                                 0x48 (size before relaxing)
 .rodata.itr_events_attributes
                0x08006818       0x10 build/debug/Core/Src/freertos.o
                0x08006818                itr_events_attributes
 .rodata.CAN_Q_attributes
                0x08006828       0x18 build/debug/Core/Src/freertos.o
                0x08006828                CAN_Q_attributes
 .rodata.Polling_handler_attributes
                0x08006840       0x24 build/debug/Core/Src/freertos.o
                0x08006840                Polling_handler_attributes
 .rodata.Itr_handler_attributes
                0x08006864       0x24 build/debug/Core/Src/freertos.o
                0x08006864                Itr_handler_attributes
 .rodata.CAN_handler_attributes
                0x08006888       0x24 build/debug/Core/Src/freertos.o
                0x08006888                CAN_handler_attributes
 .rodata.defaultTask_attributes
                0x080068ac       0x24 build/debug/Core/Src/freertos.o
                0x080068ac                defaultTask_attributes
 .rodata.APBPrescTable
                0x080068d0        0x8 build/debug/Core/Src/system_stm32f1xx.o
                0x080068d0                APBPrescTable
 .rodata.AHBPrescTable
                0x080068d8       0x10 build/debug/Core/Src/system_stm32f1xx.o
                0x080068d8                AHBPrescTable
 .rodata.aPredivFactorTable.0
                0x080068e8        0x2 build/debug/Drivers/STM32F1xx_HAL_Driver/Src/stm32f1xx_hal_rcc.o
 *fill*         0x080068ea        0x2 
 .rodata.aPLLMULFactorTable.1
                0x080068ec       0x10 build/debug/Drivers/STM32F1xx_HAL_Driver/Src/stm32f1xx_hal_rcc.o
 .rodata.aPredivFactorTable.0
                0x080068fc        0x2 build/debug/Drivers/STM32F1xx_HAL_Driver/Src/stm32f1xx_hal_rcc_ex.o
 *fill*         0x080068fe        0x2 
 .rodata.aPLLMULFactorTable.1
                0x08006900       0x10 build/debug/Drivers/STM32F1xx_HAL_Driver/Src/stm32f1xx_hal_rcc_ex.o
 .rodata.vTaskStartScheduler.str1.4
                0x08006910        0x5 build/debug/Middlewares/Third_Party/FreeRTOS/Source/tasks.o
 .rodata.prvCheckForValidListAndQueue.str1.4
                0x08006910        0x5 build/debug/Middlewares/Third_Party/FreeRTOS/Source/timers.o
 .rodata.xTimerCreateTimerTask.str1.4
                0x08006910        0x8 build/debug/Middlewares/Third_Party/FreeRTOS/Source/timers.o
                0x08006918                        . = ALIGN (0x4)

.rel.dyn        0x08006910        0x0
 .rel.iplt      0x08006910        0x0 /home/lorolol/.config/Code/User/globalStorage/bmd.stm32-for-vscode/@xpack-dev-tools/arm-none-eabi-gcc/13.2.1-1.1.1/.content/bin/../lib/gcc/arm-none-eabi/13.2.1/thumb/v7-m/nofp/crtbegin.o

.ARM.extab
 *(.ARM.extab* .gnu.linkonce.armextab.*)

.ARM            0x08006910        0x0
                0x08006910                        __exidx_start = .
 *(.ARM.exidx*)
                0x08006910                        __exidx_end = .

.preinit_array  0x08006910        0x0
                0x08006910                        PROVIDE (__preinit_array_start = .)
 *(.preinit_array*)
                0x08006910                        PROVIDE (__preinit_array_end = .)

.init_array     0x08006910        0x4
                0x08006910                        PROVIDE (__init_array_start = .)
 *(SORT_BY_NAME(.init_array.*))
 *(.init_array*)
 .init_array    0x08006910        0x4 /home/lorolol/.config/Code/User/globalStorage/bmd.stm32-for-vscode/@xpack-dev-tools/arm-none-eabi-gcc/13.2.1-1.1.1/.content/bin/../lib/gcc/arm-none-eabi/13.2.1/thumb/v7-m/nofp/crtbegin.o
                0x08006914                        PROVIDE (__init_array_end = .)

.fini_array     0x08006914        0x4
                0x08006914                        PROVIDE (__fini_array_start = .)
 *(SORT_BY_NAME(.fini_array.*))
 *(.fini_array*)
 .fini_array    0x08006914        0x4 /home/lorolol/.config/Code/User/globalStorage/bmd.stm32-for-vscode/@xpack-dev-tools/arm-none-eabi-gcc/13.2.1-1.1.1/.content/bin/../lib/gcc/arm-none-eabi/13.2.1/thumb/v7-m/nofp/crtbegin.o
                0x08006918                        PROVIDE (__fini_array_end = .)
                0x08006918                        _sidata = LOADADDR (.data)

.data           0x20000000       0x60 load address 0x08006918
                0x20000000                        . = ALIGN (0x4)
                0x20000000                        _sdata = .
 *(.data)
 *(.data*)
 .data.SystemCoreClock
                0x20000000        0x4 build/debug/Core/Src/system_stm32f1xx.o
                0x20000000                SystemCoreClock
 .data.uwTickFreq
                0x20000004        0x1 build/debug/Drivers/STM32F1xx_HAL_Driver/Src/stm32f1xx_hal.o
                0x20000004                uwTickFreq
 *fill*         0x20000005        0x3 
 .data.uwTickPrio
                0x20000008        0x4 build/debug/Drivers/STM32F1xx_HAL_Driver/Src/stm32f1xx_hal.o
                0x20000008                uwTickPrio
 .data.uxCriticalNesting
                0x2000000c        0x4 build/debug/Middlewares/Third_Party/FreeRTOS/Source/portable/GCC/ARM_CM3/port.o
 .data._impure_ptr
                0x20000010        0x4 /home/lorolol/.config/Code/User/globalStorage/bmd.stm32-for-vscode/@xpack-dev-tools/arm-none-eabi-gcc/13.2.1-1.1.1/.content/bin/../lib/gcc/arm-none-eabi/13.2.1/../../../../arm-none-eabi/lib/thumb/v7-m/nofp/libc_nano.a(libc_a-impure.o)
                0x20000010                _impure_ptr
 .data._impure_data
                0x20000014       0x4c /home/lorolol/.config/Code/User/globalStorage/bmd.stm32-for-vscode/@xpack-dev-tools/arm-none-eabi-gcc/13.2.1-1.1.1/.content/bin/../lib/gcc/arm-none-eabi/13.2.1/../../../../arm-none-eabi/lib/thumb/v7-m/nofp/libc_nano.a(libc_a-impure.o)
                0x20000014                _impure_data
                0x20000060                        . = ALIGN (0x4)
                0x20000060                        _edata = .

.igot.plt       0x20000060        0x0 load address 0x08006978
 .igot.plt      0x20000060        0x0 /home/lorolol/.config/Code/User/globalStorage/bmd.stm32-for-vscode/@xpack-dev-tools/arm-none-eabi-gcc/13.2.1-1.1.1/.content/bin/../lib/gcc/arm-none-eabi/13.2.1/thumb/v7-m/nofp/crtbegin.o
                0x20000060                        . = ALIGN (0x4)

.bss            0x20000060     0x1ea8 load address 0x08006978
                0x20000060                        _sbss = .
                0x20000060                        __bss_start__ = _sbss
 *(.bss)
 *(.bss*)
 .bss.completed.1
                0x20000060        0x1 /home/lorolol/.config/Code/User/globalStorage/bmd.stm32-for-vscode/@xpack-dev-tools/arm-none-eabi-gcc/13.2.1-1.1.1/.content/bin/../lib/gcc/arm-none-eabi/13.2.1/thumb/v7-m/nofp/crtbegin.o
 *fill*         0x20000061        0x3 
 .bss.object.0  0x20000064       0x18 /home/lorolol/.config/Code/User/globalStorage/bmd.stm32-for-vscode/@xpack-dev-tools/arm-none-eabi-gcc/13.2.1-1.1.1/.content/bin/../lib/gcc/arm-none-eabi/13.2.1/thumb/v7-m/nofp/crtbegin.o
 .bss.hadc1     0x2000007c       0x30 build/debug/Core/Src/adc.o
                0x2000007c                hadc1
 .bss.hcan      0x200000ac       0x28 build/debug/Core/Src/can.o
                0x200000ac                hcan
 .bss.rxdata    0x200000d4        0x4 build/debug/Core/Src/can.o
                0x200000d4                rxdata
 .bss.rxheader  0x200000d8       0x1c build/debug/Core/Src/can.o
                0x200000d8                rxheader
 .bss.txmailbox
                0x200000f4        0x4 build/debug/Core/Src/can.o
                0x200000f4                txmailbox
 .bss.can_filter
                0x200000f8       0x28 build/debug/Core/Src/can.o
                0x200000f8                can_filter
 .bss.txheader  0x20000120       0x18 build/debug/Core/Src/can.o
                0x20000120                txheader
 .bss.itr_eventsHandle
                0x20000138        0x4 build/debug/Core/Src/freertos.o
                0x20000138                itr_eventsHandle
 .bss.CAN_QHandle
                0x2000013c        0x4 build/debug/Core/Src/freertos.o
                0x2000013c                CAN_QHandle
 .bss.Polling_handlerHandle
                0x20000140        0x4 build/debug/Core/Src/freertos.o
                0x20000140                Polling_handlerHandle
 .bss.Itr_handlerHandle
                0x20000144        0x4 build/debug/Core/Src/freertos.o
                0x20000144                Itr_handlerHandle
 .bss.CAN_handlerHandle
                0x20000148        0x4 build/debug/Core/Src/freertos.o
                0x20000148                CAN_handlerHandle
 .bss.defaultTaskHandle
                0x2000014c        0x4 build/debug/Core/Src/freertos.o
                0x2000014c                defaultTaskHandle
 .bss.rpm_curr_itr
                0x20000150        0x4 build/debug/Core/Src/main.o
                0x20000150                rpm_curr_itr
 .bss.rpm_last_itr
                0x20000154        0x4 build/debug/Core/Src/main.o
                0x20000154                rpm_last_itr
 .bss.rpm_counter
                0x20000158        0x1 build/debug/Core/Src/main.o
                0x20000158                rpm_counter
 *fill*         0x20000159        0x3 
 .bss.rpm_itr   0x2000015c       0x14 build/debug/Core/Src/main.o
                0x2000015c                rpm_itr
 .bss.unit_state
                0x20000170        0x5 build/debug/Core/Src/main.o
                0x20000170                unit_state
 *fill*         0x20000175        0x3 
 .bss.frequency
                0x20000178        0xa build/debug/Core/Src/main.o
                0x20000178                frequency
 *fill*         0x20000182        0x2 
 .bss.hspi2     0x20000184       0x58 build/debug/Core/Src/spi.o
                0x20000184                hspi2
 .bss.htim1     0x200001dc       0x48 build/debug/Core/Src/stm32f1xx_hal_timebase_tim.o
                0x200001dc                htim1
 .bss.__sbrk_heap_end
                0x20000224        0x4 build/debug/Core/Src/sysmem.o
 .bss.uwTick    0x20000228        0x4 build/debug/Drivers/STM32F1xx_HAL_Driver/Src/stm32f1xx_hal.o
                0x20000228                uwTick
 .bss.Timer_Stack
                0x2000022c      0x400 build/debug/Middlewares/Third_Party/FreeRTOS/Source/CMSIS_RTOS_V2/cmsis_os2.o
 *fill*         0x2000062c        0x4 
 .bss.Timer_TCB
                0x20000630      0x180 build/debug/Middlewares/Third_Party/FreeRTOS/Source/CMSIS_RTOS_V2/cmsis_os2.o
 .bss.Idle_Stack
                0x200007b0      0x200 build/debug/Middlewares/Third_Party/FreeRTOS/Source/CMSIS_RTOS_V2/cmsis_os2.o
 .bss.Idle_TCB  0x200009b0      0x180 build/debug/Middlewares/Third_Party/FreeRTOS/Source/CMSIS_RTOS_V2/cmsis_os2.o
 .bss.KernelState
                0x20000b30        0x4 build/debug/Middlewares/Third_Party/FreeRTOS/Source/CMSIS_RTOS_V2/cmsis_os2.o
 .bss.ulMaxPRIGROUPValue
                0x20000b34        0x4 build/debug/Middlewares/Third_Party/FreeRTOS/Source/portable/GCC/ARM_CM3/port.o
 .bss.ucMaxSysCallPriority
                0x20000b38        0x1 build/debug/Middlewares/Third_Party/FreeRTOS/Source/portable/GCC/ARM_CM3/port.o
 *fill*         0x20000b39        0x3 
 .bss.xBlockAllocatedBit
                0x20000b3c        0x4 build/debug/Middlewares/Third_Party/FreeRTOS/Source/portable/MemMang/heap_4.o
 .bss.xMinimumEverFreeBytesRemaining
                0x20000b40        0x4 build/debug/Middlewares/Third_Party/FreeRTOS/Source/portable/MemMang/heap_4.o
 .bss.xFreeBytesRemaining
                0x20000b44        0x4 build/debug/Middlewares/Third_Party/FreeRTOS/Source/portable/MemMang/heap_4.o
 .bss.pxEnd     0x20000b48        0x4 build/debug/Middlewares/Third_Party/FreeRTOS/Source/portable/MemMang/heap_4.o
 .bss.xStart    0x20000b4c        0x8 build/debug/Middlewares/Third_Party/FreeRTOS/Source/portable/MemMang/heap_4.o
 .bss.ucHeap    0x20000b54      0xc00 build/debug/Middlewares/Third_Party/FreeRTOS/Source/portable/MemMang/heap_4.o
 .bss.xQueueRegistry
                0x20001754       0x40 build/debug/Middlewares/Third_Party/FreeRTOS/Source/queue.o
                0x20001754                xQueueRegistry
 .bss.uxSchedulerSuspended
                0x20001794        0x4 build/debug/Middlewares/Third_Party/FreeRTOS/Source/tasks.o
 .bss.xIdleTaskHandle
                0x20001798        0x4 build/debug/Middlewares/Third_Party/FreeRTOS/Source/tasks.o
 .bss.xNextTaskUnblockTime
                0x2000179c        0x4 build/debug/Middlewares/Third_Party/FreeRTOS/Source/tasks.o
 .bss.uxTaskNumber
                0x200017a0        0x4 build/debug/Middlewares/Third_Party/FreeRTOS/Source/tasks.o
 .bss.xNumOfOverflows
                0x200017a4        0x4 build/debug/Middlewares/Third_Party/FreeRTOS/Source/tasks.o
 .bss.xYieldPending
                0x200017a8        0x4 build/debug/Middlewares/Third_Party/FreeRTOS/Source/tasks.o
 .bss.uxPendedTicks
                0x200017ac        0x4 build/debug/Middlewares/Third_Party/FreeRTOS/Source/tasks.o
 .bss.xSchedulerRunning
                0x200017b0        0x4 build/debug/Middlewares/Third_Party/FreeRTOS/Source/tasks.o
 .bss.uxTopReadyPriority
                0x200017b4        0x4 build/debug/Middlewares/Third_Party/FreeRTOS/Source/tasks.o
 .bss.xTickCount
                0x200017b8        0x4 build/debug/Middlewares/Third_Party/FreeRTOS/Source/tasks.o
 .bss.uxCurrentNumberOfTasks
                0x200017bc        0x4 build/debug/Middlewares/Third_Party/FreeRTOS/Source/tasks.o
 .bss.xSuspendedTaskList
                0x200017c0       0x14 build/debug/Middlewares/Third_Party/FreeRTOS/Source/tasks.o
 .bss.uxDeletedTasksWaitingCleanUp
                0x200017d4        0x4 build/debug/Middlewares/Third_Party/FreeRTOS/Source/tasks.o
 .bss.xTasksWaitingTermination
                0x200017d8       0x14 build/debug/Middlewares/Third_Party/FreeRTOS/Source/tasks.o
 .bss.xPendingReadyList
                0x200017ec       0x14 build/debug/Middlewares/Third_Party/FreeRTOS/Source/tasks.o
 .bss.pxOverflowDelayedTaskList
                0x20001800        0x4 build/debug/Middlewares/Third_Party/FreeRTOS/Source/tasks.o
 .bss.pxDelayedTaskList
                0x20001804        0x4 build/debug/Middlewares/Third_Party/FreeRTOS/Source/tasks.o
 .bss.xDelayedTaskList2
                0x20001808       0x14 build/debug/Middlewares/Third_Party/FreeRTOS/Source/tasks.o
 .bss.xDelayedTaskList1
                0x2000181c       0x14 build/debug/Middlewares/Third_Party/FreeRTOS/Source/tasks.o
 .bss.pxReadyTasksLists
                0x20001830      0x460 build/debug/Middlewares/Third_Party/FreeRTOS/Source/tasks.o
 .bss.pxCurrentTCB
                0x20001c90        0x4 build/debug/Middlewares/Third_Party/FreeRTOS/Source/tasks.o
                0x20001c90                pxCurrentTCB
 .bss.xStaticTimerQueue.0
                0x20001c94       0x50 build/debug/Middlewares/Third_Party/FreeRTOS/Source/timers.o
 .bss.ucStaticTimerQueueStorage.1
                0x20001ce4       0xa0 build/debug/Middlewares/Third_Party/FreeRTOS/Source/timers.o
 .bss.xLastTime.2
                0x20001d84        0x4 build/debug/Middlewares/Third_Party/FreeRTOS/Source/timers.o
 .bss.xTimerTaskHandle
                0x20001d88        0x4 build/debug/Middlewares/Third_Party/FreeRTOS/Source/timers.o
 .bss.xTimerQueue
                0x20001d8c        0x4 build/debug/Middlewares/Third_Party/FreeRTOS/Source/timers.o
 .bss.pxOverflowTimerList
                0x20001d90        0x4 build/debug/Middlewares/Third_Party/FreeRTOS/Source/timers.o
 .bss.pxCurrentTimerList
                0x20001d94        0x4 build/debug/Middlewares/Third_Party/FreeRTOS/Source/timers.o
 .bss.xActiveTimerList2
                0x20001d98       0x14 build/debug/Middlewares/Third_Party/FreeRTOS/Source/timers.o
 .bss.xActiveTimerList1
                0x20001dac       0x14 build/debug/Middlewares/Third_Party/FreeRTOS/Source/timers.o
 .bss.__malloc_sbrk_start
                0x20001dc0        0x4 /home/lorolol/.config/Code/User/globalStorage/bmd.stm32-for-vscode/@xpack-dev-tools/arm-none-eabi-gcc/13.2.1-1.1.1/.content/bin/../lib/gcc/arm-none-eabi/13.2.1/../../../../arm-none-eabi/lib/thumb/v7-m/nofp/libc_nano.a(libc_a-mallocr.o)
                0x20001dc0                __malloc_sbrk_start
 .bss.__malloc_free_list
                0x20001dc4        0x4 /home/lorolol/.config/Code/User/globalStorage/bmd.stm32-for-vscode/@xpack-dev-tools/arm-none-eabi-gcc/13.2.1-1.1.1/.content/bin/../lib/gcc/arm-none-eabi/13.2.1/../../../../arm-none-eabi/lib/thumb/v7-m/nofp/libc_nano.a(libc_a-mallocr.o)
                0x20001dc4                __malloc_free_list
 .bss.__sf      0x20001dc8      0x138 /home/lorolol/.config/Code/User/globalStorage/bmd.stm32-for-vscode/@xpack-dev-tools/arm-none-eabi-gcc/13.2.1-1.1.1/.content/bin/../lib/gcc/arm-none-eabi/13.2.1/../../../../arm-none-eabi/lib/thumb/v7-m/nofp/libc_nano.a(libc_a-findfp.o)
                0x20001dc8                __sf
 .bss.errno     0x20001f00        0x4 /home/lorolol/.config/Code/User/globalStorage/bmd.stm32-for-vscode/@xpack-dev-tools/arm-none-eabi-gcc/13.2.1-1.1.1/.content/bin/../lib/gcc/arm-none-eabi/13.2.1/../../../../arm-none-eabi/lib/thumb/v7-m/nofp/libc_nano.a(libc_a-reent.o)
                0x20001f00                errno
 .bss.__lock___malloc_recursive_mutex
                0x20001f04        0x1 /home/lorolol/.config/Code/User/globalStorage/bmd.stm32-for-vscode/@xpack-dev-tools/arm-none-eabi-gcc/13.2.1-1.1.1/.content/bin/../lib/gcc/arm-none-eabi/13.2.1/../../../../arm-none-eabi/lib/thumb/v7-m/nofp/libc_nano.a(libc_a-lock.o)
                0x20001f04                __lock___malloc_recursive_mutex
 *(COMMON)
                0x20001f08                        . = ALIGN (0x4)
 *fill*         0x20001f05        0x3 
                0x20001f08                        _ebss = .
                0x20001f08                        __bss_end__ = _ebss

._user_heap_stack
                0x20001f08      0x600 load address 0x08006978
                0x20001f08                        . = ALIGN (0x8)
                [!provide]                        PROVIDE (end = .)
                0x20001f08                        PROVIDE (_end = .)
                0x20002108                        . = (. + _Min_Heap_Size)
 *fill*         0x20001f08      0x200 
                0x20002508                        . = (. + _Min_Stack_Size)
 *fill*         0x20002108      0x400 
                0x20002508                        . = ALIGN (0x8)

/DISCARD/
 libc.a(*)
 libm.a(*)
 libgcc.a(*)

.ARM.attributes
                0x00000000       0x29
 *(.ARM.attributes)
 .ARM.attributes
                0x00000000       0x1d /home/lorolol/.config/Code/User/globalStorage/bmd.stm32-for-vscode/@xpack-dev-tools/arm-none-eabi-gcc/13.2.1-1.1.1/.content/bin/../lib/gcc/arm-none-eabi/13.2.1/thumb/v7-m/nofp/crti.o
 .ARM.attributes
                0x0000001d       0x2d /home/lorolol/.config/Code/User/globalStorage/bmd.stm32-for-vscode/@xpack-dev-tools/arm-none-eabi-gcc/13.2.1-1.1.1/.content/bin/../lib/gcc/arm-none-eabi/13.2.1/thumb/v7-m/nofp/crtbegin.o
 .ARM.attributes
                0x0000004a       0x2d build/debug/Core/Src/adc.o
 .ARM.attributes
                0x00000077       0x2d build/debug/Core/Src/can.o
 .ARM.attributes
                0x000000a4       0x2d build/debug/Core/Src/freertos.o
 .ARM.attributes
                0x000000d1       0x2d build/debug/Core/Src/gpio.o
 .ARM.attributes
                0x000000fe       0x2d build/debug/Core/Src/main.o
 .ARM.attributes
                0x0000012b       0x2d build/debug/Core/Src/rpm.o
 .ARM.attributes
                0x00000158       0x2d build/debug/Core/Src/spi.o
 .ARM.attributes
                0x00000185       0x2d build/debug/Core/Src/stm32f1xx_hal_msp.o
 .ARM.attributes
                0x000001b2       0x2d build/debug/Core/Src/stm32f1xx_hal_timebase_tim.o
 .ARM.attributes
                0x000001df       0x2d build/debug/Core/Src/stm32f1xx_it.o
 .ARM.attributes
                0x0000020c       0x2d build/debug/Core/Src/sysmem.o
 .ARM.attributes
                0x00000239       0x2d build/debug/Core/Src/system_stm32f1xx.o
 .ARM.attributes
                0x00000266       0x2d build/debug/Core/Src/tempcvt.o
 .ARM.attributes
                0x00000293       0x2d build/debug/Drivers/STM32F1xx_HAL_Driver/Src/stm32f1xx_hal.o
 .ARM.attributes
                0x000002c0       0x2d build/debug/Drivers/STM32F1xx_HAL_Driver/Src/stm32f1xx_hal_adc.o
 .ARM.attributes
                0x000002ed       0x2d build/debug/Drivers/STM32F1xx_HAL_Driver/Src/stm32f1xx_hal_adc_ex.o
 .ARM.attributes
                0x0000031a       0x2d build/debug/Drivers/STM32F1xx_HAL_Driver/Src/stm32f1xx_hal_can.o
 .ARM.attributes
                0x00000347       0x2d build/debug/Drivers/STM32F1xx_HAL_Driver/Src/stm32f1xx_hal_cortex.o
 .ARM.attributes
                0x00000374       0x2d build/debug/Drivers/STM32F1xx_HAL_Driver/Src/stm32f1xx_hal_gpio.o
 .ARM.attributes
                0x000003a1       0x2d build/debug/Drivers/STM32F1xx_HAL_Driver/Src/stm32f1xx_hal_rcc.o
 .ARM.attributes
                0x000003ce       0x2d build/debug/Drivers/STM32F1xx_HAL_Driver/Src/stm32f1xx_hal_rcc_ex.o
 .ARM.attributes
                0x000003fb       0x2d build/debug/Drivers/STM32F1xx_HAL_Driver/Src/stm32f1xx_hal_spi.o
 .ARM.attributes
                0x00000428       0x2d build/debug/Drivers/STM32F1xx_HAL_Driver/Src/stm32f1xx_hal_tim.o
 .ARM.attributes
                0x00000455       0x2d build/debug/Drivers/STM32F1xx_HAL_Driver/Src/stm32f1xx_hal_tim_ex.o
 .ARM.attributes
                0x00000482       0x2d build/debug/Middlewares/Third_Party/FreeRTOS/Source/CMSIS_RTOS_V2/cmsis_os2.o
 .ARM.attributes
                0x000004af       0x2d build/debug/Middlewares/Third_Party/FreeRTOS/Source/event_groups.o
 .ARM.attributes
                0x000004dc       0x2d build/debug/Middlewares/Third_Party/FreeRTOS/Source/list.o
 .ARM.attributes
                0x00000509       0x2d build/debug/Middlewares/Third_Party/FreeRTOS/Source/portable/GCC/ARM_CM3/port.o
 .ARM.attributes
                0x00000536       0x2d build/debug/Middlewares/Third_Party/FreeRTOS/Source/portable/MemMang/heap_4.o
 .ARM.attributes
                0x00000563       0x2d build/debug/Middlewares/Third_Party/FreeRTOS/Source/queue.o
 .ARM.attributes
                0x00000590       0x2d build/debug/Middlewares/Third_Party/FreeRTOS/Source/tasks.o
 .ARM.attributes
                0x000005bd       0x2d build/debug/Middlewares/Third_Party/FreeRTOS/Source/timers.o
 .ARM.attributes
                0x000005ea       0x21 build/debug/startup_stm32f103xb.o
 .ARM.attributes
                0x0000060b       0x2d /home/lorolol/.config/Code/User/globalStorage/bmd.stm32-for-vscode/@xpack-dev-tools/arm-none-eabi-gcc/13.2.1-1.1.1/.content/bin/../lib/gcc/arm-none-eabi/13.2.1/../../../../arm-none-eabi/lib/thumb/v7-m/nofp/libc_nano.a(libc_a-malloc.o)
 .ARM.attributes
                0x00000638       0x2d /home/lorolol/.config/Code/User/globalStorage/bmd.stm32-for-vscode/@xpack-dev-tools/arm-none-eabi-gcc/13.2.1-1.1.1/.content/bin/../lib/gcc/arm-none-eabi/13.2.1/../../../../arm-none-eabi/lib/thumb/v7-m/nofp/libc_nano.a(libc_a-mallocr.o)
 .ARM.attributes
                0x00000665       0x2d /home/lorolol/.config/Code/User/globalStorage/bmd.stm32-for-vscode/@xpack-dev-tools/arm-none-eabi-gcc/13.2.1-1.1.1/.content/bin/../lib/gcc/arm-none-eabi/13.2.1/../../../../arm-none-eabi/lib/thumb/v7-m/nofp/libc_nano.a(libc_a-mlock.o)
 .ARM.attributes
                0x00000692       0x2d /home/lorolol/.config/Code/User/globalStorage/bmd.stm32-for-vscode/@xpack-dev-tools/arm-none-eabi-gcc/13.2.1-1.1.1/.content/bin/../lib/gcc/arm-none-eabi/13.2.1/../../../../arm-none-eabi/lib/thumb/v7-m/nofp/libc_nano.a(libc_a-findfp.o)
 .ARM.attributes
                0x000006bf       0x2d /home/lorolol/.config/Code/User/globalStorage/bmd.stm32-for-vscode/@xpack-dev-tools/arm-none-eabi-gcc/13.2.1-1.1.1/.content/bin/../lib/gcc/arm-none-eabi/13.2.1/../../../../arm-none-eabi/lib/thumb/v7-m/nofp/libc_nano.a(libc_a-memset.o)
 .ARM.attributes
                0x000006ec       0x2d /home/lorolol/.config/Code/User/globalStorage/bmd.stm32-for-vscode/@xpack-dev-tools/arm-none-eabi-gcc/13.2.1-1.1.1/.content/bin/../lib/gcc/arm-none-eabi/13.2.1/../../../../arm-none-eabi/lib/thumb/v7-m/nofp/libc_nano.a(libc_a-reent.o)
 .ARM.attributes
                0x00000719       0x2d /home/lorolol/.config/Code/User/globalStorage/bmd.stm32-for-vscode/@xpack-dev-tools/arm-none-eabi-gcc/13.2.1-1.1.1/.content/bin/../lib/gcc/arm-none-eabi/13.2.1/../../../../arm-none-eabi/lib/thumb/v7-m/nofp/libc_nano.a(libc_a-impure.o)
 .ARM.attributes
                0x00000746       0x2d /home/lorolol/.config/Code/User/globalStorage/bmd.stm32-for-vscode/@xpack-dev-tools/arm-none-eabi-gcc/13.2.1-1.1.1/.content/bin/../lib/gcc/arm-none-eabi/13.2.1/../../../../arm-none-eabi/lib/thumb/v7-m/nofp/libc_nano.a(libc_a-sbrkr.o)
 .ARM.attributes
                0x00000773       0x2d /home/lorolol/.config/Code/User/globalStorage/bmd.stm32-for-vscode/@xpack-dev-tools/arm-none-eabi-gcc/13.2.1-1.1.1/.content/bin/../lib/gcc/arm-none-eabi/13.2.1/../../../../arm-none-eabi/lib/thumb/v7-m/nofp/libc_nano.a(libc_a-errno.o)
 .ARM.attributes
                0x000007a0       0x2d /home/lorolol/.config/Code/User/globalStorage/bmd.stm32-for-vscode/@xpack-dev-tools/arm-none-eabi-gcc/13.2.1-1.1.1/.content/bin/../lib/gcc/arm-none-eabi/13.2.1/../../../../arm-none-eabi/lib/thumb/v7-m/nofp/libc_nano.a(libc_a-init.o)
 .ARM.attributes
                0x000007cd       0x2d /home/lorolol/.config/Code/User/globalStorage/bmd.stm32-for-vscode/@xpack-dev-tools/arm-none-eabi-gcc/13.2.1-1.1.1/.content/bin/../lib/gcc/arm-none-eabi/13.2.1/../../../../arm-none-eabi/lib/thumb/v7-m/nofp/libc_nano.a(libc_a-lock.o)
 .ARM.attributes
                0x000007fa       0x2d /home/lorolol/.config/Code/User/globalStorage/bmd.stm32-for-vscode/@xpack-dev-tools/arm-none-eabi-gcc/13.2.1-1.1.1/.content/bin/../lib/gcc/arm-none-eabi/13.2.1/../../../../arm-none-eabi/lib/thumb/v7-m/nofp/libc_nano.a(libc_a-memcpy-stub.o)
 .ARM.attributes
                0x00000827       0x2d /home/lorolol/.config/Code/User/globalStorage/bmd.stm32-for-vscode/@xpack-dev-tools/arm-none-eabi-gcc/13.2.1-1.1.1/.content/bin/../lib/gcc/arm-none-eabi/13.2.1/../../../../arm-none-eabi/lib/thumb/v7-m/nofp/libc_nano.a(libc_a-freer.o)
 .ARM.attributes
                0x00000854       0x1d /home/lorolol/.config/Code/User/globalStorage/bmd.stm32-for-vscode/@xpack-dev-tools/arm-none-eabi-gcc/13.2.1-1.1.1/.content/bin/../lib/gcc/arm-none-eabi/13.2.1/thumb/v7-m/nofp/libgcc.a(_arm_muldf3.o)
 .ARM.attributes
                0x00000871       0x1d /home/lorolol/.config/Code/User/globalStorage/bmd.stm32-for-vscode/@xpack-dev-tools/arm-none-eabi-gcc/13.2.1-1.1.1/.content/bin/../lib/gcc/arm-none-eabi/13.2.1/thumb/v7-m/nofp/libgcc.a(_arm_addsubdf3.o)
 .ARM.attributes
                0x0000088e       0x1d /home/lorolol/.config/Code/User/globalStorage/bmd.stm32-for-vscode/@xpack-dev-tools/arm-none-eabi-gcc/13.2.1-1.1.1/.content/bin/../lib/gcc/arm-none-eabi/13.2.1/thumb/v7-m/nofp/libgcc.a(_arm_truncdfsf2.o)
 .ARM.attributes
                0x000008ab       0x1d /home/lorolol/.config/Code/User/globalStorage/bmd.stm32-for-vscode/@xpack-dev-tools/arm-none-eabi-gcc/13.2.1-1.1.1/.content/bin/../lib/gcc/arm-none-eabi/13.2.1/thumb/v7-m/nofp/libgcc.a(_arm_addsubsf3.o)
 .ARM.attributes
                0x000008c8       0x1d /home/lorolol/.config/Code/User/globalStorage/bmd.stm32-for-vscode/@xpack-dev-tools/arm-none-eabi-gcc/13.2.1-1.1.1/.content/bin/../lib/gcc/arm-none-eabi/13.2.1/thumb/v7-m/nofp/libgcc.a(_arm_muldivsf3.o)
 .ARM.attributes
                0x000008e5       0x1d /home/lorolol/.config/Code/User/globalStorage/bmd.stm32-for-vscode/@xpack-dev-tools/arm-none-eabi-gcc/13.2.1-1.1.1/.content/bin/../lib/gcc/arm-none-eabi/13.2.1/thumb/v7-m/nofp/libgcc.a(_arm_fixunssfsi.o)
 .ARM.attributes
                0x00000902       0x1d /home/lorolol/.config/Code/User/globalStorage/bmd.stm32-for-vscode/@xpack-dev-tools/arm-none-eabi-gcc/13.2.1-1.1.1/.content/bin/../lib/gcc/arm-none-eabi/13.2.1/thumb/v7-m/nofp/crtn.o
OUTPUT(build/Traseira.elf elf32-littlearm)
LOAD linker stubs
LOAD /home/lorolol/.config/Code/User/globalStorage/bmd.stm32-for-vscode/@xpack-dev-tools/arm-none-eabi-gcc/13.2.1-1.1.1/.content/bin/../lib/gcc/arm-none-eabi/13.2.1/../../../../arm-none-eabi/lib/thumb/v7-m/nofp/libc.a
LOAD /home/lorolol/.config/Code/User/globalStorage/bmd.stm32-for-vscode/@xpack-dev-tools/arm-none-eabi-gcc/13.2.1-1.1.1/.content/bin/../lib/gcc/arm-none-eabi/13.2.1/../../../../arm-none-eabi/lib/thumb/v7-m/nofp/libm.a
LOAD /home/lorolol/.config/Code/User/globalStorage/bmd.stm32-for-vscode/@xpack-dev-tools/arm-none-eabi-gcc/13.2.1-1.1.1/.content/bin/../lib/gcc/arm-none-eabi/13.2.1/thumb/v7-m/nofp/libgcc.a

.comment        0x00000000       0x39
 .comment       0x00000000       0x39 /home/lorolol/.config/Code/User/globalStorage/bmd.stm32-for-vscode/@xpack-dev-tools/arm-none-eabi-gcc/13.2.1-1.1.1/.content/bin/../lib/gcc/arm-none-eabi/13.2.1/thumb/v7-m/nofp/crtbegin.o
                                 0x3a (size before relaxing)
 .comment       0x00000039       0x3a build/debug/Core/Src/adc.o
 .comment       0x00000039       0x3a build/debug/Core/Src/can.o
 .comment       0x00000039       0x3a build/debug/Core/Src/freertos.o
 .comment       0x00000039       0x3a build/debug/Core/Src/gpio.o
 .comment       0x00000039       0x3a build/debug/Core/Src/main.o
 .comment       0x00000039       0x3a build/debug/Core/Src/rpm.o
 .comment       0x00000039       0x3a build/debug/Core/Src/spi.o
 .comment       0x00000039       0x3a build/debug/Core/Src/stm32f1xx_hal_msp.o
 .comment       0x00000039       0x3a build/debug/Core/Src/stm32f1xx_hal_timebase_tim.o
 .comment       0x00000039       0x3a build/debug/Core/Src/stm32f1xx_it.o
 .comment       0x00000039       0x3a build/debug/Core/Src/sysmem.o
 .comment       0x00000039       0x3a build/debug/Core/Src/system_stm32f1xx.o
 .comment       0x00000039       0x3a build/debug/Core/Src/tempcvt.o
 .comment       0x00000039       0x3a build/debug/Drivers/STM32F1xx_HAL_Driver/Src/stm32f1xx_hal.o
 .comment       0x00000039       0x3a build/debug/Drivers/STM32F1xx_HAL_Driver/Src/stm32f1xx_hal_adc.o
 .comment       0x00000039       0x3a build/debug/Drivers/STM32F1xx_HAL_Driver/Src/stm32f1xx_hal_adc_ex.o
 .comment       0x00000039       0x3a build/debug/Drivers/STM32F1xx_HAL_Driver/Src/stm32f1xx_hal_can.o
 .comment       0x00000039       0x3a build/debug/Drivers/STM32F1xx_HAL_Driver/Src/stm32f1xx_hal_cortex.o
 .comment       0x00000039       0x3a build/debug/Drivers/STM32F1xx_HAL_Driver/Src/stm32f1xx_hal_gpio.o
 .comment       0x00000039       0x3a build/debug/Drivers/STM32F1xx_HAL_Driver/Src/stm32f1xx_hal_rcc.o
 .comment       0x00000039       0x3a build/debug/Drivers/STM32F1xx_HAL_Driver/Src/stm32f1xx_hal_rcc_ex.o
 .comment       0x00000039       0x3a build/debug/Drivers/STM32F1xx_HAL_Driver/Src/stm32f1xx_hal_spi.o
 .comment       0x00000039       0x3a build/debug/Drivers/STM32F1xx_HAL_Driver/Src/stm32f1xx_hal_tim.o
 .comment       0x00000039       0x3a build/debug/Drivers/STM32F1xx_HAL_Driver/Src/stm32f1xx_hal_tim_ex.o
 .comment       0x00000039       0x3a build/debug/Middlewares/Third_Party/FreeRTOS/Source/CMSIS_RTOS_V2/cmsis_os2.o
 .comment       0x00000039       0x3a build/debug/Middlewares/Third_Party/FreeRTOS/Source/event_groups.o
 .comment       0x00000039       0x3a build/debug/Middlewares/Third_Party/FreeRTOS/Source/list.o
 .comment       0x00000039       0x3a build/debug/Middlewares/Third_Party/FreeRTOS/Source/portable/GCC/ARM_CM3/port.o
 .comment       0x00000039       0x3a build/debug/Middlewares/Third_Party/FreeRTOS/Source/portable/MemMang/heap_4.o
 .comment       0x00000039       0x3a build/debug/Middlewares/Third_Party/FreeRTOS/Source/queue.o
 .comment       0x00000039       0x3a build/debug/Middlewares/Third_Party/FreeRTOS/Source/tasks.o
 .comment       0x00000039       0x3a build/debug/Middlewares/Third_Party/FreeRTOS/Source/timers.o
 .comment       0x00000039       0x3a /home/lorolol/.config/Code/User/globalStorage/bmd.stm32-for-vscode/@xpack-dev-tools/arm-none-eabi-gcc/13.2.1-1.1.1/.content/bin/../lib/gcc/arm-none-eabi/13.2.1/../../../../arm-none-eabi/lib/thumb/v7-m/nofp/libc_nano.a(libc_a-malloc.o)
 .comment       0x00000039       0x3a /home/lorolol/.config/Code/User/globalStorage/bmd.stm32-for-vscode/@xpack-dev-tools/arm-none-eabi-gcc/13.2.1-1.1.1/.content/bin/../lib/gcc/arm-none-eabi/13.2.1/../../../../arm-none-eabi/lib/thumb/v7-m/nofp/libc_nano.a(libc_a-mallocr.o)
 .comment       0x00000039       0x3a /home/lorolol/.config/Code/User/globalStorage/bmd.stm32-for-vscode/@xpack-dev-tools/arm-none-eabi-gcc/13.2.1-1.1.1/.content/bin/../lib/gcc/arm-none-eabi/13.2.1/../../../../arm-none-eabi/lib/thumb/v7-m/nofp/libc_nano.a(libc_a-mlock.o)
 .comment       0x00000039       0x3a /home/lorolol/.config/Code/User/globalStorage/bmd.stm32-for-vscode/@xpack-dev-tools/arm-none-eabi-gcc/13.2.1-1.1.1/.content/bin/../lib/gcc/arm-none-eabi/13.2.1/../../../../arm-none-eabi/lib/thumb/v7-m/nofp/libc_nano.a(libc_a-findfp.o)
 .comment       0x00000039       0x3a /home/lorolol/.config/Code/User/globalStorage/bmd.stm32-for-vscode/@xpack-dev-tools/arm-none-eabi-gcc/13.2.1-1.1.1/.content/bin/../lib/gcc/arm-none-eabi/13.2.1/../../../../arm-none-eabi/lib/thumb/v7-m/nofp/libc_nano.a(libc_a-memset.o)
 .comment       0x00000039       0x3a /home/lorolol/.config/Code/User/globalStorage/bmd.stm32-for-vscode/@xpack-dev-tools/arm-none-eabi-gcc/13.2.1-1.1.1/.content/bin/../lib/gcc/arm-none-eabi/13.2.1/../../../../arm-none-eabi/lib/thumb/v7-m/nofp/libc_nano.a(libc_a-reent.o)
 .comment       0x00000039       0x3a /home/lorolol/.config/Code/User/globalStorage/bmd.stm32-for-vscode/@xpack-dev-tools/arm-none-eabi-gcc/13.2.1-1.1.1/.content/bin/../lib/gcc/arm-none-eabi/13.2.1/../../../../arm-none-eabi/lib/thumb/v7-m/nofp/libc_nano.a(libc_a-impure.o)
 .comment       0x00000039       0x3a /home/lorolol/.config/Code/User/globalStorage/bmd.stm32-for-vscode/@xpack-dev-tools/arm-none-eabi-gcc/13.2.1-1.1.1/.content/bin/../lib/gcc/arm-none-eabi/13.2.1/../../../../arm-none-eabi/lib/thumb/v7-m/nofp/libc_nano.a(libc_a-sbrkr.o)
 .comment       0x00000039       0x3a /home/lorolol/.config/Code/User/globalStorage/bmd.stm32-for-vscode/@xpack-dev-tools/arm-none-eabi-gcc/13.2.1-1.1.1/.content/bin/../lib/gcc/arm-none-eabi/13.2.1/../../../../arm-none-eabi/lib/thumb/v7-m/nofp/libc_nano.a(libc_a-errno.o)
 .comment       0x00000039       0x3a /home/lorolol/.config/Code/User/globalStorage/bmd.stm32-for-vscode/@xpack-dev-tools/arm-none-eabi-gcc/13.2.1-1.1.1/.content/bin/../lib/gcc/arm-none-eabi/13.2.1/../../../../arm-none-eabi/lib/thumb/v7-m/nofp/libc_nano.a(libc_a-init.o)
 .comment       0x00000039       0x3a /home/lorolol/.config/Code/User/globalStorage/bmd.stm32-for-vscode/@xpack-dev-tools/arm-none-eabi-gcc/13.2.1-1.1.1/.content/bin/../lib/gcc/arm-none-eabi/13.2.1/../../../../arm-none-eabi/lib/thumb/v7-m/nofp/libc_nano.a(libc_a-lock.o)
 .comment       0x00000039       0x3a /home/lorolol/.config/Code/User/globalStorage/bmd.stm32-for-vscode/@xpack-dev-tools/arm-none-eabi-gcc/13.2.1-1.1.1/.content/bin/../lib/gcc/arm-none-eabi/13.2.1/../../../../arm-none-eabi/lib/thumb/v7-m/nofp/libc_nano.a(libc_a-memcpy-stub.o)
 .comment       0x00000039       0x3a /home/lorolol/.config/Code/User/globalStorage/bmd.stm32-for-vscode/@xpack-dev-tools/arm-none-eabi-gcc/13.2.1-1.1.1/.content/bin/../lib/gcc/arm-none-eabi/13.2.1/../../../../arm-none-eabi/lib/thumb/v7-m/nofp/libc_nano.a(libc_a-freer.o)

.debug_info     0x00000000    0x22482
 .debug_info    0x00000000      0x8b3 build/debug/Core/Src/adc.o
 .debug_info    0x000008b3     0x1011 build/debug/Core/Src/can.o
 .debug_info    0x000018c4      0xef0 build/debug/Core/Src/freertos.o