2024-09-17 20:07:15,351 [INFO] MainUpdater:2873 - connection check result : 10
2024-09-17 20:07:15,679 [INFO] McuFinderGlobals:76 - Set McuFinderConnectedMode to true
2024-09-17 20:07:15,686 [INFO] MultiScanPanel:200 - Auto-refresh data requested => check proxy status ongoing
2024-09-17 20:07:15,689 [INFO] FinderPluginLoader:95 - Searching for filters in installed packs
2024-09-17 20:07:17,052 [INFO] LoadUrlFilesThread:185 - End of LoadServerUrlFiles without Thread
2024-09-17 20:07:17,106 [INFO] DetailPanel:341 - Set advertising image to /home/lorolol/STM32Cube/Repository//en.prom-stm32c071-usb-memories-mcu-finder.png
2024-09-17 20:07:23,582 [INFO] MultiScanPanel:200 - Auto-refresh data requested => check proxy status ongoing
2024-09-17 20:07:23,769 [INFO] LoadUrlFilesThread:185 - End of LoadServerUrlFiles without Thread
2024-09-17 20:07:23,769 [INFO] DetailPanel:341 - Set advertising image to /home/lorolol/STM32Cube/Repository//en.prom-stm32c071-usb-memories-mcu-finder.png
2024-09-17 20:07:23,780 [INFO] DbBoards:642 - Loading board mini-images...
2024-09-17 20:07:24,686 [ERROR] DbBoards:659 - Image file not found for board NUCLEO-WB05KZ: /home/lorolol/.stmcufinder/plugins/mcufinder//mcu//boards_images/NUCLEO-WB05KZ.jpg
2024-09-17 20:07:25,820 [INFO] DbBoards:665 - Loaded 199 board mini-images
2024-09-17 20:09:10,812 [INFO] McuFinderGlobals:76 - Set McuFinderConnectedMode to true
2024-09-17 20:09:12,774 [INFO] ApiDb:448 - Save user favorites file /home/lorolol/.stm32cubeide/favorites.mcus.txt: 1 item(s)
2024-09-17 20:09:12,775 [INFO] ApiDb:452 - User favorites MCUs=[STM32F103C8T6]
2024-09-17 20:09:12,777 [INFO] ApiDb:448 - Save user favorites file /home/lorolol/.stm32cubeide/favorites.boards.txt: 0 item(s)
2024-09-17 20:09:12,777 [INFO] ApiDb:452 - User favorites Boards=[]
2024-09-17 20:09:32,398 [INFO] MainUpdater:2873 - connection check result : 10
2024-09-17 20:09:32,587 [INFO] McuFinderGlobals:76 - Set McuFinderConnectedMode to true
2024-09-17 20:09:32,587 [INFO] MultiScanPanel:200 - Auto-refresh data requested => check proxy status ongoing
2024-09-17 20:09:32,587 [INFO] FinderPluginLoader:95 - Searching for filters in installed packs
2024-09-17 20:09:33,514 [INFO] LoadUrlFilesThread:185 - End of LoadServerUrlFiles without Thread
2024-09-17 20:09:33,514 [INFO] DetailPanel:341 - Set advertising image to /home/lorolol/STM32Cube/Repository//en.prom-stm32c071-usb-memories-mcu-finder.png
2024-09-17 20:09:36,012 [INFO] MultiScanPanel:200 - Auto-refresh data requested => check proxy status ongoing
2024-09-17 20:09:36,108 [INFO] LoadUrlFilesThread:185 - End of LoadServerUrlFiles without Thread
2024-09-17 20:09:36,108 [INFO] DetailPanel:341 - Set advertising image to /home/lorolol/STM32Cube/Repository//en.prom-stm32c071-usb-memories-mcu-finder.png
2024-09-17 20:09:56,816 [INFO] McuFinderGlobals:76 - Set McuFinderConnectedMode to true
2024-09-17 20:09:57,874 [INFO] ApiDb:448 - Save user favorites file /home/lorolol/.stm32cubeide/favorites.mcus.txt: 1 item(s)
2024-09-17 20:09:57,875 [INFO] ApiDb:452 - User favorites MCUs=[STM32F103C8T6]
2024-09-17 20:09:57,876 [INFO] ApiDb:448 - Save user favorites file /home/lorolol/.stm32cubeide/favorites.boards.txt: 0 item(s)
2024-09-17 20:09:57,877 [INFO] ApiDb:452 - User favorites Boards=[]
2024-09-17 20:10:22,798 [INFO] MainUpdater:2873 - connection check result : 10
2024-09-17 20:10:23,111 [INFO] McuFinderGlobals:76 - Set McuFinderConnectedMode to true
2024-09-17 20:10:23,111 [INFO] MultiScanPanel:200 - Auto-refresh data requested => check proxy status ongoing
2024-09-17 20:10:23,111 [INFO] FinderPluginLoader:95 - Searching for filters in installed packs
2024-09-17 20:10:23,792 [INFO] LoadUrlFilesThread:185 - End of LoadServerUrlFiles without Thread
2024-09-17 20:10:23,792 [INFO] DetailPanel:341 - Set advertising image to /home/lorolol/STM32Cube/Repository//en.prom-stm32c071-usb-memories-mcu-finder.png
2024-09-17 20:10:29,575 [INFO] MultiScanPanel:200 - Auto-refresh data requested => check proxy status ongoing
2024-09-17 20:10:29,695 [INFO] LoadUrlFilesThread:185 - End of LoadServerUrlFiles without Thread
2024-09-17 20:10:29,695 [INFO] DetailPanel:341 - Set advertising image to /home/lorolol/STM32Cube/Repository//en.prom-stm32c071-usb-memories-mcu-finder.png
2024-09-17 20:11:00,048 [INFO] MainUpdater:2873 - connection check result : 10
2024-09-17 20:11:00,048 [INFO] MainUpdater:2873 - connection check result : 10
2024-09-17 20:11:01,113 [INFO] I2cTimingTraitement:330 - 0x10707DBC
2024-09-17 20:11:01,152 [INFO] I2cTimingTraitement:330 - 0x10707DBC
2024-09-17 20:11:01,176 [INFO] MicroXplorer:468 - Change Database Path : 
2024-09-17 20:11:01,176 [INFO] MicroXplorer:498 - Change Database Version : DB.6.0.111
2024-09-17 20:11:01,183 [ERROR] ProjectManagerView:394 - 
java.lang.NullPointerException: Cannot invoke "javax.swing.JTextField.getText()" because the return value of "java.util.List.get(int)" is null
	at com.st.microxplorer.plugins.projectmanager.gui.ProjectChoiceTab$10.caretUpdate(ProjectChoiceTab.java:2504) ~[filemanager.jar:?]
	at javax.swing.text.JTextComponent.fireCaretUpdate(JTextComponent.java:412) ~[?:?]
	at javax.swing.text.JTextComponent$MutableCaretEvent.fire(JTextComponent.java:4491) ~[?:?]
	at javax.swing.text.JTextComponent$MutableCaretEvent.stateChanged(JTextComponent.java:4513) ~[?:?]
	at javax.swing.text.DefaultCaret.fireStateChanged(DefaultCaret.java:842) ~[?:?]
	at javax.swing.text.DefaultCaret.changeCaretPosition(DefaultCaret.java:1313) ~[?:?]
	at javax.swing.text.DefaultCaret.handleSetDot(DefaultCaret.java:1212) ~[?:?]
	at javax.swing.text.DefaultCaret.setDot(DefaultCaret.java:1193) ~[?:?]
	at javax.swing.text.DefaultCaret$Handler.insertUpdate(DefaultCaret.java:1789) ~[?:?]
	at javax.swing.text.AbstractDocument.fireInsertUpdate(AbstractDocument.java:226) ~[?:?]
	at javax.swing.text.AbstractDocument.handleInsertString(AbstractDocument.java:780) ~[?:?]
	at javax.swing.text.AbstractDocument.insertString(AbstractDocument.java:739) ~[?:?]
	at javax.swing.text.PlainDocument.insertString(PlainDocument.java:131) ~[?:?]
	at javax.swing.text.AbstractDocument.replace(AbstractDocument.java:698) ~[?:?]
	at javax.swing.text.JTextComponent.setText(JTextComponent.java:1729) ~[?:?]
	at com.st.microxplorer.plugins.projectmanager.gui.ProjectChoiceTab.createHeapStackFields(ProjectChoiceTab.java:944) ~[filemanager.jar:?]
	at com.st.microxplorer.plugins.projectmanager.gui.ProjectChoiceTab.buildLinkSettingsPanel(ProjectChoiceTab.java:3475) ~[filemanager.jar:?]
	at com.st.microxplorer.plugins.projectmanager.gui.ProjectChoiceTab.defineWindowsFields(ProjectChoiceTab.java:1816) ~[filemanager.jar:?]
	at com.st.microxplorer.plugins.projectmanager.gui.ProjectChoiceTab.updateSettings(ProjectChoiceTab.java:544) ~[filemanager.jar:?]
	at com.st.microxplorer.plugins.projectmanager.gui.ProjectSettingsPanel.UpdateDialog(ProjectSettingsPanel.java:245) ~[filemanager.jar:?]
	at com.st.microxplorer.plugins.projectmanager.ProjectManagerView.propertyChange(ProjectManagerView.java:391) ~[filemanager.jar:?]
	at java.beans.PropertyChangeSupport.fire(PropertyChangeSupport.java:343) ~[?:?]
	at java.beans.PropertyChangeSupport.firePropertyChange(PropertyChangeSupport.java:335) ~[?:?]
	at java.beans.PropertyChangeSupport.firePropertyChange(PropertyChangeSupport.java:268) ~[?:?]
	at com.st.microxplorer.util.MXPropertyChangeSupport.firePropertyChange(MXPropertyChangeSupport.java:54) ~[STM32CubeMX.jar:?]
	at com.st.microxplorer.mxsystem.MxSystem.closeConfig(MxSystem.java:900) ~[STM32CubeMX.jar:?]
	at com.st.microxplorer.maingui.MainPanel.closeConfig(MainPanel.java:776) ~[STM32CubeMX.jar:?]
	at com.st.microxplorer.plugins.filemanager.engine.OpenFileManager.loadConfigurationFile(OpenFileManager.java:245) ~[filemanager.jar:?]
	at com.st.microxplorer.plugins.filemanager.engine.MainFileManager.userLoadConfig(MainFileManager.java:315) ~[filemanager.jar:?]
	at com.st.microxplorer.plugins.filemanager.FileManagerView.getSpecificTask(FileManagerView.java:251) ~[filemanager.jar:?]
	at com.st.stm32cube.common.mx.editor.CubeMxEditor.getMxTabbedPaneInstance(CubeMxEditor.java:1191) ~[com.st.stm32cube.common.mx_6.11.1.202404110753/:?]
	at com.st.stm32cube.common.mx.editor.CubeMxEditor$12$1.createSwingComponent(CubeMxEditor.java:1068) ~[com.st.stm32cube.common.mx_6.11.1.202404110753/:?]
	at com.st.stm32cube.common.mx.oss.core.awtswtbridge.EmbeddedSwingComposite.doComponentCreation(EmbeddedSwingComposite.java:492) ~[com.st.stm32cube.common.mx.oss_6.11.1.202404110753/:?]
	at com.st.stm32cube.common.mx.oss.core.awtswtbridge.EmbeddedSwingComposite$4.run(EmbeddedSwingComposite.java:291) ~[com.st.stm32cube.common.mx.oss_6.11.1.202404110753/:?]
	at com.st.stm32cube.common.mx.oss.core.awtswtbridge.AwtEnvironment$2.run(AwtEnvironment.java:166) ~[com.st.stm32cube.common.mx.oss_6.11.1.202404110753/:?]
	at java.awt.event.InvocationEvent.dispatch(InvocationEvent.java:318) ~[?:?]
	at java.awt.EventQueue.dispatchEventImpl(EventQueue.java:773) ~[?:?]
	at java.awt.EventQueue$4.run(EventQueue.java:720) ~[?:?]
	at java.awt.EventQueue$4.run(EventQueue.java:714) ~[?:?]
	at java.security.AccessController.doPrivileged(AccessController.java:399) ~[?:?]
	at java.security.ProtectionDomain$JavaSecurityAccessImpl.doIntersectionPrivilege(ProtectionDomain.java:86) ~[?:?]
	at java.awt.EventQueue.dispatchEvent(EventQueue.java:742) ~[?:?]
	at java.awt.EventDispatchThread.pumpOneEventForFilters(EventDispatchThread.java:203) ~[?:?]
	at java.awt.EventDispatchThread.pumpEventsForFilter(EventDispatchThread.java:124) ~[?:?]
	at java.awt.EventDispatchThread.pumpEventsForHierarchy(EventDispatchThread.java:113) ~[?:?]
	at java.awt.EventDispatchThread.pumpEvents(EventDispatchThread.java:109) ~[?:?]
	at java.awt.EventDispatchThread.pumpEvents(EventDispatchThread.java:101) ~[?:?]
	at java.awt.EventDispatchThread.run(EventDispatchThread.java:90) ~[?:?]
2024-09-17 20:11:01,184 [WARN] ThirdParty:871 - waiting for thirdparty lock release [close project]
2024-09-17 20:11:01,184 [INFO] ThirdParty:873 - entering critical section [close project]
2024-09-17 20:11:01,184 [INFO] ThirdParty:883 - exiting critical section [close project]
2024-09-17 20:11:01,191 [INFO] PinOutPanel:1561 - setPackage(No Configuration,No Configuration)
2024-09-17 20:11:01,204 [INFO] UtilMem:75 - Begin LoadConfig() Used Memory: 694358856 Bytes (1073741824)
2024-09-17 20:11:01,209 [INFO] MicroXplorer:468 - Change Database Path : 
2024-09-17 20:11:01,209 [INFO] MicroXplorer:498 - Change Database Version : DB.6.0.111
2024-09-17 20:11:01,209 [INFO] OpenFileManager:312 - Change cursor
2024-09-17 20:11:01,234 [INFO] RulesReader:64 - Compatibility file has been processed (297 Rules)
2024-09-17 20:11:01,241 [INFO] Mcu:2021 - Initializing MCU STM32MP157FACx STM32MP157FACx STM32MP157FAC1
2024-09-17 20:11:03,135 [INFO] Context:663 - Trying to add GPIOservice into a context  which must be forbidden
2024-09-17 20:11:03,135 [INFO] Context:663 - Trying to add GPIOservice into a context  which must be forbidden
2024-09-17 20:11:03,742 [WARN] Context:736 - Trying to set IWDG twice on same context CortexA7S
2024-09-17 20:11:03,743 [WARN] Context:736 - Trying to set SPI twice on same context CortexA7NS
2024-09-17 20:11:03,743 [WARN] Context:736 - Trying to set ADC twice on same context CortexA7NS
2024-09-17 20:11:03,743 [INFO] Context:663 - Trying to add GPIOservice into a context  which must be forbidden
2024-09-17 20:11:03,743 [WARN] Context:736 - Trying to set IPCC twice on same context CortexM4
2024-09-17 20:11:03,743 [INFO] Context:663 - Trying to add GPIOservice into a context  which must be forbidden
2024-09-17 20:11:03,890 [INFO] RtosManager:555 - Registered RTOS mode: class=CMSIS, group=RTOS, mode=CMSIS_V1, owner=FREERTOS
2024-09-17 20:11:03,890 [INFO] RtosManager:555 - Registered RTOS mode: class=CMSIS, group=RTOS2, mode=CMSIS_V2, owner=FREERTOS
2024-09-17 20:11:03,890 [INFO] RtosManager:555 - Registered RTOS mode: class=RTOS, group=Core, mode=CMSIS_V1, owner=FREERTOS
2024-09-17 20:11:03,890 [INFO] RtosManager:555 - Registered RTOS mode: class=RTOS, group=Core, mode=CMSIS_V2, owner=FREERTOS
2024-09-17 20:11:03,890 [WARN] ModelIntegratedComponent:184 - Missing modes for component STMicroelectronics:FreeRTOS:0.0.1:STMicroelectronics:RTOS:FreeRTOS:Core:::10.2.0:
2024-09-17 20:11:03,893 [WARN] ModelIntegratedComponent:63 - No mode defined for component null
2024-09-17 20:11:03,893 [WARN] ModelIntegratedComponent:63 - No mode defined for component null
2024-09-17 20:11:03,893 [WARN] ModelIntegratedComponent:63 - No mode defined for component null
2024-09-17 20:11:03,893 [WARN] ModelIntegratedComponent:63 - No mode defined for component null
2024-09-17 20:11:03,893 [WARN] ModelIntegratedComponent:63 - No mode defined for component null
2024-09-17 20:11:03,893 [WARN] ModelIntegratedComponent:63 - No mode defined for component null
2024-09-17 20:11:03,893 [WARN] ModelIntegratedComponent:63 - No mode defined for component null
2024-09-17 20:11:03,893 [WARN] ModelIntegratedComponent:63 - No mode defined for component null
2024-09-17 20:11:03,893 [WARN] ModelIntegratedComponent:63 - No mode defined for component null
2024-09-17 20:11:03,893 [WARN] ModelIntegratedComponent:63 - No mode defined for component null
2024-09-17 20:11:03,893 [WARN] ModelIntegratedComponent:63 - No mode defined for component null
2024-09-17 20:11:03,893 [WARN] ModelIntegratedComponent:63 - No mode defined for component null
2024-09-17 20:11:03,893 [WARN] ModelIntegratedComponent:63 - No mode defined for component null
2024-09-17 20:11:03,893 [WARN] ModelIntegratedComponent:63 - No mode defined for component null
2024-09-17 20:11:03,893 [WARN] ModelIntegratedComponent:63 - No mode defined for component null
2024-09-17 20:11:03,893 [WARN] ModelIntegratedComponent:63 - No mode defined for component null
2024-09-17 20:11:03,893 [WARN] ModelIntegratedComponent:63 - No mode defined for component null
2024-09-17 20:11:03,893 [WARN] ModelIntegratedComponent:63 - No mode defined for component null
2024-09-17 20:11:03,893 [WARN] ModelIntegratedComponent:63 - No mode defined for component null
2024-09-17 20:11:03,893 [WARN] ModelIntegratedComponent:63 - No mode defined for component null
2024-09-17 20:11:03,893 [WARN] ModelIntegratedComponent:63 - No mode defined for component null
2024-09-17 20:11:03,893 [WARN] ModelIntegratedComponent:63 - No mode defined for component null
2024-09-17 20:11:03,894 [WARN] ModelIntegratedComponent:63 - No mode defined for component null
2024-09-17 20:11:03,894 [WARN] ModelIntegratedComponent:63 - No mode defined for component null
2024-09-17 20:11:03,894 [WARN] ModelIntegratedComponent:63 - No mode defined for component null
2024-09-17 20:11:03,894 [WARN] ModelIntegratedComponent:63 - No mode defined for component null
2024-09-17 20:11:03,894 [WARN] ModelIntegratedComponent:63 - No mode defined for component null
2024-09-17 20:11:03,894 [WARN] ModelIntegratedComponent:63 - No mode defined for component null
2024-09-17 20:11:03,894 [WARN] ModelIntegratedComponent:63 - No mode defined for component null
2024-09-17 20:11:03,894 [WARN] ModelIntegratedComponent:63 - No mode defined for component null
2024-09-17 20:11:03,894 [WARN] ModelIntegratedComponent:63 - No mode defined for component null
2024-09-17 20:11:03,894 [WARN] ModelIntegratedComponent:63 - No mode defined for component null
2024-09-17 20:11:03,894 [WARN] ModelIntegratedComponent:63 - No mode defined for component null
2024-09-17 20:11:03,894 [WARN] ModelIntegratedComponent:63 - No mode defined for component null
2024-09-17 20:11:03,970 [INFO] ThirdPartyModel:298 - Start build external matchings
2024-09-17 20:11:04,543 [INFO] ThirdPartyModel:316 - End build external matchings
2024-09-17 20:11:04,565 [INFO] ImportTextPane:194 - (OptionalMessage_ERROR) IP (ADC1) : Parameter (CommonPathInternal) has invalid value (null|null|null|null)
2024-09-17 20:11:04,566 [INFO] ImportTextPane:194 - (OptionalMessage_ERROR) IP (ADC2) : Parameter (CommonPathInternal) has invalid value (null|null|null|null)
2024-09-17 20:11:04,601 [INFO] ImportTextPane:194 - (OptionalMessage_ERROR) IP (DMA) : Parameter (Instance) has Id (SAI2_A) currently not set
2024-09-17 20:11:04,601 [INFO] ImportTextPane:194 - (OptionalMessage_ERROR) IP (DMA) : Parameter (Request) has Id (SAI2_A) currently not set
2024-09-17 20:11:04,601 [INFO] ImportTextPane:194 - (OptionalMessage_ERROR) IP (DMA) : Parameter (Direction) has Id (SAI2_A) currently not set
2024-09-17 20:11:04,601 [INFO] ImportTextPane:194 - (OptionalMessage_ERROR) IP (DMA) : Parameter (PeriphInc) has Id (SAI2_A) currently not set
2024-09-17 20:11:04,601 [INFO] ImportTextPane:194 - (OptionalMessage_ERROR) IP (DMA) : Parameter (MemInc) has Id (SAI2_A) currently not set
2024-09-17 20:11:04,601 [INFO] ImportTextPane:194 - (OptionalMessage_ERROR) IP (DMA) : Parameter (PeriphDataAlignment) has Id (SAI2_A) currently not set
2024-09-17 20:11:04,601 [INFO] ImportTextPane:194 - (OptionalMessage_ERROR) IP (DMA) : Parameter (MemDataAlignment) has Id (SAI2_A) currently not set
2024-09-17 20:11:04,601 [INFO] ImportTextPane:194 - (OptionalMessage_ERROR) IP (DMA) : Parameter (Mode) has Id (SAI2_A) currently not set
2024-09-17 20:11:04,601 [INFO] ImportTextPane:194 - (OptionalMessage_ERROR) IP (DMA) : Parameter (Priority) has Id (SAI2_A) currently not set
2024-09-17 20:11:04,601 [INFO] ImportTextPane:194 - (OptionalMessage_ERROR) IP (DMA) : Parameter (FIFOMode) has Id (SAI2_A) currently not set
2024-09-17 20:11:04,601 [INFO] ImportTextPane:194 - (OptionalMessage_ERROR) IP (DMA) : Parameter (SignalID) has Id (SAI2_A) currently not set
2024-09-17 20:11:04,601 [INFO] ImportTextPane:194 - (OptionalMessage_ERROR) IP (DMA) : Parameter (Polarity) has Id (SAI2_A) currently not set
2024-09-17 20:11:04,601 [INFO] ImportTextPane:194 - (OptionalMessage_ERROR) IP (DMA) : Parameter (RequestNumber) has Id (SAI2_A) currently not set
2024-09-17 20:11:04,601 [INFO] ImportTextPane:194 - (OptionalMessage_ERROR) IP (DMA) : Parameter (SyncSignalID) has Id (SAI2_A) currently not set
2024-09-17 20:11:04,601 [INFO] ImportTextPane:194 - (OptionalMessage_ERROR) IP (DMA) : Parameter (SyncPolarity) has Id (SAI2_A) currently not set
2024-09-17 20:11:04,601 [INFO] ImportTextPane:194 - (OptionalMessage_ERROR) IP (DMA) : Parameter (SyncEnable) has Id (SAI2_A) currently not set
2024-09-17 20:11:04,602 [INFO] ImportTextPane:194 - (OptionalMessage_ERROR) IP (DMA) : Parameter (EventEnable) has Id (SAI2_A) currently not set
2024-09-17 20:11:04,602 [INFO] ImportTextPane:194 - (OptionalMessage_ERROR) IP (DMA) : Parameter (SyncRequestNumber) has Id (SAI2_A) currently not set
2024-09-17 20:11:04,602 [INFO] ImportTextPane:194 - (OptionalMessage_ERROR) IP (DMA) : Parameter (MDMA_Chaining) has Id (SAI2_A) currently not set
2024-09-17 20:11:04,602 [INFO] ImportTextPane:194 - (OptionalMessage_ERROR) IP (DMA) : Parameter (Mandatory) has Id (SAI2_A) currently not set
2024-09-17 20:11:04,602 [INFO] ImportTextPane:194 - (OptionalMessage_ERROR) IP (DMA) : Parameter (Instance) has Id (SAI2_B) currently not set
2024-09-17 20:11:04,602 [INFO] ImportTextPane:194 - (OptionalMessage_ERROR) IP (DMA) : Parameter (Request) has Id (SAI2_B) currently not set
2024-09-17 20:11:04,602 [INFO] ImportTextPane:194 - (OptionalMessage_ERROR) IP (DMA) : Parameter (Direction) has Id (SAI2_B) currently not set
2024-09-17 20:11:04,602 [INFO] ImportTextPane:194 - (OptionalMessage_ERROR) IP (DMA) : Parameter (PeriphInc) has Id (SAI2_B) currently not set
2024-09-17 20:11:04,602 [INFO] ImportTextPane:194 - (OptionalMessage_ERROR) IP (DMA) : Parameter (MemInc) has Id (SAI2_B) currently not set
2024-09-17 20:11:04,602 [INFO] ImportTextPane:194 - (OptionalMessage_ERROR) IP (DMA) : Parameter (PeriphDataAlignment) has Id (SAI2_B) currently not set
2024-09-17 20:11:04,602 [INFO] ImportTextPane:194 - (OptionalMessage_ERROR) IP (DMA) : Parameter (MemDataAlignment) has Id (SAI2_B) currently not set
2024-09-17 20:11:04,602 [INFO] ImportTextPane:194 - (OptionalMessage_ERROR) IP (DMA) : Parameter (Mode) has Id (SAI2_B) currently not set
2024-09-17 20:11:04,602 [INFO] ImportTextPane:194 - (OptionalMessage_ERROR) IP (DMA) : Parameter (Priority) has Id (SAI2_B) currently not set
2024-09-17 20:11:04,602 [INFO] ImportTextPane:194 - (OptionalMessage_ERROR) IP (DMA) : Parameter (FIFOMode) has Id (SAI2_B) currently not set
2024-09-17 20:11:04,602 [INFO] ImportTextPane:194 - (OptionalMessage_ERROR) IP (DMA) : Parameter (SignalID) has Id (SAI2_B) currently not set
2024-09-17 20:11:04,602 [INFO] ImportTextPane:194 - (OptionalMessage_ERROR) IP (DMA) : Parameter (Polarity) has Id (SAI2_B) currently not set
2024-09-17 20:11:04,602 [INFO] ImportTextPane:194 - (OptionalMessage_ERROR) IP (DMA) : Parameter (RequestNumber) has Id (SAI2_B) currently not set
2024-09-17 20:11:04,602 [INFO] ImportTextPane:194 - (OptionalMessage_ERROR) IP (DMA) : Parameter (SyncSignalID) has Id (SAI2_B) currently not set
2024-09-17 20:11:04,602 [INFO] ImportTextPane:194 - (OptionalMessage_ERROR) IP (DMA) : Parameter (SyncPolarity) has Id (SAI2_B) currently not set
2024-09-17 20:11:04,602 [INFO] ImportTextPane:194 - (OptionalMessage_ERROR) IP (DMA) : Parameter (SyncEnable) has Id (SAI2_B) currently not set
2024-09-17 20:11:04,602 [INFO] ImportTextPane:194 - (OptionalMessage_ERROR) IP (DMA) : Parameter (EventEnable) has Id (SAI2_B) currently not set
2024-09-17 20:11:04,602 [INFO] ImportTextPane:194 - (OptionalMessage_ERROR) IP (DMA) : Parameter (SyncRequestNumber) has Id (SAI2_B) currently not set
2024-09-17 20:11:04,602 [INFO] ImportTextPane:194 - (OptionalMessage_ERROR) IP (DMA) : Parameter (MDMA_Chaining) has Id (SAI2_B) currently not set
2024-09-17 20:11:04,602 [INFO] ImportTextPane:194 - (OptionalMessage_ERROR) IP (DMA) : Parameter (Mandatory) has Id (SAI2_B) currently not set
2024-09-17 20:11:04,603 [INFO] ImportTextPane:194 - (OptionalMessage_ERROR) IP (MDMA) : Parameter (Instance) has Id (MDMA_Channel40_HASH1_IN_0) currently not set
2024-09-17 20:11:04,603 [INFO] ImportTextPane:194 - (OptionalMessage_ERROR) IP (MDMA) : Parameter (Request) has Id (MDMA_Channel40_HASH1_IN_0) currently not set
2024-09-17 20:11:04,603 [INFO] ImportTextPane:194 - (OptionalMessage_ERROR) IP (MDMA) : Parameter (Rank) has Id (MDMA_Channel40_HASH1_IN_0) currently not set
2024-09-17 20:11:04,604 [INFO] ImportTextPane:194 - (OptionalMessage_ERROR) IP (MDMA) : Parameter (CircularMode) has Id (MDMA_Channel40_HASH1_IN_0) currently not set
2024-09-17 20:11:04,604 [INFO] ImportTextPane:194 - (OptionalMessage_ERROR) IP (MDMA) : Parameter (TransferTriggerMode) has Id (MDMA_Channel40_HASH1_IN_0) currently not set
2024-09-17 20:11:04,604 [INFO] ImportTextPane:194 - (OptionalMessage_ERROR) IP (MDMA) : Parameter (Priority) has Id (MDMA_Channel40_HASH1_IN_0) currently not set
2024-09-17 20:11:04,604 [INFO] ImportTextPane:194 - (OptionalMessage_ERROR) IP (MDMA) : Parameter (Endianness) has Id (MDMA_Channel40_HASH1_IN_0) currently not set
2024-09-17 20:11:04,604 [INFO] ImportTextPane:194 - (OptionalMessage_ERROR) IP (MDMA) : Parameter (SourceInc) has Id (MDMA_Channel40_HASH1_IN_0) currently not set
2024-09-17 20:11:04,604 [INFO] ImportTextPane:194 - (OptionalMessage_ERROR) IP (MDMA) : Parameter (DestinationInc) has Id (MDMA_Channel40_HASH1_IN_0) currently not set
2024-09-17 20:11:04,604 [INFO] ImportTextPane:194 - (OptionalMessage_ERROR) IP (MDMA) : Parameter (SourceDataSize) has Id (MDMA_Channel40_HASH1_IN_0) currently not set
2024-09-17 20:11:04,604 [INFO] ImportTextPane:194 - (OptionalMessage_ERROR) IP (MDMA) : Parameter (DestDataSize) has Id (MDMA_Channel40_HASH1_IN_0) currently not set
2024-09-17 20:11:04,604 [INFO] ImportTextPane:194 - (OptionalMessage_ERROR) IP (MDMA) : Parameter (DataAlignment) has Id (MDMA_Channel40_HASH1_IN_0) currently not set
2024-09-17 20:11:04,604 [INFO] ImportTextPane:194 - (OptionalMessage_ERROR) IP (MDMA) : Parameter (BufferTransferLength) has Id (MDMA_Channel40_HASH1_IN_0) currently not set
2024-09-17 20:11:04,604 [INFO] ImportTextPane:194 - (OptionalMessage_ERROR) IP (MDMA) : Parameter (SourceBurst) has Id (MDMA_Channel40_HASH1_IN_0) currently not set
2024-09-17 20:11:04,604 [INFO] ImportTextPane:194 - (OptionalMessage_ERROR) IP (MDMA) : Parameter (DestBurst) has Id (MDMA_Channel40_HASH1_IN_0) currently not set
2024-09-17 20:11:04,604 [INFO] ImportTextPane:194 - (OptionalMessage_ERROR) IP (MDMA) : Parameter (SourceBlockAddressOffset) has Id (MDMA_Channel40_HASH1_IN_0) currently not set
2024-09-17 20:11:04,604 [INFO] ImportTextPane:194 - (OptionalMessage_ERROR) IP (MDMA) : Parameter (DestBlockAddressOffset) has Id (MDMA_Channel40_HASH1_IN_0) currently not set
2024-09-17 20:11:04,604 [INFO] ImportTextPane:194 - (OptionalMessage_ERROR) IP (MDMA) : Parameter (MaskAddress) has Id (MDMA_Channel40_HASH1_IN_0) currently not set
2024-09-17 20:11:04,604 [INFO] ImportTextPane:194 - (OptionalMessage_ERROR) IP (MDMA) : Parameter (MaskData) has Id (MDMA_Channel40_HASH1_IN_0) currently not set
2024-09-17 20:11:04,605 [INFO] ImportTextPane:194 - (OptionalMessage_ERROR) IP (MDMA) : Parameter (SrcAddress) has Id (MDMA_Channel40_HASH1_IN_0) currently not set
2024-09-17 20:11:04,605 [INFO] ImportTextPane:194 - (OptionalMessage_ERROR) IP (MDMA) : Parameter (DstAddress) has Id (MDMA_Channel40_HASH1_IN_0) currently not set
2024-09-17 20:11:04,605 [INFO] ImportTextPane:194 - (OptionalMessage_ERROR) IP (MDMA) : Parameter (BlockDataLength) has Id (MDMA_Channel40_HASH1_IN_0) currently not set
2024-09-17 20:11:04,605 [INFO] ImportTextPane:194 - (OptionalMessage_ERROR) IP (MDMA) : Parameter (BlockCount) has Id (MDMA_Channel40_HASH1_IN_0) currently not set
2024-09-17 20:11:04,605 [INFO] ImportTextPane:194 - (OptionalMessage_ERROR) IP (MDMA) : Parameter (Mandatory) has Id (MDMA_Channel40_HASH1_IN_0) currently not set
2024-09-17 20:11:04,607 [INFO] ImportTextPane:194 - (OptionalMessage_ERROR) IP (RCC) : Invalid parameter (FamilyName)
2024-09-17 20:11:04,955 [INFO] UtilMem:75 - End LoadConfig() Used Memory: 840211256 Bytes (1073741824)
2024-09-17 20:11:04,984 [WARN] ThirdParty:833 - waiting for thirdparty lock release [change project]
2024-09-17 20:11:04,984 [INFO] ThirdParty:835 - entering critical section [change project]
2024-09-17 20:11:04,984 [INFO] ThirdParty:1030 - CMSIS Pack Vendor :STMicroelectronics USBPD 4.1
2024-09-17 20:11:04,984 [INFO] ThirdParty:1030 - CMSIS Pack Vendor :STMicroelectronics X-CUBE-AZRTOS-H7 3.3.0
2024-09-17 20:11:04,984 [INFO] ThirdParty:1030 - CMSIS Pack Vendor :STMicroelectronics X-CUBE-GNSS1 6.0.0
2024-09-17 20:11:04,984 [INFO] ThirdParty:1030 - CMSIS Pack Vendor :STMicroelectronics USB_HOST 2.0.0
2024-09-17 20:11:04,984 [INFO] ThirdParty:1030 - CMSIS Pack Vendor :STMicroelectronics FP-SNS-MOTENVWB1 1.4.0
2024-09-17 20:11:04,984 [INFO] ThirdParty:1030 - CMSIS Pack Vendor :STMicroelectronics X-CUBE-AZRTOS-F4 1.1.0
2024-09-17 20:11:04,984 [INFO] ThirdParty:1030 - CMSIS Pack Vendor :STMicroelectronics LIBJPEG 8.0.0
2024-09-17 20:11:04,984 [INFO] ThirdParty:1030 - CMSIS Pack Vendor :STMicroelectronics X-CUBE-SMBUS 2.1.0
2024-09-17 20:11:04,984 [INFO] ThirdParty:1030 - CMSIS Pack Vendor :STMicroelectronics USB_DEVICE 3.0.0
2024-09-17 20:11:04,984 [INFO] ThirdParty:1030 - CMSIS Pack Vendor :STMicroelectronics X-CUBE-TCPP 4.1.0
2024-09-17 20:11:04,984 [INFO] ThirdParty:1030 - CMSIS Pack Vendor :STMicroelectronics X-CUBE-ISPU 2.1.0
2024-09-17 20:11:04,984 [INFO] ThirdParty:1030 - CMSIS Pack Vendor :STMicroelectronics X-CUBE-FREERTOS 1.2.0
2024-09-17 20:11:04,984 [INFO] ThirdParty:1030 - CMSIS Pack Vendor :STMicroelectronics X-CUBE-AZRTOS-WB 2.0.0
2024-09-17 20:11:04,984 [INFO] ThirdParty:1030 - CMSIS Pack Vendor :STMicroelectronics X-CUBE-GNSS1 7.0.0
2024-09-17 20:11:04,984 [INFO] ThirdParty:1030 - CMSIS Pack Vendor :STMicroelectronics X-CUBE-TOUCHGFX 4.23.2
2024-09-17 20:11:04,984 [INFO] ThirdParty:1030 - CMSIS Pack Vendor :STMicroelectronics X-CUBE-AZRTOS-F7 1.1.0
2024-09-17 20:11:04,984 [INFO] ThirdParty:1030 - CMSIS Pack Vendor :STMicroelectronics X-CUBE-AZRTOS-L5 2.0.0
2024-09-17 20:11:04,984 [INFO] ThirdParty:1030 - CMSIS Pack Vendor :STMicroelectronics USB_DEVICE 2.0.0
2024-09-17 20:11:04,984 [INFO] ThirdParty:1030 - CMSIS Pack Vendor :STMicroelectronics X-CUBE-NFC6 3.1.0
2024-09-17 20:11:04,984 [INFO] ThirdParty:1030 - CMSIS Pack Vendor :STMicroelectronics X-CUBE-MEMS1 11.0.0
2024-09-17 20:11:04,984 [INFO] ThirdParty:1030 - CMSIS Pack Vendor :STMicroelectronics FreeRTOS 0.0.1
2024-09-17 20:11:04,984 [INFO] ThirdParty:1030 - CMSIS Pack Vendor :STMicroelectronics X-CUBE-AZRTOS-G0 1.1.0
2024-09-17 20:11:04,984 [INFO] ThirdParty:1030 - CMSIS Pack Vendor :STMicroelectronics X-CUBE-SAFEA1 1.2.2
2024-09-17 20:11:04,984 [INFO] ThirdParty:1030 - CMSIS Pack Vendor :STMicroelectronics X-CUBE-NFC4 3.0.0
2024-09-17 20:11:04,984 [INFO] ThirdParty:1030 - CMSIS Pack Vendor :STMicroelectronics X-CUBE-SUBG2 5.0.0
2024-09-17 20:11:04,984 [INFO] ThirdParty:1030 - CMSIS Pack Vendor :STMicroelectronics STM32_WPAN 1.0.0
2024-09-17 20:11:04,984 [INFO] ThirdParty:1030 - CMSIS Pack Vendor :EmbeddedOffice I-CUBE-FS-RTOS 1.0.1
2024-09-17 20:11:04,984 [INFO] ThirdParty:1030 - CMSIS Pack Vendor :STMicroelectronics lwIP 2.0.3
2024-09-17 20:11:04,985 [INFO] ThirdParty:1030 - CMSIS Pack Vendor :STMicroelectronics FP-SNS-FLIGHT1 5.0.2
2024-09-17 20:11:04,985 [INFO] ThirdParty:1030 - CMSIS Pack Vendor :Cesanta I-CUBE-Mongoose 7.13.0
2024-09-17 20:11:04,985 [INFO] ThirdParty:1030 - CMSIS Pack Vendor :STMicroelectronics USB_HOST 1.0.0
2024-09-17 20:11:04,985 [INFO] ThirdParty:1030 - CMSIS Pack Vendor :STMicroelectronics X-CUBE-AI 9.0.0
2024-09-17 20:11:04,985 [INFO] ThirdParty:1030 - CMSIS Pack Vendor :STMicroelectronics X-CUBE-AZRTOS-G4 2.0.0
2024-09-17 20:11:04,985 [INFO] ThirdParty:1030 - CMSIS Pack Vendor :STMicroelectronics PDM2PCM 3.1.0
2024-09-17 20:11:04,985 [INFO] ThirdParty:1030 - CMSIS Pack Vendor :STMicroelectronics PDM2PCM 3.3.0
2024-09-17 20:11:04,985 [INFO] ThirdParty:1030 - CMSIS Pack Vendor :STMicroelectronics X-CUBE-DISPLAY 3.0.0
2024-09-17 20:11:04,985 [INFO] ThirdParty:1030 - CMSIS Pack Vendor :RealThread X-CUBE-RT-Thread_Nano 4.1.1
2024-09-17 20:11:04,985 [INFO] ThirdParty:1030 - CMSIS Pack Vendor :wolfSSL I-CUBE-wolfSSL 5.7.0
2024-09-17 20:11:04,985 [INFO] ThirdParty:1030 - CMSIS Pack Vendor :STMicroelectronics X-CUBE-BLE1 7.0.0
2024-09-17 20:11:04,985 [INFO] ThirdParty:1030 - CMSIS Pack Vendor :STMicroelectronics FP-ATR-SIGFOX1 3.2.0
2024-09-17 20:11:04,985 [INFO] ThirdParty:1030 - CMSIS Pack Vendor :STMicroelectronics X-CUBE-ISPU 2.0.0
2024-09-17 20:11:04,985 [INFO] ThirdParty:1030 - CMSIS Pack Vendor :STMicroelectronics X-CUBE-EEPRMA1 5.1.0
2024-09-17 20:11:04,985 [INFO] ThirdParty:1030 - CMSIS Pack Vendor :STMicroelectronics HAL Drivers 0.0.0
2024-09-17 20:11:04,985 [INFO] ThirdParty:1030 - CMSIS Pack Vendor :STMicroelectronics MBEDTLS 2.16.2
2024-09-17 20:11:04,985 [INFO] ThirdParty:1030 - CMSIS Pack Vendor :STMicroelectronics X-CUBE-ALS 1.0.2
2024-09-17 20:11:04,985 [INFO] ThirdParty:1030 - CMSIS Pack Vendor :emotas I-CUBE-CANOPEN 1.3.0
2024-09-17 20:11:04,985 [INFO] ThirdParty:1030 - CMSIS Pack Vendor :STMicroelectronics X-CUBE-MEMS1 10.0.0
2024-09-17 20:11:04,985 [INFO] ThirdParty:1030 - CMSIS Pack Vendor :STMicroelectronics X-CUBE-NFC7 1.0.1
2024-09-17 20:11:04,985 [INFO] ThirdParty:1030 - CMSIS Pack Vendor :STMicroelectronics MBEDTLS 2.14.1
2024-09-17 20:11:04,985 [INFO] ThirdParty:1030 - CMSIS Pack Vendor :STMicroelectronics X-CUBE-TOUCHGFX 4.24.0
2024-09-17 20:11:04,985 [INFO] ThirdParty:1030 - CMSIS Pack Vendor :ITTIA_DB I-CUBE-ITTIADB 8.9.0
2024-09-17 20:11:04,985 [INFO] ThirdParty:1030 - CMSIS Pack Vendor :wolfSSL I-CUBE-wolfTPM 3.4.0
2024-09-17 20:11:04,985 [INFO] ThirdParty:1030 - CMSIS Pack Vendor :portGmbH I-Cube-SoM-uGOAL 1.1.0
2024-09-17 20:11:04,985 [INFO] ThirdParty:1030 - CMSIS Pack Vendor :STMicroelectronics X-CUBE-BLEMGR 3.1.0
2024-09-17 20:11:04,985 [INFO] ThirdParty:1030 - CMSIS Pack Vendor :STMicroelectronics ThreadX 1.0.0
2024-09-17 20:11:04,985 [INFO] ThirdParty:1030 - CMSIS Pack Vendor :STMicroelectronics FP-SNS-SMARTAG2 1.2.0
2024-09-17 20:11:04,985 [INFO] ThirdParty:1030 - CMSIS Pack Vendor :STMicroelectronics X-CUBE-AZRTOS-WL 2.0.0
2024-09-17 20:11:04,985 [INFO] ThirdParty:1030 - CMSIS Pack Vendor :SEGGER I-CUBE-embOS 1.3.1
2024-09-17 20:11:04,985 [INFO] ThirdParty:1030 - CMSIS Pack Vendor :STMicroelectronics X-CUBE-ALGOBUILD 1.4.0
2024-09-17 20:11:04,985 [INFO] ThirdParty:1030 - CMSIS Pack Vendor :STMicroelectronics FP-SNS-MOTENV1 5.0.0
2024-09-17 20:11:04,985 [INFO] ThirdParty:1030 - CMSIS Pack Vendor :STMicroelectronics USB_DEVICE 1.0.0
2024-09-17 20:11:04,985 [INFO] ThirdParty:1030 - CMSIS Pack Vendor :STMicroelectronics X-CUBE-AZRTOS-H7RS 1.0.0
2024-09-17 20:11:04,985 [INFO] ThirdParty:1030 - CMSIS Pack Vendor :wolfSSL I-CUBE-wolfMQTT 1.19.0
2024-09-17 20:11:04,985 [INFO] ThirdParty:1030 - CMSIS Pack Vendor :STMicroelectronics X-CUBE-AZRTOS-L4 2.0.0
2024-09-17 20:11:04,985 [INFO] ThirdParty:1030 - CMSIS Pack Vendor :STMicroelectronics ThreadX 0.0.2
2024-09-17 20:11:04,985 [INFO] ThirdParty:1030 - CMSIS Pack Vendor :WES I-CUBE-Cesium 1.3.0
2024-09-17 20:11:04,985 [INFO] ThirdParty:1030 - CMSIS Pack Vendor :STMicroelectronics FP-ATR-ASTRA1 2.0.0
2024-09-17 20:11:04,985 [INFO] ThirdParty:1030 - CMSIS Pack Vendor :STMicroelectronics lwIP 2.1.2
2024-09-17 20:11:04,985 [INFO] ThirdParty:1030 - CMSIS Pack Vendor :STMicroelectronics X-CUBE-SFXS2LP1 4.0.0
2024-09-17 20:11:04,985 [INFO] ThirdParty:1030 - CMSIS Pack Vendor :STMicroelectronics X-CUBE-BLE2 3.3.0
2024-09-17 20:11:04,985 [INFO] ThirdParty:1030 - CMSIS Pack Vendor :STMicroelectronics X-CUBE-TOF1 3.4.1
2024-09-17 20:11:04,985 [INFO] ThirdParty:1030 - CMSIS Pack Vendor :STMicroelectronics X-CUBE-AZRTOS-H7 3.2.0
2024-09-17 20:11:04,985 [INFO] ThirdParty:1030 - CMSIS Pack Vendor :Infineon AIROC-Wi-Fi-Bluetooth-STM32 1.6.0
2024-09-17 20:11:04,985 [INFO] ThirdParty:1030 - CMSIS Pack Vendor :STMicroelectronics PDM2PCM 3.2.0
2024-09-17 20:11:04,985 [INFO] ThirdParty:1030 - CMSIS Pack Vendor :wolfSSL I-CUBE-wolfSSH 1.4.17
2024-09-17 20:11:04,985 [INFO] ThirdParty:841 - exiting critical section [change project]
2024-09-17 20:11:05,491 [INFO] PinOutPanel:1561 - setPackage(No Configuration,No Configuration)
2024-09-17 20:11:05,491 [INFO] PinOutPanel:1561 - setPackage(STM32MP157FACx,TFBGA361)
2024-09-17 20:11:06,226 [INFO] UtilMem:75 - Before build in PCC Used Memory: 947904128 Bytes (1073741824)
2024-09-17 20:11:06,881 [INFO] UtilMem:75 - After build in PCC Used Memory: 811633640 Bytes (1073741824)
2024-09-17 20:11:06,883 [INFO] ApiDbMcu:508 - Load IP Config File for OPENAMP
2024-09-17 20:11:06,914 [INFO] IPUIPlugin:80 - create IPUIPlugin
2024-09-17 20:11:06,914 [INFO] IPUIPlugin:80 - create IPUIPlugin
2024-09-17 20:11:06,915 [INFO] IPUIPlugin:80 - create IPUIPlugin
2024-09-17 20:11:06,915 [INFO] IPUIPlugin:80 - create IPUIPlugin
2024-09-17 20:11:06,915 [INFO] IPUIPlugin:80 - create IPUIPlugin
2024-09-17 20:11:06,915 [INFO] IPUIPlugin:80 - create IPUIPlugin
2024-09-17 20:11:06,915 [INFO] IPUIPlugin:80 - create IPUIPlugin
2024-09-17 20:11:06,915 [INFO] IPUIPlugin:80 - create IPUIPlugin
2024-09-17 20:11:06,915 [INFO] IPUIPlugin:80 - create IPUIPlugin
2024-09-17 20:11:06,915 [INFO] IPUIPlugin:80 - create IPUIPlugin
2024-09-17 20:11:06,915 [INFO] IPUIPlugin:80 - create IPUIPlugin
2024-09-17 20:11:06,915 [INFO] IPUIPlugin:80 - create IPUIPlugin
2024-09-17 20:11:06,916 [INFO] IPUIPlugin:80 - create IPUIPlugin
2024-09-17 20:11:06,916 [INFO] IPUIPlugin:80 - create IPUIPlugin
2024-09-17 20:11:06,916 [INFO] IPUIPlugin:80 - create IPUIPlugin
2024-09-17 20:11:06,916 [INFO] IPUIPlugin:80 - create IPUIPlugin
2024-09-17 20:11:06,916 [INFO] IPUIPlugin:80 - create IPUIPlugin
2024-09-17 20:11:06,916 [INFO] IPUIPlugin:80 - create IPUIPlugin
2024-09-17 20:11:06,916 [INFO] IPUIPlugin:80 - create IPUIPlugin
2024-09-17 20:11:06,917 [INFO] IPUIPlugin:80 - create IPUIPlugin
2024-09-17 20:11:06,917 [INFO] IPUIPlugin:80 - create IPUIPlugin
2024-09-17 20:11:06,917 [INFO] IPUIPlugin:80 - create IPUIPlugin
2024-09-17 20:11:06,917 [INFO] IPUIPlugin:80 - create IPUIPlugin
2024-09-17 20:11:06,917 [INFO] IPUIPlugin:80 - create IPUIPlugin
2024-09-17 20:11:06,917 [INFO] IPUIPlugin:80 - create IPUIPlugin
2024-09-17 20:11:06,917 [INFO] IPUIPlugin:80 - create IPUIPlugin
2024-09-17 20:11:06,917 [INFO] IPUIPlugin:80 - create IPUIPlugin
2024-09-17 20:11:06,918 [INFO] IPUIPlugin:80 - create IPUIPlugin
2024-09-17 20:11:06,918 [INFO] IPUIPlugin:80 - create IPUIPlugin
2024-09-17 20:11:06,918 [INFO] IPUIPlugin:80 - create IPUIPlugin
2024-09-17 20:11:06,918 [INFO] IPUIPlugin:80 - create IPUIPlugin
2024-09-17 20:11:06,918 [INFO] IPUIPlugin:80 - create IPUIPlugin
2024-09-17 20:11:06,918 [INFO] IPUIPlugin:80 - create IPUIPlugin
2024-09-17 20:11:06,918 [INFO] IPUIPlugin:80 - create IPUIPlugin
2024-09-17 20:11:06,918 [INFO] IPUIPlugin:80 - create IPUIPlugin
2024-09-17 20:11:06,919 [INFO] IPUIPlugin:80 - create IPUIPlugin
2024-09-17 20:11:06,919 [INFO] IPUIPlugin:80 - create IPUIPlugin
2024-09-17 20:11:06,919 [INFO] IPUIPlugin:80 - create IPUIPlugin
2024-09-17 20:11:06,919 [INFO] IPUIPlugin:80 - create IPUIPlugin
2024-09-17 20:11:06,919 [INFO] IPUIPlugin:80 - create IPUIPlugin
2024-09-17 20:11:06,920 [INFO] IPUIPlugin:80 - create IPUIPlugin
2024-09-17 20:11:06,920 [INFO] IPUIPlugin:80 - create IPUIPlugin
2024-09-17 20:11:06,920 [INFO] IPUIPlugin:80 - create IPUIPlugin
2024-09-17 20:11:06,920 [INFO] IPUIPlugin:80 - create IPUIPlugin
2024-09-17 20:11:06,921 [INFO] IPUIPlugin:80 - create IPUIPlugin
2024-09-17 20:11:06,921 [INFO] IPUIPlugin:80 - create IPUIPlugin
2024-09-17 20:11:06,921 [INFO] IPUIPlugin:80 - create IPUIPlugin
2024-09-17 20:11:06,921 [INFO] IPUIPlugin:80 - create IPUIPlugin
2024-09-17 20:11:06,921 [INFO] IPUIPlugin:80 - create IPUIPlugin
2024-09-17 20:11:06,922 [INFO] IPUIPlugin:80 - create IPUIPlugin
2024-09-17 20:11:06,922 [INFO] IPUIPlugin:80 - create IPUIPlugin
2024-09-17 20:11:06,922 [INFO] IPUIPlugin:80 - create IPUIPlugin
2024-09-17 20:11:06,922 [INFO] IPUIPlugin:80 - create IPUIPlugin
2024-09-17 20:11:06,923 [INFO] IPUIPlugin:80 - create IPUIPlugin
2024-09-17 20:11:06,923 [INFO] IPUIPlugin:80 - create IPUIPlugin
2024-09-17 20:11:06,923 [INFO] IPUIPlugin:80 - create IPUIPlugin
2024-09-17 20:11:06,923 [INFO] IPUIPlugin:80 - create IPUIPlugin
2024-09-17 20:11:06,924 [INFO] IPUIPlugin:80 - create IPUIPlugin
2024-09-17 20:11:06,924 [INFO] IPUIPlugin:80 - create IPUIPlugin
2024-09-17 20:11:06,924 [INFO] IPUIPlugin:80 - create IPUIPlugin
2024-09-17 20:11:06,924 [INFO] IPUIPlugin:80 - create IPUIPlugin
2024-09-17 20:11:06,924 [INFO] IPUIPlugin:80 - create IPUIPlugin
2024-09-17 20:11:06,925 [INFO] IPUIPlugin:80 - create IPUIPlugin
2024-09-17 20:11:06,925 [INFO] IPUIPlugin:80 - create IPUIPlugin
2024-09-17 20:11:06,925 [INFO] IPUIPlugin:80 - create IPUIPlugin
2024-09-17 20:11:06,926 [INFO] IPUIPlugin:80 - create IPUIPlugin
2024-09-17 20:11:06,926 [INFO] IPUIPlugin:80 - create IPUIPlugin
2024-09-17 20:11:06,926 [INFO] IPUIPlugin:80 - create IPUIPlugin
2024-09-17 20:11:06,926 [INFO] IPUIPlugin:80 - create IPUIPlugin
2024-09-17 20:11:06,927 [INFO] IPUIPlugin:80 - create IPUIPlugin
2024-09-17 20:11:06,927 [INFO] IPUIPlugin:80 - create IPUIPlugin
2024-09-17 20:11:06,927 [INFO] IPUIPlugin:80 - create IPUIPlugin
2024-09-17 20:11:06,928 [INFO] IPUIPlugin:80 - create IPUIPlugin
2024-09-17 20:11:06,928 [INFO] IPUIPlugin:80 - create IPUIPlugin
2024-09-17 20:11:06,928 [INFO] IPUIPlugin:80 - create IPUIPlugin
2024-09-17 20:11:06,928 [INFO] IPUIPlugin:80 - create IPUIPlugin
2024-09-17 20:11:06,928 [INFO] IPUIPlugin:80 - create IPUIPlugin
2024-09-17 20:11:06,928 [INFO] IPUIPlugin:80 - create IPUIPlugin
2024-09-17 20:11:06,928 [INFO] IPUIPlugin:80 - create IPUIPlugin
2024-09-17 20:11:06,928 [INFO] IPUIPlugin:80 - create IPUIPlugin
2024-09-17 20:11:06,928 [INFO] IPUIPlugin:80 - create IPUIPlugin
2024-09-17 20:11:06,928 [INFO] IPUIPlugin:80 - create IPUIPlugin
2024-09-17 20:11:06,928 [INFO] IPUIPlugin:80 - create IPUIPlugin
2024-09-17 20:11:06,929 [INFO] IPUIPlugin:80 - create IPUIPlugin
2024-09-17 20:11:06,929 [INFO] IPUIPlugin:80 - create IPUIPlugin
2024-09-17 20:11:06,929 [INFO] IPUIPlugin:80 - create IPUIPlugin
2024-09-17 20:11:06,929 [INFO] IPUIPlugin:80 - create IPUIPlugin
2024-09-17 20:11:06,930 [INFO] IPUIPlugin:80 - create IPUIPlugin
2024-09-17 20:11:06,930 [INFO] IPUIPlugin:80 - create IPUIPlugin
2024-09-17 20:11:06,931 [INFO] IPUIPlugin:80 - create IPUIPlugin
2024-09-17 20:11:06,931 [INFO] IPUIPlugin:80 - create IPUIPlugin
2024-09-17 20:11:06,932 [INFO] IPUIPlugin:80 - create IPUIPlugin
2024-09-17 20:11:06,932 [INFO] IPUIPlugin:80 - create IPUIPlugin
2024-09-17 20:11:06,933 [INFO] IPUIPlugin:80 - create IPUIPlugin
2024-09-17 20:11:06,933 [INFO] IPUIPlugin:80 - create IPUIPlugin
2024-09-17 20:11:06,934 [INFO] IPUIPlugin:80 - create IPUIPlugin
2024-09-17 20:11:06,934 [INFO] IPUIPlugin:80 - create IPUIPlugin
2024-09-17 20:11:06,935 [INFO] IPUIPlugin:80 - create IPUIPlugin
2024-09-17 20:11:06,935 [INFO] IPUIPlugin:80 - create IPUIPlugin
2024-09-17 20:11:06,936 [INFO] IPUIPlugin:80 - create IPUIPlugin
2024-09-17 20:11:06,992 [INFO] DdrRegisterManager:71 - [DDR IP] ddrType = DDR3:true
2024-09-17 20:11:07,249 [INFO] CADModel:165 - CPN selected for project levelSTM32MP157FAC1
2024-09-17 20:11:07,249 [INFO] CADModel:114 - Register for checkConnection events
2024-09-17 20:11:07,297 [INFO] OpenFileManager:343 - Restore cursor
2024-09-17 20:11:08,217 [INFO] UtilMem:75 - End SaveConfig() Used Memory: 757415376 Bytes (1073741824)
2024-09-17 20:11:08,360 [INFO] UtilMem:75 - End SaveConfig() Used Memory: 801455568 Bytes (1073741824)
2024-09-17 20:11:08,556 [INFO] BlockDiagram:2759 - set Specific Code input for plugin: USBH_HS
2024-09-17 20:11:08,556 [INFO] BlockDiagram:2759 - set Specific Code input for plugin: USB_OTG_HS
2024-09-17 20:11:08,556 [INFO] BlockDiagram:2759 - set Specific Code input for plugin: IWDG
2024-09-17 20:11:08,556 [INFO] BlockDiagram:2759 - set Specific Code input for plugin: RNG
2024-09-17 20:11:08,556 [INFO] BlockDiagram:2759 - set Specific Code input for plugin: LTDC
2024-09-17 20:11:08,556 [INFO] BlockDiagram:2759 - set Specific Code input for plugin: I2S
2024-09-17 20:11:08,556 [INFO] BlockDiagram:2759 - set Specific Code input for plugin: PWR
2024-09-17 20:11:08,556 [INFO] BlockDiagram:2759 - set Specific Code input for plugin: RCC
2024-09-17 20:11:08,556 [INFO] BlockDiagram:2759 - set Specific Code input for plugin: I2C
2024-09-17 20:11:08,556 [INFO] BlockDiagram:2759 - set Specific Code input for plugin: I2C
2024-09-17 20:11:08,556 [INFO] BlockDiagram:2759 - set Specific Code input for plugin: SDMMC
2024-09-17 20:11:08,556 [INFO] BlockDiagram:2759 - set Specific Code input for plugin: RTC
2024-09-17 20:11:08,556 [INFO] BlockDiagram:2759 - set Specific Code input for plugin: SDMMC
2024-09-17 20:11:08,556 [INFO] BlockDiagram:2759 - set Specific Code input for plugin: ETZPC
2024-09-17 20:11:08,556 [INFO] BlockDiagram:2759 - set Specific Code input for plugin: MDMA
2024-09-17 20:11:08,556 [INFO] BlockDiagram:2759 - set Specific Code input for plugin: USART
2024-09-17 20:11:08,556 [INFO] BlockDiagram:2759 - set Specific Code input for plugin: TIM1_8MP1
2024-09-17 20:11:08,556 [INFO] BlockDiagram:2759 - set Specific Code input for plugin: GPU
2024-09-17 20:11:08,556 [INFO] BlockDiagram:2759 - set Specific Code input for plugin: OPENAMP
2024-09-17 20:11:08,556 [INFO] BlockDiagram:2759 - set Specific Code input for plugin: GIC
2024-09-17 20:11:08,556 [INFO] BlockDiagram:2759 - set Specific Code input for plugin: ADC
2024-09-17 20:11:08,556 [INFO] BlockDiagram:2759 - set Specific Code input for plugin: SYS
2024-09-17 20:11:08,556 [INFO] BlockDiagram:2759 - set Specific Code input for plugin: ADC
2024-09-17 20:11:08,556 [INFO] BlockDiagram:2759 - set Specific Code input for plugin: BSEC
2024-09-17 20:11:08,556 [INFO] BlockDiagram:2759 - set Specific Code input for plugin: DSIHOST
2024-09-17 20:11:08,556 [INFO] BlockDiagram:2759 - set Specific Code input for plugin: DTS
2024-09-17 20:11:08,556 [INFO] BlockDiagram:2759 - set Specific Code input for plugin: NVIC
2024-09-17 20:11:08,556 [INFO] BlockDiagram:2759 - set Specific Code input for plugin: HSEM
2024-09-17 20:11:08,556 [INFO] BlockDiagram:2759 - set Specific Code input for plugin: DDR
2024-09-17 20:11:08,556 [INFO] BlockDiagram:2759 - set Specific Code input for plugin: DMA
2024-09-17 20:11:08,556 [INFO] BlockDiagram:2759 - set Specific Code input for plugin: CRC
2024-09-17 20:11:08,556 [INFO] BlockDiagram:2759 - set Specific Code input for plugin: VREFBUF
2024-09-17 20:11:08,556 [INFO] BlockDiagram:2759 - set Specific Code input for plugin: IPCC
2024-09-17 20:11:08,556 [INFO] BlockDiagram:2759 - set Specific Code input for plugin: HDMI_CEC
2024-09-17 20:11:08,556 [INFO] BlockDiagram:2759 - set Specific Code input for plugin: UART
2024-09-17 20:11:08,557 [INFO] BlockDiagram:2759 - set Specific Code input for plugin: GPIO
2024-09-17 20:11:08,557 [INFO] BlockDiagram:2759 - set Specific Code input for plugin: SAI
2024-09-17 20:11:08,557 [INFO] BlockDiagram:2759 - set Specific Code input for plugin: HASH
2024-09-17 20:11:08,558 [INFO] BlockDiagram:2759 - set Specific Code input for plugin: TAMP
2024-09-17 20:11:08,558 [INFO] BlockDiagram:2759 - set Specific Code input for plugin: ETH
2024-09-17 20:11:08,558 [INFO] BlockDiagram:2759 - set Specific Code input for plugin: CRYP
2024-09-17 20:11:08,558 [INFO] CodeGenerator:807 - code generatio: config db path: /opt/stm32cubeide/plugins/com.st.stm32cube.common.mx_6.11.1.202404110753//db/
2024-09-17 20:11:08,910 [INFO] DdrService:413 - [DDR SERVICE(MCU)] The IP object exists and the DDR configuration is valid
2024-09-17 20:11:08,912 [INFO] DdrService:413 - [DDR SERVICE(MCU)] The IP object exists and the DDR configuration is valid
2024-09-17 20:11:08,912 [INFO] DdrService:413 - [DDR SERVICE(MCU)] The IP object exists and the DDR configuration is valid
2024-09-17 20:11:08,912 [INFO] DdrService:413 - [DDR SERVICE(MCU)] The IP object exists and the DDR configuration is valid
2024-09-17 20:11:08,912 [INFO] DdrService:413 - [DDR SERVICE(MCU)] The IP object exists and the DDR configuration is valid
2024-09-17 20:11:08,912 [INFO] DdrService:413 - [DDR SERVICE(MCU)] The IP object exists and the DDR configuration is valid
2024-09-17 20:11:08,924 [INFO] Middleware:1439 - No code input for Bsp Dependency
2024-09-17 20:11:08,925 [INFO] Middleware:1439 - No code input for Bsp Dependency
2024-09-17 20:11:08,925 [INFO] Middleware:1439 - No code input for Bsp Dependency
2024-09-17 20:11:08,925 [INFO] Middleware:1439 - No code input for Bsp Dependency
2024-09-17 20:11:08,926 [INFO] Middleware:1439 - No code input for Bsp Dependency
2024-09-17 20:11:08,926 [INFO] CodeGenerator:1511 - *******************Project context A7 ROM selected
2024-09-17 20:11:08,926 [INFO] CodeGenerator:1511 - *******************Project context A7S selected
2024-09-17 20:11:08,926 [INFO] CodeGenerator:1511 - *******************Project context A7S selected
2024-09-17 20:11:08,926 [INFO] CodeGenerator:1511 - *******************Project context A7NS selected
2024-09-17 20:11:08,926 [INFO] CodeGenerator:1511 - *******************Project context M4 selected
2024-09-17 20:11:09,012 [INFO] CodeEngine:255 - oldGeneratedFile, /home/lorolol/Baja/firmware/Dianteira_mpu/MXTmpFiles/license.tmp_save
2024-09-17 20:11:09,117 [INFO] CodeEngine:279 - Generated code: /home/lorolol/Baja/firmware/Dianteira_mpu/MXTmpFiles/license.tmp
2024-09-17 20:11:09,148 [INFO] CodeEngine:255 - oldGeneratedFile, /home/lorolol/Baja/firmware/Dianteira_mpu/CM4/MXTmpFiles/gpio.tmp_save
2024-09-17 20:11:09,240 [INFO] CodeEngine:279 - Generated code: /home/lorolol/Baja/firmware/Dianteira_mpu/CM4/MXTmpFiles/gpio.tmp
2024-09-17 20:11:09,292 [WARN] IPConfigManager:98 - WARNING: Missing Config File for ETZPC ip!!
2024-09-17 20:11:09,299 [WARN] IPConfigManager:98 - WARNING: Missing Config File for MDMA ip!!
2024-09-17 20:11:09,321 [WARN] IPConfigManager:98 - WARNING: Missing Config File for MDMA ip!!
2024-09-17 20:11:09,348 [WARN] IPConfigManager:98 - WARNING: Missing Config File for MDMA ip!!
2024-09-17 20:11:09,371 [WARN] IPConfigManager:98 - WARNING: Missing Config File for MDMA ip!!
2024-09-17 20:11:09,393 [WARN] IPConfigManager:98 - WARNING: Missing Config File for MDMA ip!!
2024-09-17 20:11:09,431 [INFO] Middleware:1439 - No code input for Bsp Dependency
2024-09-17 20:11:09,466 [INFO] CodeEngine:255 - oldGeneratedFile, /home/lorolol/Baja/firmware/Dianteira_mpu/CM4/MXTmpFiles/dma.tmp_save
2024-09-17 20:11:09,520 [INFO] CodeEngine:279 - Generated code: /home/lorolol/Baja/firmware/Dianteira_mpu/CM4/MXTmpFiles/dma.tmp
2024-09-17 20:11:09,522 [INFO] CodeEngine:255 - oldGeneratedFile, /home/lorolol/Baja/firmware/Dianteira_mpu/CM4/MXTmpFiles/dma_GV.tmp_save
2024-09-17 20:11:09,577 [INFO] CodeEngine:279 - Generated code: /home/lorolol/Baja/firmware/Dianteira_mpu/CM4/MXTmpFiles/dma_GV.tmp
2024-09-17 20:11:09,578 [INFO] Middleware:1439 - No code input for Bsp Dependency
2024-09-17 20:11:09,581 [INFO] CodeEngine:255 - oldGeneratedFile, /home/lorolol/Baja/firmware/Dianteira_mpu/CM4/OPENAMP/openamp_conf.h_save
2024-09-17 20:11:09,640 [INFO] CodeEngine:279 - Generated code: /home/lorolol/Baja/firmware/Dianteira_mpu/CM4/OPENAMP/openamp_conf.h
2024-09-17 20:11:09,641 [INFO] CodeEngine:255 - oldGeneratedFile, /home/lorolol/Baja/firmware/Dianteira_mpu/CM4/OPENAMP/mbox_ipcc.h_save
2024-09-17 20:11:09,699 [INFO] CodeEngine:279 - Generated code: /home/lorolol/Baja/firmware/Dianteira_mpu/CM4/OPENAMP/mbox_ipcc.h
2024-09-17 20:11:09,700 [INFO] CodeEngine:255 - oldGeneratedFile, /home/lorolol/Baja/firmware/Dianteira_mpu/CM4/OPENAMP/openamp.h_save
2024-09-17 20:11:09,754 [INFO] CodeEngine:279 - Generated code: /home/lorolol/Baja/firmware/Dianteira_mpu/CM4/OPENAMP/openamp.h
2024-09-17 20:11:09,755 [INFO] CodeEngine:255 - oldGeneratedFile, /home/lorolol/Baja/firmware/Dianteira_mpu/CM4/OPENAMP/rsc_table.h_save
2024-09-17 20:11:09,804 [INFO] CodeEngine:279 - Generated code: /home/lorolol/Baja/firmware/Dianteira_mpu/CM4/OPENAMP/rsc_table.h
2024-09-17 20:11:09,805 [INFO] CodeEngine:255 - oldGeneratedFile, /home/lorolol/Baja/firmware/Dianteira_mpu/CM4/OPENAMP/mbox_ipcc.c_save
2024-09-17 20:11:09,862 [INFO] CodeEngine:279 - Generated code: /home/lorolol/Baja/firmware/Dianteira_mpu/CM4/OPENAMP/mbox_ipcc.c
2024-09-17 20:11:09,864 [INFO] CodeEngine:255 - oldGeneratedFile, /home/lorolol/Baja/firmware/Dianteira_mpu/CM4/OPENAMP/openamp.c_save
2024-09-17 20:11:09,924 [INFO] CodeEngine:279 - Generated code: /home/lorolol/Baja/firmware/Dianteira_mpu/CM4/OPENAMP/openamp.c
2024-09-17 20:11:09,926 [INFO] CodeEngine:255 - oldGeneratedFile, /home/lorolol/Baja/firmware/Dianteira_mpu/CM4/OPENAMP/rsc_table.c_save
2024-09-17 20:11:10,009 [INFO] CodeEngine:279 - Generated code: /home/lorolol/Baja/firmware/Dianteira_mpu/CM4/OPENAMP/rsc_table.c
2024-09-17 20:11:10,010 [INFO] CodeEngine:255 - oldGeneratedFile, /home/lorolol/Baja/firmware/Dianteira_mpu/CM4/OPENAMP/openamp_log.h_save
2024-09-17 20:11:10,074 [INFO] CodeEngine:279 - Generated code: /home/lorolol/Baja/firmware/Dianteira_mpu/CM4/OPENAMP/openamp_log.h
2024-09-17 20:11:10,075 [INFO] CodeEngine:255 - oldGeneratedFile, /home/lorolol/Baja/firmware/Dianteira_mpu/CM4/OPENAMP/openamp_log.c_save
2024-09-17 20:11:10,124 [INFO] CodeEngine:279 - Generated code: /home/lorolol/Baja/firmware/Dianteira_mpu/CM4/OPENAMP/openamp_log.c
2024-09-17 20:11:10,164 [INFO] CodeEngine:255 - oldGeneratedFile, /home/lorolol/Baja/firmware/Dianteira_mpu/CM4/Core/Src/stm32mp1xx_it.c_save
2024-09-17 20:11:10,367 [INFO] CodeEngine:279 - Generated code: /home/lorolol/Baja/firmware/Dianteira_mpu/CM4/Core/Src/stm32mp1xx_it.c
2024-09-17 20:11:10,368 [INFO] CodeEngine:255 - oldGeneratedFile, /home/lorolol/Baja/firmware/Dianteira_mpu/CM4/Core/Inc/stm32mp1xx_it.h_save
2024-09-17 20:11:10,416 [INFO] CodeEngine:279 - Generated code: /home/lorolol/Baja/firmware/Dianteira_mpu/CM4/Core/Inc/stm32mp1xx_it.h
2024-09-17 20:11:10,455 [INFO] CodeEngine:255 - oldGeneratedFile, /home/lorolol/Baja/firmware/Dianteira_mpu/CM4/Core/Src/stm32mp1xx_hal_msp.c_save
2024-09-17 20:11:10,541 [INFO] CodeEngine:279 - Generated code: /home/lorolol/Baja/firmware/Dianteira_mpu/CM4/Core/Src/stm32mp1xx_hal_msp.c
2024-09-17 20:11:10,542 [INFO] CodeEngine:255 - oldGeneratedFile, /home/lorolol/Baja/firmware/Dianteira_mpu/CM4/MXTmpFiles/system.tmp_save
2024-09-17 20:11:10,594 [INFO] CodeEngine:279 - Generated code: /home/lorolol/Baja/firmware/Dianteira_mpu/CM4/MXTmpFiles/system.tmp
2024-09-17 20:11:10,597 [INFO] CodeEngine:311 - oldGeneratedFile, /home/lorolol/Baja/firmware/Dianteira_mpu/CM4/Core/Inc/stm32mp1xx_hal_conf.h_save
2024-09-17 20:11:10,655 [INFO] CodeEngine:335 - Generated code: /home/lorolol/Baja/firmware/Dianteira_mpu/CM4/Core/Inc/stm32mp1xx_hal_conf.h
2024-09-17 20:11:10,694 [INFO] CodeEngine:255 - oldGeneratedFile, /home/lorolol/Baja/firmware/Dianteira_mpu/CM4/Core/Inc/main.h_save
2024-09-17 20:11:10,769 [INFO] CodeEngine:279 - Generated code: /home/lorolol/Baja/firmware/Dianteira_mpu/CM4/Core/Inc/main.h
2024-09-17 20:11:10,771 [INFO] CodeEngine:255 - oldGeneratedFile, /home/lorolol/Baja/firmware/Dianteira_mpu/CM4/Core/Src/main.c_save
2024-09-17 20:11:10,869 [INFO] CodeEngine:279 - Generated code: /home/lorolol/Baja/firmware/Dianteira_mpu/CM4/Core/Src/main.c
2024-09-17 20:11:10,922 [INFO] DTGenerator:254 - 

>>> DTGen : IN

2024-09-17 20:11:10,980 [INFO] GenProcessManager:166 - 
2024-09-17 20:11:10,980 [INFO] GenProcessManager:167 - Launching process: kernel-dtsBind

2024-09-17 20:11:10,980 [INFO] GenerationProcess:393 - 

GenProcess for OUTPUT : processName=kernel-dtsBind - Output=kernel
=======================

2024-09-17 20:11:10,981 [INFO] GenerationProcess:436 - DTGen: out directory created: genFolder=/home/lorolol/Baja/firmware/Dianteira_mpu/CA7/DeviceTree/Dianteira_mpu/kernel
2024-09-17 20:11:10,981 [INFO] GenerationProcess:393 - 

GenProcess for OUTPUT : processName=kernel-dtsBind - Output=u-boot
=======================

2024-09-17 20:11:10,981 [INFO] GenerationProcess:436 - DTGen: out directory created: genFolder=/home/lorolol/Baja/firmware/Dianteira_mpu/CA7/DeviceTree/Dianteira_mpu/u-boot
2024-09-17 20:11:10,981 [INFO] GenProcessDtsBind:271 -   >>> FW bind process - processName=kernel-dtsBind - FW=LINUX - matchingCtxt=CortexA7NS

2024-09-17 20:11:10,988 [INFO] GenProcessDtsBind:271 -   >>> FW bind process - processName=kernel-dtsBind - FW=CUBE - matchingCtxt=CortexM4

2024-09-17 20:11:10,993 [INFO] CodeEngine:255 - oldGeneratedFile, /home/lorolol/Baja/firmware/Dianteira_mpu/CA7/DeviceTree/Dianteira_mpu/kernel/stm32mp157f-dianteira_mpu-mx.dts_save
2024-09-17 20:11:11,245 [INFO] CodeEngine:279 - Generated code: /home/lorolol/Baja/firmware/Dianteira_mpu/CA7/DeviceTree/Dianteira_mpu/kernel/stm32mp157f-dianteira_mpu-mx.dts
2024-09-17 20:11:11,246 [INFO] GenProcessManager:166 - 
2024-09-17 20:11:11,246 [INFO] GenProcessManager:167 - Launching process: ddrConfigGen

2024-09-17 20:11:11,246 [INFO] GenerationProcess:393 - 

GenProcess for OUTPUT : processName=ddrConfigGen - Output=tf-a
=======================

2024-09-17 20:11:11,246 [INFO] GenerationProcess:436 - DTGen: out directory created: genFolder=/home/lorolol/Baja/firmware/Dianteira_mpu/CA7/DeviceTree/Dianteira_mpu/tf-a
2024-09-17 20:11:11,246 [INFO] DdrService:413 - [DDR SERVICE(MCU)] The IP object exists and the DDR configuration is valid
2024-09-17 20:11:11,247 [INFO] DdrService:413 - [DDR SERVICE(MCU)] The IP object exists and the DDR configuration is valid
2024-09-17 20:11:11,252 [INFO] GenProcessManager:166 - 
2024-09-17 20:11:11,252 [INFO] GenProcessManager:167 - Launching process: uboot-dtsBind

2024-09-17 20:11:11,252 [INFO] GenerationProcess:393 - 

GenProcess for OUTPUT : processName=uboot-dtsBind - Output=u-boot
=======================

2024-09-17 20:11:11,252 [INFO] GenProcessDtsBind:271 -   >>> FW bind process - processName=uboot-dtsBind - FW=U-BOOT - matchingCtxt=

2024-09-17 20:11:11,255 [INFO] CodeEngine:255 - oldGeneratedFile, /home/lorolol/Baja/firmware/Dianteira_mpu/CA7/DeviceTree/Dianteira_mpu/u-boot/stm32mp157f-dianteira_mpu-mx-u-boot.dtsi_save
2024-09-17 20:11:11,326 [INFO] CodeEngine:279 - Generated code: /home/lorolol/Baja/firmware/Dianteira_mpu/CA7/DeviceTree/Dianteira_mpu/u-boot/stm32mp157f-dianteira_mpu-mx-u-boot.dtsi
2024-09-17 20:11:11,327 [INFO] GenProcessManager:166 - 
2024-09-17 20:11:11,327 [INFO] GenProcessManager:167 - Launching process: tfa-dtsBind

2024-09-17 20:11:11,327 [INFO] GenerationProcess:393 - 

GenProcess for OUTPUT : processName=tfa-dtsBind - Output=tf-a
=======================

2024-09-17 20:11:11,327 [INFO] GenProcessDtsBind:271 -   >>> FW bind process - processName=tfa-dtsBind - FW=TF-A - matchingCtxt=BootLoader

2024-09-17 20:11:11,335 [INFO] CodeEngine:255 - oldGeneratedFile, /home/lorolol/Baja/firmware/Dianteira_mpu/CA7/DeviceTree/Dianteira_mpu/tf-a/stm32mp157f-dianteira_mpu-mx.dts_save
2024-09-17 20:11:11,538 [INFO] CodeEngine:279 - Generated code: /home/lorolol/Baja/firmware/Dianteira_mpu/CA7/DeviceTree/Dianteira_mpu/tf-a/stm32mp157f-dianteira_mpu-mx.dts
2024-09-17 20:11:11,538 [INFO] GenProcessManager:166 - 
2024-09-17 20:11:11,538 [INFO] GenProcessManager:167 - Launching process: fwconfig-dtsBind

2024-09-17 20:11:11,538 [INFO] GenerationProcess:393 - 

GenProcess for OUTPUT : processName=fwconfig-dtsBind - Output=tf-a
=======================

2024-09-17 20:11:11,539 [INFO] CodeEngine:255 - oldGeneratedFile, /home/lorolol/Baja/firmware/Dianteira_mpu/CA7/DeviceTree/Dianteira_mpu/tf-a/stm32mp157f-dianteira_mpu-mx-fw-config.dts_save
2024-09-17 20:11:11,630 [INFO] CodeEngine:279 - Generated code: /home/lorolol/Baja/firmware/Dianteira_mpu/CA7/DeviceTree/Dianteira_mpu/tf-a/stm32mp157f-dianteira_mpu-mx-fw-config.dts
2024-09-17 20:11:11,630 [INFO] GenProcessManager:166 - 
2024-09-17 20:11:11,630 [INFO] GenProcessManager:167 - Launching process: optee-dtsBind

2024-09-17 20:11:11,630 [INFO] GenerationProcess:393 - 

GenProcess for OUTPUT : processName=optee-dtsBind - Output=optee-os
=======================

2024-09-17 20:11:11,630 [INFO] GenerationProcess:436 - DTGen: out directory created: genFolder=/home/lorolol/Baja/firmware/Dianteira_mpu/CA7/DeviceTree/Dianteira_mpu/optee-os
2024-09-17 20:11:11,630 [INFO] GenProcessDtsBind:271 -   >>> FW bind process - processName=optee-dtsBind - FW=OP-TEE - matchingCtxt=CortexA7S

2024-09-17 20:11:11,639 [INFO] CodeEngine:255 - oldGeneratedFile, /home/lorolol/Baja/firmware/Dianteira_mpu/CA7/DeviceTree/Dianteira_mpu/optee-os/stm32mp157f-dianteira_mpu-mx.dts_save
2024-09-17 20:11:11,857 [INFO] CodeEngine:279 - Generated code: /home/lorolol/Baja/firmware/Dianteira_mpu/CA7/DeviceTree/Dianteira_mpu/optee-os/stm32mp157f-dianteira_mpu-mx.dts
2024-09-17 20:11:11,858 [INFO] DTGenerator:354 - 

>>> DTGen : OUT

2024-09-17 20:11:12,056 [INFO] ProjectBuilder:3163 - Time for Copy HAL[1] : 54mS.
2024-09-17 20:11:12,058 [INFO] ProjectBuilder:4736 - Project Generator version: 4.3.0-B58
2024-09-17 20:11:12,160 [INFO] ConfigFileManager:1503 - The Die is : DIE500
2024-09-17 20:11:16,502 [INFO] ProjectBuilder:5002 - Time for Generating toolchain IDE Files: 4444mS.
2024-09-17 20:11:16,503 [INFO] ProjectBuilder:3034 - Time for Copy CMSIS : 0mS.
2024-09-17 20:11:16,505 [INFO] ProjectBuilder:3034 - Time for Copy CMSIS : 0mS.
2024-09-17 20:11:18,349 [INFO] McuFinderGlobals:76 - Set McuFinderConnectedMode to true
2024-09-17 20:11:18,351 [INFO] ApiDb:448 - Save user favorites file /home/lorolol/.stm32cubeide/favorites.mcus.txt: 1 item(s)
2024-09-17 20:11:18,351 [INFO] ApiDb:452 - User favorites MCUs=[STM32F103C8T6]
2024-09-17 20:11:18,352 [INFO] ApiDb:448 - Save user favorites file /home/lorolol/.stm32cubeide/favorites.boards.txt: 0 item(s)
2024-09-17 20:11:18,352 [INFO] ApiDb:452 - User favorites Boards=[]
2024-09-17 20:24:38,622 [WARN] MainPanel:381 - Warning: This peripheral has no parameters to be configured
2024-09-17 20:24:43,078 [INFO] IpGicPanel:101 - GIC parent = javax.swing.JViewport[,0,0,302x167,layout=javax.swing.ViewportLayout,alignmentX=0.0,alignmentY=0.0,border=,flags=8388616,maximumSize=,minimumSize=,preferredSize=,isViewSizeSet=true,lastPaintPosition=java.awt.Point[x=0,y=0],scrollUnderway=false]
2024-09-17 20:24:47,741 [INFO] NvicIntPanel:101 - NVIC parent = com.st.microxplorer.plugins.ip.nvic.MultiNvicIntPanel[,0,0,450x167,layout=javax.swing.BoxLayout,alignmentX=0.0,alignmentY=0.0,border=,flags=9,maximumSize=,minimumSize=,preferredSize=]
2024-09-17 20:44:33,605 [INFO] IpGicPanel:101 - GIC parent = javax.swing.JViewport[,0,0,352x167,layout=javax.swing.ViewportLayout,alignmentX=0.0,alignmentY=0.0,border=,flags=8388616,maximumSize=,minimumSize=,preferredSize=,isViewSizeSet=true,lastPaintPosition=java.awt.Point[x=0,y=0],scrollUnderway=false]
2024-09-17 20:44:42,574 [WARN] IpParametersView:151 - Warning: This peripheral hasn't parameters
2024-09-17 20:45:13,736 [WARN] MainPanel:381 - Warning: This peripheral has no parameters to be configured
2024-09-17 20:58:59,146 [INFO] Can:71 - Can Add PropertyChangeListener com.st.microxplorer.plugins.ip.can.Can@3deb4472
2024-09-17 20:59:57,035 [INFO] I2cTimingTraitement:330 - 0x10707DBC
2024-09-17 20:59:57,064 [INFO] I2cTimingTraitement:330 - 0x10707DBC
2024-09-17 21:00:18,843 [INFO] NvicIntPanel:101 - NVIC parent = com.st.microxplorer.plugins.ip.nvic.MultiNvicIntPanel[,0,0,0x0,invalid,layout=javax.swing.BoxLayout,alignmentX=0.0,alignmentY=0.0,border=,flags=9,maximumSize=,minimumSize=,preferredSize=]
2024-09-17 21:00:19,075 [INFO] NvicIntPanel:101 - NVIC parent = com.st.microxplorer.plugins.ip.nvic.MultiNvicIntPanel[,0,0,0x0,invalid,layout=javax.swing.BoxLayout,alignmentX=0.0,alignmentY=0.0,border=,flags=9,maximumSize=,minimumSize=,preferredSize=]
2024-09-17 21:00:26,206 [INFO] NvicIntPanel:101 - NVIC parent = com.st.microxplorer.plugins.ip.nvic.MultiNvicIntPanel[,0,0,0x0,invalid,layout=javax.swing.BoxLayout,alignmentX=0.0,alignmentY=0.0,border=,flags=9,maximumSize=,minimumSize=,preferredSize=]
2024-09-17 21:00:26,353 [INFO] NvicIntPanel:101 - NVIC parent = com.st.microxplorer.plugins.ip.nvic.MultiNvicIntPanel[,0,0,0x0,invalid,layout=javax.swing.BoxLayout,alignmentX=0.0,alignmentY=0.0,border=,flags=9,maximumSize=,minimumSize=,preferredSize=]
2024-09-17 21:01:23,197 [INFO] I2cTimingTraitement:330 - 0x10707DBC
2024-09-17 21:01:23,236 [INFO] I2cTimingTraitement:330 - 0x10707DBC
2024-09-17 21:02:09,357 [INFO] I2cTimingTraitement:330 - 0x10707DBC
2024-09-17 21:02:09,384 [INFO] I2cTimingTraitement:330 - 0x10707DBC
2024-09-17 21:02:13,338 [INFO] I2cTimingTraitement:330 - 0x10707DBC
2024-09-17 21:02:13,361 [INFO] I2cTimingTraitement:330 - 0x10707DBC
2024-09-17 21:03:48,193 [INFO] UtilMem:75 - End SaveConfig() Used Memory: 842430016 Bytes (1073741824)
2024-09-17 21:03:53,649 [INFO] UtilMem:75 - End SaveConfig() Used Memory: 922075976 Bytes (1073741824)
2024-09-17 21:03:53,946 [INFO] BlockDiagram:2759 - set Specific Code input for plugin: USBH_HS
2024-09-17 21:03:53,946 [INFO] BlockDiagram:2759 - set Specific Code input for plugin: USB_OTG_HS
2024-09-17 21:03:53,947 [INFO] BlockDiagram:2759 - set Specific Code input for plugin: IWDG
2024-09-17 21:03:53,947 [INFO] BlockDiagram:2759 - set Specific Code input for plugin: FDCAN
2024-09-17 21:03:53,947 [INFO] BlockDiagram:2759 - set Specific Code input for plugin: RNG
2024-09-17 21:03:53,947 [INFO] BlockDiagram:2759 - set Specific Code input for plugin: LTDC
2024-09-17 21:03:53,947 [INFO] BlockDiagram:2759 - set Specific Code input for plugin: I2S
2024-09-17 21:03:53,947 [INFO] BlockDiagram:2759 - set Specific Code input for plugin: PWR
2024-09-17 21:03:53,947 [INFO] BlockDiagram:2759 - set Specific Code input for plugin: RCC
2024-09-17 21:03:53,947 [INFO] BlockDiagram:2759 - set Specific Code input for plugin: I2C
2024-09-17 21:03:53,947 [INFO] BlockDiagram:2759 - set Specific Code input for plugin: I2C
2024-09-17 21:03:53,947 [INFO] BlockDiagram:2759 - set Specific Code input for plugin: SDMMC
2024-09-17 21:03:53,947 [INFO] BlockDiagram:2759 - set Specific Code input for plugin: RTC
2024-09-17 21:03:53,947 [INFO] BlockDiagram:2759 - set Specific Code input for plugin: SDMMC
2024-09-17 21:03:53,947 [INFO] BlockDiagram:2759 - set Specific Code input for plugin: ETZPC
2024-09-17 21:03:53,947 [INFO] BlockDiagram:2759 - set Specific Code input for plugin: MDMA
2024-09-17 21:03:53,947 [INFO] BlockDiagram:2759 - set Specific Code input for plugin: USART
2024-09-17 21:03:53,947 [INFO] BlockDiagram:2759 - set Specific Code input for plugin: TIM1_8MP1
2024-09-17 21:03:53,947 [INFO] BlockDiagram:2759 - set Specific Code input for plugin: GPU
2024-09-17 21:03:53,947 [INFO] BlockDiagram:2759 - set Specific Code input for plugin: OPENAMP
2024-09-17 21:03:53,947 [INFO] BlockDiagram:2759 - set Specific Code input for plugin: GIC
2024-09-17 21:03:53,947 [INFO] BlockDiagram:2759 - set Specific Code input for plugin: ADC
2024-09-17 21:03:53,947 [INFO] BlockDiagram:2759 - set Specific Code input for plugin: SYS
2024-09-17 21:03:53,947 [INFO] BlockDiagram:2759 - set Specific Code input for plugin: ADC
2024-09-17 21:03:53,947 [INFO] BlockDiagram:2759 - set Specific Code input for plugin: BSEC
2024-09-17 21:03:53,947 [INFO] BlockDiagram:2759 - set Specific Code input for plugin: DSIHOST
2024-09-17 21:03:53,947 [INFO] BlockDiagram:2759 - set Specific Code input for plugin: DTS
2024-09-17 21:03:53,947 [INFO] BlockDiagram:2759 - set Specific Code input for plugin: NVIC
2024-09-17 21:03:53,947 [INFO] BlockDiagram:2759 - set Specific Code input for plugin: HSEM
2024-09-17 21:03:53,948 [INFO] BlockDiagram:2759 - set Specific Code input for plugin: DDR
2024-09-17 21:03:53,948 [INFO] BlockDiagram:2759 - set Specific Code input for plugin: DMA
2024-09-17 21:03:53,948 [INFO] BlockDiagram:2759 - set Specific Code input for plugin: CRC
2024-09-17 21:03:53,948 [INFO] BlockDiagram:2759 - set Specific Code input for plugin: VREFBUF
2024-09-17 21:03:53,948 [INFO] BlockDiagram:2759 - set Specific Code input for plugin: IPCC
2024-09-17 21:03:53,948 [INFO] BlockDiagram:2759 - set Specific Code input for plugin: HDMI_CEC
2024-09-17 21:03:53,948 [INFO] BlockDiagram:2759 - set Specific Code input for plugin: UART
2024-09-17 21:03:53,950 [INFO] BlockDiagram:2759 - set Specific Code input for plugin: GPIO
2024-09-17 21:03:53,950 [INFO] BlockDiagram:2759 - set Specific Code input for plugin: SAI
2024-09-17 21:03:53,950 [INFO] BlockDiagram:2759 - set Specific Code input for plugin: HASH
2024-09-17 21:03:53,950 [INFO] BlockDiagram:2759 - set Specific Code input for plugin: TAMP
2024-09-17 21:03:53,950 [INFO] BlockDiagram:2759 - set Specific Code input for plugin: ETH
2024-09-17 21:03:53,950 [INFO] BlockDiagram:2759 - set Specific Code input for plugin: CRYP
2024-09-17 21:03:53,951 [INFO] CodeGenerator:807 - code generatio: config db path: /opt/stm32cubeide/plugins/com.st.stm32cube.common.mx_6.11.1.202404110753//db/
2024-09-17 21:03:54,394 [INFO] DdrService:413 - [DDR SERVICE(MCU)] The IP object exists and the DDR configuration is valid
2024-09-17 21:03:54,396 [INFO] DdrService:413 - [DDR SERVICE(MCU)] The IP object exists and the DDR configuration is valid
2024-09-17 21:03:54,396 [INFO] DdrService:413 - [DDR SERVICE(MCU)] The IP object exists and the DDR configuration is valid
2024-09-17 21:03:54,396 [INFO] DdrService:413 - [DDR SERVICE(MCU)] The IP object exists and the DDR configuration is valid
2024-09-17 21:03:54,396 [INFO] DdrService:413 - [DDR SERVICE(MCU)] The IP object exists and the DDR configuration is valid
2024-09-17 21:03:54,396 [INFO] DdrService:413 - [DDR SERVICE(MCU)] The IP object exists and the DDR configuration is valid
2024-09-17 21:03:54,413 [INFO] Middleware:1439 - No code input for Bsp Dependency
2024-09-17 21:03:54,413 [INFO] Middleware:1439 - No code input for Bsp Dependency
2024-09-17 21:03:54,414 [INFO] Middleware:1439 - No code input for Bsp Dependency
2024-09-17 21:03:54,414 [INFO] Middleware:1439 - No code input for Bsp Dependency
2024-09-17 21:03:54,415 [INFO] Middleware:1439 - No code input for Bsp Dependency
2024-09-17 21:03:54,415 [INFO] CodeGenerator:1511 - *******************Project context A7 ROM selected
2024-09-17 21:03:54,415 [INFO] CodeGenerator:1511 - *******************Project context A7S selected
2024-09-17 21:03:54,415 [INFO] CodeGenerator:1511 - *******************Project context A7S selected
2024-09-17 21:03:54,415 [INFO] CodeGenerator:1511 - *******************Project context A7NS selected
2024-09-17 21:03:54,415 [INFO] CodeGenerator:1511 - *******************Project context M4 selected
2024-09-17 21:03:54,494 [INFO] CodeEngine:255 - oldGeneratedFile, /home/lorolol/Baja/firmware/Dianteira_mpu/MXTmpFiles/license.tmp_save
2024-09-17 21:03:54,595 [INFO] CodeEngine:279 - Generated code: /home/lorolol/Baja/firmware/Dianteira_mpu/MXTmpFiles/license.tmp
2024-09-17 21:03:54,632 [INFO] CodeEngine:255 - oldGeneratedFile, /home/lorolol/Baja/firmware/Dianteira_mpu/CM4/MXTmpFiles/gpio.tmp_save
2024-09-17 21:03:54,718 [INFO] CodeEngine:279 - Generated code: /home/lorolol/Baja/firmware/Dianteira_mpu/CM4/MXTmpFiles/gpio.tmp
2024-09-17 21:03:54,752 [WARN] IPConfigManager:98 - WARNING: Missing Config File for ETZPC ip!!
2024-09-17 21:03:54,762 [WARN] IPConfigManager:98 - WARNING: Missing Config File for MDMA ip!!
2024-09-17 21:03:54,794 [WARN] IPConfigManager:98 - WARNING: Missing Config File for MDMA ip!!
2024-09-17 21:03:54,824 [WARN] IPConfigManager:98 - WARNING: Missing Config File for MDMA ip!!
2024-09-17 21:03:54,853 [WARN] IPConfigManager:98 - WARNING: Missing Config File for MDMA ip!!
2024-09-17 21:03:54,876 [WARN] IPConfigManager:98 - WARNING: Missing Config File for MDMA ip!!
2024-09-17 21:03:54,901 [WARN] IPConfigManager:98 - WARNING: Missing Config File for MDMA ip!!
2024-09-17 21:03:54,968 [INFO] Middleware:1439 - No code input for Bsp Dependency
2024-09-17 21:03:55,003 [INFO] CodeEngine:255 - oldGeneratedFile, /home/lorolol/Baja/firmware/Dianteira_mpu/CM4/MXTmpFiles/dma.tmp_save
2024-09-17 21:03:55,085 [INFO] CodeEngine:279 - Generated code: /home/lorolol/Baja/firmware/Dianteira_mpu/CM4/MXTmpFiles/dma.tmp
2024-09-17 21:03:55,086 [INFO] CodeEngine:255 - oldGeneratedFile, /home/lorolol/Baja/firmware/Dianteira_mpu/CM4/MXTmpFiles/dma_GV.tmp_save
2024-09-17 21:03:55,139 [INFO] CodeEngine:279 - Generated code: /home/lorolol/Baja/firmware/Dianteira_mpu/CM4/MXTmpFiles/dma_GV.tmp
2024-09-17 21:03:55,141 [INFO] Middleware:1439 - No code input for Bsp Dependency
2024-09-17 21:03:55,144 [INFO] CodeEngine:255 - oldGeneratedFile, /home/lorolol/Baja/firmware/Dianteira_mpu/CM4/OPENAMP/openamp_conf.h_save
2024-09-17 21:03:55,196 [INFO] CodeEngine:279 - Generated code: /home/lorolol/Baja/firmware/Dianteira_mpu/CM4/OPENAMP/openamp_conf.h
2024-09-17 21:03:55,198 [INFO] CodeEngine:255 - oldGeneratedFile, /home/lorolol/Baja/firmware/Dianteira_mpu/CM4/OPENAMP/mbox_ipcc.h_save
2024-09-17 21:03:55,245 [INFO] CodeEngine:279 - Generated code: /home/lorolol/Baja/firmware/Dianteira_mpu/CM4/OPENAMP/mbox_ipcc.h
2024-09-17 21:03:55,246 [INFO] CodeEngine:255 - oldGeneratedFile, /home/lorolol/Baja/firmware/Dianteira_mpu/CM4/OPENAMP/openamp.h_save
2024-09-17 21:03:55,292 [INFO] CodeEngine:279 - Generated code: /home/lorolol/Baja/firmware/Dianteira_mpu/CM4/OPENAMP/openamp.h
2024-09-17 21:03:55,293 [INFO] CodeEngine:255 - oldGeneratedFile, /home/lorolol/Baja/firmware/Dianteira_mpu/CM4/OPENAMP/rsc_table.h_save
2024-09-17 21:03:55,347 [INFO] CodeEngine:279 - Generated code: /home/lorolol/Baja/firmware/Dianteira_mpu/CM4/OPENAMP/rsc_table.h
2024-09-17 21:03:55,348 [INFO] CodeEngine:255 - oldGeneratedFile, /home/lorolol/Baja/firmware/Dianteira_mpu/CM4/OPENAMP/mbox_ipcc.c_save
2024-09-17 21:03:55,396 [INFO] CodeEngine:279 - Generated code: /home/lorolol/Baja/firmware/Dianteira_mpu/CM4/OPENAMP/mbox_ipcc.c
2024-09-17 21:03:55,397 [INFO] CodeEngine:255 - oldGeneratedFile, /home/lorolol/Baja/firmware/Dianteira_mpu/CM4/OPENAMP/openamp.c_save
2024-09-17 21:03:55,444 [INFO] CodeEngine:279 - Generated code: /home/lorolol/Baja/firmware/Dianteira_mpu/CM4/OPENAMP/openamp.c
2024-09-17 21:03:55,445 [INFO] CodeEngine:255 - oldGeneratedFile, /home/lorolol/Baja/firmware/Dianteira_mpu/CM4/OPENAMP/rsc_table.c_save
2024-09-17 21:03:55,489 [INFO] CodeEngine:279 - Generated code: /home/lorolol/Baja/firmware/Dianteira_mpu/CM4/OPENAMP/rsc_table.c
2024-09-17 21:03:55,490 [INFO] CodeEngine:255 - oldGeneratedFile, /home/lorolol/Baja/firmware/Dianteira_mpu/CM4/OPENAMP/openamp_log.h_save
2024-09-17 21:03:55,540 [INFO] CodeEngine:279 - Generated code: /home/lorolol/Baja/firmware/Dianteira_mpu/CM4/OPENAMP/openamp_log.h
2024-09-17 21:03:55,541 [INFO] CodeEngine:255 - oldGeneratedFile, /home/lorolol/Baja/firmware/Dianteira_mpu/CM4/OPENAMP/openamp_log.c_save
2024-09-17 21:03:55,586 [INFO] CodeEngine:279 - Generated code: /home/lorolol/Baja/firmware/Dianteira_mpu/CM4/OPENAMP/openamp_log.c
2024-09-17 21:03:55,633 [INFO] CodeEngine:255 - oldGeneratedFile, /home/lorolol/Baja/firmware/Dianteira_mpu/CM4/Core/Src/stm32mp1xx_it.c_save
2024-09-17 21:03:55,769 [INFO] CodeEngine:279 - Generated code: /home/lorolol/Baja/firmware/Dianteira_mpu/CM4/Core/Src/stm32mp1xx_it.c
2024-09-17 21:03:55,771 [INFO] CodeEngine:255 - oldGeneratedFile, /home/lorolol/Baja/firmware/Dianteira_mpu/CM4/Core/Inc/stm32mp1xx_it.h_save
2024-09-17 21:03:55,860 [INFO] CodeEngine:279 - Generated code: /home/lorolol/Baja/firmware/Dianteira_mpu/CM4/Core/Inc/stm32mp1xx_it.h
2024-09-17 21:03:55,929 [INFO] CodeEngine:255 - oldGeneratedFile, /home/lorolol/Baja/firmware/Dianteira_mpu/CM4/Core/Src/stm32mp1xx_hal_msp.c_save
2024-09-17 21:03:56,098 [INFO] CodeEngine:279 - Generated code: /home/lorolol/Baja/firmware/Dianteira_mpu/CM4/Core/Src/stm32mp1xx_hal_msp.c
2024-09-17 21:03:56,100 [INFO] CodeEngine:255 - oldGeneratedFile, /home/lorolol/Baja/firmware/Dianteira_mpu/CM4/MXTmpFiles/system.tmp_save
2024-09-17 21:03:56,169 [INFO] CodeEngine:279 - Generated code: /home/lorolol/Baja/firmware/Dianteira_mpu/CM4/MXTmpFiles/system.tmp
2024-09-17 21:03:56,172 [INFO] CodeEngine:311 - oldGeneratedFile, /home/lorolol/Baja/firmware/Dianteira_mpu/CM4/Core/Inc/stm32mp1xx_hal_conf.h_save
2024-09-17 21:03:56,244 [INFO] CodeEngine:335 - Generated code: /home/lorolol/Baja/firmware/Dianteira_mpu/CM4/Core/Inc/stm32mp1xx_hal_conf.h
2024-09-17 21:03:56,273 [INFO] CodeEngine:255 - oldGeneratedFile, /home/lorolol/Baja/firmware/Dianteira_mpu/CM4/Core/Inc/main.h_save
2024-09-17 21:03:56,367 [INFO] CodeEngine:279 - Generated code: /home/lorolol/Baja/firmware/Dianteira_mpu/CM4/Core/Inc/main.h
2024-09-17 21:03:56,368 [INFO] CodeEngine:255 - oldGeneratedFile, /home/lorolol/Baja/firmware/Dianteira_mpu/CM4/Core/Src/main.c_save
2024-09-17 21:03:56,486 [INFO] CodeEngine:279 - Generated code: /home/lorolol/Baja/firmware/Dianteira_mpu/CM4/Core/Src/main.c
2024-09-17 21:03:56,543 [INFO] DTGenerator:254 - 

>>> DTGen : IN

2024-09-17 21:03:56,591 [INFO] GenProcessManager:166 - 
2024-09-17 21:03:56,591 [INFO] GenProcessManager:167 - Launching process: kernel-dtsBind

2024-09-17 21:03:56,591 [INFO] GenerationProcess:393 - 

GenProcess for OUTPUT : processName=kernel-dtsBind - Output=kernel
=======================

2024-09-17 21:03:56,591 [INFO] GenerationProcess:393 - 

GenProcess for OUTPUT : processName=kernel-dtsBind - Output=u-boot
=======================

2024-09-17 21:03:56,592 [INFO] GenProcessDtsBind:271 -   >>> FW bind process - processName=kernel-dtsBind - FW=LINUX - matchingCtxt=CortexA7NS

2024-09-17 21:03:56,600 [INFO] GenProcessDtsBind:271 -   >>> FW bind process - processName=kernel-dtsBind - FW=CUBE - matchingCtxt=CortexM4

2024-09-17 21:03:56,604 [INFO] CodeEngine:255 - oldGeneratedFile, /home/lorolol/Baja/firmware/Dianteira_mpu/CA7/DeviceTree/Dianteira_mpu/kernel/stm32mp157f-dianteira_mpu-mx.dts_save
2024-09-17 21:03:56,866 [INFO] CodeEngine:279 - Generated code: /home/lorolol/Baja/firmware/Dianteira_mpu/CA7/DeviceTree/Dianteira_mpu/kernel/stm32mp157f-dianteira_mpu-mx.dts
2024-09-17 21:03:56,866 [INFO] GenProcessManager:166 - 
2024-09-17 21:03:56,866 [INFO] GenProcessManager:167 - Launching process: ddrConfigGen

2024-09-17 21:03:56,867 [INFO] GenerationProcess:393 - 

GenProcess for OUTPUT : processName=ddrConfigGen - Output=tf-a
=======================

2024-09-17 21:03:56,867 [INFO] DdrService:413 - [DDR SERVICE(MCU)] The IP object exists and the DDR configuration is valid
2024-09-17 21:03:56,867 [INFO] DdrService:413 - [DDR SERVICE(MCU)] The IP object exists and the DDR configuration is valid
2024-09-17 21:03:56,871 [INFO] GenProcessManager:166 - 
2024-09-17 21:03:56,871 [INFO] GenProcessManager:167 - Launching process: uboot-dtsBind

2024-09-17 21:03:56,871 [INFO] GenerationProcess:393 - 

GenProcess for OUTPUT : processName=uboot-dtsBind - Output=u-boot
=======================

2024-09-17 21:03:56,872 [INFO] GenProcessDtsBind:271 -   >>> FW bind process - processName=uboot-dtsBind - FW=U-BOOT - matchingCtxt=

2024-09-17 21:03:56,875 [INFO] CodeEngine:255 - oldGeneratedFile, /home/lorolol/Baja/firmware/Dianteira_mpu/CA7/DeviceTree/Dianteira_mpu/u-boot/stm32mp157f-dianteira_mpu-mx-u-boot.dtsi_save
2024-09-17 21:03:56,950 [INFO] CodeEngine:279 - Generated code: /home/lorolol/Baja/firmware/Dianteira_mpu/CA7/DeviceTree/Dianteira_mpu/u-boot/stm32mp157f-dianteira_mpu-mx-u-boot.dtsi
2024-09-17 21:03:56,950 [INFO] GenProcessManager:166 - 
2024-09-17 21:03:56,950 [INFO] GenProcessManager:167 - Launching process: tfa-dtsBind

2024-09-17 21:03:56,950 [INFO] GenerationProcess:393 - 

GenProcess for OUTPUT : processName=tfa-dtsBind - Output=tf-a
=======================

2024-09-17 21:03:56,950 [INFO] GenProcessDtsBind:271 -   >>> FW bind process - processName=tfa-dtsBind - FW=TF-A - matchingCtxt=BootLoader

2024-09-17 21:03:56,956 [INFO] CodeEngine:255 - oldGeneratedFile, /home/lorolol/Baja/firmware/Dianteira_mpu/CA7/DeviceTree/Dianteira_mpu/tf-a/stm32mp157f-dianteira_mpu-mx.dts_save
2024-09-17 21:03:57,102 [INFO] CodeEngine:279 - Generated code: /home/lorolol/Baja/firmware/Dianteira_mpu/CA7/DeviceTree/Dianteira_mpu/tf-a/stm32mp157f-dianteira_mpu-mx.dts
2024-09-17 21:03:57,102 [INFO] GenProcessManager:166 - 
2024-09-17 21:03:57,102 [INFO] GenProcessManager:167 - Launching process: fwconfig-dtsBind

2024-09-17 21:03:57,102 [INFO] GenerationProcess:393 - 

GenProcess for OUTPUT : processName=fwconfig-dtsBind - Output=tf-a
=======================

2024-09-17 21:03:57,103 [INFO] CodeEngine:255 - oldGeneratedFile, /home/lorolol/Baja/firmware/Dianteira_mpu/CA7/DeviceTree/Dianteira_mpu/tf-a/stm32mp157f-dianteira_mpu-mx-fw-config.dts_save
2024-09-17 21:03:57,157 [INFO] CodeEngine:279 - Generated code: /home/lorolol/Baja/firmware/Dianteira_mpu/CA7/DeviceTree/Dianteira_mpu/tf-a/stm32mp157f-dianteira_mpu-mx-fw-config.dts
2024-09-17 21:03:57,157 [INFO] GenProcessManager:166 - 
2024-09-17 21:03:57,157 [INFO] GenProcessManager:167 - Launching process: optee-dtsBind

2024-09-17 21:03:57,157 [INFO] GenerationProcess:393 - 

GenProcess for OUTPUT : processName=optee-dtsBind - Output=optee-os
=======================

2024-09-17 21:03:57,157 [INFO] GenProcessDtsBind:271 -   >>> FW bind process - processName=optee-dtsBind - FW=OP-TEE - matchingCtxt=CortexA7S

2024-09-17 21:03:57,163 [INFO] CodeEngine:255 - oldGeneratedFile, /home/lorolol/Baja/firmware/Dianteira_mpu/CA7/DeviceTree/Dianteira_mpu/optee-os/stm32mp157f-dianteira_mpu-mx.dts_save
2024-09-17 21:03:57,304 [INFO] CodeEngine:279 - Generated code: /home/lorolol/Baja/firmware/Dianteira_mpu/CA7/DeviceTree/Dianteira_mpu/optee-os/stm32mp157f-dianteira_mpu-mx.dts
2024-09-17 21:03:57,304 [INFO] DTGenerator:354 - 

>>> DTGen : OUT

2024-09-17 21:03:57,497 [INFO] ProjectBuilder:3163 - Time for Copy HAL[1] : 60mS.
2024-09-17 21:03:57,500 [INFO] ProjectBuilder:4736 - Project Generator version: 4.3.0-B58
2024-09-17 21:03:57,588 [INFO] ConfigFileManager:1503 - The Die is : DIE500
2024-09-17 21:04:00,376 [INFO] ProjectBuilder:5002 - Time for Generating toolchain IDE Files: 2876mS.
2024-09-17 21:04:00,376 [INFO] ProjectBuilder:3034 - Time for Copy CMSIS : 0mS.
2024-09-17 21:04:00,379 [INFO] ProjectBuilder:3034 - Time for Copy CMSIS : 0mS.
2024-09-17 21:37:40,759 [INFO] UtilMem:75 - End SaveConfig() Used Memory: 851799544 Bytes (1073741824)
2024-09-17 21:37:43,363 [INFO] UtilMem:75 - End SaveConfig() Used Memory: 828349408 Bytes (1073741824)
2024-09-17 21:37:46,229 [INFO] UtilMem:75 - End SaveConfig() Used Memory: 868768416 Bytes (1073741824)
2024-09-17 21:37:46,547 [INFO] BlockDiagram:2759 - set Specific Code input for plugin: USBH_HS
2024-09-17 21:37:46,547 [INFO] BlockDiagram:2759 - set Specific Code input for plugin: USB_OTG_HS
2024-09-17 21:37:46,547 [INFO] BlockDiagram:2759 - set Specific Code input for plugin: IWDG
2024-09-17 21:37:46,547 [INFO] BlockDiagram:2759 - set Specific Code input for plugin: FDCAN
2024-09-17 21:37:46,547 [INFO] BlockDiagram:2759 - set Specific Code input for plugin: RNG
2024-09-17 21:37:46,548 [INFO] BlockDiagram:2759 - set Specific Code input for plugin: LTDC
2024-09-17 21:37:46,548 [INFO] BlockDiagram:2759 - set Specific Code input for plugin: I2S
2024-09-17 21:37:46,548 [INFO] BlockDiagram:2759 - set Specific Code input for plugin: PWR
2024-09-17 21:37:46,548 [INFO] BlockDiagram:2759 - set Specific Code input for plugin: RCC
2024-09-17 21:37:46,548 [INFO] BlockDiagram:2759 - set Specific Code input for plugin: I2C
2024-09-17 21:37:46,548 [INFO] BlockDiagram:2759 - set Specific Code input for plugin: I2C
2024-09-17 21:37:46,548 [INFO] BlockDiagram:2759 - set Specific Code input for plugin: SDMMC
2024-09-17 21:37:46,548 [INFO] BlockDiagram:2759 - set Specific Code input for plugin: RTC
2024-09-17 21:37:46,548 [INFO] BlockDiagram:2759 - set Specific Code input for plugin: SDMMC
2024-09-17 21:37:46,548 [INFO] BlockDiagram:2759 - set Specific Code input for plugin: ETZPC
2024-09-17 21:37:46,548 [INFO] BlockDiagram:2759 - set Specific Code input for plugin: MDMA
2024-09-17 21:37:46,548 [INFO] BlockDiagram:2759 - set Specific Code input for plugin: USART
2024-09-17 21:37:46,548 [INFO] BlockDiagram:2759 - set Specific Code input for plugin: TIM1_8MP1
2024-09-17 21:37:46,548 [INFO] BlockDiagram:2759 - set Specific Code input for plugin: GPU
2024-09-17 21:37:46,548 [INFO] BlockDiagram:2759 - set Specific Code input for plugin: OPENAMP
2024-09-17 21:37:46,548 [INFO] BlockDiagram:2759 - set Specific Code input for plugin: GIC
2024-09-17 21:37:46,548 [INFO] BlockDiagram:2759 - set Specific Code input for plugin: ADC
2024-09-17 21:37:46,548 [INFO] BlockDiagram:2759 - set Specific Code input for plugin: SYS
2024-09-17 21:37:46,548 [INFO] BlockDiagram:2759 - set Specific Code input for plugin: ADC
2024-09-17 21:37:46,548 [INFO] BlockDiagram:2759 - set Specific Code input for plugin: BSEC
2024-09-17 21:37:46,548 [INFO] BlockDiagram:2759 - set Specific Code input for plugin: DSIHOST
2024-09-17 21:37:46,548 [INFO] BlockDiagram:2759 - set Specific Code input for plugin: DTS
2024-09-17 21:37:46,548 [INFO] BlockDiagram:2759 - set Specific Code input for plugin: NVIC
2024-09-17 21:37:46,548 [INFO] BlockDiagram:2759 - set Specific Code input for plugin: HSEM
2024-09-17 21:37:46,548 [INFO] BlockDiagram:2759 - set Specific Code input for plugin: DDR
2024-09-17 21:37:46,548 [INFO] BlockDiagram:2759 - set Specific Code input for plugin: DMA
2024-09-17 21:37:46,548 [INFO] BlockDiagram:2759 - set Specific Code input for plugin: CRC
2024-09-17 21:37:46,548 [INFO] BlockDiagram:2759 - set Specific Code input for plugin: VREFBUF
2024-09-17 21:37:46,548 [INFO] BlockDiagram:2759 - set Specific Code input for plugin: IPCC
2024-09-17 21:37:46,548 [INFO] BlockDiagram:2759 - set Specific Code input for plugin: HDMI_CEC
2024-09-17 21:37:46,548 [INFO] BlockDiagram:2759 - set Specific Code input for plugin: UART
2024-09-17 21:37:46,551 [INFO] BlockDiagram:2759 - set Specific Code input for plugin: GPIO
2024-09-17 21:37:46,551 [INFO] BlockDiagram:2759 - set Specific Code input for plugin: SAI
2024-09-17 21:37:46,551 [INFO] BlockDiagram:2759 - set Specific Code input for plugin: HASH
2024-09-17 21:37:46,551 [INFO] BlockDiagram:2759 - set Specific Code input for plugin: TAMP
2024-09-17 21:37:46,551 [INFO] BlockDiagram:2759 - set Specific Code input for plugin: ETH
2024-09-17 21:37:46,551 [INFO] BlockDiagram:2759 - set Specific Code input for plugin: CRYP
2024-09-17 21:37:46,551 [INFO] CodeGenerator:807 - code generatio: config db path: /opt/stm32cubeide/plugins/com.st.stm32cube.common.mx_6.11.1.202404110753//db/
2024-09-17 21:37:47,015 [INFO] DdrService:413 - [DDR SERVICE(MCU)] The IP object exists and the DDR configuration is valid
2024-09-17 21:37:47,017 [INFO] DdrService:413 - [DDR SERVICE(MCU)] The IP object exists and the DDR configuration is valid
2024-09-17 21:37:47,017 [INFO] DdrService:413 - [DDR SERVICE(MCU)] The IP object exists and the DDR configuration is valid
2024-09-17 21:37:47,017 [INFO] DdrService:413 - [DDR SERVICE(MCU)] The IP object exists and the DDR configuration is valid
2024-09-17 21:37:47,017 [INFO] DdrService:413 - [DDR SERVICE(MCU)] The IP object exists and the DDR configuration is valid
2024-09-17 21:37:47,017 [INFO] DdrService:413 - [DDR SERVICE(MCU)] The IP object exists and the DDR configuration is valid
2024-09-17 21:37:47,034 [INFO] Middleware:1439 - No code input for Bsp Dependency
2024-09-17 21:37:47,035 [INFO] Middleware:1439 - No code input for Bsp Dependency
2024-09-17 21:37:47,035 [INFO] Middleware:1439 - No code input for Bsp Dependency
2024-09-17 21:37:47,035 [INFO] Middleware:1439 - No code input for Bsp Dependency
2024-09-17 21:37:47,036 [INFO] Middleware:1439 - No code input for Bsp Dependency
2024-09-17 21:37:47,036 [INFO] CodeGenerator:1511 - *******************Project context A7 ROM selected
2024-09-17 21:37:47,036 [INFO] CodeGenerator:1511 - *******************Project context A7S selected
2024-09-17 21:37:47,036 [INFO] CodeGenerator:1511 - *******************Project context A7S selected
2024-09-17 21:37:47,036 [INFO] CodeGenerator:1511 - *******************Project context A7NS selected
2024-09-17 21:37:47,036 [INFO] CodeGenerator:1511 - *******************Project context M4 selected
2024-09-17 21:37:47,106 [INFO] CodeEngine:255 - oldGeneratedFile, /home/lorolol/Baja/firmware/Dianteira_mpu/MXTmpFiles/license.tmp_save
2024-09-17 21:37:47,181 [INFO] CodeEngine:279 - Generated code: /home/lorolol/Baja/firmware/Dianteira_mpu/MXTmpFiles/license.tmp
2024-09-17 21:37:47,198 [INFO] CodeEngine:255 - oldGeneratedFile, /home/lorolol/Baja/firmware/Dianteira_mpu/CM4/Core/Src/gpio.c_save
2024-09-17 21:37:47,258 [INFO] CodeEngine:279 - Generated code: /home/lorolol/Baja/firmware/Dianteira_mpu/CM4/Core/Src/gpio.c
2024-09-17 21:37:47,260 [INFO] CodeEngine:255 - oldGeneratedFile, /home/lorolol/Baja/firmware/Dianteira_mpu/CM4/Core/Inc/gpio.h_save
2024-09-17 21:37:47,335 [INFO] CodeEngine:279 - Generated code: /home/lorolol/Baja/firmware/Dianteira_mpu/CM4/Core/Inc/gpio.h
2024-09-17 21:37:47,366 [WARN] IPConfigManager:98 - WARNING: Missing Config File for ETZPC ip!!
2024-09-17 21:37:47,375 [WARN] IPConfigManager:98 - WARNING: Missing Config File for MDMA ip!!
2024-09-17 21:37:47,390 [WARN] IPConfigManager:98 - WARNING: Missing Config File for MDMA ip!!
2024-09-17 21:37:47,415 [WARN] IPConfigManager:98 - WARNING: Missing Config File for MDMA ip!!
2024-09-17 21:37:47,431 [WARN] IPConfigManager:98 - WARNING: Missing Config File for MDMA ip!!
2024-09-17 21:37:47,445 [WARN] IPConfigManager:98 - WARNING: Missing Config File for MDMA ip!!
2024-09-17 21:37:47,458 [WARN] IPConfigManager:98 - WARNING: Missing Config File for MDMA ip!!
2024-09-17 21:37:47,496 [INFO] Middleware:1439 - No code input for Bsp Dependency
2024-09-17 21:37:47,534 [INFO] CodeEngine:255 - oldGeneratedFile, /home/lorolol/Baja/firmware/Dianteira_mpu/CM4/Core/Src/dma.c_save
2024-09-17 21:37:47,600 [INFO] CodeEngine:279 - Generated code: /home/lorolol/Baja/firmware/Dianteira_mpu/CM4/Core/Src/dma.c
2024-09-17 21:37:47,601 [INFO] CodeEngine:255 - oldGeneratedFile, /home/lorolol/Baja/firmware/Dianteira_mpu/CM4/Core/Inc/dma.h_save
2024-09-17 21:37:47,672 [INFO] CodeEngine:279 - Generated code: /home/lorolol/Baja/firmware/Dianteira_mpu/CM4/Core/Inc/dma.h
2024-09-17 21:37:47,675 [INFO] CodeEngine:255 - oldGeneratedFile, /home/lorolol/Baja/firmware/Dianteira_mpu/CM4/Core/Src/fdcan.c_save
2024-09-17 21:37:47,787 [INFO] CodeEngine:279 - Generated code: /home/lorolol/Baja/firmware/Dianteira_mpu/CM4/Core/Src/fdcan.c
2024-09-17 21:37:47,793 [INFO] CodeEngine:255 - oldGeneratedFile, /home/lorolol/Baja/firmware/Dianteira_mpu/CM4/Core/Inc/fdcan.h_save
2024-09-17 21:37:47,871 [INFO] CodeEngine:279 - Generated code: /home/lorolol/Baja/firmware/Dianteira_mpu/CM4/Core/Inc/fdcan.h
2024-09-17 21:37:47,874 [INFO] CodeEngine:255 - oldGeneratedFile, /home/lorolol/Baja/firmware/Dianteira_mpu/CM4/Core/Src/ipcc.c_save
2024-09-17 21:37:47,961 [INFO] CodeEngine:279 - Generated code: /home/lorolol/Baja/firmware/Dianteira_mpu/CM4/Core/Src/ipcc.c
2024-09-17 21:37:47,961 [INFO] CodeEngine:255 - oldGeneratedFile, /home/lorolol/Baja/firmware/Dianteira_mpu/CM4/Core/Inc/ipcc.h_save
2024-09-17 21:37:48,022 [INFO] CodeEngine:279 - Generated code: /home/lorolol/Baja/firmware/Dianteira_mpu/CM4/Core/Inc/ipcc.h
2024-09-17 21:37:48,022 [INFO] Middleware:1439 - No code input for Bsp Dependency
2024-09-17 21:37:48,024 [INFO] CodeEngine:255 - oldGeneratedFile, /home/lorolol/Baja/firmware/Dianteira_mpu/CM4/OPENAMP/openamp_conf.h_save
2024-09-17 21:37:48,092 [INFO] CodeEngine:279 - Generated code: /home/lorolol/Baja/firmware/Dianteira_mpu/CM4/OPENAMP/openamp_conf.h
2024-09-17 21:37:48,094 [INFO] CodeEngine:255 - oldGeneratedFile, /home/lorolol/Baja/firmware/Dianteira_mpu/CM4/OPENAMP/mbox_ipcc.h_save
2024-09-17 21:37:48,180 [INFO] CodeEngine:279 - Generated code: /home/lorolol/Baja/firmware/Dianteira_mpu/CM4/OPENAMP/mbox_ipcc.h
2024-09-17 21:37:48,182 [INFO] CodeEngine:255 - oldGeneratedFile, /home/lorolol/Baja/firmware/Dianteira_mpu/CM4/OPENAMP/openamp.h_save
2024-09-17 21:37:48,267 [INFO] CodeEngine:279 - Generated code: /home/lorolol/Baja/firmware/Dianteira_mpu/CM4/OPENAMP/openamp.h
2024-09-17 21:37:48,269 [INFO] CodeEngine:255 - oldGeneratedFile, /home/lorolol/Baja/firmware/Dianteira_mpu/CM4/OPENAMP/rsc_table.h_save
2024-09-17 21:37:48,358 [INFO] CodeEngine:279 - Generated code: /home/lorolol/Baja/firmware/Dianteira_mpu/CM4/OPENAMP/rsc_table.h
2024-09-17 21:37:48,360 [INFO] CodeEngine:255 - oldGeneratedFile, /home/lorolol/Baja/firmware/Dianteira_mpu/CM4/OPENAMP/mbox_ipcc.c_save
2024-09-17 21:37:48,479 [INFO] CodeEngine:279 - Generated code: /home/lorolol/Baja/firmware/Dianteira_mpu/CM4/OPENAMP/mbox_ipcc.c
2024-09-17 21:37:48,481 [INFO] CodeEngine:255 - oldGeneratedFile, /home/lorolol/Baja/firmware/Dianteira_mpu/CM4/OPENAMP/openamp.c_save
2024-09-17 21:37:48,554 [INFO] CodeEngine:279 - Generated code: /home/lorolol/Baja/firmware/Dianteira_mpu/CM4/OPENAMP/openamp.c
2024-09-17 21:37:48,555 [INFO] CodeEngine:255 - oldGeneratedFile, /home/lorolol/Baja/firmware/Dianteira_mpu/CM4/OPENAMP/rsc_table.c_save
2024-09-17 21:37:48,615 [INFO] CodeEngine:279 - Generated code: /home/lorolol/Baja/firmware/Dianteira_mpu/CM4/OPENAMP/rsc_table.c
2024-09-17 21:37:48,617 [INFO] CodeEngine:255 - oldGeneratedFile, /home/lorolol/Baja/firmware/Dianteira_mpu/CM4/OPENAMP/openamp_log.h_save
2024-09-17 21:37:48,681 [INFO] CodeEngine:279 - Generated code: /home/lorolol/Baja/firmware/Dianteira_mpu/CM4/OPENAMP/openamp_log.h
2024-09-17 21:37:48,683 [INFO] CodeEngine:255 - oldGeneratedFile, /home/lorolol/Baja/firmware/Dianteira_mpu/CM4/OPENAMP/openamp_log.c_save
2024-09-17 21:37:48,738 [INFO] CodeEngine:279 - Generated code: /home/lorolol/Baja/firmware/Dianteira_mpu/CM4/OPENAMP/openamp_log.c
2024-09-17 21:37:48,782 [INFO] CodeEngine:255 - oldGeneratedFile, /home/lorolol/Baja/firmware/Dianteira_mpu/CM4/Core/Src/stm32mp1xx_it.c_save
2024-09-17 21:37:48,958 [INFO] CodeEngine:279 - Generated code: /home/lorolol/Baja/firmware/Dianteira_mpu/CM4/Core/Src/stm32mp1xx_it.c
2024-09-17 21:37:48,960 [INFO] CodeEngine:255 - oldGeneratedFile, /home/lorolol/Baja/firmware/Dianteira_mpu/CM4/Core/Inc/stm32mp1xx_it.h_save
2024-09-17 21:37:49,025 [INFO] CodeEngine:279 - Generated code: /home/lorolol/Baja/firmware/Dianteira_mpu/CM4/Core/Inc/stm32mp1xx_it.h
2024-09-17 21:37:49,061 [INFO] CodeEngine:255 - oldGeneratedFile, /home/lorolol/Baja/firmware/Dianteira_mpu/CM4/Core/Src/stm32mp1xx_hal_msp.c_save
2024-09-17 21:37:49,196 [INFO] CodeEngine:279 - Generated code: /home/lorolol/Baja/firmware/Dianteira_mpu/CM4/Core/Src/stm32mp1xx_hal_msp.c
2024-09-17 21:37:49,198 [INFO] CodeEngine:255 - oldGeneratedFile, /home/lorolol/Baja/firmware/Dianteira_mpu/CM4/MXTmpFiles/system.tmp_save
2024-09-17 21:37:49,249 [INFO] CodeEngine:279 - Generated code: /home/lorolol/Baja/firmware/Dianteira_mpu/CM4/MXTmpFiles/system.tmp
2024-09-17 21:37:49,251 [INFO] CodeEngine:311 - oldGeneratedFile, /home/lorolol/Baja/firmware/Dianteira_mpu/CM4/Core/Inc/stm32mp1xx_hal_conf.h_save
2024-09-17 21:37:49,320 [INFO] CodeEngine:335 - Generated code: /home/lorolol/Baja/firmware/Dianteira_mpu/CM4/Core/Inc/stm32mp1xx_hal_conf.h
2024-09-17 21:37:49,344 [INFO] CodeEngine:255 - oldGeneratedFile, /home/lorolol/Baja/firmware/Dianteira_mpu/CM4/Core/Inc/main.h_save
2024-09-17 21:37:49,414 [INFO] CodeEngine:279 - Generated code: /home/lorolol/Baja/firmware/Dianteira_mpu/CM4/Core/Inc/main.h
2024-09-17 21:37:49,416 [INFO] CodeEngine:255 - oldGeneratedFile, /home/lorolol/Baja/firmware/Dianteira_mpu/CM4/Core/Src/main.c_save
2024-09-17 21:37:49,508 [INFO] CodeEngine:279 - Generated code: /home/lorolol/Baja/firmware/Dianteira_mpu/CM4/Core/Src/main.c
2024-09-17 21:37:49,569 [INFO] DTGenerator:254 - 

>>> DTGen : IN

2024-09-17 21:37:49,633 [INFO] GenProcessManager:166 - 
2024-09-17 21:37:49,633 [INFO] GenProcessManager:167 - Launching process: kernel-dtsBind

2024-09-17 21:37:49,633 [INFO] GenerationProcess:393 - 

GenProcess for OUTPUT : processName=kernel-dtsBind - Output=kernel
=======================

2024-09-17 21:37:49,633 [INFO] GenerationProcess:393 - 

GenProcess for OUTPUT : processName=kernel-dtsBind - Output=u-boot
=======================

2024-09-17 21:37:49,634 [INFO] GenProcessDtsBind:271 -   >>> FW bind process - processName=kernel-dtsBind - FW=LINUX - matchingCtxt=CortexA7NS

2024-09-17 21:37:49,645 [INFO] GenProcessDtsBind:271 -   >>> FW bind process - processName=kernel-dtsBind - FW=CUBE - matchingCtxt=CortexM4

2024-09-17 21:37:49,650 [INFO] CodeEngine:255 - oldGeneratedFile, /home/lorolol/Baja/firmware/Dianteira_mpu/CA7/DeviceTree/Dianteira_mpu/kernel/stm32mp157f-dianteira_mpu-mx.dts_save
2024-09-17 21:37:49,950 [INFO] CodeEngine:279 - Generated code: /home/lorolol/Baja/firmware/Dianteira_mpu/CA7/DeviceTree/Dianteira_mpu/kernel/stm32mp157f-dianteira_mpu-mx.dts
2024-09-17 21:37:49,952 [INFO] GenProcessManager:166 - 
2024-09-17 21:37:49,952 [INFO] GenProcessManager:167 - Launching process: ddrConfigGen

2024-09-17 21:37:49,952 [INFO] GenerationProcess:393 - 

GenProcess for OUTPUT : processName=ddrConfigGen - Output=tf-a
=======================

2024-09-17 21:37:49,952 [INFO] DdrService:413 - [DDR SERVICE(MCU)] The IP object exists and the DDR configuration is valid
2024-09-17 21:37:49,952 [INFO] DdrService:413 - [DDR SERVICE(MCU)] The IP object exists and the DDR configuration is valid
2024-09-17 21:37:49,960 [INFO] GenProcessManager:166 - 
2024-09-17 21:37:49,960 [INFO] GenProcessManager:167 - Launching process: uboot-dtsBind

2024-09-17 21:37:49,960 [INFO] GenerationProcess:393 - 

GenProcess for OUTPUT : processName=uboot-dtsBind - Output=u-boot
=======================

2024-09-17 21:37:49,960 [INFO] GenProcessDtsBind:271 -   >>> FW bind process - processName=uboot-dtsBind - FW=U-BOOT - matchingCtxt=

2024-09-17 21:37:49,964 [INFO] CodeEngine:255 - oldGeneratedFile, /home/lorolol/Baja/firmware/Dianteira_mpu/CA7/DeviceTree/Dianteira_mpu/u-boot/stm32mp157f-dianteira_mpu-mx-u-boot.dtsi_save
2024-09-17 21:37:50,050 [INFO] CodeEngine:279 - Generated code: /home/lorolol/Baja/firmware/Dianteira_mpu/CA7/DeviceTree/Dianteira_mpu/u-boot/stm32mp157f-dianteira_mpu-mx-u-boot.dtsi
2024-09-17 21:37:50,050 [INFO] GenProcessManager:166 - 
2024-09-17 21:37:50,050 [INFO] GenProcessManager:167 - Launching process: tfa-dtsBind

2024-09-17 21:37:50,050 [INFO] GenerationProcess:393 - 

GenProcess for OUTPUT : processName=tfa-dtsBind - Output=tf-a
=======================

2024-09-17 21:37:50,050 [INFO] GenProcessDtsBind:271 -   >>> FW bind process - processName=tfa-dtsBind - FW=TF-A - matchingCtxt=BootLoader

2024-09-17 21:37:50,056 [INFO] CodeEngine:255 - oldGeneratedFile, /home/lorolol/Baja/firmware/Dianteira_mpu/CA7/DeviceTree/Dianteira_mpu/tf-a/stm32mp157f-dianteira_mpu-mx.dts_save
2024-09-17 21:37:50,237 [INFO] CodeEngine:279 - Generated code: /home/lorolol/Baja/firmware/Dianteira_mpu/CA7/DeviceTree/Dianteira_mpu/tf-a/stm32mp157f-dianteira_mpu-mx.dts
2024-09-17 21:37:50,238 [INFO] GenProcessManager:166 - 
2024-09-17 21:37:50,238 [INFO] GenProcessManager:167 - Launching process: fwconfig-dtsBind

2024-09-17 21:37:50,238 [INFO] GenerationProcess:393 - 

GenProcess for OUTPUT : processName=fwconfig-dtsBind - Output=tf-a
=======================

2024-09-17 21:37:50,238 [INFO] CodeEngine:255 - oldGeneratedFile, /home/lorolol/Baja/firmware/Dianteira_mpu/CA7/DeviceTree/Dianteira_mpu/tf-a/stm32mp157f-dianteira_mpu-mx-fw-config.dts_save
2024-09-17 21:37:50,322 [INFO] CodeEngine:279 - Generated code: /home/lorolol/Baja/firmware/Dianteira_mpu/CA7/DeviceTree/Dianteira_mpu/tf-a/stm32mp157f-dianteira_mpu-mx-fw-config.dts
2024-09-17 21:37:50,322 [INFO] GenProcessManager:166 - 
2024-09-17 21:37:50,322 [INFO] GenProcessManager:167 - Launching process: optee-dtsBind

2024-09-17 21:37:50,322 [INFO] GenerationProcess:393 - 

GenProcess for OUTPUT : processName=optee-dtsBind - Output=optee-os
=======================

2024-09-17 21:37:50,322 [INFO] GenProcessDtsBind:271 -   >>> FW bind process - processName=optee-dtsBind - FW=OP-TEE - matchingCtxt=CortexA7S

2024-09-17 21:37:50,330 [INFO] CodeEngine:255 - oldGeneratedFile, /home/lorolol/Baja/firmware/Dianteira_mpu/CA7/DeviceTree/Dianteira_mpu/optee-os/stm32mp157f-dianteira_mpu-mx.dts_save
2024-09-17 21:37:50,481 [INFO] CodeEngine:279 - Generated code: /home/lorolol/Baja/firmware/Dianteira_mpu/CA7/DeviceTree/Dianteira_mpu/optee-os/stm32mp157f-dianteira_mpu-mx.dts
2024-09-17 21:37:50,482 [INFO] DTGenerator:354 - 

>>> DTGen : OUT

2024-09-17 21:37:50,659 [INFO] ProjectBuilder:3163 - Time for Copy HAL[1] : 48mS.
2024-09-17 21:37:50,661 [INFO] ProjectBuilder:4736 - Project Generator version: 4.3.0-B58
2024-09-17 21:37:50,727 [INFO] ConfigFileManager:1503 - The Die is : DIE500
2024-09-17 21:37:52,738 [INFO] ProjectBuilder:5002 - Time for Generating toolchain IDE Files: 2078mS.
2024-09-17 21:37:52,738 [INFO] ProjectBuilder:3034 - Time for Copy CMSIS : 0mS.
2024-09-17 21:37:52,741 [INFO] ProjectBuilder:3034 - Time for Copy CMSIS : 1mS.
