/home/pauli/baja/firmware/Dianteira_mpu/Drivers/STM32MP1xx_HAL_Driver/Src/stm32mp1xx_hal_uart.c:3479:13:UART_EndTxTransfer	0	static
/home/pauli/baja/firmware/Dianteira_mpu/Drivers/STM32MP1xx_HAL_Driver/Src/stm32mp1xx_hal_uart.c:3495:13:UART_EndRxTransfer	0	static
/home/pauli/baja/firmware/Dianteira_mpu/Drivers/STM32MP1xx_HAL_Driver/Src/stm32mp1xx_hal_uart.c:4121:13:UART_TxISR_8BIT	0	static
/home/pauli/baja/firmware/Dianteira_mpu/Drivers/STM32MP1xx_HAL_Driver/Src/stm32mp1xx_hal_uart.c:4150:13:UART_TxISR_16BIT	0	static
/home/pauli/baja/firmware/Dianteira_mpu/Drivers/STM32MP1xx_HAL_Driver/Src/stm32mp1xx_hal_uart.c:4182:13:UART_TxISR_8BIT_FIFOEN	8	static
/home/pauli/baja/firmware/Dianteira_mpu/Drivers/STM32MP1xx_HAL_Driver/Src/stm32mp1xx_hal_uart.c:4222:13:UART_TxISR_16BIT_FIFOEN	8	static
/home/pauli/baja/firmware/Dianteira_mpu/Drivers/STM32MP1xx_HAL_Driver/Src/stm32mp1xx_hal_uart.c:665:13:HAL_UART_MspInit	0	static
/home/pauli/baja/firmware/Dianteira_mpu/Drivers/STM32MP1xx_HAL_Driver/Src/stm32mp1xx_hal_uart.c:680:13:HAL_UART_MspDeInit	0	static
/home/pauli/baja/firmware/Dianteira_mpu/Drivers/STM32MP1xx_HAL_Driver/Src/stm32mp1xx_hal_uart.c:620:19:HAL_UART_DeInit	16	static
/home/pauli/baja/firmware/Dianteira_mpu/Drivers/STM32MP1xx_HAL_Driver/Src/stm32mp1xx_hal_uart.c:1213:19:HAL_UART_Transmit_IT	8	static
/home/pauli/baja/firmware/Dianteira_mpu/Drivers/STM32MP1xx_HAL_Driver/Src/stm32mp1xx_hal_uart.c:1287:19:HAL_UART_Receive_IT	8	static
/home/pauli/baja/firmware/Dianteira_mpu/Drivers/STM32MP1xx_HAL_Driver/Src/stm32mp1xx_hal_uart.c:1368:19:HAL_UART_Transmit_DMA	32	static
/home/pauli/baja/firmware/Dianteira_mpu/Drivers/STM32MP1xx_HAL_Driver/Src/stm32mp1xx_hal_uart.c:1471:19:HAL_UART_Receive_DMA	32	static
/home/pauli/baja/firmware/Dianteira_mpu/Drivers/STM32MP1xx_HAL_Driver/Src/stm32mp1xx_hal_uart.c:1569:19:HAL_UART_DMAPause	8	static
/home/pauli/baja/firmware/Dianteira_mpu/Drivers/STM32MP1xx_HAL_Driver/Src/stm32mp1xx_hal_uart.c:1603:19:HAL_UART_DMAResume	0	static
/home/pauli/baja/firmware/Dianteira_mpu/Drivers/STM32MP1xx_HAL_Driver/Src/stm32mp1xx_hal_uart.c:1635:19:HAL_UART_DMAStop	16	static
/home/pauli/baja/firmware/Dianteira_mpu/Drivers/STM32MP1xx_HAL_Driver/Src/stm32mp1xx_hal_uart.c:1742:19:HAL_UART_Abort	8	static
/home/pauli/baja/firmware/Dianteira_mpu/Drivers/STM32MP1xx_HAL_Driver/Src/stm32mp1xx_hal_uart.c:1875:19:HAL_UART_AbortTransmit	8	static
/home/pauli/baja/firmware/Dianteira_mpu/Drivers/STM32MP1xx_HAL_Driver/Src/stm32mp1xx_hal_uart.c:1953:19:HAL_UART_AbortReceive	8	static
/home/pauli/baja/firmware/Dianteira_mpu/Drivers/STM32MP1xx_HAL_Driver/Src/stm32mp1xx_hal_uart.c:2698:13:HAL_UART_TxCpltCallback	0	static
/home/pauli/baja/firmware/Dianteira_mpu/Drivers/STM32MP1xx_HAL_Driver/Src/stm32mp1xx_hal_uart.c:3851:13:UART_MDMATransmitCplt	8	static
/home/pauli/baja/firmware/Dianteira_mpu/Drivers/STM32MP1xx_HAL_Driver/Src/stm32mp1xx_hal_uart.c:3514:13:UART_DMATransmitCplt	8	static
/home/pauli/baja/firmware/Dianteira_mpu/Drivers/STM32MP1xx_HAL_Driver/Src/stm32mp1xx_hal_uart.c:2713:13:HAL_UART_TxHalfCpltCallback	0	static
/home/pauli/baja/firmware/Dianteira_mpu/Drivers/STM32MP1xx_HAL_Driver/Src/stm32mp1xx_hal_uart.c:3548:13:UART_DMATxHalfCplt	8	static
/home/pauli/baja/firmware/Dianteira_mpu/Drivers/STM32MP1xx_HAL_Driver/Src/stm32mp1xx_hal_uart.c:2728:13:HAL_UART_RxCpltCallback	0	static
/home/pauli/baja/firmware/Dianteira_mpu/Drivers/STM32MP1xx_HAL_Driver/Src/stm32mp1xx_hal_uart.c:4288:13:UART_RxISR_8BIT	8	static
/home/pauli/baja/firmware/Dianteira_mpu/Drivers/STM32MP1xx_HAL_Driver/Src/stm32mp1xx_hal_uart.c:4338:13:UART_RxISR_16BIT	8	static
/home/pauli/baja/firmware/Dianteira_mpu/Drivers/STM32MP1xx_HAL_Driver/Src/stm32mp1xx_hal_uart.c:4390:13:UART_RxISR_8BIT_FIFOEN	24	static
/home/pauli/baja/firmware/Dianteira_mpu/Drivers/STM32MP1xx_HAL_Driver/Src/stm32mp1xx_hal_uart.c:4462:13:UART_RxISR_16BIT_FIFOEN	24	static
/home/pauli/baja/firmware/Dianteira_mpu/Drivers/STM32MP1xx_HAL_Driver/Src/stm32mp1xx_hal_uart.c:3878:13:UART_MDMAReceiveCplt	8	static
/home/pauli/baja/firmware/Dianteira_mpu/Drivers/STM32MP1xx_HAL_Driver/Src/stm32mp1xx_hal_uart.c:3566:13:UART_DMAReceiveCplt	8	static
/home/pauli/baja/firmware/Dianteira_mpu/Drivers/STM32MP1xx_HAL_Driver/Src/stm32mp1xx_hal_uart.c:2743:13:HAL_UART_RxHalfCpltCallback	0	static
/home/pauli/baja/firmware/Dianteira_mpu/Drivers/STM32MP1xx_HAL_Driver/Src/stm32mp1xx_hal_uart.c:3601:13:UART_DMARxHalfCplt	8	static
/home/pauli/baja/firmware/Dianteira_mpu/Drivers/STM32MP1xx_HAL_Driver/Src/stm32mp1xx_hal_uart.c:2758:13:HAL_UART_ErrorCallback	0	static
/home/pauli/baja/firmware/Dianteira_mpu/Drivers/STM32MP1xx_HAL_Driver/Src/stm32mp1xx_hal_uart.c:3910:13:UART_MDMAError	8	static
/home/pauli/baja/firmware/Dianteira_mpu/Drivers/STM32MP1xx_HAL_Driver/Src/stm32mp1xx_hal_uart.c:3619:13:UART_DMAError	8	static
/home/pauli/baja/firmware/Dianteira_mpu/Drivers/STM32MP1xx_HAL_Driver/Src/stm32mp1xx_hal_uart.c:2450:6:HAL_UART_IRQHandler	24	static
/home/pauli/baja/firmware/Dianteira_mpu/Drivers/STM32MP1xx_HAL_Driver/Src/stm32mp1xx_hal_uart.c:3946:13:UART_MDMAAbortOnError	8	static
/home/pauli/baja/firmware/Dianteira_mpu/Drivers/STM32MP1xx_HAL_Driver/Src/stm32mp1xx_hal_uart.c:3659:13:UART_DMAAbortOnError	8	static
/home/pauli/baja/firmware/Dianteira_mpu/Drivers/STM32MP1xx_HAL_Driver/Src/stm32mp1xx_hal_uart.c:2773:13:HAL_UART_AbortCpltCallback	0	static
/home/pauli/baja/firmware/Dianteira_mpu/Drivers/STM32MP1xx_HAL_Driver/Src/stm32mp1xx_hal_uart.c:2033:19:HAL_UART_Abort_IT	16	static
/home/pauli/baja/firmware/Dianteira_mpu/Drivers/STM32MP1xx_HAL_Driver/Src/stm32mp1xx_hal_uart.c:4016:13:UART_MDMARxAbortCallback	8	static
/home/pauli/baja/firmware/Dianteira_mpu/Drivers/STM32MP1xx_HAL_Driver/Src/stm32mp1xx_hal_uart.c:3969:13:UART_MDMATxAbortCallback	8	static
/home/pauli/baja/firmware/Dianteira_mpu/Drivers/STM32MP1xx_HAL_Driver/Src/stm32mp1xx_hal_uart.c:3736:13:UART_DMARxAbortCallback	8	static
/home/pauli/baja/firmware/Dianteira_mpu/Drivers/STM32MP1xx_HAL_Driver/Src/stm32mp1xx_hal_uart.c:3682:13:UART_DMATxAbortCallback	8	static
/home/pauli/baja/firmware/Dianteira_mpu/Drivers/STM32MP1xx_HAL_Driver/Src/stm32mp1xx_hal_uart.c:2788:13:HAL_UART_AbortTransmitCpltCallback	0	static
/home/pauli/baja/firmware/Dianteira_mpu/Drivers/STM32MP1xx_HAL_Driver/Src/stm32mp1xx_hal_uart.c:2244:19:HAL_UART_AbortTransmit_IT	8	static
/home/pauli/baja/firmware/Dianteira_mpu/Drivers/STM32MP1xx_HAL_Driver/Src/stm32mp1xx_hal_uart.c:4064:13:UART_MDMATxOnlyAbortCallback	8	static
/home/pauli/baja/firmware/Dianteira_mpu/Drivers/STM32MP1xx_HAL_Driver/Src/stm32mp1xx_hal_uart.c:3787:13:UART_DMATxOnlyAbortCallback	8	static
/home/pauli/baja/firmware/Dianteira_mpu/Drivers/STM32MP1xx_HAL_Driver/Src/stm32mp1xx_hal_uart.c:2803:13:HAL_UART_AbortReceiveCpltCallback	0	static
/home/pauli/baja/firmware/Dianteira_mpu/Drivers/STM32MP1xx_HAL_Driver/Src/stm32mp1xx_hal_uart.c:2350:19:HAL_UART_AbortReceive_IT	8	static
/home/pauli/baja/firmware/Dianteira_mpu/Drivers/STM32MP1xx_HAL_Driver/Src/stm32mp1xx_hal_uart.c:4091:13:UART_MDMARxOnlyAbortCallback	8	static
/home/pauli/baja/firmware/Dianteira_mpu/Drivers/STM32MP1xx_HAL_Driver/Src/stm32mp1xx_hal_uart.c:3820:13:UART_DMARxOnlyAbortCallback	8	static
/home/pauli/baja/firmware/Dianteira_mpu/Drivers/STM32MP1xx_HAL_Driver/Src/stm32mp1xx_hal_uart.c:2850:6:HAL_UART_ReceiverTimeout_Config	0	static
/home/pauli/baja/firmware/Dianteira_mpu/Drivers/STM32MP1xx_HAL_Driver/Src/stm32mp1xx_hal_uart.c:2862:19:HAL_UART_EnableReceiverTimeout	0	static
/home/pauli/baja/firmware/Dianteira_mpu/Drivers/STM32MP1xx_HAL_Driver/Src/stm32mp1xx_hal_uart.c:2893:19:HAL_UART_DisableReceiverTimeout	0	static
/home/pauli/baja/firmware/Dianteira_mpu/Drivers/STM32MP1xx_HAL_Driver/Src/stm32mp1xx_hal_uart.c:2964:6:HAL_MultiProcessor_EnterMuteMode	0	static
/home/pauli/baja/firmware/Dianteira_mpu/Drivers/STM32MP1xx_HAL_Driver/Src/stm32mp1xx_hal_uart.c:2974:19:HAL_HalfDuplex_EnableTransmitter	0	static
/home/pauli/baja/firmware/Dianteira_mpu/Drivers/STM32MP1xx_HAL_Driver/Src/stm32mp1xx_hal_uart.c:2997:19:HAL_HalfDuplex_EnableReceiver	0	static
/home/pauli/baja/firmware/Dianteira_mpu/Drivers/STM32MP1xx_HAL_Driver/Src/stm32mp1xx_hal_uart.c:3021:19:HAL_LIN_SendBreak	0	static
/home/pauli/baja/firmware/Dianteira_mpu/Drivers/STM32MP1xx_HAL_Driver/Src/stm32mp1xx_hal_uart.c:3066:23:HAL_UART_GetState	0	static
/home/pauli/baja/firmware/Dianteira_mpu/Drivers/STM32MP1xx_HAL_Driver/Src/stm32mp1xx_hal_uart.c:3082:10:HAL_UART_GetError	0	static
/home/pauli/baja/firmware/Dianteira_mpu/Drivers/STM32MP1xx_HAL_Driver/Src/stm32mp1xx_hal_uart.c:3127:19:UART_SetConfig	40	static
/home/pauli/baja/firmware/Dianteira_mpu/Drivers/STM32MP1xx_HAL_Driver/Src/stm32mp1xx_hal_uart.c:3300:6:UART_AdvFeatureConfig	8	static
/home/pauli/baja/firmware/Dianteira_mpu/Drivers/STM32MP1xx_HAL_Driver/Src/stm32mp1xx_hal_uart.c:3424:19:UART_WaitOnFlagUntilTimeout	32	static
/home/pauli/baja/firmware/Dianteira_mpu/Drivers/STM32MP1xx_HAL_Driver/Src/stm32mp1xx_hal_uart.c:1039:19:HAL_UART_Transmit	40	static
/home/pauli/baja/firmware/Dianteira_mpu/Drivers/STM32MP1xx_HAL_Driver/Src/stm32mp1xx_hal_uart.c:1128:19:HAL_UART_Receive	40	static
/home/pauli/baja/firmware/Dianteira_mpu/Drivers/STM32MP1xx_HAL_Driver/Src/stm32mp1xx_hal_uart.c:3374:19:UART_CheckIdleState	24	static
/home/pauli/baja/firmware/Dianteira_mpu/Drivers/STM32MP1xx_HAL_Driver/Src/stm32mp1xx_hal_uart.c:303:19:HAL_UART_Init	8	static
/home/pauli/baja/firmware/Dianteira_mpu/Drivers/STM32MP1xx_HAL_Driver/Src/stm32mp1xx_hal_uart.c:376:19:HAL_HalfDuplex_Init	8	static
/home/pauli/baja/firmware/Dianteira_mpu/Drivers/STM32MP1xx_HAL_Driver/Src/stm32mp1xx_hal_uart.c:449:19:HAL_LIN_Init	16	static
/home/pauli/baja/firmware/Dianteira_mpu/Drivers/STM32MP1xx_HAL_Driver/Src/stm32mp1xx_hal_uart.c:546:19:HAL_MultiProcessor_Init	16	static
/home/pauli/baja/firmware/Dianteira_mpu/Drivers/STM32MP1xx_HAL_Driver/Src/stm32mp1xx_hal_uart.c:2924:19:HAL_MultiProcessor_EnableMuteMode	0	static
/home/pauli/baja/firmware/Dianteira_mpu/Drivers/STM32MP1xx_HAL_Driver/Src/stm32mp1xx_hal_uart.c:2944:19:HAL_MultiProcessor_DisableMuteMode	0	static
