/home/pauli/baja/firmware/Dianteira_mpu/Drivers/STM32MP1xx_HAL_Driver/Src/stm32mp1xx_hal_i2c_ex.c:96:19:HAL_I2CEx_ConfigAnalogFilter	8	static
/home/pauli/baja/firmware/Dianteira_mpu/Drivers/STM32MP1xx_HAL_Driver/Src/stm32mp1xx_hal_i2c_ex.c:140:19:HAL_I2CEx_ConfigDigitalFilter	8	static
/home/pauli/baja/firmware/Dianteira_mpu/Drivers/STM32MP1xx_HAL_Driver/Src/stm32mp1xx_hal_i2c_ex.c:208:19:HAL_I2CEx_EnableWakeUp	0	static
/home/pauli/baja/firmware/Dianteira_mpu/Drivers/STM32MP1xx_HAL_Driver/Src/stm32mp1xx_hal_i2c_ex.c:247:19:HAL_I2CEx_DisableWakeUp	0	static
/home/pauli/baja/firmware/Dianteira_mpu/Drivers/STM32MP1xx_HAL_Driver/Src/stm32mp1xx_hal_i2c_ex.c:318:6:HAL_I2CEx_EnableFastModePlus	0	static
/home/pauli/baja/firmware/Dianteira_mpu/Drivers/STM32MP1xx_HAL_Driver/Src/stm32mp1xx_hal_i2c_ex.c:351:6:HAL_I2CEx_DisableFastModePlus	0	static
