/home/pauli/baja/firmware/Dianteira_mpu/Drivers/STM32MP1xx_HAL_Driver/Src/stm32mp1xx_hal_fdcan.c:5032:13:FDCAN_CopyMessageToRAM	20	static
/home/pauli/baja/firmware/Dianteira_mpu/Drivers/STM32MP1xx_HAL_Driver/Src/stm32mp1xx_hal_fdcan.c:515:13:HAL_FDCAN_MspInit	0	static
/home/pauli/baja/firmware/Dianteira_mpu/Drivers/STM32MP1xx_HAL_Driver/Src/stm32mp1xx_hal_fdcan.c:209:19:HAL_FDCAN_Init	136	static
/home/pauli/baja/firmware/Dianteira_mpu/Drivers/STM32MP1xx_HAL_Driver/Src/stm32mp1xx_hal_fdcan.c:530:13:HAL_FDCAN_MspDeInit	0	static
/home/pauli/baja/firmware/Dianteira_mpu/Drivers/STM32MP1xx_HAL_Driver/Src/stm32mp1xx_hal_fdcan.c:545:19:HAL_FDCAN_EnterPowerDownMode	16	static
/home/pauli/baja/firmware/Dianteira_mpu/Drivers/STM32MP1xx_HAL_Driver/Src/stm32mp1xx_hal_fdcan.c:580:19:HAL_FDCAN_ExitPowerDownMode	16	static
/home/pauli/baja/firmware/Dianteira_mpu/Drivers/STM32MP1xx_HAL_Driver/Src/stm32mp1xx_hal_fdcan.c:666:19:HAL_FDCAN_ConfigClockCalibration	8	static
/home/pauli/baja/firmware/Dianteira_mpu/Drivers/STM32MP1xx_HAL_Driver/Src/stm32mp1xx_hal_fdcan.c:734:10:HAL_FDCAN_GetClockCalibrationState	0	static
/home/pauli/baja/firmware/Dianteira_mpu/Drivers/STM32MP1xx_HAL_Driver/Src/stm32mp1xx_hal_fdcan.c:748:19:HAL_FDCAN_ResetClockCalibrationState	0	static
/home/pauli/baja/firmware/Dianteira_mpu/Drivers/STM32MP1xx_HAL_Driver/Src/stm32mp1xx_hal_fdcan.c:784:10:HAL_FDCAN_GetClockCalibrationCounter	0	static
/home/pauli/baja/firmware/Dianteira_mpu/Drivers/STM32MP1xx_HAL_Driver/Src/stm32mp1xx_hal_fdcan.c:815:19:HAL_FDCAN_ConfigFilter	12	static
/home/pauli/baja/firmware/Dianteira_mpu/Drivers/STM32MP1xx_HAL_Driver/Src/stm32mp1xx_hal_fdcan.c:927:19:HAL_FDCAN_ConfigGlobalFilter	8	static
/home/pauli/baja/firmware/Dianteira_mpu/Drivers/STM32MP1xx_HAL_Driver/Src/stm32mp1xx_hal_fdcan.c:967:19:HAL_FDCAN_ConfigExtendedIdMask	0	static
/home/pauli/baja/firmware/Dianteira_mpu/Drivers/STM32MP1xx_HAL_Driver/Src/stm32mp1xx_hal_fdcan.c:1001:19:HAL_FDCAN_ConfigRxFifoOverwrite	0	static
/home/pauli/baja/firmware/Dianteira_mpu/Drivers/STM32MP1xx_HAL_Driver/Src/stm32mp1xx_hal_fdcan.c:1044:19:HAL_FDCAN_ConfigFifoWatermark	0	static
/home/pauli/baja/firmware/Dianteira_mpu/Drivers/STM32MP1xx_HAL_Driver/Src/stm32mp1xx_hal_fdcan.c:1094:19:HAL_FDCAN_ConfigRamWatchdog	0	static
/home/pauli/baja/firmware/Dianteira_mpu/Drivers/STM32MP1xx_HAL_Driver/Src/stm32mp1xx_hal_fdcan.c:1124:19:HAL_FDCAN_ConfigTimestampCounter	0	static
/home/pauli/baja/firmware/Dianteira_mpu/Drivers/STM32MP1xx_HAL_Driver/Src/stm32mp1xx_hal_fdcan.c:1154:19:HAL_FDCAN_EnableTimestampCounter	0	static
/home/pauli/baja/firmware/Dianteira_mpu/Drivers/STM32MP1xx_HAL_Driver/Src/stm32mp1xx_hal_fdcan.c:1182:19:HAL_FDCAN_DisableTimestampCounter	0	static
/home/pauli/baja/firmware/Dianteira_mpu/Drivers/STM32MP1xx_HAL_Driver/Src/stm32mp1xx_hal_fdcan.c:1207:10:HAL_FDCAN_GetTimestampCounter	0	static
/home/pauli/baja/firmware/Dianteira_mpu/Drivers/STM32MP1xx_HAL_Driver/Src/stm32mp1xx_hal_fdcan.c:1218:19:HAL_FDCAN_ResetTimestampCounter	0	static
/home/pauli/baja/firmware/Dianteira_mpu/Drivers/STM32MP1xx_HAL_Driver/Src/stm32mp1xx_hal_fdcan.c:1249:19:HAL_FDCAN_ConfigTimeoutCounter	0	static
/home/pauli/baja/firmware/Dianteira_mpu/Drivers/STM32MP1xx_HAL_Driver/Src/stm32mp1xx_hal_fdcan.c:1278:19:HAL_FDCAN_EnableTimeoutCounter	0	static
/home/pauli/baja/firmware/Dianteira_mpu/Drivers/STM32MP1xx_HAL_Driver/Src/stm32mp1xx_hal_fdcan.c:1303:19:HAL_FDCAN_DisableTimeoutCounter	0	static
/home/pauli/baja/firmware/Dianteira_mpu/Drivers/STM32MP1xx_HAL_Driver/Src/stm32mp1xx_hal_fdcan.c:1328:10:HAL_FDCAN_GetTimeoutCounter	0	static
/home/pauli/baja/firmware/Dianteira_mpu/Drivers/STM32MP1xx_HAL_Driver/Src/stm32mp1xx_hal_fdcan.c:1339:19:HAL_FDCAN_ResetTimeoutCounter	0	static
/home/pauli/baja/firmware/Dianteira_mpu/Drivers/STM32MP1xx_HAL_Driver/Src/stm32mp1xx_hal_fdcan.c:1369:19:HAL_FDCAN_ConfigTxDelayCompensation	0	static
/home/pauli/baja/firmware/Dianteira_mpu/Drivers/STM32MP1xx_HAL_Driver/Src/stm32mp1xx_hal_fdcan.c:1398:19:HAL_FDCAN_EnableTxDelayCompensation	0	static
/home/pauli/baja/firmware/Dianteira_mpu/Drivers/STM32MP1xx_HAL_Driver/Src/stm32mp1xx_hal_fdcan.c:1423:19:HAL_FDCAN_DisableTxDelayCompensation	0	static
/home/pauli/baja/firmware/Dianteira_mpu/Drivers/STM32MP1xx_HAL_Driver/Src/stm32mp1xx_hal_fdcan.c:1449:19:HAL_FDCAN_EnableISOMode	0	static
/home/pauli/baja/firmware/Dianteira_mpu/Drivers/STM32MP1xx_HAL_Driver/Src/stm32mp1xx_hal_fdcan.c:1475:19:HAL_FDCAN_DisableISOMode	0	static
/home/pauli/baja/firmware/Dianteira_mpu/Drivers/STM32MP1xx_HAL_Driver/Src/stm32mp1xx_hal_fdcan.c:1501:19:HAL_FDCAN_EnableEdgeFiltering	0	static
/home/pauli/baja/firmware/Dianteira_mpu/Drivers/STM32MP1xx_HAL_Driver/Src/stm32mp1xx_hal_fdcan.c:1527:19:HAL_FDCAN_DisableEdgeFiltering	0	static
/home/pauli/baja/firmware/Dianteira_mpu/Drivers/STM32MP1xx_HAL_Driver/Src/stm32mp1xx_hal_fdcan.c:1587:19:HAL_FDCAN_Start	0	static
/home/pauli/baja/firmware/Dianteira_mpu/Drivers/STM32MP1xx_HAL_Driver/Src/stm32mp1xx_hal_fdcan.c:1618:19:HAL_FDCAN_Stop	0	static
/home/pauli/baja/firmware/Dianteira_mpu/Drivers/STM32MP1xx_HAL_Driver/Src/stm32mp1xx_hal_fdcan.c:479:19:HAL_FDCAN_DeInit	8	static
/home/pauli/baja/firmware/Dianteira_mpu/Drivers/STM32MP1xx_HAL_Driver/Src/stm32mp1xx_hal_fdcan.c:1700:19:HAL_FDCAN_AddMessageToTxFifoQ	24	static
/home/pauli/baja/firmware/Dianteira_mpu/Drivers/STM32MP1xx_HAL_Driver/Src/stm32mp1xx_hal_fdcan.c:1778:19:HAL_FDCAN_AddMessageToTxBuffer	16	static,ignoring_inline_asm
/home/pauli/baja/firmware/Dianteira_mpu/Drivers/STM32MP1xx_HAL_Driver/Src/stm32mp1xx_hal_fdcan.c:1846:19:HAL_FDCAN_EnableTxBufferRequest	0	static
/home/pauli/baja/firmware/Dianteira_mpu/Drivers/STM32MP1xx_HAL_Driver/Src/stm32mp1xx_hal_fdcan.c:1873:10:HAL_FDCAN_GetLatestTxFifoQRequestBuffer	0	static
/home/pauli/baja/firmware/Dianteira_mpu/Drivers/STM32MP1xx_HAL_Driver/Src/stm32mp1xx_hal_fdcan.c:1887:19:HAL_FDCAN_AbortTxRequest	0	static
/home/pauli/baja/firmware/Dianteira_mpu/Drivers/STM32MP1xx_HAL_Driver/Src/stm32mp1xx_hal_fdcan.c:1916:19:HAL_FDCAN_GetRxMessage	20	static
/home/pauli/baja/firmware/Dianteira_mpu/Drivers/STM32MP1xx_HAL_Driver/Src/stm32mp1xx_hal_fdcan.c:2087:19:HAL_FDCAN_GetTxEvent	16	static
/home/pauli/baja/firmware/Dianteira_mpu/Drivers/STM32MP1xx_HAL_Driver/Src/stm32mp1xx_hal_fdcan.c:2182:19:HAL_FDCAN_GetHighPriorityMessageStatus	0	static
/home/pauli/baja/firmware/Dianteira_mpu/Drivers/STM32MP1xx_HAL_Driver/Src/stm32mp1xx_hal_fdcan.c:2200:19:HAL_FDCAN_GetProtocolStatus	0	static
/home/pauli/baja/firmware/Dianteira_mpu/Drivers/STM32MP1xx_HAL_Driver/Src/stm32mp1xx_hal_fdcan.c:2231:19:HAL_FDCAN_GetErrorCounters	0	static
/home/pauli/baja/firmware/Dianteira_mpu/Drivers/STM32MP1xx_HAL_Driver/Src/stm32mp1xx_hal_fdcan.c:2258:10:HAL_FDCAN_IsRxBufferMessageAvailable	0	static
/home/pauli/baja/firmware/Dianteira_mpu/Drivers/STM32MP1xx_HAL_Driver/Src/stm32mp1xx_hal_fdcan.c:2295:10:HAL_FDCAN_IsTxBufferMessagePending	0	static
/home/pauli/baja/firmware/Dianteira_mpu/Drivers/STM32MP1xx_HAL_Driver/Src/stm32mp1xx_hal_fdcan.c:2315:10:HAL_FDCAN_GetRxFifoFillLevel	0	static
/home/pauli/baja/firmware/Dianteira_mpu/Drivers/STM32MP1xx_HAL_Driver/Src/stm32mp1xx_hal_fdcan.c:2342:10:HAL_FDCAN_GetTxFifoFreeLevel	0	static
/home/pauli/baja/firmware/Dianteira_mpu/Drivers/STM32MP1xx_HAL_Driver/Src/stm32mp1xx_hal_fdcan.c:2360:10:HAL_FDCAN_IsRestrictedOperationMode	0	static
/home/pauli/baja/firmware/Dianteira_mpu/Drivers/STM32MP1xx_HAL_Driver/Src/stm32mp1xx_hal_fdcan.c:2376:19:HAL_FDCAN_ExitRestrictedOperationMode	0	static
/home/pauli/baja/firmware/Dianteira_mpu/Drivers/STM32MP1xx_HAL_Driver/Src/stm32mp1xx_hal_fdcan.c:2442:19:HAL_FDCAN_TT_ConfigOperation	24	static
/home/pauli/baja/firmware/Dianteira_mpu/Drivers/STM32MP1xx_HAL_Driver/Src/stm32mp1xx_hal_fdcan.c:2620:19:HAL_FDCAN_TT_ConfigReferenceMessage	8	static
/home/pauli/baja/firmware/Dianteira_mpu/Drivers/STM32MP1xx_HAL_Driver/Src/stm32mp1xx_hal_fdcan.c:2668:19:HAL_FDCAN_TT_ConfigTrigger	12	static,ignoring_inline_asm
/home/pauli/baja/firmware/Dianteira_mpu/Drivers/STM32MP1xx_HAL_Driver/Src/stm32mp1xx_hal_fdcan.c:2778:19:HAL_FDCAN_TT_SetGlobalTime	0	static
/home/pauli/baja/firmware/Dianteira_mpu/Drivers/STM32MP1xx_HAL_Driver/Src/stm32mp1xx_hal_fdcan.c:2852:19:HAL_FDCAN_TT_SetClockSynchronization	0	static
/home/pauli/baja/firmware/Dianteira_mpu/Drivers/STM32MP1xx_HAL_Driver/Src/stm32mp1xx_hal_fdcan.c:2928:19:HAL_FDCAN_TT_ConfigStopWatch	12	static
/home/pauli/baja/firmware/Dianteira_mpu/Drivers/STM32MP1xx_HAL_Driver/Src/stm32mp1xx_hal_fdcan.c:2989:19:HAL_FDCAN_TT_ConfigRegisterTimeMark	16	static
/home/pauli/baja/firmware/Dianteira_mpu/Drivers/STM32MP1xx_HAL_Driver/Src/stm32mp1xx_hal_fdcan.c:3110:19:HAL_FDCAN_TT_EnableRegisterTimeMarkPulse	0	static
/home/pauli/baja/firmware/Dianteira_mpu/Drivers/STM32MP1xx_HAL_Driver/Src/stm32mp1xx_hal_fdcan.c:3160:19:HAL_FDCAN_TT_DisableRegisterTimeMarkPulse	0	static
/home/pauli/baja/firmware/Dianteira_mpu/Drivers/STM32MP1xx_HAL_Driver/Src/stm32mp1xx_hal_fdcan.c:3210:19:HAL_FDCAN_TT_EnableTriggerTimeMarkPulse	0	static
/home/pauli/baja/firmware/Dianteira_mpu/Drivers/STM32MP1xx_HAL_Driver/Src/stm32mp1xx_hal_fdcan.c:3271:19:HAL_FDCAN_TT_DisableTriggerTimeMarkPulse	0	static
/home/pauli/baja/firmware/Dianteira_mpu/Drivers/STM32MP1xx_HAL_Driver/Src/stm32mp1xx_hal_fdcan.c:3332:19:HAL_FDCAN_TT_EnableHardwareGapControl	0	static
/home/pauli/baja/firmware/Dianteira_mpu/Drivers/STM32MP1xx_HAL_Driver/Src/stm32mp1xx_hal_fdcan.c:3393:19:HAL_FDCAN_TT_DisableHardwareGapControl	0	static
/home/pauli/baja/firmware/Dianteira_mpu/Drivers/STM32MP1xx_HAL_Driver/Src/stm32mp1xx_hal_fdcan.c:3456:19:HAL_FDCAN_TT_EnableTimeMarkGapControl	0	static
/home/pauli/baja/firmware/Dianteira_mpu/Drivers/STM32MP1xx_HAL_Driver/Src/stm32mp1xx_hal_fdcan.c:3517:19:HAL_FDCAN_TT_DisableTimeMarkGapControl	0	static
/home/pauli/baja/firmware/Dianteira_mpu/Drivers/STM32MP1xx_HAL_Driver/Src/stm32mp1xx_hal_fdcan.c:3578:19:HAL_FDCAN_TT_SetNextIsGap	0	static
/home/pauli/baja/firmware/Dianteira_mpu/Drivers/STM32MP1xx_HAL_Driver/Src/stm32mp1xx_hal_fdcan.c:3648:19:HAL_FDCAN_TT_SetEndOfGap	0	static
/home/pauli/baja/firmware/Dianteira_mpu/Drivers/STM32MP1xx_HAL_Driver/Src/stm32mp1xx_hal_fdcan.c:3722:19:HAL_FDCAN_TT_ConfigExternalSyncPhase	8	static
/home/pauli/baja/firmware/Dianteira_mpu/Drivers/STM32MP1xx_HAL_Driver/Src/stm32mp1xx_hal_fdcan.c:3763:19:HAL_FDCAN_TT_EnableExternalSynchronization	0	static
/home/pauli/baja/firmware/Dianteira_mpu/Drivers/STM32MP1xx_HAL_Driver/Src/stm32mp1xx_hal_fdcan.c:3813:19:HAL_FDCAN_TT_DisableExternalSynchronization	0	static
/home/pauli/baja/firmware/Dianteira_mpu/Drivers/STM32MP1xx_HAL_Driver/Src/stm32mp1xx_hal_fdcan.c:3864:19:HAL_FDCAN_TT_GetOperationStatus	0	static
/home/pauli/baja/firmware/Dianteira_mpu/Drivers/STM32MP1xx_HAL_Driver/Src/stm32mp1xx_hal_fdcan.c:3928:19:HAL_FDCAN_ConfigInterruptLines	0	static
/home/pauli/baja/firmware/Dianteira_mpu/Drivers/STM32MP1xx_HAL_Driver/Src/stm32mp1xx_hal_fdcan.c:3970:19:HAL_FDCAN_TT_ConfigInterruptLines	0	static
/home/pauli/baja/firmware/Dianteira_mpu/Drivers/STM32MP1xx_HAL_Driver/Src/stm32mp1xx_hal_fdcan.c:4016:19:HAL_FDCAN_ActivateNotification	0	static
/home/pauli/baja/firmware/Dianteira_mpu/Drivers/STM32MP1xx_HAL_Driver/Src/stm32mp1xx_hal_fdcan.c:4079:19:HAL_FDCAN_DeactivateNotification	0	static
/home/pauli/baja/firmware/Dianteira_mpu/Drivers/STM32MP1xx_HAL_Driver/Src/stm32mp1xx_hal_fdcan.c:4138:19:HAL_FDCAN_TT_ActivateNotification	8	static
/home/pauli/baja/firmware/Dianteira_mpu/Drivers/STM32MP1xx_HAL_Driver/Src/stm32mp1xx_hal_fdcan.c:4188:19:HAL_FDCAN_TT_DeactivateNotification	8	static
/home/pauli/baja/firmware/Dianteira_mpu/Drivers/STM32MP1xx_HAL_Driver/Src/stm32mp1xx_hal_fdcan.c:4571:13:HAL_FDCAN_ClockCalibrationCallback	0	static
/home/pauli/baja/firmware/Dianteira_mpu/Drivers/STM32MP1xx_HAL_Driver/Src/stm32mp1xx_hal_fdcan.c:4590:13:HAL_FDCAN_TxEventFifoCallback	0	static
/home/pauli/baja/firmware/Dianteira_mpu/Drivers/STM32MP1xx_HAL_Driver/Src/stm32mp1xx_hal_fdcan.c:4609:13:HAL_FDCAN_RxFifo0Callback	0	static
/home/pauli/baja/firmware/Dianteira_mpu/Drivers/STM32MP1xx_HAL_Driver/Src/stm32mp1xx_hal_fdcan.c:4628:13:HAL_FDCAN_RxFifo1Callback	0	static
/home/pauli/baja/firmware/Dianteira_mpu/Drivers/STM32MP1xx_HAL_Driver/Src/stm32mp1xx_hal_fdcan.c:4645:13:HAL_FDCAN_TxFifoEmptyCallback	0	static
/home/pauli/baja/firmware/Dianteira_mpu/Drivers/STM32MP1xx_HAL_Driver/Src/stm32mp1xx_hal_fdcan.c:4663:13:HAL_FDCAN_TxBufferCompleteCallback	0	static
/home/pauli/baja/firmware/Dianteira_mpu/Drivers/STM32MP1xx_HAL_Driver/Src/stm32mp1xx_hal_fdcan.c:4682:13:HAL_FDCAN_TxBufferAbortCallback	0	static
/home/pauli/baja/firmware/Dianteira_mpu/Drivers/STM32MP1xx_HAL_Driver/Src/stm32mp1xx_hal_fdcan.c:4699:13:HAL_FDCAN_RxBufferNewMessageCallback	0	static
/home/pauli/baja/firmware/Dianteira_mpu/Drivers/STM32MP1xx_HAL_Driver/Src/stm32mp1xx_hal_fdcan.c:4715:13:HAL_FDCAN_TimestampWraparoundCallback	0	static
/home/pauli/baja/firmware/Dianteira_mpu/Drivers/STM32MP1xx_HAL_Driver/Src/stm32mp1xx_hal_fdcan.c:4731:13:HAL_FDCAN_TimeoutOccurredCallback	0	static
/home/pauli/baja/firmware/Dianteira_mpu/Drivers/STM32MP1xx_HAL_Driver/Src/stm32mp1xx_hal_fdcan.c:4747:13:HAL_FDCAN_HighPriorityMessageCallback	0	static
/home/pauli/baja/firmware/Dianteira_mpu/Drivers/STM32MP1xx_HAL_Driver/Src/stm32mp1xx_hal_fdcan.c:4763:13:HAL_FDCAN_ErrorCallback	0	static
/home/pauli/baja/firmware/Dianteira_mpu/Drivers/STM32MP1xx_HAL_Driver/Src/stm32mp1xx_hal_fdcan.c:4781:13:HAL_FDCAN_ErrorStatusCallback	0	static
/home/pauli/baja/firmware/Dianteira_mpu/Drivers/STM32MP1xx_HAL_Driver/Src/stm32mp1xx_hal_fdcan.c:4800:13:HAL_FDCAN_TT_ScheduleSyncCallback	0	static
/home/pauli/baja/firmware/Dianteira_mpu/Drivers/STM32MP1xx_HAL_Driver/Src/stm32mp1xx_hal_fdcan.c:4819:13:HAL_FDCAN_TT_TimeMarkCallback	0	static
/home/pauli/baja/firmware/Dianteira_mpu/Drivers/STM32MP1xx_HAL_Driver/Src/stm32mp1xx_hal_fdcan.c:4841:13:HAL_FDCAN_TT_StopWatchCallback	0	static
/home/pauli/baja/firmware/Dianteira_mpu/Drivers/STM32MP1xx_HAL_Driver/Src/stm32mp1xx_hal_fdcan.c:4861:13:HAL_FDCAN_TT_GlobalTimeCallback	0	static
/home/pauli/baja/firmware/Dianteira_mpu/Drivers/STM32MP1xx_HAL_Driver/Src/stm32mp1xx_hal_fdcan.c:4234:6:HAL_FDCAN_IRQHandler	32	static
/home/pauli/baja/firmware/Dianteira_mpu/Drivers/STM32MP1xx_HAL_Driver/Src/stm32mp1xx_hal_fdcan.c:4897:24:HAL_FDCAN_GetState	0	static
/home/pauli/baja/firmware/Dianteira_mpu/Drivers/STM32MP1xx_HAL_Driver/Src/stm32mp1xx_hal_fdcan.c:4909:10:HAL_FDCAN_GetError	0	static
