ARM GAS  /tmp/ccY9sYZw.s 			page 1


   1              		.cpu cortex-m3
   2              		.arch armv7-m
   3              		.fpu softvfp
   4              		.eabi_attribute 20, 1
   5              		.eabi_attribute 21, 1
   6              		.eabi_attribute 23, 3
   7              		.eabi_attribute 24, 1
   8              		.eabi_attribute 25, 1
   9              		.eabi_attribute 26, 1
  10              		.eabi_attribute 30, 1
  11              		.eabi_attribute 34, 1
  12              		.eabi_attribute 18, 4
  13              		.file	"lcd.c"
  14              		.text
  15              	.Ltext0:
  16              		.cfi_sections	.debug_frame
  17              		.file 1 "Core/Src/lcd.c"
  18              		.section	.text.lcd_send_cmd,"ax",%progbits
  19              		.align	1
  20              		.global	lcd_send_cmd
  21              		.syntax unified
  22              		.thumb
  23              		.thumb_func
  25              	lcd_send_cmd:
  26              	.LVL0:
  27              	.LFB65:
   1:Core/Src/lcd.c **** /*
   2:Core/Src/lcd.c ****  * lcd.c
   3:Core/Src/lcd.c ****  *
   4:Core/Src/lcd.c ****  *  Created on: Mar 16, 2024
   5:Core/Src/lcd.c ****  *      Author: jvromano
   6:Core/Src/lcd.c ****  */
   7:Core/Src/lcd.c **** 
   8:Core/Src/lcd.c **** #include "lcd.h"
   9:Core/Src/lcd.c **** 
  10:Core/Src/lcd.c **** 
  11:Core/Src/lcd.c **** /** Put this in the src folder **/
  12:Core/Src/lcd.c **** 
  13:Core/Src/lcd.c **** 
  14:Core/Src/lcd.c **** extern I2C_HandleTypeDef hi2c2	;  // change your handler here accordingly
  15:Core/Src/lcd.c **** 
  16:Core/Src/lcd.c **** #define SLAVE_ADDRESS_LCD 0x4E // change this according to ur setup
  17:Core/Src/lcd.c **** 
  18:Core/Src/lcd.c **** void lcd_send_cmd (char cmd)
  19:Core/Src/lcd.c **** {
  28              		.loc 1 19 1 view -0
  29              		.cfi_startproc
  30              		@ args = 0, pretend = 0, frame = 8
  31              		@ frame_needed = 0, uses_anonymous_args = 0
  32              		.loc 1 19 1 is_stmt 0 view .LVU1
  33 0000 00B5     		push	{lr}
  34              		.cfi_def_cfa_offset 4
  35              		.cfi_offset 14, -4
  36 0002 85B0     		sub	sp, sp, #20
  37              		.cfi_def_cfa_offset 24
  20:Core/Src/lcd.c ****   char data_u, data_l;
  38              		.loc 1 20 3 is_stmt 1 view .LVU2
ARM GAS  /tmp/ccY9sYZw.s 			page 2


  21:Core/Src/lcd.c **** 	uint8_t data_t[4];
  39              		.loc 1 21 2 view .LVU3
  22:Core/Src/lcd.c **** 	data_u = (cmd&0xf0);
  40              		.loc 1 22 2 view .LVU4
  41              		.loc 1 22 9 is_stmt 0 view .LVU5
  42 0004 00F0F003 		and	r3, r0, #240
  43              	.LVL1:
  23:Core/Src/lcd.c **** 	data_l = ((cmd<<4)&0xf0);
  44              		.loc 1 23 2 is_stmt 1 view .LVU6
  45              		.loc 1 23 9 is_stmt 0 view .LVU7
  46 0008 0001     		lsls	r0, r0, #4
  47              	.LVL2:
  48              		.loc 1 23 9 view .LVU8
  49 000a C0B2     		uxtb	r0, r0
  50              	.LVL3:
  24:Core/Src/lcd.c **** 	data_t[0] = data_u|0x0C;  //en=1, rs=0
  51              		.loc 1 24 2 is_stmt 1 view .LVU9
  52              		.loc 1 24 12 is_stmt 0 view .LVU10
  53 000c 43F00C02 		orr	r2, r3, #12
  54 0010 8DF80C20 		strb	r2, [sp, #12]
  25:Core/Src/lcd.c **** 	data_t[1] = data_u|0x08;  //en=0, rs=0
  55              		.loc 1 25 2 is_stmt 1 view .LVU11
  56              		.loc 1 25 12 is_stmt 0 view .LVU12
  57 0014 43F00803 		orr	r3, r3, #8
  58              	.LVL4:
  59              		.loc 1 25 12 view .LVU13
  60 0018 8DF80D30 		strb	r3, [sp, #13]
  26:Core/Src/lcd.c **** 	data_t[2] = data_l|0x0C;  //en=1, rs=0
  61              		.loc 1 26 2 is_stmt 1 view .LVU14
  62              		.loc 1 26 12 is_stmt 0 view .LVU15
  63 001c 40F00C03 		orr	r3, r0, #12
  64 0020 8DF80E30 		strb	r3, [sp, #14]
  27:Core/Src/lcd.c **** 	data_t[3] = data_l|0x08;  //en=0, rs=0
  65              		.loc 1 27 2 is_stmt 1 view .LVU16
  66              		.loc 1 27 12 is_stmt 0 view .LVU17
  67 0024 40F00800 		orr	r0, r0, #8
  68              	.LVL5:
  69              		.loc 1 27 12 view .LVU18
  70 0028 8DF80F00 		strb	r0, [sp, #15]
  28:Core/Src/lcd.c **** 	HAL_I2C_Master_Transmit (&hi2c2, SLAVE_ADDRESS_LCD,(uint8_t *) data_t, 4, 100);
  71              		.loc 1 28 2 is_stmt 1 view .LVU19
  72 002c 6423     		movs	r3, #100
  73 002e 0093     		str	r3, [sp]
  74 0030 0423     		movs	r3, #4
  75 0032 03AA     		add	r2, sp, #12
  76 0034 4E21     		movs	r1, #78
  77 0036 0348     		ldr	r0, .L3
  78 0038 FFF7FEFF 		bl	HAL_I2C_Master_Transmit
  79              	.LVL6:
  29:Core/Src/lcd.c **** }
  80              		.loc 1 29 1 is_stmt 0 view .LVU20
  81 003c 05B0     		add	sp, sp, #20
  82              		.cfi_def_cfa_offset 4
  83              		@ sp needed
  84 003e 5DF804FB 		ldr	pc, [sp], #4
  85              	.L4:
  86 0042 00BF     		.align	2
ARM GAS  /tmp/ccY9sYZw.s 			page 3


  87              	.L3:
  88 0044 00000000 		.word	hi2c2
  89              		.cfi_endproc
  90              	.LFE65:
  92              		.section	.text.lcd_send_data,"ax",%progbits
  93              		.align	1
  94              		.global	lcd_send_data
  95              		.syntax unified
  96              		.thumb
  97              		.thumb_func
  99              	lcd_send_data:
 100              	.LVL7:
 101              	.LFB66:
  30:Core/Src/lcd.c **** 
  31:Core/Src/lcd.c **** void lcd_send_data (char data)
  32:Core/Src/lcd.c **** {
 102              		.loc 1 32 1 is_stmt 1 view -0
 103              		.cfi_startproc
 104              		@ args = 0, pretend = 0, frame = 8
 105              		@ frame_needed = 0, uses_anonymous_args = 0
 106              		.loc 1 32 1 is_stmt 0 view .LVU22
 107 0000 00B5     		push	{lr}
 108              		.cfi_def_cfa_offset 4
 109              		.cfi_offset 14, -4
 110 0002 85B0     		sub	sp, sp, #20
 111              		.cfi_def_cfa_offset 24
  33:Core/Src/lcd.c **** 	char data_u, data_l;
 112              		.loc 1 33 2 is_stmt 1 view .LVU23
  34:Core/Src/lcd.c **** 	uint8_t data_t[4];
 113              		.loc 1 34 2 view .LVU24
  35:Core/Src/lcd.c **** 	data_u = (data&0xf0);
 114              		.loc 1 35 2 view .LVU25
 115              		.loc 1 35 9 is_stmt 0 view .LVU26
 116 0004 00F0F003 		and	r3, r0, #240
 117              	.LVL8:
  36:Core/Src/lcd.c **** 	data_l = ((data<<4)&0xf0);
 118              		.loc 1 36 2 is_stmt 1 view .LVU27
 119              		.loc 1 36 9 is_stmt 0 view .LVU28
 120 0008 0001     		lsls	r0, r0, #4
 121              	.LVL9:
 122              		.loc 1 36 9 view .LVU29
 123 000a C0B2     		uxtb	r0, r0
 124              	.LVL10:
  37:Core/Src/lcd.c **** 	data_t[0] = data_u|0x0D;  //en=1, rs=0
 125              		.loc 1 37 2 is_stmt 1 view .LVU30
 126              		.loc 1 37 12 is_stmt 0 view .LVU31
 127 000c 43F00D02 		orr	r2, r3, #13
 128 0010 8DF80C20 		strb	r2, [sp, #12]
  38:Core/Src/lcd.c **** 	data_t[1] = data_u|0x09;  //en=0, rs=0
 129              		.loc 1 38 2 is_stmt 1 view .LVU32
 130              		.loc 1 38 12 is_stmt 0 view .LVU33
 131 0014 43F00903 		orr	r3, r3, #9
 132              	.LVL11:
 133              		.loc 1 38 12 view .LVU34
 134 0018 8DF80D30 		strb	r3, [sp, #13]
  39:Core/Src/lcd.c **** 	data_t[2] = data_l|0x0D;  //en=1, rs=0
 135              		.loc 1 39 2 is_stmt 1 view .LVU35
ARM GAS  /tmp/ccY9sYZw.s 			page 4


 136              		.loc 1 39 12 is_stmt 0 view .LVU36
 137 001c 40F00D03 		orr	r3, r0, #13
 138 0020 8DF80E30 		strb	r3, [sp, #14]
  40:Core/Src/lcd.c **** 	data_t[3] = data_l|0x09;  //en=0, rs=0
 139              		.loc 1 40 2 is_stmt 1 view .LVU37
 140              		.loc 1 40 12 is_stmt 0 view .LVU38
 141 0024 40F00900 		orr	r0, r0, #9
 142              	.LVL12:
 143              		.loc 1 40 12 view .LVU39
 144 0028 8DF80F00 		strb	r0, [sp, #15]
  41:Core/Src/lcd.c **** 	HAL_I2C_Master_Transmit (&hi2c2, SLAVE_ADDRESS_LCD,(uint8_t *) data_t, 4, 100);
 145              		.loc 1 41 2 is_stmt 1 view .LVU40
 146 002c 6423     		movs	r3, #100
 147 002e 0093     		str	r3, [sp]
 148 0030 0423     		movs	r3, #4
 149 0032 03AA     		add	r2, sp, #12
 150 0034 4E21     		movs	r1, #78
 151 0036 0348     		ldr	r0, .L7
 152 0038 FFF7FEFF 		bl	HAL_I2C_Master_Transmit
 153              	.LVL13:
  42:Core/Src/lcd.c **** }
 154              		.loc 1 42 1 is_stmt 0 view .LVU41
 155 003c 05B0     		add	sp, sp, #20
 156              		.cfi_def_cfa_offset 4
 157              		@ sp needed
 158 003e 5DF804FB 		ldr	pc, [sp], #4
 159              	.L8:
 160 0042 00BF     		.align	2
 161              	.L7:
 162 0044 00000000 		.word	hi2c2
 163              		.cfi_endproc
 164              	.LFE66:
 166              		.section	.text.lcd_clear,"ax",%progbits
 167              		.align	1
 168              		.global	lcd_clear
 169              		.syntax unified
 170              		.thumb
 171              		.thumb_func
 173              	lcd_clear:
 174              	.LFB67:
  43:Core/Src/lcd.c **** 
  44:Core/Src/lcd.c **** void lcd_clear (void)
  45:Core/Src/lcd.c **** {
 175              		.loc 1 45 1 is_stmt 1 view -0
 176              		.cfi_startproc
 177              		@ args = 0, pretend = 0, frame = 0
 178              		@ frame_needed = 0, uses_anonymous_args = 0
 179 0000 10B5     		push	{r4, lr}
 180              		.cfi_def_cfa_offset 8
 181              		.cfi_offset 4, -8
 182              		.cfi_offset 14, -4
  46:Core/Src/lcd.c **** 	lcd_send_cmd (0x80);
 183              		.loc 1 46 2 view .LVU43
 184 0002 8020     		movs	r0, #128
 185 0004 FFF7FEFF 		bl	lcd_send_cmd
 186              	.LVL14:
  47:Core/Src/lcd.c **** 	for (int i=0; i<70; i++)
ARM GAS  /tmp/ccY9sYZw.s 			page 5


 187              		.loc 1 47 2 view .LVU44
 188              	.LBB2:
 189              		.loc 1 47 7 view .LVU45
 190              		.loc 1 47 11 is_stmt 0 view .LVU46
 191 0008 0024     		movs	r4, #0
 192              		.loc 1 47 2 view .LVU47
 193 000a 03E0     		b	.L10
 194              	.LVL15:
 195              	.L11:
  48:Core/Src/lcd.c **** 	{
  49:Core/Src/lcd.c **** 		lcd_send_data (' ');
 196              		.loc 1 49 3 is_stmt 1 view .LVU48
 197 000c 2020     		movs	r0, #32
 198 000e FFF7FEFF 		bl	lcd_send_data
 199              	.LVL16:
  47:Core/Src/lcd.c **** 	for (int i=0; i<70; i++)
 200              		.loc 1 47 23 discriminator 3 view .LVU49
 201 0012 0134     		adds	r4, r4, #1
 202              	.LVL17:
 203              	.L10:
  47:Core/Src/lcd.c **** 	for (int i=0; i<70; i++)
 204              		.loc 1 47 17 discriminator 1 view .LVU50
 205 0014 452C     		cmp	r4, #69
 206 0016 F9DD     		ble	.L11
 207              	.LBE2:
  50:Core/Src/lcd.c **** 	}
  51:Core/Src/lcd.c **** }
 208              		.loc 1 51 1 is_stmt 0 view .LVU51
 209 0018 10BD     		pop	{r4, pc}
 210              		.loc 1 51 1 view .LVU52
 211              		.cfi_endproc
 212              	.LFE67:
 214              		.section	.text.lcd_put_cur,"ax",%progbits
 215              		.align	1
 216              		.global	lcd_put_cur
 217              		.syntax unified
 218              		.thumb
 219              		.thumb_func
 221              	lcd_put_cur:
 222              	.LVL18:
 223              	.LFB68:
  52:Core/Src/lcd.c **** 
  53:Core/Src/lcd.c **** void lcd_put_cur(int row, int col)
  54:Core/Src/lcd.c **** {
 224              		.loc 1 54 1 is_stmt 1 view -0
 225              		.cfi_startproc
 226              		@ args = 0, pretend = 0, frame = 0
 227              		@ frame_needed = 0, uses_anonymous_args = 0
 228              		.loc 1 54 1 is_stmt 0 view .LVU54
 229 0000 08B5     		push	{r3, lr}
 230              		.cfi_def_cfa_offset 8
 231              		.cfi_offset 3, -8
 232              		.cfi_offset 14, -4
  55:Core/Src/lcd.c ****     switch (row)
 233              		.loc 1 55 5 is_stmt 1 view .LVU55
 234 0002 20B1     		cbz	r0, .L14
 235 0004 0128     		cmp	r0, #1
ARM GAS  /tmp/ccY9sYZw.s 			page 6


 236 0006 04D1     		bne	.L16
  56:Core/Src/lcd.c ****     {
  57:Core/Src/lcd.c ****         case 0:
  58:Core/Src/lcd.c ****             col |= 0x80;
  59:Core/Src/lcd.c ****             break;
  60:Core/Src/lcd.c ****         case 1:
  61:Core/Src/lcd.c ****             col |= 0xC0;
 237              		.loc 1 61 13 view .LVU56
 238              		.loc 1 61 17 is_stmt 0 view .LVU57
 239 0008 41F0C001 		orr	r1, r1, #192
 240              	.LVL19:
  62:Core/Src/lcd.c ****             break;
 241              		.loc 1 62 13 is_stmt 1 view .LVU58
 242 000c 01E0     		b	.L16
 243              	.L14:
  58:Core/Src/lcd.c ****             break;
 244              		.loc 1 58 13 view .LVU59
  58:Core/Src/lcd.c ****             break;
 245              		.loc 1 58 17 is_stmt 0 view .LVU60
 246 000e 41F08001 		orr	r1, r1, #128
 247              	.LVL20:
  59:Core/Src/lcd.c ****         case 1:
 248              		.loc 1 59 13 is_stmt 1 view .LVU61
 249              	.L16:
  63:Core/Src/lcd.c ****     }
  64:Core/Src/lcd.c **** 
  65:Core/Src/lcd.c ****     lcd_send_cmd (col);
 250              		.loc 1 65 5 view .LVU62
 251 0012 C8B2     		uxtb	r0, r1
 252              	.LVL21:
 253              		.loc 1 65 5 is_stmt 0 view .LVU63
 254 0014 FFF7FEFF 		bl	lcd_send_cmd
 255              	.LVL22:
  66:Core/Src/lcd.c **** }
 256              		.loc 1 66 1 view .LVU64
 257 0018 08BD     		pop	{r3, pc}
 258              		.cfi_endproc
 259              	.LFE68:
 261              		.section	.text.lcd_init,"ax",%progbits
 262              		.align	1
 263              		.global	lcd_init
 264              		.syntax unified
 265              		.thumb
 266              		.thumb_func
 268              	lcd_init:
 269              	.LFB69:
  67:Core/Src/lcd.c **** 
  68:Core/Src/lcd.c **** 
  69:Core/Src/lcd.c **** void lcd_init (void)
  70:Core/Src/lcd.c **** {
 270              		.loc 1 70 1 is_stmt 1 view -0
 271              		.cfi_startproc
 272              		@ args = 0, pretend = 0, frame = 0
 273              		@ frame_needed = 0, uses_anonymous_args = 0
 274 0000 08B5     		push	{r3, lr}
 275              		.cfi_def_cfa_offset 8
 276              		.cfi_offset 3, -8
ARM GAS  /tmp/ccY9sYZw.s 			page 7


 277              		.cfi_offset 14, -4
  71:Core/Src/lcd.c **** 	// 4 bit initialisation
  72:Core/Src/lcd.c **** 	HAL_Delay(50);  // wait for >40ms
 278              		.loc 1 72 2 view .LVU66
 279 0002 3220     		movs	r0, #50
 280 0004 FFF7FEFF 		bl	HAL_Delay
 281              	.LVL23:
  73:Core/Src/lcd.c **** 	lcd_send_cmd (0x30);
 282              		.loc 1 73 2 view .LVU67
 283 0008 3020     		movs	r0, #48
 284 000a FFF7FEFF 		bl	lcd_send_cmd
 285              	.LVL24:
  74:Core/Src/lcd.c **** 	HAL_Delay(5);  // wait for >4.1ms
 286              		.loc 1 74 2 view .LVU68
 287 000e 0520     		movs	r0, #5
 288 0010 FFF7FEFF 		bl	HAL_Delay
 289              	.LVL25:
  75:Core/Src/lcd.c **** 	lcd_send_cmd (0x30);
 290              		.loc 1 75 2 view .LVU69
 291 0014 3020     		movs	r0, #48
 292 0016 FFF7FEFF 		bl	lcd_send_cmd
 293              	.LVL26:
  76:Core/Src/lcd.c **** 	HAL_Delay(1);  // wait for >100us
 294              		.loc 1 76 2 view .LVU70
 295 001a 0120     		movs	r0, #1
 296 001c FFF7FEFF 		bl	HAL_Delay
 297              	.LVL27:
  77:Core/Src/lcd.c **** 	lcd_send_cmd (0x30);
 298              		.loc 1 77 2 view .LVU71
 299 0020 3020     		movs	r0, #48
 300 0022 FFF7FEFF 		bl	lcd_send_cmd
 301              	.LVL28:
  78:Core/Src/lcd.c **** 	HAL_Delay(10);
 302              		.loc 1 78 2 view .LVU72
 303 0026 0A20     		movs	r0, #10
 304 0028 FFF7FEFF 		bl	HAL_Delay
 305              	.LVL29:
  79:Core/Src/lcd.c **** 	lcd_send_cmd (0x20);  // 4bit mode
 306              		.loc 1 79 2 view .LVU73
 307 002c 2020     		movs	r0, #32
 308 002e FFF7FEFF 		bl	lcd_send_cmd
 309              	.LVL30:
  80:Core/Src/lcd.c **** 	HAL_Delay(10);
 310              		.loc 1 80 2 view .LVU74
 311 0032 0A20     		movs	r0, #10
 312 0034 FFF7FEFF 		bl	HAL_Delay
 313              	.LVL31:
  81:Core/Src/lcd.c **** 
  82:Core/Src/lcd.c ****   // dislay initialisation
  83:Core/Src/lcd.c **** 	lcd_send_cmd (0x28); // Function set --> DL=0 (4 bit mode), N = 1 (2 line display) F = 0 (5x8 char
 314              		.loc 1 83 2 view .LVU75
 315 0038 2820     		movs	r0, #40
 316 003a FFF7FEFF 		bl	lcd_send_cmd
 317              	.LVL32:
  84:Core/Src/lcd.c **** 	HAL_Delay(1);
 318              		.loc 1 84 2 view .LVU76
 319 003e 0120     		movs	r0, #1
ARM GAS  /tmp/ccY9sYZw.s 			page 8


 320 0040 FFF7FEFF 		bl	HAL_Delay
 321              	.LVL33:
  85:Core/Src/lcd.c **** 	lcd_send_cmd (0x08); //Display on/off control --> D=0,C=0, B=0  ---> display off
 322              		.loc 1 85 2 view .LVU77
 323 0044 0820     		movs	r0, #8
 324 0046 FFF7FEFF 		bl	lcd_send_cmd
 325              	.LVL34:
  86:Core/Src/lcd.c **** 	HAL_Delay(1);
 326              		.loc 1 86 2 view .LVU78
 327 004a 0120     		movs	r0, #1
 328 004c FFF7FEFF 		bl	HAL_Delay
 329              	.LVL35:
  87:Core/Src/lcd.c **** 	lcd_send_cmd (0x01);  // clear display
 330              		.loc 1 87 2 view .LVU79
 331 0050 0120     		movs	r0, #1
 332 0052 FFF7FEFF 		bl	lcd_send_cmd
 333              	.LVL36:
  88:Core/Src/lcd.c **** 	HAL_Delay(1);
 334              		.loc 1 88 2 view .LVU80
 335 0056 0120     		movs	r0, #1
 336 0058 FFF7FEFF 		bl	HAL_Delay
 337              	.LVL37:
  89:Core/Src/lcd.c **** 	HAL_Delay(1);
 338              		.loc 1 89 2 view .LVU81
 339 005c 0120     		movs	r0, #1
 340 005e FFF7FEFF 		bl	HAL_Delay
 341              	.LVL38:
  90:Core/Src/lcd.c **** 	lcd_send_cmd (0x06); //Entry mode set --> I/D = 1 (increment cursor) & S = 0 (no shift)
 342              		.loc 1 90 2 view .LVU82
 343 0062 0620     		movs	r0, #6
 344 0064 FFF7FEFF 		bl	lcd_send_cmd
 345              	.LVL39:
  91:Core/Src/lcd.c **** 	HAL_Delay(1);
 346              		.loc 1 91 2 view .LVU83
 347 0068 0120     		movs	r0, #1
 348 006a FFF7FEFF 		bl	HAL_Delay
 349              	.LVL40:
  92:Core/Src/lcd.c **** 	lcd_send_cmd (0x0C); //Display on/off control --> D = 1, C and B = 0. (Cursor and blink, last two 
 350              		.loc 1 92 2 view .LVU84
 351 006e 0C20     		movs	r0, #12
 352 0070 FFF7FEFF 		bl	lcd_send_cmd
 353              	.LVL41:
  93:Core/Src/lcd.c **** }
 354              		.loc 1 93 1 is_stmt 0 view .LVU85
 355 0074 08BD     		pop	{r3, pc}
 356              		.cfi_endproc
 357              	.LFE69:
 359              		.section	.text.lcd_send_string,"ax",%progbits
 360              		.align	1
 361              		.global	lcd_send_string
 362              		.syntax unified
 363              		.thumb
 364              		.thumb_func
 366              	lcd_send_string:
 367              	.LVL42:
 368              	.LFB70:
  94:Core/Src/lcd.c **** 
ARM GAS  /tmp/ccY9sYZw.s 			page 9


  95:Core/Src/lcd.c **** void lcd_send_string (char *str)
  96:Core/Src/lcd.c **** {
 369              		.loc 1 96 1 is_stmt 1 view -0
 370              		.cfi_startproc
 371              		@ args = 0, pretend = 0, frame = 0
 372              		@ frame_needed = 0, uses_anonymous_args = 0
 373              		.loc 1 96 1 is_stmt 0 view .LVU87
 374 0000 10B5     		push	{r4, lr}
 375              		.cfi_def_cfa_offset 8
 376              		.cfi_offset 4, -8
 377              		.cfi_offset 14, -4
 378 0002 0446     		mov	r4, r0
  97:Core/Src/lcd.c **** 	while (*str) lcd_send_data (*str++);
 379              		.loc 1 97 2 is_stmt 1 view .LVU88
 380              		.loc 1 97 8 is_stmt 0 view .LVU89
 381 0004 02E0     		b	.L21
 382              	.LVL43:
 383              	.L22:
 384              		.loc 1 97 15 is_stmt 1 discriminator 2 view .LVU90
 385              		.loc 1 97 34 is_stmt 0 discriminator 2 view .LVU91
 386 0006 0134     		adds	r4, r4, #1
 387              	.LVL44:
 388              		.loc 1 97 15 discriminator 2 view .LVU92
 389 0008 FFF7FEFF 		bl	lcd_send_data
 390              	.LVL45:
 391              	.L21:
 392              		.loc 1 97 9 is_stmt 1 discriminator 1 view .LVU93
 393 000c 2078     		ldrb	r0, [r4]	@ zero_extendqisi2
 394 000e 0028     		cmp	r0, #0
 395 0010 F9D1     		bne	.L22
  98:Core/Src/lcd.c **** }
 396              		.loc 1 98 1 is_stmt 0 view .LVU94
 397 0012 10BD     		pop	{r4, pc}
 398              		.loc 1 98 1 view .LVU95
 399              		.cfi_endproc
 400              	.LFE70:
 402              		.text
 403              	.Letext0:
 404              		.file 2 "/home/lorolol/.config/Code/User/globalStorage/bmd.stm32-for-vscode/@xpack-dev-tools/arm-n
 405              		.file 3 "/home/lorolol/.config/Code/User/globalStorage/bmd.stm32-for-vscode/@xpack-dev-tools/arm-n
 406              		.file 4 "Drivers/CMSIS/Device/ST/STM32F1xx/Include/stm32f103xb.h"
 407              		.file 5 "Drivers/STM32F1xx_HAL_Driver/Inc/stm32f1xx_hal_def.h"
 408              		.file 6 "Drivers/STM32F1xx_HAL_Driver/Inc/stm32f1xx_hal_dma.h"
 409              		.file 7 "Drivers/STM32F1xx_HAL_Driver/Inc/stm32f1xx_hal_i2c.h"
 410              		.file 8 "Drivers/STM32F1xx_HAL_Driver/Inc/stm32f1xx_hal.h"
ARM GAS  /tmp/ccY9sYZw.s 			page 10


DEFINED SYMBOLS
                            *ABS*:00000000 lcd.c
     /tmp/ccY9sYZw.s:19     .text.lcd_send_cmd:00000000 $t
     /tmp/ccY9sYZw.s:25     .text.lcd_send_cmd:00000000 lcd_send_cmd
     /tmp/ccY9sYZw.s:88     .text.lcd_send_cmd:00000044 $d
     /tmp/ccY9sYZw.s:93     .text.lcd_send_data:00000000 $t
     /tmp/ccY9sYZw.s:99     .text.lcd_send_data:00000000 lcd_send_data
     /tmp/ccY9sYZw.s:162    .text.lcd_send_data:00000044 $d
     /tmp/ccY9sYZw.s:167    .text.lcd_clear:00000000 $t
     /tmp/ccY9sYZw.s:173    .text.lcd_clear:00000000 lcd_clear
     /tmp/ccY9sYZw.s:215    .text.lcd_put_cur:00000000 $t
     /tmp/ccY9sYZw.s:221    .text.lcd_put_cur:00000000 lcd_put_cur
     /tmp/ccY9sYZw.s:262    .text.lcd_init:00000000 $t
     /tmp/ccY9sYZw.s:268    .text.lcd_init:00000000 lcd_init
     /tmp/ccY9sYZw.s:360    .text.lcd_send_string:00000000 $t
     /tmp/ccY9sYZw.s:366    .text.lcd_send_string:00000000 lcd_send_string

UNDEFINED SYMBOLS
HAL_I2C_Master_Transmit
hi2c2
HAL_Delay
