19:29:41 **** Incremental Build of configuration Debug for project Dianteira_mpu_CM4 ****
make -j8 all 
arm-none-eabi-gcc -o "Dianteira_mpu_CM4.elf" @"objects.list"   -mcpu=cortex-m4 -T"/home/lorolol/Baja/firmware/Dianteira_mpu/CM4/STM32MP157FACX_RAM.ld" --specs=nosys.specs -Wl,-Map="Dianteira_mpu_CM4.map" -Wl,--gc-sections -static --specs=nano.specs -mfpu=fpv4-sp-d16 -mfloat-abi=hard -mthumb -Wl,--start-group -lc -lm -Wl,--end-group
/opt/stm32cubeide/plugins/com.st.stm32cube.ide.mcu.externaltools.gnu-tools-for-stm32.12.3.rel1.linux64_1.0.100.202403111256/tools/bin/../lib/gcc/arm-none-eabi/12.3.1/../../../../arm-none-eabi/bin/ld: ./Core/Src/LoRa_E22.o: in function `lora_setmode':
/home/lorolol/Baja/firmware/Dianteira_mpu/CM4/Debug/../Core/Src/LoRa_E22.c:29: undefined reference to `osKernelGetTickCount'
/opt/stm32cubeide/plugins/com.st.stm32cube.ide.mcu.externaltools.gnu-tools-for-stm32.12.3.rel1.linux64_1.0.100.202403111256/tools/bin/../lib/gcc/arm-none-eabi/12.3.1/../../../../arm-none-eabi/bin/ld: /home/lorolol/Baja/firmware/Dianteira_mpu/CM4/Debug/../Core/Src/LoRa_E22.c:34: undefined reference to `osKernelGetTickCount'
/opt/stm32cubeide/plugins/com.st.stm32cube.ide.mcu.externaltools.gnu-tools-for-stm32.12.3.rel1.linux64_1.0.100.202403111256/tools/bin/../lib/gcc/arm-none-eabi/12.3.1/../../../../arm-none-eabi/bin/ld: /home/lorolol/Baja/firmware/Dianteira_mpu/CM4/Debug/../Core/Src/LoRa_E22.c:35: undefined reference to `osDelay'
/opt/stm32cubeide/plugins/com.st.stm32cube.ide.mcu.externaltools.gnu-tools-for-stm32.12.3.rel1.linux64_1.0.100.202403111256/tools/bin/../lib/gcc/arm-none-eabi/12.3.1/../../../../arm-none-eabi/bin/ld: ./Core/Src/LoRa_E22.o: in function `lora_write_register':
/home/lorolol/Baja/firmware/Dianteira_mpu/CM4/Debug/../Core/Src/LoRa_E22.c:90: undefined reference to `HAL_UART_Transmit'
/opt/stm32cubeide/plugins/com.st.stm32cube.ide.mcu.externaltools.gnu-tools-for-stm32.12.3.rel1.linux64_1.0.100.202403111256/tools/bin/../lib/gcc/arm-none-eabi/12.3.1/../../../../arm-none-eabi/bin/ld: ./Core/Src/app_freertos.o: in function `MX_FREERTOS_Init':
/home/lorolol/Baja/firmware/Dianteira_mpu/CM4/Debug/../Core/Src/app_freertos.c:126: undefined reference to `osSemaphoreNew'
/opt/stm32cubeide/plugins/com.st.stm32cube.ide.mcu.externaltools.gnu-tools-for-stm32.12.3.rel1.linux64_1.0.100.202403111256/tools/bin/../lib/gcc/arm-none-eabi/12.3.1/../../../../arm-none-eabi/bin/ld: /home/lorolol/Baja/firmware/Dianteira_mpu/CM4/Debug/../Core/Src/app_freertos.c:129: undefined reference to `osSemaphoreNew'
/opt/stm32cubeide/plugins/com.st.stm32cube.ide.mcu.externaltools.gnu-tools-for-stm32.12.3.rel1.linux64_1.0.100.202403111256/tools/bin/../lib/gcc/arm-none-eabi/12.3.1/../../../../arm-none-eabi/bin/ld: /home/lorolol/Baja/firmware/Dianteira_mpu/CM4/Debug/../Core/Src/app_freertos.c:141: undefined reference to `osMessageQueueNew'
/opt/stm32cubeide/plugins/com.st.stm32cube.ide.mcu.externaltools.gnu-tools-for-stm32.12.3.rel1.linux64_1.0.100.202403111256/tools/bin/../lib/gcc/arm-none-eabi/12.3.1/../../../../arm-none-eabi/bin/ld: /home/lorolol/Baja/firmware/Dianteira_mpu/CM4/Debug/../Core/Src/app_freertos.c:149: undefined reference to `osThreadNew'
/opt/stm32cubeide/plugins/com.st.stm32cube.ide.mcu.externaltools.gnu-tools-for-stm32.12.3.rel1.linux64_1.0.100.202403111256/tools/bin/../lib/gcc/arm-none-eabi/12.3.1/../../../../arm-none-eabi/bin/ld: /home/lorolol/Baja/firmware/Dianteira_mpu/CM4/Debug/../Core/Src/app_freertos.c:152: undefined reference to `osThreadNew'
/opt/stm32cubeide/plugins/com.st.stm32cube.ide.mcu.externaltools.gnu-tools-for-stm32.12.3.rel1.linux64_1.0.100.202403111256/tools/bin/../lib/gcc/arm-none-eabi/12.3.1/../../../../arm-none-eabi/bin/ld: /home/lorolol/Baja/firmware/Dianteira_mpu/CM4/Debug/../Core/Src/app_freertos.c:155: undefined reference to `osThreadNew'
/opt/stm32cubeide/plugins/com.st.stm32cube.ide.mcu.externaltools.gnu-tools-for-stm32.12.3.rel1.linux64_1.0.100.202403111256/tools/bin/../lib/gcc/arm-none-eabi/12.3.1/../../../../arm-none-eabi/bin/ld: /home/lorolol/Baja/firmware/Dianteira_mpu/CM4/Debug/../Core/Src/app_freertos.c:158: undefined reference to `osThreadNew'
/opt/stm32cubeide/plugins/com.st.stm32cube.ide.mcu.externaltools.gnu-tools-for-stm32.12.3.rel1.linux64_1.0.100.202403111256/tools/bin/../lib/gcc/arm-none-eabi/12.3.1/../../../../arm-none-eabi/bin/ld: ./Core/Src/app_freertos.o: in function `StartDefaultTask':
/home/lorolol/Baja/firmware/Dianteira_mpu/CM4/Debug/../Core/Src/app_freertos.c:183: undefined reference to `osDelay'
/opt/stm32cubeide/plugins/com.st.stm32cube.ide.mcu.externaltools.gnu-tools-for-stm32.12.3.rel1.linux64_1.0.100.202403111256/tools/bin/../lib/gcc/arm-none-eabi/12.3.1/../../../../arm-none-eabi/bin/ld: ./Core/Src/app_freertos.o: in function `StartTxCommsTask':
/home/lorolol/Baja/firmware/Dianteira_mpu/CM4/Debug/../Core/Src/app_freertos.c:213: undefined reference to `osDelay'
/opt/stm32cubeide/plugins/com.st.stm32cube.ide.mcu.externaltools.gnu-tools-for-stm32.12.3.rel1.linux64_1.0.100.202403111256/tools/bin/../lib/gcc/arm-none-eabi/12.3.1/../../../../arm-none-eabi/bin/ld: ./Core/Src/app_freertos.o: in function `StartRxCommsTask':
/home/lorolol/Baja/firmware/Dianteira_mpu/CM4/Debug/../Core/Src/app_freertos.c:232: undefined reference to `osDelay'
/opt/stm32cubeide/plugins/com.st.stm32cube.ide.mcu.externaltools.gnu-tools-for-stm32.12.3.rel1.linux64_1.0.100.202403111256/tools/bin/../lib/gcc/arm-none-eabi/12.3.1/../../../../arm-none-eabi/bin/ld: ./Core/Src/app_freertos.o: in function `StartSysInitTask':
/home/lorolol/Baja/firmware/Dianteira_mpu/CM4/Debug/../Core/Src/app_freertos.c:250: undefined reference to `osDelay'
/opt/stm32cubeide/plugins/com.st.stm32cube.ide.mcu.externaltools.gnu-tools-for-stm32.12.3.rel1.linux64_1.0.100.202403111256/tools/bin/../lib/gcc/arm-none-eabi/12.3.1/../../../../arm-none-eabi/bin/ld: ./Core/Src/i2c.o: in function `MX_I2C5_Init':
/home/lorolol/Baja/firmware/Dianteira_mpu/CM4/Debug/../Core/Src/i2c.c:49: undefined reference to `HAL_I2C_Init'
/opt/stm32cubeide/plugins/com.st.stm32cube.ide.mcu.externaltools.gnu-tools-for-stm32.12.3.rel1.linux64_1.0.100.202403111256/tools/bin/../lib/gcc/arm-none-eabi/12.3.1/../../../../arm-none-eabi/bin/ld: /home/lorolol/Baja/firmware/Dianteira_mpu/CM4/Debug/../Core/Src/i2c.c:56: undefined reference to `HAL_I2CEx_ConfigAnalogFilter'
/opt/stm32cubeide/plugins/com.st.stm32cube.ide.mcu.externaltools.gnu-tools-for-stm32.12.3.rel1.linux64_1.0.100.202403111256/tools/bin/../lib/gcc/arm-none-eabi/12.3.1/../../../../arm-none-eabi/bin/ld: /home/lorolol/Baja/firmware/Dianteira_mpu/CM4/Debug/../Core/Src/i2c.c:63: undefined reference to `HAL_I2CEx_ConfigDigitalFilter'
/opt/stm32cubeide/plugins/com.st.stm32cube.ide.mcu.externaltools.gnu-tools-for-stm32.12.3.rel1.linux64_1.0.100.202403111256/tools/bin/../lib/gcc/arm-none-eabi/12.3.1/../../../../arm-none-eabi/bin/ld: ./Core/Src/main.o: in function `main':
/home/lorolol/Baja/firmware/Dianteira_mpu/CM4/Debug/../Core/Src/main.c:125: undefined reference to `osKernelInitialize'
/opt/stm32cubeide/plugins/com.st.stm32cube.ide.mcu.externaltools.gnu-tools-for-stm32.12.3.rel1.linux64_1.0.100.202403111256/tools/bin/../lib/gcc/arm-none-eabi/12.3.1/../../../../arm-none-eabi/bin/ld: /home/lorolol/Baja/firmware/Dianteira_mpu/CM4/Debug/../Core/Src/main.c:131: undefined reference to `osKernelStart'
/opt/stm32cubeide/plugins/com.st.stm32cube.ide.mcu.externaltools.gnu-tools-for-stm32.12.3.rel1.linux64_1.0.100.202403111256/tools/bin/../lib/gcc/arm-none-eabi/12.3.1/../../../../arm-none-eabi/bin/ld: ./Core/Src/stm32mp1xx_it.o: in function `UART7_IRQHandler':
/home/lorolol/Baja/firmware/Dianteira_mpu/CM4/Debug/../Core/Src/stm32mp1xx_it.c:209: undefined reference to `HAL_UART_IRQHandler'
/opt/stm32cubeide/plugins/com.st.stm32cube.ide.mcu.externaltools.gnu-tools-for-stm32.12.3.rel1.linux64_1.0.100.202403111256/tools/bin/../lib/gcc/arm-none-eabi/12.3.1/../../../../arm-none-eabi/bin/ld: ./Core/Src/stm32mp1xx_it.o: in function `I2C5_EV_IRQHandler':
/home/lorolol/Baja/firmware/Dianteira_mpu/CM4/Debug/../Core/Src/stm32mp1xx_it.c:251: undefined reference to `HAL_I2C_EV_IRQHandler'
/opt/stm32cubeide/plugins/com.st.stm32cube.ide.mcu.externaltools.gnu-tools-for-stm32.12.3.rel1.linux64_1.0.100.202403111256/tools/bin/../lib/gcc/arm-none-eabi/12.3.1/../../../../arm-none-eabi/bin/ld: ./Core/Src/usart.o: in function `MX_UART7_Init':
/home/lorolol/Baja/firmware/Dianteira_mpu/CM4/Debug/../Core/Src/usart.c:51: undefined reference to `HAL_UART_Init'
/opt/stm32cubeide/plugins/com.st.stm32cube.ide.mcu.externaltools.gnu-tools-for-stm32.12.3.rel1.linux64_1.0.100.202403111256/tools/bin/../lib/gcc/arm-none-eabi/12.3.1/../../../../arm-none-eabi/bin/ld: /home/lorolol/Baja/firmware/Dianteira_mpu/CM4/Debug/../Core/Src/usart.c:55: undefined reference to `HAL_UARTEx_SetTxFifoThreshold'
/opt/stm32cubeide/plugins/com.st.stm32cube.ide.mcu.externaltools.gnu-tools-for-stm32.12.3.rel1.linux64_1.0.100.202403111256/tools/bin/../lib/gcc/arm-none-eabi/12.3.1/../../../../arm-none-eabi/bin/ld: /home/lorolol/Baja/firmware/Dianteira_mpu/CM4/Debug/../Core/Src/usart.c:59: undefined reference to `HAL_UARTEx_SetRxFifoThreshold'
/opt/stm32cubeide/plugins/com.st.stm32cube.ide.mcu.externaltools.gnu-tools-for-stm32.12.3.rel1.linux64_1.0.100.202403111256/tools/bin/../lib/gcc/arm-none-eabi/12.3.1/../../../../arm-none-eabi/bin/ld: /home/lorolol/Baja/firmware/Dianteira_mpu/CM4/Debug/../Core/Src/usart.c:63: undefined reference to `HAL_UARTEx_DisableFifoMode'
/opt/stm32cubeide/plugins/com.st.stm32cube.ide.mcu.externaltools.gnu-tools-for-stm32.12.3.rel1.linux64_1.0.100.202403111256/tools/bin/../lib/gcc/arm-none-eabi/12.3.1/../../../../arm-none-eabi/bin/ld: ./Middlewares/Third_Party/OpenAMP/device.o: in function `metal_bus_find':
/home/lorolol/Baja/firmware/Dianteira_mpu/Middlewares/Third_Party/OpenAMP/libmetal/lib/device.c:52: undefined reference to `_metal'
/opt/stm32cubeide/plugins/com.st.stm32cube.ide.mcu.externaltools.gnu-tools-for-stm32.12.3.rel1.linux64_1.0.100.202403111256/tools/bin/../lib/gcc/arm-none-eabi/12.3.1/../../../../arm-none-eabi/bin/ld: /home/lorolol/Baja/firmware/Dianteira_mpu/Middlewares/Third_Party/OpenAMP/libmetal/lib/device.c:52: undefined reference to `_metal'
/opt/stm32cubeide/plugins/com.st.stm32cube.ide.mcu.externaltools.gnu-tools-for-stm32.12.3.rel1.linux64_1.0.100.202403111256/tools/bin/../lib/gcc/arm-none-eabi/12.3.1/../../../../arm-none-eabi/bin/ld: ./Middlewares/Third_Party/OpenAMP/device.o: in function `metal_register_generic_device':
/home/lorolol/Baja/firmware/Dianteira_mpu/Middlewares/Third_Party/OpenAMP/libmetal/lib/device.c:96: undefined reference to `_metal'
/opt/stm32cubeide/plugins/com.st.stm32cube.ide.mcu.externaltools.gnu-tools-for-stm32.12.3.rel1.linux64_1.0.100.202403111256/tools/bin/../lib/gcc/arm-none-eabi/12.3.1/../../../../arm-none-eabi/bin/ld: ./Middlewares/Third_Party/OpenAMP/device.o: in function `metal_generic_dev_open':
/home/lorolol/Baja/firmware/Dianteira_mpu/Middlewares/Third_Party/OpenAMP/libmetal/lib/device.c:110: undefined reference to `metal_generic_dev_sys_open'
/opt/stm32cubeide/plugins/com.st.stm32cube.ide.mcu.externaltools.gnu-tools-for-stm32.12.3.rel1.linux64_1.0.100.202403111256/tools/bin/../lib/gcc/arm-none-eabi/12.3.1/../../../../arm-none-eabi/bin/ld: /home/lorolol/Baja/firmware/Dianteira_mpu/Middlewares/Third_Party/OpenAMP/libmetal/lib/device.c:115: undefined reference to `_metal'
/opt/stm32cubeide/plugins/com.st.stm32cube.ide.mcu.externaltools.gnu-tools-for-stm32.12.3.rel1.linux64_1.0.100.202403111256/tools/bin/../lib/gcc/arm-none-eabi/12.3.1/../../../../arm-none-eabi/bin/ld: /home/lorolol/Baja/firmware/Dianteira_mpu/Middlewares/Third_Party/OpenAMP/libmetal/lib/device.c:115: undefined reference to `_metal'
/opt/stm32cubeide/plugins/com.st.stm32cube.ide.mcu.externaltools.gnu-tools-for-stm32.12.3.rel1.linux64_1.0.100.202403111256/tools/bin/../lib/gcc/arm-none-eabi/12.3.1/../../../../arm-none-eabi/bin/ld: ./Middlewares/Third_Party/OpenAMP/init.o: in function `metal_init':
/home/lorolol/Baja/firmware/Dianteira_mpu/Middlewares/Third_Party/OpenAMP/libmetal/lib/init.c:23: undefined reference to `metal_sys_init'
/opt/stm32cubeide/plugins/com.st.stm32cube.ide.mcu.externaltools.gnu-tools-for-stm32.12.3.rel1.linux64_1.0.100.202403111256/tools/bin/../lib/gcc/arm-none-eabi/12.3.1/../../../../arm-none-eabi/bin/ld: /home/lorolol/Baja/firmware/Dianteira_mpu/Middlewares/Third_Party/OpenAMP/libmetal/lib/init.c:28: undefined reference to `_metal'
/opt/stm32cubeide/plugins/com.st.stm32cube.ide.mcu.externaltools.gnu-tools-for-stm32.12.3.rel1.linux64_1.0.100.202403111256/tools/bin/../lib/gcc/arm-none-eabi/12.3.1/../../../../arm-none-eabi/bin/ld: /home/lorolol/Baja/firmware/Dianteira_mpu/Middlewares/Third_Party/OpenAMP/libmetal/lib/init.c:28: undefined reference to `_metal'
/opt/stm32cubeide/plugins/com.st.stm32cube.ide.mcu.externaltools.gnu-tools-for-stm32.12.3.rel1.linux64_1.0.100.202403111256/tools/bin/../lib/gcc/arm-none-eabi/12.3.1/../../../../arm-none-eabi/bin/ld: /home/lorolol/Baja/firmware/Dianteira_mpu/Middlewares/Third_Party/OpenAMP/libmetal/lib/init.c:28: undefined reference to `_metal'
/opt/stm32cubeide/plugins/com.st.stm32cube.ide.mcu.externaltools.gnu-tools-for-stm32.12.3.rel1.linux64_1.0.100.202403111256/tools/bin/../lib/gcc/arm-none-eabi/12.3.1/../../../../arm-none-eabi/bin/ld: /home/lorolol/Baja/firmware/Dianteira_mpu/Middlewares/Third_Party/OpenAMP/libmetal/lib/init.c:28: undefined reference to `_metal'
/opt/stm32cubeide/plugins/com.st.stm32cube.ide.mcu.externaltools.gnu-tools-for-stm32.12.3.rel1.linux64_1.0.100.202403111256/tools/bin/../lib/gcc/arm-none-eabi/12.3.1/../../../../arm-none-eabi/bin/ld: ./Middlewares/Third_Party/OpenAMP/io.o: in function `metal_io_init':
/home/lorolol/Baja/firmware/Dianteira_mpu/Middlewares/Third_Party/OpenAMP/libmetal/lib/io.c:32: undefined reference to `metal_sys_io_mem_map'
/opt/stm32cubeide/plugins/com.st.stm32cube.ide.mcu.externaltools.gnu-tools-for-stm32.12.3.rel1.linux64_1.0.100.202403111256/tools/bin/../lib/gcc/arm-none-eabi/12.3.1/../../../../arm-none-eabi/bin/ld: ./Middlewares/Third_Party/OpenAMP/remoteproc_virtio.o: in function `metal_allocate_memory':
/home/lorolol/Baja/firmware/Dianteira_mpu/CM4/Debug/../../Middlewares/Third_Party/OpenAMP/libmetal/lib/include/metal/system/freertos/alloc.h:27: undefined reference to `pvPortMalloc'
/opt/stm32cubeide/plugins/com.st.stm32cube.ide.mcu.externaltools.gnu-tools-for-stm32.12.3.rel1.linux64_1.0.100.202403111256/tools/bin/../lib/gcc/arm-none-eabi/12.3.1/../../../../arm-none-eabi/bin/ld: ./Middlewares/Third_Party/OpenAMP/remoteproc_virtio.o: in function `metal_free_memory':
/home/lorolol/Baja/firmware/Dianteira_mpu/CM4/Debug/../../Middlewares/Third_Party/OpenAMP/libmetal/lib/include/metal/system/freertos/alloc.h:32: undefined reference to `vPortFree'
/opt/stm32cubeide/plugins/com.st.stm32cube.ide.mcu.externaltools.gnu-tools-for-stm32.12.3.rel1.linux64_1.0.100.202403111256/tools/bin/../lib/gcc/arm-none-eabi/12.3.1/../../../../arm-none-eabi/bin/ld: ./Middlewares/Third_Party/OpenAMP/rpmsg.o: in function `__metal_mutex_acquire':
/home/lorolol/Baja/firmware/Dianteira_mpu/CM4/Debug/../../Middlewares/Third_Party/OpenAMP/libmetal/lib/include/metal/system/freertos/mutex.h:76: undefined reference to `xQueueSemaphoreTake'
/opt/stm32cubeide/plugins/com.st.stm32cube.ide.mcu.externaltools.gnu-tools-for-stm32.12.3.rel1.linux64_1.0.100.202403111256/tools/bin/../lib/gcc/arm-none-eabi/12.3.1/../../../../arm-none-eabi/bin/ld: ./Middlewares/Third_Party/OpenAMP/rpmsg.o: in function `__metal_mutex_release':
/home/lorolol/Baja/firmware/Dianteira_mpu/CM4/Debug/../../Middlewares/Third_Party/OpenAMP/libmetal/lib/include/metal/system/freertos/mutex.h:82: undefined reference to `xQueueGenericSend'
/opt/stm32cubeide/plugins/com.st.stm32cube.ide.mcu.externaltools.gnu-tools-for-stm32.12.3.rel1.linux64_1.0.100.202403111256/tools/bin/../lib/gcc/arm-none-eabi/12.3.1/../../../../arm-none-eabi/bin/ld: ./Middlewares/Third_Party/OpenAMP/rpmsg_virtio.o: in function `__metal_sleep_usec':
/home/lorolol/Baja/firmware/Dianteira_mpu/CM4/Debug/../../Middlewares/Third_Party/OpenAMP/libmetal/lib/include/metal/system/freertos/sleep.h:30: undefined reference to `vTaskDelay'
/opt/stm32cubeide/plugins/com.st.stm32cube.ide.mcu.externaltools.gnu-tools-for-stm32.12.3.rel1.linux64_1.0.100.202403111256/tools/bin/../lib/gcc/arm-none-eabi/12.3.1/../../../../arm-none-eabi/bin/ld: ./Middlewares/Third_Party/OpenAMP/rpmsg_virtio.o: in function `__metal_mutex_init':
/home/lorolol/Baja/firmware/Dianteira_mpu/CM4/Debug/../../Middlewares/Third_Party/OpenAMP/libmetal/lib/include/metal/system/freertos/mutex.h:56: undefined reference to `xQueueCreateMutex'
/opt/stm32cubeide/plugins/com.st.stm32cube.ide.mcu.externaltools.gnu-tools-for-stm32.12.3.rel1.linux64_1.0.100.202403111256/tools/bin/../lib/gcc/arm-none-eabi/12.3.1/../../../../arm-none-eabi/bin/ld: ./Middlewares/Third_Party/OpenAMP/rpmsg_virtio.o: in function `__metal_mutex_acquire':
/home/lorolol/Baja/firmware/Dianteira_mpu/CM4/Debug/../../Middlewares/Third_Party/OpenAMP/libmetal/lib/include/metal/system/freertos/mutex.h:76: undefined reference to `xQueueSemaphoreTake'
/opt/stm32cubeide/plugins/com.st.stm32cube.ide.mcu.externaltools.gnu-tools-for-stm32.12.3.rel1.linux64_1.0.100.202403111256/tools/bin/../lib/gcc/arm-none-eabi/12.3.1/../../../../arm-none-eabi/bin/ld: ./Middlewares/Third_Party/OpenAMP/rpmsg_virtio.o: in function `__metal_mutex_release':
/home/lorolol/Baja/firmware/Dianteira_mpu/CM4/Debug/../../Middlewares/Third_Party/OpenAMP/libmetal/lib/include/metal/system/freertos/mutex.h:82: undefined reference to `xQueueGenericSend'
collect2: error: ld returned 1 exit status
make: *** [makefile:67: Dianteira_mpu_CM4.elf] Error 1
"make -j8 all" terminated with exit code 2. Build might be incomplete.

19:29:42 Build Failed. 47 errors, 0 warnings. (took 731ms)

